
> chores-web@1.0.0 test
> vitest run --run

[33mThe CJS build of Vite's Node API is deprecated. See https://vite.dev/guide/troubleshooting.html#vite-cjs-node-api-deprecated for more details.[39m

 RUN  v1.6.1 /home/derek/git/chores-web/frontend

stderr | src/__tests__/UserDetail.test.jsx > UserDetail > renders user name
⚠️ React Router Future Flag Warning: React Router will begin wrapping state updates in `React.startTransition` in v7. You can use the `v7_startTransition` future flag to opt-in early. For more information, see https://reactrouter.com/v6/upgrading/future#v7_starttransition.
⚠️ React Router Future Flag Warning: Relative route resolution within Splat routes is changing in v7. You can use the `v7_relativeSplatPath` future flag to opt-in early. For more information, see https://reactrouter.com/v6/upgrading/future#v7_relativesplatpath.

stderr | src/__tests__/ChoreList.test.jsx > ChoreList > renders chores as cards not table
⚠️ React Router Future Flag Warning: React Router will begin wrapping state updates in `React.startTransition` in v7. You can use the `v7_startTransition` future flag to opt-in early. For more information, see https://reactrouter.com/v6/upgrading/future#v7_starttransition.
⚠️ React Router Future Flag Warning: Relative route resolution within Splat routes is changing in v7. You can use the `v7_relativeSplatPath` future flag to opt-in early. For more information, see https://reactrouter.com/v6/upgrading/future#v7_relativesplatpath.

stderr | src/__tests__/Log.test.jsx > Log > renders log entries
⚠️ React Router Future Flag Warning: React Router will begin wrapping state updates in `React.startTransition` in v7. You can use the `v7_startTransition` future flag to opt-in early. For more information, see https://reactrouter.com/v6/upgrading/future#v7_starttransition.
⚠️ React Router Future Flag Warning: Relative route resolution within Splat routes is changing in v7. You can use the `v7_relativeSplatPath` future flag to opt-in early. For more information, see https://reactrouter.com/v6/upgrading/future#v7_relativesplatpath.

 ✓ src/__tests__/ChoreCard.test.jsx  (21 tests) 207ms
stderr | src/__tests__/auth.integration.test.jsx > Auth End-to-End Flow > persists auth state after page reload
Warning: An update to AuthProvider inside a test was not wrapped in act(...).

When testing, code that causes React state updates should be wrapped into act(...):

act(() => {
  /* fire events that update state */
});
/* assert on the output */

This ensures that you're testing the behavior the user would see in the browser. Learn more at https://reactjs.org/link/wrap-tests-with-act
    at AuthProvider (/home/derek/git/chores-web/frontend/src/contexts/AuthContext.jsx:10:25)
Warning: An update to AuthProvider inside a test was not wrapped in act(...).

When testing, code that causes React state updates should be wrapped into act(...):

act(() => {
  /* fire events that update state */
});
/* assert on the output */

This ensures that you're testing the behavior the user would see in the browser. Learn more at https://reactjs.org/link/wrap-tests-with-act
    at AuthProvider (/home/derek/git/chores-web/frontend/src/contexts/AuthContext.jsx:10:25)
Warning: An update to AuthProvider inside a test was not wrapped in act(...).

When testing, code that causes React state updates should be wrapped into act(...):

act(() => {
  /* fire events that update state */
});
/* assert on the output */

This ensures that you're testing the behavior the user would see in the browser. Learn more at https://reactjs.org/link/wrap-tests-with-act
    at AuthProvider (/home/derek/git/chores-web/frontend/src/contexts/AuthContext.jsx:10:25)

stderr | src/__tests__/UserManagement.test.jsx > UserManagement > renders list of users
⚠️ React Router Future Flag Warning: React Router will begin wrapping state updates in `React.startTransition` in v7. You can use the `v7_startTransition` future flag to opt-in early. For more information, see https://reactrouter.com/v6/upgrading/future#v7_starttransition.
⚠️ React Router Future Flag Warning: Relative route resolution within Splat routes is changing in v7. You can use the `v7_relativeSplatPath` future flag to opt-in early. For more information, see https://reactrouter.com/v6/upgrading/future#v7_relativesplatpath.

stderr | src/__tests__/auth.integration.test.jsx > Auth End-to-End Flow > handles invalid login credentials
Login failed: Error: Invalid username or password
    at /home/derek/git/chores-web/frontend/src/__tests__/auth.integration.test.jsx:129:36
    at file:///home/derek/git/chores-web/frontend/node_modules/@vitest/runner/dist/index.js:135:14
    at file:///home/derek/git/chores-web/frontend/node_modules/@vitest/runner/dist/index.js:60:26
    at runTest (file:///home/derek/git/chores-web/frontend/node_modules/@vitest/runner/dist/index.js:781:17)
    at runSuite (file:///home/derek/git/chores-web/frontend/node_modules/@vitest/runner/dist/index.js:909:15)
    at runSuite (file:///home/derek/git/chores-web/frontend/node_modules/@vitest/runner/dist/index.js:909:15)
    at runFiles (file:///home/derek/git/chores-web/frontend/node_modules/@vitest/runner/dist/index.js:958:5)
    at startTests (file:///home/derek/git/chores-web/frontend/node_modules/@vitest/runner/dist/index.js:967:3)
    at file:///home/derek/git/chores-web/frontend/node_modules/vitest/dist/chunks/runtime-runBaseTests.oAvMKtQC.js:116:7
    at withEnv (file:///home/derek/git/chores-web/frontend/node_modules/vitest/dist/chunks/runtime-runBaseTests.oAvMKtQC.js:83:5)

 ✓ src/__tests__/UserDetail.test.jsx  (9 tests) 258ms
 ✓ src/__tests__/auth.integration.test.jsx  (6 tests) 292ms
 ✓ src/__tests__/UserCard.test.jsx  (12 tests) 241ms
stderr | src/__tests__/UserCard.test.jsx > UserCard > renders person name
⚠️ React Router Future Flag Warning: React Router will begin wrapping state updates in `React.startTransition` in v7. You can use the `v7_startTransition` future flag to opt-in early. For more information, see https://reactrouter.com/v6/upgrading/future#v7_starttransition.
⚠️ React Router Future Flag Warning: Relative route resolution within Splat routes is changing in v7. You can use the `v7_relativeSplatPath` future flag to opt-in early. For more information, see https://reactrouter.com/v6/upgrading/future#v7_relativesplatpath.

 ✓ src/__tests__/ChoreRowActions.test.jsx  (10 tests) 294ms
 ✓ src/__tests__/Setup.test.jsx  (8 tests) 391ms
 ✓ src/__tests__/ChoreList.test.jsx  (12 tests) 491ms
stderr | src/__tests__/Login.test.jsx > Login Page > displays error message on failed login
Login failed: Error: Invalid credentials
    at /home/derek/git/chores-web/frontend/src/__tests__/Login.test.jsx:58:36
    at file:///home/derek/git/chores-web/frontend/node_modules/@vitest/runner/dist/index.js:135:14
    at file:///home/derek/git/chores-web/frontend/node_modules/@vitest/runner/dist/index.js:60:26
    at runTest (file:///home/derek/git/chores-web/frontend/node_modules/@vitest/runner/dist/index.js:781:17)
    at runSuite (file:///home/derek/git/chores-web/frontend/node_modules/@vitest/runner/dist/index.js:909:15)
    at runSuite (file:///home/derek/git/chores-web/frontend/node_modules/@vitest/runner/dist/index.js:909:15)
    at runFiles (file:///home/derek/git/chores-web/frontend/node_modules/@vitest/runner/dist/index.js:958:5)
    at startTests (file:///home/derek/git/chores-web/frontend/node_modules/@vitest/runner/dist/index.js:967:3)
    at file:///home/derek/git/chores-web/frontend/node_modules/vitest/dist/chunks/runtime-runBaseTests.oAvMKtQC.js:116:7
    at withEnv (file:///home/derek/git/chores-web/frontend/node_modules/vitest/dist/chunks/runtime-runBaseTests.oAvMKtQC.js:83:5)

 ✓ src/__tests__/ThemeSettings.test.jsx  (10 tests) 665ms
 ✓ src/__tests__/Log.test.jsx  (14 tests) 718ms
 ✓ src/__tests__/UserManagement.test.jsx  (6 tests) 802ms
 ✓ src/__tests__/Login.test.jsx  (6 tests) 1391ms
stderr | src/__tests__/Chores.test.jsx > Manage page > renders chore table with all chores
⚠️ React Router Future Flag Warning: React Router will begin wrapping state updates in `React.startTransition` in v7. You can use the `v7_startTransition` future flag to opt-in early. For more information, see https://reactrouter.com/v6/upgrading/future#v7_starttransition.
⚠️ React Router Future Flag Warning: Relative route resolution within Splat routes is changing in v7. You can use the `v7_relativeSplatPath` future flag to opt-in early. For more information, see https://reactrouter.com/v6/upgrading/future#v7_relativesplatpath.
Failed to check setup status: TypeError: Cannot read properties of undefined (reading 'setup_needed')
    at initializeAuth (/home/derek/git/chores-web/frontend/src/contexts/AuthContext.jsx:31:33)

stderr | src/__tests__/Chores.test.jsx > Manage page > shows schedule summaries
Failed to check setup status: TypeError: Cannot read properties of undefined (reading 'setup_needed')
    at initializeAuth (/home/derek/git/chores-web/frontend/src/contexts/AuthContext.jsx:31:33)

stderr | src/__tests__/Chores.test.jsx > Manage page > shows assignment type info for chores
Failed to check setup status: TypeError: Cannot read properties of undefined (reading 'setup_needed')
    at initializeAuth (/home/derek/git/chores-web/frontend/src/contexts/AuthContext.jsx:31:33)

stderr | src/__tests__/AppTitle.test.jsx > App Title > displays default app title
Query data cannot be undefined. Please make sure to return a value other than undefined from your query function. Affected query key: ["current-theme"]

 ✓ src/__tests__/client.test.js  (6 tests) 20ms
stderr | src/__tests__/App.test.jsx > App > waits for the saved theme before rendering the authenticated app shell
⚠️ React Router Future Flag Warning: React Router will begin wrapping state updates in `React.startTransition` in v7. You can use the `v7_startTransition` future flag to opt-in early. For more information, see https://reactrouter.com/v6/upgrading/future#v7_starttransition.
⚠️ React Router Future Flag Warning: Relative route resolution within Splat routes is changing in v7. You can use the `v7_relativeSplatPath` future flag to opt-in early. For more information, see https://reactrouter.com/v6/upgrading/future#v7_relativesplatpath.
Query data cannot be undefined. Please make sure to return a value other than undefined from your query function. Affected query key: ["themes"]

stderr | src/__tests__/Chores.test.jsx > Manage page > shows Add Chore button
Failed to check setup status: TypeError: Cannot read properties of undefined (reading 'setup_needed')
    at initializeAuth (/home/derek/git/chores-web/frontend/src/contexts/AuthContext.jsx:31:33)

stderr | src/__tests__/Chores.test.jsx > Manage page > opens create modal on Add Chore click
Failed to check setup status: TypeError: Cannot read properties of undefined (reading 'setup_needed')
    at initializeAuth (/home/derek/git/chores-web/frontend/src/contexts/AuthContext.jsx:31:33)
    at runNextTicks (node:internal/process/task_queues:60:5)
    at listOnTimeout (node:internal/timers:545:9)
    at processTimers (node:internal/timers:519:7)

stderr | src/__tests__/Chores.test.jsx > Manage page > closes modal on Cancel
Failed to check setup status: TypeError: Cannot read properties of undefined (reading 'setup_needed')
    at initializeAuth (/home/derek/git/chores-web/frontend/src/contexts/AuthContext.jsx:31:33)
    at runNextTicks (node:internal/process/task_queues:60:5)
    at listOnTimeout (node:internal/timers:545:9)
    at processTimers (node:internal/timers:519:7)

stderr | src/__tests__/Dashboard.test.jsx > Dashboard > renders a card for each person
⚠️ React Router Future Flag Warning: React Router will begin wrapping state updates in `React.startTransition` in v7. You can use the `v7_startTransition` future flag to opt-in early. For more information, see https://reactrouter.com/v6/upgrading/future#v7_starttransition.
⚠️ React Router Future Flag Warning: Relative route resolution within Splat routes is changing in v7. You can use the `v7_relativeSplatPath` future flag to opt-in early. For more information, see https://reactrouter.com/v6/upgrading/future#v7_relativesplatpath.

 ✓ src/__tests__/trendStatus.test.js  (8 tests) 10ms
stderr | src/__tests__/Chores.test.jsx > Manage page > closes modal on Escape key
Failed to check setup status: TypeError: Cannot read properties of undefined (reading 'setup_needed')
    at initializeAuth (/home/derek/git/chores-web/frontend/src/contexts/AuthContext.jsx:31:33)

stderr | src/__tests__/Chores.test.jsx > Manage page > opens edit modal with chore data pre-filled
Failed to check setup status: TypeError: Cannot read properties of undefined (reading 'setup_needed')
    at initializeAuth (/home/derek/git/chores-web/frontend/src/contexts/AuthContext.jsx:31:33)

 ✓ src/__tests__/AuthContext.test.jsx  (4 tests) 119ms
stderr | src/__tests__/AuthContext.test.jsx > AuthContext > handles setup status check failure gracefully
Failed to check setup status: Error: API error
    at /home/derek/git/chores-web/frontend/src/__tests__/AuthContext.test.jsx:76:45
    at file:///home/derek/git/chores-web/frontend/node_modules/@vitest/runner/dist/index.js:135:14
    at file:///home/derek/git/chores-web/frontend/node_modules/@vitest/runner/dist/index.js:60:26
    at runTest (file:///home/derek/git/chores-web/frontend/node_modules/@vitest/runner/dist/index.js:781:17)
    at runSuite (file:///home/derek/git/chores-web/frontend/node_modules/@vitest/runner/dist/index.js:909:15)
    at runSuite (file:///home/derek/git/chores-web/frontend/node_modules/@vitest/runner/dist/index.js:909:15)
    at runFiles (file:///home/derek/git/chores-web/frontend/node_modules/@vitest/runner/dist/index.js:958:5)
    at startTests (file:///home/derek/git/chores-web/frontend/node_modules/@vitest/runner/dist/index.js:967:3)
    at file:///home/derek/git/chores-web/frontend/node_modules/vitest/dist/chunks/runtime-runBaseTests.oAvMKtQC.js:116:7
    at withEnv (file:///home/derek/git/chores-web/frontend/node_modules/vitest/dist/chunks/runtime-runBaseTests.oAvMKtQC.js:83:5)

stderr | src/__tests__/Settings.test.jsx > Settings > renders settings page with General section
⚠️ React Router Future Flag Warning: React Router will begin wrapping state updates in `React.startTransition` in v7. You can use the `v7_startTransition` future flag to opt-in early. For more information, see https://reactrouter.com/v6/upgrading/future#v7_starttransition.
⚠️ React Router Future Flag Warning: Relative route resolution within Splat routes is changing in v7. You can use the `v7_relativeSplatPath` future flag to opt-in early. For more information, see https://reactrouter.com/v6/upgrading/future#v7_relativesplatpath.

 ✓ src/__tests__/Dashboard.test.jsx  (4 tests) 248ms
stderr | src/__tests__/Settings.test.jsx > Settings > renders settings page with General section
Query data cannot be undefined. Please make sure to return a value other than undefined from your query function. Affected query key: ["themes"]
Query data cannot be undefined. Please make sure to return a value other than undefined from your query function. Affected query key: ["current-theme"]

 ✓ src/__tests__/Points.test.jsx  (4 tests) 175ms
stderr | src/__tests__/Chores.test.jsx > Manage page > calls updateChore on edit submit
Failed to check setup status: TypeError: Cannot read properties of undefined (reading 'setup_needed')
    at initializeAuth (/home/derek/git/chores-web/frontend/src/contexts/AuthContext.jsx:31:33)

stderr | src/__tests__/Settings.test.jsx > Settings > shows General and Theme sections
Query data cannot be undefined. Please make sure to return a value other than undefined from your query function. Affected query key: ["themes"]
Query data cannot be undefined. Please make sure to return a value other than undefined from your query function. Affected query key: ["current-theme"]

 ✓ src/__tests__/Modal.test.jsx  (5 tests) 114ms
 ✓ src/__tests__/auth.test.js  (6 tests) 5ms
stderr | src/__tests__/Settings.test.jsx > Settings > shows App Title field by default
Query data cannot be undefined. Please make sure to return a value other than undefined from your query function. Affected query key: ["themes"]
Query data cannot be undefined. Please make sure to return a value other than undefined from your query function. Affected query key: ["current-theme"]

 ❯ src/__tests__/UserAvatarMenu.test.jsx  (4 tests | 4 failed) 48ms
   ❯ src/__tests__/UserAvatarMenu.test.jsx > UserAvatarMenu > renders user avatar with initials
     → No QueryClient set, use QueryClientProvider to set one
   ❯ src/__tests__/UserAvatarMenu.test.jsx > UserAvatarMenu > opens dropdown menu on avatar click
     → No QueryClient set, use QueryClientProvider to set one
   ❯ src/__tests__/UserAvatarMenu.test.jsx > UserAvatarMenu > closes dropdown after logout click
     → No QueryClient set, use QueryClientProvider to set one
   ❯ src/__tests__/UserAvatarMenu.test.jsx > UserAvatarMenu > displays logout button in dropdown menu
     → No QueryClient set, use QueryClientProvider to set one
stderr | src/__tests__/UserAvatarMenu.test.jsx > UserAvatarMenu > renders user avatar with initials
Error: Uncaught [Error: No QueryClient set, use QueryClientProvider to set one]
    at reportException (/home/derek/git/chores-web/frontend/node_modules/jsdom/lib/jsdom/living/helpers/runtime-script-errors.js:66:24)
    at innerInvokeEventListeners (/home/derek/git/chores-web/frontend/node_modules/jsdom/lib/jsdom/living/events/EventTarget-impl.js:353:9)
    at invokeEventListeners (/home/derek/git/chores-web/frontend/node_modules/jsdom/lib/jsdom/living/events/EventTarget-impl.js:286:3)
    at HTMLUnknownElementImpl._dispatch (/home/derek/git/chores-web/frontend/node_modules/jsdom/lib/jsdom/living/events/EventTarget-impl.js:233:9)
    at HTMLUnknownElementImpl.dispatchEvent (/home/derek/git/chores-web/frontend/node_modules/jsdom/lib/jsdom/living/events/EventTarget-impl.js:104:17)
    at HTMLUnknownElement.dispatchEvent (/home/derek/git/chores-web/frontend/node_modules/jsdom/lib/jsdom/living/generated/EventTarget.js:241:34)
    at Object.invokeGuardedCallbackDev (/home/derek/git/chores-web/frontend/node_modules/react-dom/cjs/react-dom.development.js:4213:16)
    at invokeGuardedCallback (/home/derek/git/chores-web/frontend/node_modules/react-dom/cjs/react-dom.development.js:4277:31)
    at beginWork$1 (/home/derek/git/chores-web/frontend/node_modules/react-dom/cjs/react-dom.development.js:27490:7)
    at performUnitOfWork (/home/derek/git/chores-web/frontend/node_modules/react-dom/cjs/react-dom.development.js:26599:12) Error: No QueryClient set, use QueryClientProvider to set one
    at Module.useQueryClient (file:///home/derek/git/chores-web/frontend/node_modules/@tanstack/react-query/src/QueryClientProvider.tsx:18:11)
    at UserAvatarMenu (/home/derek/git/chores-web/frontend/src/components/UserAvatarMenu.jsx:12:23)
    at renderWithHooks (/home/derek/git/chores-web/frontend/node_modules/react-dom/cjs/react-dom.development.js:15486:18)
    at mountIndeterminateComponent (/home/derek/git/chores-web/frontend/node_modules/react-dom/cjs/react-dom.development.js:20103:13)
    at beginWork (/home/derek/git/chores-web/frontend/node_modules/react-dom/cjs/react-dom.development.js:21626:16)
    at HTMLUnknownElement.callCallback (/home/derek/git/chores-web/frontend/node_modules/react-dom/cjs/react-dom.development.js:4164:14)
    at HTMLUnknownElement.callTheUserObjectsOperation (/home/derek/git/chores-web/frontend/node_modules/jsdom/lib/jsdom/living/generated/EventListener.js:26:30)
    at innerInvokeEventListeners (/home/derek/git/chores-web/frontend/node_modules/jsdom/lib/jsdom/living/events/EventTarget-impl.js:350:25)
    at invokeEventListeners (/home/derek/git/chores-web/frontend/node_modules/jsdom/lib/jsdom/living/events/EventTarget-impl.js:286:3)
    at HTMLUnknownElementImpl._dispatch (/home/derek/git/chores-web/frontend/node_modules/jsdom/lib/jsdom/living/events/EventTarget-impl.js:233:9)
Error: Uncaught [Error: No QueryClient set, use QueryClientProvider to set one]
    at reportException (/home/derek/git/chores-web/frontend/node_modules/jsdom/lib/jsdom/living/helpers/runtime-script-errors.js:66:24)
    at innerInvokeEventListeners (/home/derek/git/chores-web/frontend/node_modules/jsdom/lib/jsdom/living/events/EventTarget-impl.js:353:9)
    at invokeEventListeners (/home/derek/git/chores-web/frontend/node_modules/jsdom/lib/jsdom/living/events/EventTarget-impl.js:286:3)
    at HTMLUnknownElementImpl._dispatch (/home/derek/git/chores-web/frontend/node_modules/jsdom/lib/jsdom/living/events/EventTarget-impl.js:233:9)
    at HTMLUnknownElementImpl.dispatchEvent (/home/derek/git/chores-web/frontend/node_modules/jsdom/lib/jsdom/living/events/EventTarget-impl.js:104:17)
    at HTMLUnknownElement.dispatchEvent (/home/derek/git/chores-web/frontend/node_modules/jsdom/lib/jsdom/living/generated/EventTarget.js:241:34)
    at Object.invokeGuardedCallbackDev (/home/derek/git/chores-web/frontend/node_modules/react-dom/cjs/react-dom.development.js:4213:16)
    at invokeGuardedCallback (/home/derek/git/chores-web/frontend/node_modules/react-dom/cjs/react-dom.development.js:4277:31)
    at beginWork$1 (/home/derek/git/chores-web/frontend/node_modules/react-dom/cjs/react-dom.development.js:27490:7)
    at performUnitOfWork (/home/derek/git/chores-web/frontend/node_modules/react-dom/cjs/react-dom.development.js:26599:12) Error: No QueryClient set, use QueryClientProvider to set one
    at Module.useQueryClient (file:///home/derek/git/chores-web/frontend/node_modules/@tanstack/react-query/src/QueryClientProvider.tsx:18:11)
    at UserAvatarMenu (/home/derek/git/chores-web/frontend/src/components/UserAvatarMenu.jsx:12:23)
    at renderWithHooks (/home/derek/git/chores-web/frontend/node_modules/react-dom/cjs/react-dom.development.js:15486:18)
    at mountIndeterminateComponent (/home/derek/git/chores-web/frontend/node_modules/react-dom/cjs/react-dom.development.js:20103:13)
    at beginWork (/home/derek/git/chores-web/frontend/node_modules/react-dom/cjs/react-dom.development.js:21626:16)
    at HTMLUnknownElement.callCallback (/home/derek/git/chores-web/frontend/node_modules/react-dom/cjs/react-dom.development.js:4164:14)
    at HTMLUnknownElement.callTheUserObjectsOperation (/home/derek/git/chores-web/frontend/node_modules/jsdom/lib/jsdom/living/generated/EventListener.js:26:30)
    at innerInvokeEventListeners (/home/derek/git/chores-web/frontend/node_modules/jsdom/lib/jsdom/living/events/EventTarget-impl.js:350:25)
    at invokeEventListeners (/home/derek/git/chores-web/frontend/node_modules/jsdom/lib/jsdom/living/events/EventTarget-impl.js:286:3)
    at HTMLUnknownElementImpl._dispatch (/home/derek/git/chores-web/frontend/node_modules/jsdom/lib/jsdom/living/events/EventTarget-impl.js:233:9)
The above error occurred in the <UserAvatarMenu> component:

    at UserAvatarMenu (/home/derek/git/chores-web/frontend/src/components/UserAvatarMenu.jsx:15:27)

Consider adding an error boundary to your tree to customize error handling behavior.
Visit https://reactjs.org/link/error-boundaries to learn more about error boundaries.

stderr | src/__tests__/UserAvatarMenu.test.jsx > UserAvatarMenu > opens dropdown menu on avatar click
Error: Uncaught [Error: No QueryClient set, use QueryClientProvider to set one]
    at reportException (/home/derek/git/chores-web/frontend/node_modules/jsdom/lib/jsdom/living/helpers/runtime-script-errors.js:66:24)
    at innerInvokeEventListeners (/home/derek/git/chores-web/frontend/node_modules/jsdom/lib/jsdom/living/events/EventTarget-impl.js:353:9)
    at invokeEventListeners (/home/derek/git/chores-web/frontend/node_modules/jsdom/lib/jsdom/living/events/EventTarget-impl.js:286:3)
    at HTMLUnknownElementImpl._dispatch (/home/derek/git/chores-web/frontend/node_modules/jsdom/lib/jsdom/living/events/EventTarget-impl.js:233:9)
    at HTMLUnknownElementImpl.dispatchEvent (/home/derek/git/chores-web/frontend/node_modules/jsdom/lib/jsdom/living/events/EventTarget-impl.js:104:17)
    at HTMLUnknownElement.dispatchEvent (/home/derek/git/chores-web/frontend/node_modules/jsdom/lib/jsdom/living/generated/EventTarget.js:241:34)
    at Object.invokeGuardedCallbackDev (/home/derek/git/chores-web/frontend/node_modules/react-dom/cjs/react-dom.development.js:4213:16)
    at invokeGuardedCallback (/home/derek/git/chores-web/frontend/node_modules/react-dom/cjs/react-dom.development.js:4277:31)
    at beginWork$1 (/home/derek/git/chores-web/frontend/node_modules/react-dom/cjs/react-dom.development.js:27490:7)
    at performUnitOfWork (/home/derek/git/chores-web/frontend/node_modules/react-dom/cjs/react-dom.development.js:26599:12) Error: No QueryClient set, use QueryClientProvider to set one
    at Module.useQueryClient (file:///home/derek/git/chores-web/frontend/node_modules/@tanstack/react-query/src/QueryClientProvider.tsx:18:11)
    at UserAvatarMenu (/home/derek/git/chores-web/frontend/src/components/UserAvatarMenu.jsx:12:23)
    at renderWithHooks (/home/derek/git/chores-web/frontend/node_modules/react-dom/cjs/react-dom.development.js:15486:18)
    at mountIndeterminateComponent (/home/derek/git/chores-web/frontend/node_modules/react-dom/cjs/react-dom.development.js:20103:13)
    at beginWork (/home/derek/git/chores-web/frontend/node_modules/react-dom/cjs/react-dom.development.js:21626:16)
    at HTMLUnknownElement.callCallback (/home/derek/git/chores-web/frontend/node_modules/react-dom/cjs/react-dom.development.js:4164:14)
    at HTMLUnknownElement.callTheUserObjectsOperation (/home/derek/git/chores-web/frontend/node_modules/jsdom/lib/jsdom/living/generated/EventListener.js:26:30)
    at innerInvokeEventListeners (/home/derek/git/chores-web/frontend/node_modules/jsdom/lib/jsdom/living/events/EventTarget-impl.js:350:25)
    at invokeEventListeners (/home/derek/git/chores-web/frontend/node_modules/jsdom/lib/jsdom/living/events/EventTarget-impl.js:286:3)
    at HTMLUnknownElementImpl._dispatch (/home/derek/git/chores-web/frontend/node_modules/jsdom/lib/jsdom/living/events/EventTarget-impl.js:233:9)
Error: Uncaught [Error: No QueryClient set, use QueryClientProvider to set one]
    at reportException (/home/derek/git/chores-web/frontend/node_modules/jsdom/lib/jsdom/living/helpers/runtime-script-errors.js:66:24)
    at innerInvokeEventListeners (/home/derek/git/chores-web/frontend/node_modules/jsdom/lib/jsdom/living/events/EventTarget-impl.js:353:9)
    at invokeEventListeners (/home/derek/git/chores-web/frontend/node_modules/jsdom/lib/jsdom/living/events/EventTarget-impl.js:286:3)
    at HTMLUnknownElementImpl._dispatch (/home/derek/git/chores-web/frontend/node_modules/jsdom/lib/jsdom/living/events/EventTarget-impl.js:233:9)
    at HTMLUnknownElementImpl.dispatchEvent (/home/derek/git/chores-web/frontend/node_modules/jsdom/lib/jsdom/living/events/EventTarget-impl.js:104:17)
    at HTMLUnknownElement.dispatchEvent (/home/derek/git/chores-web/frontend/node_modules/jsdom/lib/jsdom/living/generated/EventTarget.js:241:34)
    at Object.invokeGuardedCallbackDev (/home/derek/git/chores-web/frontend/node_modules/react-dom/cjs/react-dom.development.js:4213:16)
    at invokeGuardedCallback (/home/derek/git/chores-web/frontend/node_modules/react-dom/cjs/react-dom.development.js:4277:31)
    at beginWork$1 (/home/derek/git/chores-web/frontend/node_modules/react-dom/cjs/react-dom.development.js:27490:7)
    at performUnitOfWork (/home/derek/git/chores-web/frontend/node_modules/react-dom/cjs/react-dom.development.js:26599:12) Error: No QueryClient set, use QueryClientProvider to set one
    at Module.useQueryClient (file:///home/derek/git/chores-web/frontend/node_modules/@tanstack/react-query/src/QueryClientProvider.tsx:18:11)
    at UserAvatarMenu (/home/derek/git/chores-web/frontend/src/components/UserAvatarMenu.jsx:12:23)
    at renderWithHooks (/home/derek/git/chores-web/frontend/node_modules/react-dom/cjs/react-dom.development.js:15486:18)
    at mountIndeterminateComponent (/home/derek/git/chores-web/frontend/node_modules/react-dom/cjs/react-dom.development.js:20103:13)
    at beginWork (/home/derek/git/chores-web/frontend/node_modules/react-dom/cjs/react-dom.development.js:21626:16)
    at HTMLUnknownElement.callCallback (/home/derek/git/chores-web/frontend/node_modules/react-dom/cjs/react-dom.development.js:4164:14)
    at HTMLUnknownElement.callTheUserObjectsOperation (/home/derek/git/chores-web/frontend/node_modules/jsdom/lib/jsdom/living/generated/EventListener.js:26:30)
    at innerInvokeEventListeners (/home/derek/git/chores-web/frontend/node_modules/jsdom/lib/jsdom/living/events/EventTarget-impl.js:350:25)
    at invokeEventListeners (/home/derek/git/chores-web/frontend/node_modules/jsdom/lib/jsdom/living/events/EventTarget-impl.js:286:3)
    at HTMLUnknownElementImpl._dispatch (/home/derek/git/chores-web/frontend/node_modules/jsdom/lib/jsdom/living/events/EventTarget-impl.js:233:9)
The above error occurred in the <UserAvatarMenu> component:

    at UserAvatarMenu (/home/derek/git/chores-web/frontend/src/components/UserAvatarMenu.jsx:15:27)

Consider adding an error boundary to your tree to customize error handling behavior.
Visit https://reactjs.org/link/error-boundaries to learn more about error boundaries.

stderr | src/__tests__/UserAvatarMenu.test.jsx > UserAvatarMenu > closes dropdown after logout click
Error: Uncaught [Error: No QueryClient set, use QueryClientProvider to set one]
    at reportException (/home/derek/git/chores-web/frontend/node_modules/jsdom/lib/jsdom/living/helpers/runtime-script-errors.js:66:24)
    at innerInvokeEventListeners (/home/derek/git/chores-web/frontend/node_modules/jsdom/lib/jsdom/living/events/EventTarget-impl.js:353:9)
    at invokeEventListeners (/home/derek/git/chores-web/frontend/node_modules/jsdom/lib/jsdom/living/events/EventTarget-impl.js:286:3)
    at HTMLUnknownElementImpl._dispatch (/home/derek/git/chores-web/frontend/node_modules/jsdom/lib/jsdom/living/events/EventTarget-impl.js:233:9)
    at HTMLUnknownElementImpl.dispatchEvent (/home/derek/git/chores-web/frontend/node_modules/jsdom/lib/jsdom/living/events/EventTarget-impl.js:104:17)
    at HTMLUnknownElement.dispatchEvent (/home/derek/git/chores-web/frontend/node_modules/jsdom/lib/jsdom/living/generated/EventTarget.js:241:34)
    at Object.invokeGuardedCallbackDev (/home/derek/git/chores-web/frontend/node_modules/react-dom/cjs/react-dom.development.js:4213:16)
    at invokeGuardedCallback (/home/derek/git/chores-web/frontend/node_modules/react-dom/cjs/react-dom.development.js:4277:31)
    at beginWork$1 (/home/derek/git/chores-web/frontend/node_modules/react-dom/cjs/react-dom.development.js:27490:7)
    at performUnitOfWork (/home/derek/git/chores-web/frontend/node_modules/react-dom/cjs/react-dom.development.js:26599:12) Error: No QueryClient set, use QueryClientProvider to set one
    at Module.useQueryClient (file:///home/derek/git/chores-web/frontend/node_modules/@tanstack/react-query/src/QueryClientProvider.tsx:18:11)
    at UserAvatarMenu (/home/derek/git/chores-web/frontend/src/components/UserAvatarMenu.jsx:12:23)
    at renderWithHooks (/home/derek/git/chores-web/frontend/node_modules/react-dom/cjs/react-dom.development.js:15486:18)
    at mountIndeterminateComponent (/home/derek/git/chores-web/frontend/node_modules/react-dom/cjs/react-dom.development.js:20103:13)
    at beginWork (/home/derek/git/chores-web/frontend/node_modules/react-dom/cjs/react-dom.development.js:21626:16)
    at HTMLUnknownElement.callCallback (/home/derek/git/chores-web/frontend/node_modules/react-dom/cjs/react-dom.development.js:4164:14)
    at HTMLUnknownElement.callTheUserObjectsOperation (/home/derek/git/chores-web/frontend/node_modules/jsdom/lib/jsdom/living/generated/EventListener.js:26:30)
    at innerInvokeEventListeners (/home/derek/git/chores-web/frontend/node_modules/jsdom/lib/jsdom/living/events/EventTarget-impl.js:350:25)
    at invokeEventListeners (/home/derek/git/chores-web/frontend/node_modules/jsdom/lib/jsdom/living/events/EventTarget-impl.js:286:3)
    at HTMLUnknownElementImpl._dispatch (/home/derek/git/chores-web/frontend/node_modules/jsdom/lib/jsdom/living/events/EventTarget-impl.js:233:9)
Error: Uncaught [Error: No QueryClient set, use QueryClientProvider to set one]
    at reportException (/home/derek/git/chores-web/frontend/node_modules/jsdom/lib/jsdom/living/helpers/runtime-script-errors.js:66:24)
    at innerInvokeEventListeners (/home/derek/git/chores-web/frontend/node_modules/jsdom/lib/jsdom/living/events/EventTarget-impl.js:353:9)
    at invokeEventListeners (/home/derek/git/chores-web/frontend/node_modules/jsdom/lib/jsdom/living/events/EventTarget-impl.js:286:3)
    at HTMLUnknownElementImpl._dispatch (/home/derek/git/chores-web/frontend/node_modules/jsdom/lib/jsdom/living/events/EventTarget-impl.js:233:9)
    at HTMLUnknownElementImpl.dispatchEvent (/home/derek/git/chores-web/frontend/node_modules/jsdom/lib/jsdom/living/events/EventTarget-impl.js:104:17)
    at HTMLUnknownElement.dispatchEvent (/home/derek/git/chores-web/frontend/node_modules/jsdom/lib/jsdom/living/generated/EventTarget.js:241:34)
    at Object.invokeGuardedCallbackDev (/home/derek/git/chores-web/frontend/node_modules/react-dom/cjs/react-dom.development.js:4213:16)
    at invokeGuardedCallback (/home/derek/git/chores-web/frontend/node_modules/react-dom/cjs/react-dom.development.js:4277:31)
    at beginWork$1 (/home/derek/git/chores-web/frontend/node_modules/react-dom/cjs/react-dom.development.js:27490:7)
    at performUnitOfWork (/home/derek/git/chores-web/frontend/node_modules/react-dom/cjs/react-dom.development.js:26599:12) Error: No QueryClient set, use QueryClientProvider to set one
    at Module.useQueryClient (file:///home/derek/git/chores-web/frontend/node_modules/@tanstack/react-query/src/QueryClientProvider.tsx:18:11)
    at UserAvatarMenu (/home/derek/git/chores-web/frontend/src/components/UserAvatarMenu.jsx:12:23)
    at renderWithHooks (/home/derek/git/chores-web/frontend/node_modules/react-dom/cjs/react-dom.development.js:15486:18)
    at mountIndeterminateComponent (/home/derek/git/chores-web/frontend/node_modules/react-dom/cjs/react-dom.development.js:20103:13)
    at beginWork (/home/derek/git/chores-web/frontend/node_modules/react-dom/cjs/react-dom.development.js:21626:16)
    at HTMLUnknownElement.callCallback (/home/derek/git/chores-web/frontend/node_modules/react-dom/cjs/react-dom.development.js:4164:14)
    at HTMLUnknownElement.callTheUserObjectsOperation (/home/derek/git/chores-web/frontend/node_modules/jsdom/lib/jsdom/living/generated/EventListener.js:26:30)
    at innerInvokeEventListeners (/home/derek/git/chores-web/frontend/node_modules/jsdom/lib/jsdom/living/events/EventTarget-impl.js:350:25)
    at invokeEventListeners (/home/derek/git/chores-web/frontend/node_modules/jsdom/lib/jsdom/living/events/EventTarget-impl.js:286:3)
    at HTMLUnknownElementImpl._dispatch (/home/derek/git/chores-web/frontend/node_modules/jsdom/lib/jsdom/living/events/EventTarget-impl.js:233:9)
The above error occurred in the <UserAvatarMenu> component:

    at UserAvatarMenu (/home/derek/git/chores-web/frontend/src/components/UserAvatarMenu.jsx:15:27)

Consider adding an error boundary to your tree to customize error handling behavior.
Visit https://reactjs.org/link/error-boundaries to learn more about error boundaries.

stderr | src/__tests__/UserAvatarMenu.test.jsx > UserAvatarMenu > displays logout button in dropdown menu
Error: Uncaught [Error: No QueryClient set, use QueryClientProvider to set one]
    at reportException (/home/derek/git/chores-web/frontend/node_modules/jsdom/lib/jsdom/living/helpers/runtime-script-errors.js:66:24)
    at innerInvokeEventListeners (/home/derek/git/chores-web/frontend/node_modules/jsdom/lib/jsdom/living/events/EventTarget-impl.js:353:9)
    at invokeEventListeners (/home/derek/git/chores-web/frontend/node_modules/jsdom/lib/jsdom/living/events/EventTarget-impl.js:286:3)
    at HTMLUnknownElementImpl._dispatch (/home/derek/git/chores-web/frontend/node_modules/jsdom/lib/jsdom/living/events/EventTarget-impl.js:233:9)
    at HTMLUnknownElementImpl.dispatchEvent (/home/derek/git/chores-web/frontend/node_modules/jsdom/lib/jsdom/living/events/EventTarget-impl.js:104:17)
    at HTMLUnknownElement.dispatchEvent (/home/derek/git/chores-web/frontend/node_modules/jsdom/lib/jsdom/living/generated/EventTarget.js:241:34)
    at Object.invokeGuardedCallbackDev (/home/derek/git/chores-web/frontend/node_modules/react-dom/cjs/react-dom.development.js:4213:16)
    at invokeGuardedCallback (/home/derek/git/chores-web/frontend/node_modules/react-dom/cjs/react-dom.development.js:4277:31)
    at beginWork$1 (/home/derek/git/chores-web/frontend/node_modules/react-dom/cjs/react-dom.development.js:27490:7)
    at performUnitOfWork (/home/derek/git/chores-web/frontend/node_modules/react-dom/cjs/react-dom.development.js:26599:12) Error: No QueryClient set, use QueryClientProvider to set one
    at Module.useQueryClient (file:///home/derek/git/chores-web/frontend/node_modules/@tanstack/react-query/src/QueryClientProvider.tsx:18:11)
    at UserAvatarMenu (/home/derek/git/chores-web/frontend/src/components/UserAvatarMenu.jsx:12:23)
    at renderWithHooks (/home/derek/git/chores-web/frontend/node_modules/react-dom/cjs/react-dom.development.js:15486:18)
    at mountIndeterminateComponent (/home/derek/git/chores-web/frontend/node_modules/react-dom/cjs/react-dom.development.js:20103:13)
    at beginWork (/home/derek/git/chores-web/frontend/node_modules/react-dom/cjs/react-dom.development.js:21626:16)
    at HTMLUnknownElement.callCallback (/home/derek/git/chores-web/frontend/node_modules/react-dom/cjs/react-dom.development.js:4164:14)
    at HTMLUnknownElement.callTheUserObjectsOperation (/home/derek/git/chores-web/frontend/node_modules/jsdom/lib/jsdom/living/generated/EventListener.js:26:30)
    at innerInvokeEventListeners (/home/derek/git/chores-web/frontend/node_modules/jsdom/lib/jsdom/living/events/EventTarget-impl.js:350:25)
    at invokeEventListeners (/home/derek/git/chores-web/frontend/node_modules/jsdom/lib/jsdom/living/events/EventTarget-impl.js:286:3)
    at HTMLUnknownElementImpl._dispatch (/home/derek/git/chores-web/frontend/node_modules/jsdom/lib/jsdom/living/events/EventTarget-impl.js:233:9)
Error: Uncaught [Error: No QueryClient set, use QueryClientProvider to set one]
    at reportException (/home/derek/git/chores-web/frontend/node_modules/jsdom/lib/jsdom/living/helpers/runtime-script-errors.js:66:24)
    at innerInvokeEventListeners (/home/derek/git/chores-web/frontend/node_modules/jsdom/lib/jsdom/living/events/EventTarget-impl.js:353:9)
    at invokeEventListeners (/home/derek/git/chores-web/frontend/node_modules/jsdom/lib/jsdom/living/events/EventTarget-impl.js:286:3)
    at HTMLUnknownElementImpl._dispatch (/home/derek/git/chores-web/frontend/node_modules/jsdom/lib/jsdom/living/events/EventTarget-impl.js:233:9)
    at HTMLUnknownElementImpl.dispatchEvent (/home/derek/git/chores-web/frontend/node_modules/jsdom/lib/jsdom/living/events/EventTarget-impl.js:104:17)
    at HTMLUnknownElement.dispatchEvent (/home/derek/git/chores-web/frontend/node_modules/jsdom/lib/jsdom/living/generated/EventTarget.js:241:34)
    at Object.invokeGuardedCallbackDev (/home/derek/git/chores-web/frontend/node_modules/react-dom/cjs/react-dom.development.js:4213:16)
    at invokeGuardedCallback (/home/derek/git/chores-web/frontend/node_modules/react-dom/cjs/react-dom.development.js:4277:31)
    at beginWork$1 (/home/derek/git/chores-web/frontend/node_modules/react-dom/cjs/react-dom.development.js:27490:7)
    at performUnitOfWork (/home/derek/git/chores-web/frontend/node_modules/react-dom/cjs/react-dom.development.js:26599:12) Error: No QueryClient set, use QueryClientProvider to set one
    at Module.useQueryClient (file:///home/derek/git/chores-web/frontend/node_modules/@tanstack/react-query/src/QueryClientProvider.tsx:18:11)
    at UserAvatarMenu (/home/derek/git/chores-web/frontend/src/components/UserAvatarMenu.jsx:12:23)
    at renderWithHooks (/home/derek/git/chores-web/frontend/node_modules/react-dom/cjs/react-dom.development.js:15486:18)
    at mountIndeterminateComponent (/home/derek/git/chores-web/frontend/node_modules/react-dom/cjs/react-dom.development.js:20103:13)
    at beginWork (/home/derek/git/chores-web/frontend/node_modules/react-dom/cjs/react-dom.development.js:21626:16)
    at HTMLUnknownElement.callCallback (/home/derek/git/chores-web/frontend/node_modules/react-dom/cjs/react-dom.development.js:4164:14)
    at HTMLUnknownElement.callTheUserObjectsOperation (/home/derek/git/chores-web/frontend/node_modules/jsdom/lib/jsdom/living/generated/EventListener.js:26:30)
    at innerInvokeEventListeners (/home/derek/git/chores-web/frontend/node_modules/jsdom/lib/jsdom/living/events/EventTarget-impl.js:350:25)
    at invokeEventListeners (/home/derek/git/chores-web/frontend/node_modules/jsdom/lib/jsdom/living/events/EventTarget-impl.js:286:3)
    at HTMLUnknownElementImpl._dispatch (/home/derek/git/chores-web/frontend/node_modules/jsdom/lib/jsdom/living/events/EventTarget-impl.js:233:9)
The above error occurred in the <UserAvatarMenu> component:

    at UserAvatarMenu (/home/derek/git/chores-web/frontend/src/components/UserAvatarMenu.jsx:15:27)

Consider adding an error boundary to your tree to customize error handling behavior.
Visit https://reactjs.org/link/error-boundaries to learn more about error boundaries.

stderr | src/__tests__/Settings.test.jsx > Settings > shows Auth section
Query data cannot be undefined. Please make sure to return a value other than undefined from your query function. Affected query key: ["themes"]
Query data cannot be undefined. Please make sure to return a value other than undefined from your query function. Affected query key: ["current-theme"]

 ✓ src/__tests__/ActionPanel.test.jsx  (7 tests) 430ms
stderr | src/__tests__/Settings.test.jsx > Settings > allows saving settings
Query data cannot be undefined. Please make sure to return a value other than undefined from your query function. Affected query key: ["themes"]
Query data cannot be undefined. Please make sure to return a value other than undefined from your query function. Affected query key: ["current-theme"]

stderr | src/__tests__/Chores.test.jsx > Manage page > shows delete confirmation modal
Failed to check setup status: TypeError: Cannot read properties of undefined (reading 'setup_needed')
    at initializeAuth (/home/derek/git/chores-web/frontend/src/contexts/AuthContext.jsx:31:33)
    at runNextTicks (node:internal/process/task_queues:60:5)
    at listOnTimeout (node:internal/timers:545:9)
    at processTimers (node:internal/timers:519:7)

 ✓ src/__tests__/ChoreForm.test.jsx  (29 tests) 1571ms
stderr | src/__tests__/Chores.test.jsx > Manage page > calls deleteChore on confirm delete
Failed to check setup status: TypeError: Cannot read properties of undefined (reading 'setup_needed')
    at initializeAuth (/home/derek/git/chores-web/frontend/src/contexts/AuthContext.jsx:31:33)

 ✓ src/__tests__/Settings.test.jsx  (5 tests) 442ms
stderr | src/__tests__/Chores.test.jsx > Manage page > shows empty state when no chores
Failed to check setup status: TypeError: Cannot read properties of undefined (reading 'setup_needed')
    at initializeAuth (/home/derek/git/chores-web/frontend/src/contexts/AuthContext.jsx:31:33)
    at runNextTicks (node:internal/process/task_queues:60:5)
    at listOnTimeout (node:internal/timers:545:9)
    at processTimers (node:internal/timers:519:7)

stderr | src/__tests__/Chores.test.jsx > Manage page > hydrates filters from URL params on initial render
Failed to check setup status: TypeError: Cannot read properties of undefined (reading 'setup_needed')
    at initializeAuth (/home/derek/git/chores-web/frontend/src/contexts/AuthContext.jsx:31:33)

stderr | src/__tests__/Chores.test.jsx > Manage page > updates URL params when filters change
Failed to check setup status: TypeError: Cannot read properties of undefined (reading 'setup_needed')
    at initializeAuth (/home/derek/git/chores-web/frontend/src/contexts/AuthContext.jsx:31:33)

stderr | src/__tests__/Chores.test.jsx > Manage page > updates URL params when filters change
Warning: React does not recognize the `PaperProps` prop on a DOM element. If you intentionally want it to appear in the DOM as a custom attribute, spell it as lowercase `paperprops` instead. If you accidentally passed it from a parent component, remove it from the DOM element.
    at div
    at /home/derek/git/chores-web/frontend/node_modules/@emotion/react/dist/emotion-element-e8f4cc37.development.cjs.js:60:23
    at Portal (file:///home/derek/git/chores-web/frontend/node_modules/@mui/material/Portal/Portal.mjs:30:5)
    at Modal (file:///home/derek/git/chores-web/frontend/node_modules/@mui/material/Modal/Modal.mjs:79:17)
    at /home/derek/git/chores-web/frontend/node_modules/@emotion/react/dist/emotion-element-e8f4cc37.development.cjs.js:60:23
    at Popover (file:///home/derek/git/chores-web/frontend/node_modules/@mui/material/Popover/Popover.mjs:84:17)
    at /home/derek/git/chores-web/frontend/node_modules/@emotion/react/dist/emotion-element-e8f4cc37.development.cjs.js:60:23
    at Menu (file:///home/derek/git/chores-web/frontend/node_modules/@mui/material/Menu/Menu.mjs:60:17)
    at SelectInput (file:///home/derek/git/chores-web/frontend/node_modules/@mui/material/Select/SelectInput.mjs:100:25)
    at /home/derek/git/chores-web/frontend/node_modules/@emotion/react/dist/emotion-element-e8f4cc37.development.cjs.js:60:23
    at div
    at /home/derek/git/chores-web/frontend/node_modules/@emotion/react/dist/emotion-element-e8f4cc37.development.cjs.js:60:23
    at InputBase (file:///home/derek/git/chores-web/frontend/node_modules/@mui/material/InputBase/InputBase.mjs:240:17)
    at OutlinedInput (file:///home/derek/git/chores-web/frontend/node_modules/@mui/material/OutlinedInput/OutlinedInput.mjs:181:17)
    at /home/derek/git/chores-web/frontend/node_modules/@emotion/react/dist/emotion-element-e8f4cc37.development.cjs.js:60:23
    at Select (file:///home/derek/git/chores-web/frontend/node_modules/@mui/material/Select/Select.mjs:45:17)
    at div
    at div
    at div
    at Manage (/home/derek/git/chores-web/frontend/src/pages/Chores.jsx:83:36)
    at Router (/home/derek/git/chores-web/frontend/node_modules/react-router/dist/umd/react-router.development.js:1207:17)
    at MemoryRouter (/home/derek/git/chores-web/frontend/node_modules/react-router/dist/umd/react-router.development.js:1101:7)
    at AuthProvider (/home/derek/git/chores-web/frontend/src/contexts/AuthContext.jsx:10:25)
    at QueryClientProvider (file:///home/derek/git/chores-web/frontend/node_modules/@tanstack/react-query/build/modern/QueryClientProvider.js:20:3)

stderr | src/__tests__/Chores.test.jsx > Manage page > clears URL params when filters are reset
Failed to check setup status: TypeError: Cannot read properties of undefined (reading 'setup_needed')
    at initializeAuth (/home/derek/git/chores-web/frontend/src/contexts/AuthContext.jsx:31:33)

stderr | src/__tests__/Chores.test.jsx > Manage page > hydrates assignee filter from URL params on initial render
Failed to check setup status: TypeError: Cannot read properties of undefined (reading 'setup_needed')
    at initializeAuth (/home/derek/git/chores-web/frontend/src/contexts/AuthContext.jsx:31:33)

stderr | src/__tests__/Chores.test.jsx > Manage page > updates URL params when assignee filter changes
Failed to check setup status: TypeError: Cannot read properties of undefined (reading 'setup_needed')
    at initializeAuth (/home/derek/git/chores-web/frontend/src/contexts/AuthContext.jsx:31:33)

stderr | src/__tests__/Chores.test.jsx > Manage page > filters chores by unassigned assignee
Failed to check setup status: TypeError: Cannot read properties of undefined (reading 'setup_needed')
    at initializeAuth (/home/derek/git/chores-web/frontend/src/contexts/AuthContext.jsx:31:33)

stderr | src/__tests__/Chores.test.jsx > Manage page > sorts chores by next due date with name tiebreakers and no-date chores last
Failed to check setup status: TypeError: Cannot read properties of undefined (reading 'setup_needed')
    at initializeAuth (/home/derek/git/chores-web/frontend/src/contexts/AuthContext.jsx:31:33)

stderr | src/__tests__/Chores.test.jsx > Manage page > preserves due-date ordering after filters are applied
Failed to check setup status: TypeError: Cannot read properties of undefined (reading 'setup_needed')
    at initializeAuth (/home/derek/git/chores-web/frontend/src/contexts/AuthContext.jsx:31:33)
    at runNextTicks (node:internal/process/task_queues:60:5)
    at processTimers (node:internal/timers:516:9)

stderr | src/__tests__/Chores.test.jsx > Manage page > shows complete and skip buttons when card is expanded
Failed to check setup status: TypeError: Cannot read properties of undefined (reading 'setup_needed')
    at initializeAuth (/home/derek/git/chores-web/frontend/src/contexts/AuthContext.jsx:31:33)

stderr | src/__tests__/Chores.test.jsx > Manage page > calls completeChore on Complete button click
Failed to check setup status: TypeError: Cannot read properties of undefined (reading 'setup_needed')
    at initializeAuth (/home/derek/git/chores-web/frontend/src/contexts/AuthContext.jsx:31:33)

stderr | src/__tests__/Chores.test.jsx > Manage page > calls skipChore on Skip button click
Failed to check setup status: TypeError: Cannot read properties of undefined (reading 'setup_needed')
    at initializeAuth (/home/derek/git/chores-web/frontend/src/contexts/AuthContext.jsx:31:33)

 ✓ src/__tests__/Chores.test.jsx  (23 tests) 1587ms
stderr | src/__tests__/AppTitle.test.jsx > App Title > displays default app title
⚠️ React Router Future Flag Warning: React Router will begin wrapping state updates in `React.startTransition` in v7. You can use the `v7_startTransition` future flag to opt-in early. For more information, see https://reactrouter.com/v6/upgrading/future#v7_starttransition.
⚠️ React Router Future Flag Warning: Relative route resolution within Splat routes is changing in v7. You can use the `v7_relativeSplatPath` future flag to opt-in early. For more information, see https://reactrouter.com/v6/upgrading/future#v7_relativesplatpath.
Query data cannot be undefined. Please make sure to return a value other than undefined from your query function. Affected query key: ["themes"]
Query data cannot be undefined. Please make sure to return a value other than undefined from your query function. Affected query key: ["current-theme"]
Query data cannot be undefined. Please make sure to return a value other than undefined from your query function. Affected query key: ["themes"]
Query data cannot be undefined. Please make sure to return a value other than undefined from your query function. Affected query key: ["current-theme"]
Query data cannot be undefined. Please make sure to return a value other than undefined from your query function. Affected query key: ["themes"]
Query data cannot be undefined. Please make sure to return a value other than undefined from your query function. Affected query key: ["current-theme"]
Query data cannot be undefined. Please make sure to return a value other than undefined from your query function. Affected query key: ["themes"]
Query data cannot be undefined. Please make sure to return a value other than undefined from your query function. Affected query key: ["current-theme"]
Query data cannot be undefined. Please make sure to return a value other than undefined from your query function. Affected query key: ["themes"]
Query data cannot be undefined. Please make sure to return a value other than undefined from your query function. Affected query key: ["current-theme"]
Query data cannot be undefined. Please make sure to return a value other than undefined from your query function. Affected query key: ["themes"]
Query data cannot be undefined. Please make sure to return a value other than undefined from your query function. Affected query key: ["current-theme"]
Query data cannot be undefined. Please make sure to return a value other than undefined from your query function. Affected query key: ["themes"]
Query data cannot be undefined. Please make sure to return a value other than undefined from your query function. Affected query key: ["current-theme"]
Query data cannot be undefined. Please make sure to return a value other than undefined from your query function. Affected query key: ["themes"]
Query data cannot be undefined. Please make sure to return a value other than undefined from your query function. Affected query key: ["current-theme"]
Query data cannot be undefined. Please make sure to return a value other than undefined from your query function. Affected query key: ["themes"]
Query data cannot be undefined. Please make sure to return a value other than undefined from your query function. Affected query key: ["current-theme"]
Query data cannot be undefined. Please make sure to return a value other than undefined from your query function. Affected query key: ["themes"]
Query data cannot be undefined. Please make sure to return a value other than undefined from your query function. Affected query key: ["current-theme"]
Query data cannot be undefined. Please make sure to return a value other than undefined from your query function. Affected query key: ["themes"]
Query data cannot be undefined. Please make sure to return a value other than undefined from your query function. Affected query key: ["current-theme"]
Query data cannot be undefined. Please make sure to return a value other than undefined from your query function. Affected query key: ["themes"]
Query data cannot be undefined. Please make sure to return a value other than undefined from your query function. Affected query key: ["current-theme"]
Query data cannot be undefined. Please make sure to return a value other than undefined from your query function. Affected query key: ["themes"]
Query data cannot be undefined. Please make sure to return a value other than undefined from your query function. Affected query key: ["current-theme"]
Query data cannot be undefined. Please make sure to return a value other than undefined from your query function. Affected query key: ["themes"]
Query data cannot be undefined. Please make sure to return a value other than undefined from your query function. Affected query key: ["current-theme"]
Query data cannot be undefined. Please make sure to return a value other than undefined from your query function. Affected query key: ["themes"]
Query data cannot be undefined. Please make sure to return a value other than undefined from your query function. Affected query key: ["current-theme"]
Query data cannot be undefined. Please make sure to return a value other than undefined from your query function. Affected query key: ["themes"]
Query data cannot be undefined. Please make sure to return a value other than undefined from your query function. Affected query key: ["current-theme"]
Query data cannot be undefined. Please make sure to return a value other than undefined from your query function. Affected query key: ["themes"]
Query data cannot be undefined. Please make sure to return a value other than undefined from your query function. Affected query key: ["current-theme"]
Query data cannot be undefined. Please make sure to return a value other than undefined from your query function. Affected query key: ["themes"]
Query data cannot be undefined. Please make sure to return a value other than undefined from your query function. Affected query key: ["current-theme"]
Query data cannot be undefined. Please make sure to return a value other than undefined from your query function. Affected query key: ["themes"]
Query data cannot be undefined. Please make sure to return a value other than undefined from your query function. Affected query key: ["current-theme"]
Query data cannot be undefined. Please make sure to return a value other than undefined from your query function. Affected query key: ["themes"]
Query data cannot be undefined. Please make sure to return a value other than undefined from your query function. Affected query key: ["current-theme"]
Query data cannot be undefined. Please make sure to return a value other than undefined from your query function. Affected query key: ["themes"]
Query data cannot be undefined. Please make sure to return a value other than undefined from your query function. Affected query key: ["current-theme"]
Query data cannot be undefined. Please make sure to return a value other than undefined from your query function. Affected query key: ["themes"]
Query data cannot be undefined. Please make sure to return a value other than undefined from your query function. Affected query key: ["current-theme"]
Query data cannot be undefined. Please make sure to return a value other than undefined from your query function. Affected query key: ["themes"]
Query data cannot be undefined. Please make sure to return a value other than undefined from your query function. Affected query key: ["current-theme"]
Query data cannot be undefined. Please make sure to return a value other than undefined from your query function. Affected query key: ["themes"]
Query data cannot be undefined. Please make sure to return a value other than undefined from your query function. Affected query key: ["current-theme"]
Query data cannot be undefined. Please make sure to return a value other than undefined from your query function. Affected query key: ["themes"]
Query data cannot be undefined. Please make sure to return a value other than undefined from your query function. Affected query key: ["current-theme"]
Query data cannot be undefined. Please make sure to return a value other than undefined from your query function. Affected query key: ["themes"]
Query data cannot be undefined. Please make sure to return a value other than undefined from your query function. Affected query key: ["current-theme"]
Query data cannot be undefined. Please make sure to return a value other than undefined from your query function. Affected query key: ["themes"]
Query data cannot be undefined. Please make sure to return a value other than undefined from your query function. Affected query key: ["current-theme"]
Query data cannot be undefined. Please make sure to return a value other than undefined from your query function. Affected query key: ["themes"]
Query data cannot be undefined. Please make sure to return a value other than undefined from your query function. Affected query key: ["current-theme"]
Query data cannot be undefined. Please make sure to return a value other than undefined from your query function. Affected query key: ["themes"]
Query data cannot be undefined. Please make sure to return a value other than undefined from your query function. Affected query key: ["current-theme"]
Query data cannot be undefined. Please make sure to return a value other than undefined from your query function. Affected query key: ["themes"]
Query data cannot be undefined. Please make sure to return a value other than undefined from your query function. Affected query key: ["current-theme"]
Query data cannot be undefined. Please make sure to return a value other than undefined from your query function. Affected query key: ["themes"]
Query data cannot be undefined. Please make sure to return a value other than undefined from your query function. Affected query key: ["current-theme"]
Query data cannot be undefined. Please make sure to return a value other than undefined from your query function. Affected query key: ["themes"]
Query data cannot be undefined. Please make sure to return a value other than undefined from your query function. Affected query key: ["current-theme"]
Query data cannot be undefined. Please make sure to return a value other than undefined from your query function. Affected query key: ["themes"]
Query data cannot be undefined. Please make sure to return a value other than undefined from your query function. Affected query key: ["current-theme"]
Query data cannot be undefined. Please make sure to return a value other than undefined from your query function. Affected query key: ["themes"]
Query data cannot be undefined. Please make sure to return a value other than undefined from your query function. Affected query key: ["current-theme"]
Query data cannot be undefined. Please make sure to return a value other than undefined from your query function. Affected query key: ["themes"]
Query data cannot be undefined. Please make sure to return a value other than undefined from your query function. Affected query key: ["current-theme"]
Query data cannot be undefined. Please make sure to return a value other than undefined from your query function. Affected query key: ["themes"]
Query data cannot be undefined. Please make sure to return a value other than undefined from your query function. Affected query key: ["current-theme"]
Query data cannot be undefined. Please make sure to return a value other than undefined from your query function. Affected query key: ["themes"]
Query data cannot be undefined. Please make sure to return a value other than undefined from your query function. Affected query key: ["current-theme"]
Query data cannot be undefined. Please make sure to return a value other than undefined from your query function. Affected query key: ["themes"]
Query data cannot be undefined. Please make sure to return a value other than undefined from your query function. Affected query key: ["current-theme"]
Query data cannot be undefined. Please make sure to return a value other than undefined from your query function. Affected query key: ["themes"]
Query data cannot be undefined. Please make sure to return a value other than undefined from your query function. Affected query key: ["current-theme"]
Query data cannot be undefined. Please make sure to return a value other than undefined from your query function. Affected query key: ["themes"]
Query data cannot be undefined. Please make sure to return a value other than undefined from your query function. Affected query key: ["current-theme"]
Query data cannot be undefined. Please make sure to return a value other than undefined from your query function. Affected query key: ["themes"]
Query data cannot be undefined. Please make sure to return a value other than undefined from your query function. Affected query key: ["current-theme"]
Query data cannot be undefined. Please make sure to return a value other than undefined from your query function. Affected query key: ["themes"]
Query data cannot be undefined. Please make sure to return a value other than undefined from your query function. Affected query key: ["current-theme"]
Query data cannot be undefined. Please make sure to return a value other than undefined from your query function. Affected query key: ["themes"]
Query data cannot be undefined. Please make sure to return a value other than undefined from your query function. Affected query key: ["current-theme"]
Query data cannot be undefined. Please make sure to return a value other than undefined from your query function. Affected query key: ["themes"]
Query data cannot be undefined. Please make sure to return a value other than undefined from your query function. Affected query key: ["current-theme"]
Query data cannot be undefined. Please make sure to return a value other than undefined from your query function. Affected query key: ["themes"]
Query data cannot be undefined. Please make sure to return a value other than undefined from your query function. Affected query key: ["current-theme"]
Query data cannot be undefined. Please make sure to return a value other than undefined from your query function. Affected query key: ["themes"]
Query data cannot be undefined. Please make sure to return a value other than undefined from your query function. Affected query key: ["current-theme"]
Query data cannot be undefined. Please make sure to return a value other than undefined from your query function. Affected query key: ["themes"]
Query data cannot be undefined. Please make sure to return a value other than undefined from your query function. Affected query key: ["current-theme"]
Query data cannot be undefined. Please make sure to return a value other than undefined from your query function. Affected query key: ["themes"]
Query data cannot be undefined. Please make sure to return a value other than undefined from your query function. Affected query key: ["current-theme"]
Query data cannot be undefined. Please make sure to return a value other than undefined from your query function. Affected query key: ["themes"]
Query data cannot be undefined. Please make sure to return a value other than undefined from your query function. Affected query key: ["current-theme"]
Query data cannot be undefined. Please make sure to return a value other than undefined from your query function. Affected query key: ["themes"]
Query data cannot be undefined. Please make sure to return a value other than undefined from your query function. Affected query key: ["current-theme"]
Query data cannot be undefined. Please make sure to return a value other than undefined from your query function. Affected query key: ["themes"]
Query data cannot be undefined. Please make sure to return a value other than undefined from your query function. Affected query key: ["current-theme"]
Query data cannot be undefined. Please make sure to return a value other than undefined from your query function. Affected query key: ["themes"]
Query data cannot be undefined. Please make sure to return a value other than undefined from your query function. Affected query key: ["current-theme"]
Query data cannot be undefined. Please make sure to return a value other than undefined from your query function. Affected query key: ["themes"]
Query data cannot be undefined. Please make sure to return a value other than undefined from your query function. Affected query key: ["current-theme"]
Query data cannot be undefined. Please make sure to return a value other than undefined from your query function. Affected query key: ["themes"]
Query data cannot be undefined. Please make sure to return a value other than undefined from your query function. Affected query key: ["current-theme"]
Query data cannot be undefined. Please make sure to return a value other than undefined from your query function. Affected query key: ["themes"]
Query data cannot be undefined. Please make sure to return a value other than undefined from your query function. Affected query key: ["current-theme"]
Query data cannot be undefined. Please make sure to return a value other than undefined from your query function. Affected query key: ["themes"]
Query data cannot be undefined. Please make sure to return a value other than undefined from your query function. Affected query key: ["current-theme"]
Query data cannot be undefined. Please make sure to return a value other than undefined from your query function. Affected query key: ["themes"]
Query data cannot be undefined. Please make sure to return a value other than undefined from your query function. Affected query key: ["current-theme"]
Query data cannot be undefined. Please make sure to return a value other than undefined from your query function. Affected query key: ["themes"]
Query data cannot be undefined. Please make sure to return a value other than undefined from your query function. Affected query key: ["current-theme"]
Query data cannot be undefined. Please make sure to return a value other than undefined from your query function. Affected query key: ["themes"]
Query data cannot be undefined. Please make sure to return a value other than undefined from your query function. Affected query key: ["current-theme"]
Query data cannot be undefined. Please make sure to return a value other than undefined from your query function. Affected query key: ["themes"]
Query data cannot be undefined. Please make sure to return a value other than undefined from your query function. Affected query key: ["current-theme"]
Query data cannot be undefined. Please make sure to return a value other than undefined from your query function. Affected query key: ["themes"]
Query data cannot be undefined. Please make sure to return a value other than undefined from your query function. Affected query key: ["current-theme"]
Query data cannot be undefined. Please make sure to return a value other than undefined from your query function. Affected query key: ["themes"]
Query data cannot be undefined. Please make sure to return a value other than undefined from your query function. Affected query key: ["current-theme"]
Query data cannot be undefined. Please make sure to return a value other than undefined from your query function. Affected query key: ["themes"]
Query data cannot be undefined. Please make sure to return a value other than undefined from your query function. Affected query key: ["current-theme"]
Query data cannot be undefined. Please make sure to return a value other than undefined from your query function. Affected query key: ["themes"]
Query data cannot be undefined. Please make sure to return a value other than undefined from your query function. Affected query key: ["current-theme"]
Query data cannot be undefined. Please make sure to return a value other than undefined from your query function. Affected query key: ["themes"]
Query data cannot be undefined. Please make sure to return a value other than undefined from your query function. Affected query key: ["current-theme"]
Query data cannot be undefined. Please make sure to return a value other than undefined from your query function. Affected query key: ["themes"]
Query data cannot be undefined. Please make sure to return a value other than undefined from your query function. Affected query key: ["current-theme"]
Query data cannot be undefined. Please make sure to return a value other than undefined from your query function. Affected query key: ["themes"]
Query data cannot be undefined. Please make sure to return a value other than undefined from your query function. Affected query key: ["current-theme"]
Query data cannot be undefined. Please make sure to return a value other than undefined from your query function. Affected query key: ["themes"]
Query data cannot be undefined. Please make sure to return a value other than undefined from your query function. Affected query key: ["current-theme"]
Query data cannot be undefined. Please make sure to return a value other than undefined from your query function. Affected query key: ["themes"]
Query data cannot be undefined. Please make sure to return a value other than undefined from your query function. Affected query key: ["current-theme"]
Query data cannot be undefined. Please make sure to return a value other than undefined from your query function. Affected query key: ["themes"]
Query data cannot be undefined. Please make sure to return a value other than undefined from your query function. Affected query key: ["current-theme"]
Query data cannot be undefined. Please make sure to return a value other than undefined from your query function. Affected query key: ["themes"]
Query data cannot be undefined. Please make sure to return a value other than undefined from your query function. Affected query key: ["current-theme"]
Query data cannot be undefined. Please make sure to return a value other than undefined from your query function. Affected query key: ["themes"]
Query data cannot be undefined. Please make sure to return a value other than undefined from your query function. Affected query key: ["current-theme"]
Query data cannot be undefined. Please make sure to return a value other than undefined from your query function. Affected query key: ["themes"]
Query data cannot be undefined. Please make sure to return a value other than undefined from your query function. Affected query key: ["current-theme"]
Query data cannot be undefined. Please make sure to return a value other than undefined from your query function. Affected query key: ["themes"]
Query data cannot be undefined. Please make sure to return a value other than undefined from your query function. Affected query key: ["current-theme"]
Query data cannot be undefined. Please make sure to return a value other than undefined from your query function. Affected query key: ["themes"]
Query data cannot be undefined. Please make sure to return a value other than undefined from your query function. Affected query key: ["current-theme"]
Query data cannot be undefined. Please make sure to return a value other than undefined from your query function. Affected query key: ["themes"]
Query data cannot be undefined. Please make sure to return a value other than undefined from your query function. Affected query key: ["current-theme"]
Query data cannot be undefined. Please make sure to return a value other than undefined from your query function. Affected query key: ["themes"]
Query data cannot be undefined. Please make sure to return a value other than undefined from your query function. Affected query key: ["current-theme"]
Query data cannot be undefined. Please make sure to return a value other than undefined from your query function. Affected query key: ["themes"]
Query data cannot be undefined. Please make sure to return a value other than undefined from your query function. Affected query key: ["current-theme"]
Query data cannot be undefined. Please make sure to return a value other than undefined from your query function. Affected query key: ["themes"]
Query data cannot be undefined. Please make sure to return a value other than undefined from your query function. Affected query key: ["current-theme"]
Query data cannot be undefined. Please make sure to return a value other than undefined from your query function. Affected query key: ["themes"]
Query data cannot be undefined. Please make sure to return a value other than undefined from your query function. Affected query key: ["current-theme"]
Query data cannot be undefined. Please make sure to return a value other than undefined from your query function. Affected query key: ["themes"]
Query data cannot be undefined. Please make sure to return a value other than undefined from your query function. Affected query key: ["current-theme"]
Query data cannot be undefined. Please make sure to return a value other than undefined from your query function. Affected query key: ["themes"]
Query data cannot be undefined. Please make sure to return a value other than undefined from your query function. Affected query key: ["current-theme"]
Query data cannot be undefined. Please make sure to return a value other than undefined from your query function. Affected query key: ["themes"]
Query data cannot be undefined. Please make sure to return a value other than undefined from your query function. Affected query key: ["current-theme"]
Query data cannot be undefined. Please make sure to return a value other than undefined from your query function. Affected query key: ["themes"]
Query data cannot be undefined. Please make sure to return a value other than undefined from your query function. Affected query key: ["current-theme"]
Query data cannot be undefined. Please make sure to return a value other than undefined from your query function. Affected query key: ["themes"]
Query data cannot be undefined. Please make sure to return a value other than undefined from your query function. Affected query key: ["current-theme"]
Query data cannot be undefined. Please make sure to return a value other than undefined from your query function. Affected query key: ["themes"]
Query data cannot be undefined. Please make sure to return a value other than undefined from your query function. Affected query key: ["current-theme"]
Query data cannot be undefined. Please make sure to return a value other than undefined from your query function. Affected query key: ["themes"]
Query data cannot be undefined. Please make sure to return a value other than undefined from your query function. Affected query key: ["current-theme"]
Query data cannot be undefined. Please make sure to return a value other than undefined from your query function. Affected query key: ["themes"]
Query data cannot be undefined. Please make sure to return a value other than undefined from your query function. Affected query key: ["current-theme"]
Query data cannot be undefined. Please make sure to return a value other than undefined from your query function. Affected query key: ["themes"]
Query data cannot be undefined. Please make sure to return a value other than undefined from your query function. Affected query key: ["current-theme"]
Query data cannot be undefined. Please make sure to return a value other than undefined from your query function. Affected query key: ["themes"]
Query data cannot be undefined. Please make sure to return a value other than undefined from your query function. Affected query key: ["current-theme"]
Query data cannot be undefined. Please make sure to return a value other than undefined from your query function. Affected query key: ["themes"]
Query data cannot be undefined. Please make sure to return a value other than undefined from your query function. Affected query key: ["current-theme"]
Query data cannot be undefined. Please make sure to return a value other than undefined from your query function. Affected query key: ["themes"]
Query data cannot be undefined. Please make sure to return a value other than undefined from your query function. Affected query key: ["current-theme"]
Query data cannot be undefined. Please make sure to return a value other than undefined from your query function. Affected query key: ["themes"]
Query data cannot be undefined. Please make sure to return a value other than undefined from your query function. Affected query key: ["current-theme"]
Query data cannot be undefined. Please make sure to return a value other than undefined from your query function. Affected query key: ["themes"]
Query data cannot be undefined. Please make sure to return a value other than undefined from your query function. Affected query key: ["current-theme"]
Query data cannot be undefined. Please make sure to return a value other than undefined from your query function. Affected query key: ["themes"]
Query data cannot be undefined. Please make sure to return a value other than undefined from your query function. Affected query key: ["current-theme"]
Query data cannot be undefined. Please make sure to return a value other than undefined from your query function. Affected query key: ["themes"]
Query data cannot be undefined. Please make sure to return a value other than undefined from your query function. Affected query key: ["current-theme"]
Query data cannot be undefined. Please make sure to return a value other than undefined from your query function. Affected query key: ["themes"]
Query data cannot be undefined. Please make sure to return a value other than undefined from your query function. Affected query key: ["current-theme"]
Query data cannot be undefined. Please make sure to return a value other than undefined from your query function. Affected query key: ["themes"]
Query data cannot be undefined. Please make sure to return a value other than undefined from your query function. Affected query key: ["current-theme"]
Query data cannot be undefined. Please make sure to return a value other than undefined from your query function. Affected query key: ["themes"]
Query data cannot be undefined. Please make sure to return a value other than undefined from your query function. Affected query key: ["current-theme"]
Query data cannot be undefined. Please make sure to return a value other than undefined from your query function. Affected query key: ["themes"]
Query data cannot be undefined. Please make sure to return a value other than undefined from your query function. Affected query key: ["current-theme"]
Query data cannot be undefined. Please make sure to return a value other than undefined from your query function. Affected query key: ["themes"]
Query data cannot be undefined. Please make sure to return a value other than undefined from your query function. Affected query key: ["current-theme"]
Query data cannot be undefined. Please make sure to return a value other than undefined from your query function. Affected query key: ["themes"]
Query data cannot be undefined. Please make sure to return a value other than undefined from your query function. Affected query key: ["current-theme"]
Query data cannot be undefined. Please make sure to return a value other than undefined from your query function. Affected query key: ["themes"]
Query data cannot be undefined. Please make sure to return a value other than undefined from your query function. Affected query key: ["current-theme"]
Query data cannot be undefined. Please make sure to return a value other than undefined from your query function. Affected query key: ["themes"]
Query data cannot be undefined. Please make sure to return a value other than undefined from your query function. Affected query key: ["current-theme"]
Query data cannot be undefined. Please make sure to return a value other than undefined from your query function. Affected query key: ["themes"]
Query data cannot be undefined. Please make sure to return a value other than undefined from your query function. Affected query key: ["current-theme"]
Query data cannot be undefined. Please make sure to return a value other than undefined from your query function. Affected query key: ["themes"]
Query data cannot be undefined. Please make sure to return a value other than undefined from your query function. Affected query key: ["current-theme"]
Query data cannot be undefined. Please make sure to return a value other than undefined from your query function. Affected query key: ["themes"]
Query data cannot be undefined. Please make sure to return a value other than undefined from your query function. Affected query key: ["current-theme"]
Query data cannot be undefined. Please make sure to return a value other than undefined from your query function. Affected query key: ["themes"]
Query data cannot be undefined. Please make sure to return a value other than undefined from your query function. Affected query key: ["current-theme"]
Query data cannot be undefined. Please make sure to return a value other than undefined from your query function. Affected query key: ["themes"]
Query data cannot be undefined. Please make sure to return a value other than undefined from your query function. Affected query key: ["current-theme"]
Query data cannot be undefined. Please make sure to return a value other than undefined from your query function. Affected query key: ["themes"]
Query data cannot be undefined. Please make sure to return a value other than undefined from your query function. Affected query key: ["current-theme"]
Query data cannot be undefined. Please make sure to return a value other than undefined from your query function. Affected query key: ["themes"]
Query data cannot be undefined. Please make sure to return a value other than undefined from your query function. Affected query key: ["current-theme"]
Query data cannot be undefined. Please make sure to return a value other than undefined from your query function. Affected query key: ["themes"]
Query data cannot be undefined. Please make sure to return a value other than undefined from your query function. Affected query key: ["current-theme"]
Query data cannot be undefined. Please make sure to return a value other than undefined from your query function. Affected query key: ["themes"]
Query data cannot be undefined. Please make sure to return a value other than undefined from your query function. Affected query key: ["current-theme"]
Query data cannot be undefined. Please make sure to return a value other than undefined from your query function. Affected query key: ["themes"]
Query data cannot be undefined. Please make sure to return a value other than undefined from your query function. Affected query key: ["current-theme"]
Query data cannot be undefined. Please make sure to return a value other than undefined from your query function. Affected query key: ["themes"]
Query data cannot be undefined. Please make sure to return a value other than undefined from your query function. Affected query key: ["current-theme"]
Query data cannot be undefined. Please make sure to return a value other than undefined from your query function. Affected query key: ["themes"]
Query data cannot be undefined. Please make sure to return a value other than undefined from your query function. Affected query key: ["current-theme"]
Query data cannot be undefined. Please make sure to return a value other than undefined from your query function. Affected query key: ["themes"]
Query data cannot be undefined. Please make sure to return a value other than undefined from your query function. Affected query key: ["current-theme"]
Query data cannot be undefined. Please make sure to return a value other than undefined from your query function. Affected query key: ["themes"]
Query data cannot be undefined. Please make sure to return a value other than undefined from your query function. Affected query key: ["current-theme"]
Query data cannot be undefined. Please make sure to return a value other than undefined from your query function. Affected query key: ["themes"]
Query data cannot be undefined. Please make sure to return a value other than undefined from your query function. Affected query key: ["current-theme"]
Query data cannot be undefined. Please make sure to return a value other than undefined from your query function. Affected query key: ["themes"]
Query data cannot be undefined. Please make sure to return a value other than undefined from your query function. Affected query key: ["current-theme"]
Query data cannot be undefined. Please make sure to return a value other than undefined from your query function. Affected query key: ["themes"]
Query data cannot be undefined. Please make sure to return a value other than undefined from your query function. Affected query key: ["current-theme"]
Query data cannot be undefined. Please make sure to return a value other than undefined from your query function. Affected query key: ["themes"]
Query data cannot be undefined. Please make sure to return a value other than undefined from your query function. Affected query key: ["current-theme"]
Query data cannot be undefined. Please make sure to return a value other than undefined from your query function. Affected query key: ["themes"]
Query data cannot be undefined. Please make sure to return a value other than undefined from your query function. Affected query key: ["current-theme"]
Query data cannot be undefined. Please make sure to return a value other than undefined from your query function. Affected query key: ["themes"]
Query data cannot be undefined. Please make sure to return a value other than undefined from your query function. Affected query key: ["current-theme"]
Query data cannot be undefined. Please make sure to return a value other than undefined from your query function. Affected query key: ["themes"]
Query data cannot be undefined. Please make sure to return a value other than undefined from your query function. Affected query key: ["current-theme"]
Query data cannot be undefined. Please make sure to return a value other than undefined from your query function. Affected query key: ["themes"]
Query data cannot be undefined. Please make sure to return a value other than undefined from your query function. Affected query key: ["current-theme"]
Query data cannot be undefined. Please make sure to return a value other than undefined from your query function. Affected query key: ["themes"]
Query data cannot be undefined. Please make sure to return a value other than undefined from your query function. Affected query key: ["current-theme"]
Query data cannot be undefined. Please make sure to return a value other than undefined from your query function. Affected query key: ["themes"]
Query data cannot be undefined. Please make sure to return a value other than undefined from your query function. Affected query key: ["current-theme"]
Query data cannot be undefined. Please make sure to return a value other than undefined from your query function. Affected query key: ["themes"]
Query data cannot be undefined. Please make sure to return a value other than undefined from your query function. Affected query key: ["current-theme"]
Query data cannot be undefined. Please make sure to return a value other than undefined from your query function. Affected query key: ["themes"]
Query data cannot be undefined. Please make sure to return a value other than undefined from your query function. Affected query key: ["current-theme"]
Query data cannot be undefined. Please make sure to return a value other than undefined from your query function. Affected query key: ["themes"]
Query data cannot be undefined. Please make sure to return a value other than undefined from your query function. Affected query key: ["current-theme"]
Query data cannot be undefined. Please make sure to return a value other than undefined from your query function. Affected query key: ["themes"]
Query data cannot be undefined. Please make sure to return a value other than undefined from your query function. Affected query key: ["current-theme"]
Query data cannot be undefined. Please make sure to return a value other than undefined from your query function. Affected query key: ["themes"]
Query data cannot be undefined. Please make sure to return a value other than undefined from your query function. Affected query key: ["current-theme"]
Query data cannot be undefined. Please make sure to return a value other than undefined from your query function. Affected query key: ["themes"]
Query data cannot be undefined. Please make sure to return a value other than undefined from your query function. Affected query key: ["current-theme"]
Query data cannot be undefined. Please make sure to return a value other than undefined from your query function. Affected query key: ["themes"]
Query data cannot be undefined. Please make sure to return a value other than undefined from your query function. Affected query key: ["current-theme"]
Query data cannot be undefined. Please make sure to return a value other than undefined from your query function. Affected query key: ["themes"]
Query data cannot be undefined. Please make sure to return a value other than undefined from your query function. Affected query key: ["current-theme"]
Query data cannot be undefined. Please make sure to return a value other than undefined from your query function. Affected query key: ["themes"]
Query data cannot be undefined. Please make sure to return a value other than undefined from your query function. Affected query key: ["current-theme"]
Query data cannot be undefined. Please make sure to return a value other than undefined from your query function. Affected query key: ["themes"]
Query data cannot be undefined. Please make sure to return a value other than undefined from your query function. Affected query key: ["current-theme"]
Query data cannot be undefined. Please make sure to return a value other than undefined from your query function. Affected query key: ["themes"]
Query data cannot be undefined. Please make sure to return a value other than undefined from your query function. Affected query key: ["current-theme"]
Query data cannot be undefined. Please make sure to return a value other than undefined from your query function. Affected query key: ["themes"]
Query data cannot be undefined. Please make sure to return a value other than undefined from your query function. Affected query key: ["current-theme"]
Query data cannot be undefined. Please make sure to return a value other than undefined from your query function. Affected query key: ["themes"]
Query data cannot be undefined. Please make sure to return a value other than undefined from your query function. Affected query key: ["current-theme"]
Query data cannot be undefined. Please make sure to return a value other than undefined from your query function. Affected query key: ["themes"]
Query data cannot be undefined. Please make sure to return a value other than undefined from your query function. Affected query key: ["current-theme"]
Query data cannot be undefined. Please make sure to return a value other than undefined from your query function. Affected query key: ["themes"]
Query data cannot be undefined. Please make sure to return a value other than undefined from your query function. Affected query key: ["current-theme"]
Query data cannot be undefined. Please make sure to return a value other than undefined from your query function. Affected query key: ["themes"]
Query data cannot be undefined. Please make sure to return a value other than undefined from your query function. Affected query key: ["current-theme"]
Query data cannot be undefined. Please make sure to return a value other than undefined from your query function. Affected query key: ["themes"]
Query data cannot be undefined. Please make sure to return a value other than undefined from your query function. Affected query key: ["current-theme"]
Query data cannot be undefined. Please make sure to return a value other than undefined from your query function. Affected query key: ["themes"]
Query data cannot be undefined. Please make sure to return a value other than undefined from your query function. Affected query key: ["current-theme"]
Query data cannot be undefined. Please make sure to return a value other than undefined from your query function. Affected query key: ["themes"]
Query data cannot be undefined. Please make sure to return a value other than undefined from your query function. Affected query key: ["current-theme"]
Query data cannot be undefined. Please make sure to return a value other than undefined from your query function. Affected query key: ["themes"]
Query data cannot be undefined. Please make sure to return a value other than undefined from your query function. Affected query key: ["current-theme"]
Query data cannot be undefined. Please make sure to return a value other than undefined from your query function. Affected query key: ["themes"]
Query data cannot be undefined. Please make sure to return a value other than undefined from your query function. Affected query key: ["current-theme"]
Query data cannot be undefined. Please make sure to return a value other than undefined from your query function. Affected query key: ["themes"]
Query data cannot be undefined. Please make sure to return a value other than undefined from your query function. Affected query key: ["current-theme"]
Query data cannot be undefined. Please make sure to return a value other than undefined from your query function. Affected query key: ["themes"]
Query data cannot be undefined. Please make sure to return a value other than undefined from your query function. Affected query key: ["current-theme"]
Query data cannot be undefined. Please make sure to return a value other than undefined from your query function. Affected query key: ["themes"]
Query data cannot be undefined. Please make sure to return a value other than undefined from your query function. Affected query key: ["current-theme"]
Query data cannot be undefined. Please make sure to return a value other than undefined from your query function. Affected query key: ["themes"]
Query data cannot be undefined. Please make sure to return a value other than undefined from your query function. Affected query key: ["current-theme"]
Query data cannot be undefined. Please make sure to return a value other than undefined from your query function. Affected query key: ["themes"]
Query data cannot be undefined. Please make sure to return a value other than undefined from your query function. Affected query key: ["current-theme"]
Query data cannot be undefined. Please make sure to return a value other than undefined from your query function. Affected query key: ["themes"]
Query data cannot be undefined. Please make sure to return a value other than undefined from your query function. Affected query key: ["current-theme"]
Query data cannot be undefined. Please make sure to return a value other than undefined from your query function. Affected query key: ["themes"]
Query data cannot be undefined. Please make sure to return a value other than undefined from your query function. Affected query key: ["current-theme"]
Query data cannot be undefined. Please make sure to return a value other than undefined from your query function. Affected query key: ["themes"]
Query data cannot be undefined. Please make sure to return a value other than undefined from your query function. Affected query key: ["current-theme"]
Query data cannot be undefined. Please make sure to return a value other than undefined from your query function. Affected query key: ["themes"]
Query data cannot be undefined. Please make sure to return a value other than undefined from your query function. Affected query key: ["current-theme"]
Query data cannot be undefined. Please make sure to return a value other than undefined from your query function. Affected query key: ["themes"]
Query data cannot be undefined. Please make sure to return a value other than undefined from your query function. Affected query key: ["current-theme"]
Query data cannot be undefined. Please make sure to return a value other than undefined from your query function. Affected query key: ["themes"]
Query data cannot be undefined. Please make sure to return a value other than undefined from your query function. Affected query key: ["current-theme"]
Query data cannot be undefined. Please make sure to return a value other than undefined from your query function. Affected query key: ["themes"]
Query data cannot be undefined. Please make sure to return a value other than undefined from your query function. Affected query key: ["current-theme"]
Query data cannot be undefined. Please make sure to return a value other than undefined from your query function. Affected query key: ["themes"]
Query data cannot be undefined. Please make sure to return a value other than undefined from your query function. Affected query key: ["current-theme"]
Query data cannot be undefined. Please make sure to return a value other than undefined from your query function. Affected query key: ["themes"]
Query data cannot be undefined. Please make sure to return a value other than undefined from your query function. Affected query key: ["current-theme"]
Query data cannot be undefined. Please make sure to return a value other than undefined from your query function. Affected query key: ["themes"]
Query data cannot be undefined. Please make sure to return a value other than undefined from your query function. Affected query key: ["current-theme"]
Query data cannot be undefined. Please make sure to return a value other than undefined from your query function. Affected query key: ["themes"]
Query data cannot be undefined. Please make sure to return a value other than undefined from your query function. Affected query key: ["current-theme"]
Query data cannot be undefined. Please make sure to return a value other than undefined from your query function. Affected query key: ["themes"]
Query data cannot be undefined. Please make sure to return a value other than undefined from your query function. Affected query key: ["current-theme"]
Query data cannot be undefined. Please make sure to return a value other than undefined from your query function. Affected query key: ["themes"]
Query data cannot be undefined. Please make sure to return a value other than undefined from your query function. Affected query key: ["current-theme"]
Query data cannot be undefined. Please make sure to return a value other than undefined from your query function. Affected query key: ["themes"]
Query data cannot be undefined. Please make sure to return a value other than undefined from your query function. Affected query key: ["current-theme"]
Query data cannot be undefined. Please make sure to return a value other than undefined from your query function. Affected query key: ["themes"]
Query data cannot be undefined. Please make sure to return a value other than undefined from your query function. Affected query key: ["current-theme"]
Query data cannot be undefined. Please make sure to return a value other than undefined from your query function. Affected query key: ["themes"]
Query data cannot be undefined. Please make sure to return a value other than undefined from your query function. Affected query key: ["current-theme"]
Query data cannot be undefined. Please make sure to return a value other than undefined from your query function. Affected query key: ["themes"]
Query data cannot be undefined. Please make sure to return a value other than undefined from your query function. Affected query key: ["current-theme"]
Query data cannot be undefined. Please make sure to return a value other than undefined from your query function. Affected query key: ["themes"]
Query data cannot be undefined. Please make sure to return a value other than undefined from your query function. Affected query key: ["current-theme"]
Query data cannot be undefined. Please make sure to return a value other than undefined from your query function. Affected query key: ["themes"]
Query data cannot be undefined. Please make sure to return a value other than undefined from your query function. Affected query key: ["current-theme"]
Query data cannot be undefined. Please make sure to return a value other than undefined from your query function. Affected query key: ["themes"]
Query data cannot be undefined. Please make sure to return a value other than undefined from your query function. Affected query key: ["current-theme"]
Query data cannot be undefined. Please make sure to return a value other than undefined from your query function. Affected query key: ["themes"]
Query data cannot be undefined. Please make sure to return a value other than undefined from your query function. Affected query key: ["current-theme"]
Query data cannot be undefined. Please make sure to return a value other than undefined from your query function. Affected query key: ["themes"]
Query data cannot be undefined. Please make sure to return a value other than undefined from your query function. Affected query key: ["current-theme"]
Query data cannot be undefined. Please make sure to return a value other than undefined from your query function. Affected query key: ["themes"]
Query data cannot be undefined. Please make sure to return a value other than undefined from your query function. Affected query key: ["current-theme"]
Query data cannot be undefined. Please make sure to return a value other than undefined from your query function. Affected query key: ["themes"]
Query data cannot be undefined. Please make sure to return a value other than undefined from your query function. Affected query key: ["current-theme"]
Query data cannot be undefined. Please make sure to return a value other than undefined from your query function. Affected query key: ["themes"]
Query data cannot be undefined. Please make sure to return a value other than undefined from your query function. Affected query key: ["current-theme"]
Query data cannot be undefined. Please make sure to return a value other than undefined from your query function. Affected query key: ["themes"]
Query data cannot be undefined. Please make sure to return a value other than undefined from your query function. Affected query key: ["current-theme"]
Query data cannot be undefined. Please make sure to return a value other than undefined from your query function. Affected query key: ["themes"]
Query data cannot be undefined. Please make sure to return a value other than undefined from your query function. Affected query key: ["current-theme"]
Query data cannot be undefined. Please make sure to return a value other than undefined from your query function. Affected query key: ["themes"]
Query data cannot be undefined. Please make sure to return a value other than undefined from your query function. Affected query key: ["current-theme"]
Query data cannot be undefined. Please make sure to return a value other than undefined from your query function. Affected query key: ["themes"]
Query data cannot be undefined. Please make sure to return a value other than undefined from your query function. Affected query key: ["current-theme"]
Query data cannot be undefined. Please make sure to return a value other than undefined from your query function. Affected query key: ["themes"]
Query data cannot be undefined. Please make sure to return a value other than undefined from your query function. Affected query key: ["current-theme"]
Query data cannot be undefined. Please make sure to return a value other than undefined from your query function. Affected query key: ["themes"]
Query data cannot be undefined. Please make sure to return a value other than undefined from your query function. Affected query key: ["current-theme"]
Query data cannot be undefined. Please make sure to return a value other than undefined from your query function. Affected query key: ["themes"]
Query data cannot be undefined. Please make sure to return a value other than undefined from your query function. Affected query key: ["current-theme"]
Query data cannot be undefined. Please make sure to return a value other than undefined from your query function. Affected query key: ["themes"]
Query data cannot be undefined. Please make sure to return a value other than undefined from your query function. Affected query key: ["current-theme"]
Query data cannot be undefined. Please make sure to return a value other than undefined from your query function. Affected query key: ["themes"]
Query data cannot be undefined. Please make sure to return a value other than undefined from your query function. Affected query key: ["current-theme"]
Query data cannot be undefined. Please make sure to return a value other than undefined from your query function. Affected query key: ["themes"]
Query data cannot be undefined. Please make sure to return a value other than undefined from your query function. Affected query key: ["current-theme"]
Query data cannot be undefined. Please make sure to return a value other than undefined from your query function. Affected query key: ["themes"]
Query data cannot be undefined. Please make sure to return a value other than undefined from your query function. Affected query key: ["current-theme"]
Query data cannot be undefined. Please make sure to return a value other than undefined from your query function. Affected query key: ["themes"]
Query data cannot be undefined. Please make sure to return a value other than undefined from your query function. Affected query key: ["current-theme"]
Query data cannot be undefined. Please make sure to return a value other than undefined from your query function. Affected query key: ["themes"]
Query data cannot be undefined. Please make sure to return a value other than undefined from your query function. Affected query key: ["current-theme"]
Query data cannot be undefined. Please make sure to return a value other than undefined from your query function. Affected query key: ["themes"]
Query data cannot be undefined. Please make sure to return a value other than undefined from your query function. Affected query key: ["current-theme"]
Query data cannot be undefined. Please make sure to return a value other than undefined from your query function. Affected query key: ["themes"]
Query data cannot be undefined. Please make sure to return a value other than undefined from your query function. Affected query key: ["current-theme"]
Query data cannot be undefined. Please make sure to return a value other than undefined from your query function. Affected query key: ["themes"]
Query data cannot be undefined. Please make sure to return a value other than undefined from your query function. Affected query key: ["current-theme"]
Query data cannot be undefined. Please make sure to return a value other than undefined from your query function. Affected query key: ["themes"]
Query data cannot be undefined. Please make sure to return a value other than undefined from your query function. Affected query key: ["current-theme"]
Query data cannot be undefined. Please make sure to return a value other than undefined from your query function. Affected query key: ["themes"]
Query data cannot be undefined. Please make sure to return a value other than undefined from your query function. Affected query key: ["current-theme"]
Query data cannot be undefined. Please make sure to return a value other than undefined from your query function. Affected query key: ["themes"]
Query data cannot be undefined. Please make sure to return a value other than undefined from your query function. Affected query key: ["current-theme"]
Query data cannot be undefined. Please make sure to return a value other than undefined from your query function. Affected query key: ["themes"]
Query data cannot be undefined. Please make sure to return a value other than undefined from your query function. Affected query key: ["current-theme"]
Query data cannot be undefined. Please make sure to return a value other than undefined from your query function. Affected query key: ["themes"]
Query data cannot be undefined. Please make sure to return a value other than undefined from your query function. Affected query key: ["current-theme"]
Query data cannot be undefined. Please make sure to return a value other than undefined from your query function. Affected query key: ["themes"]
Query data cannot be undefined. Please make sure to return a value other than undefined from your query function. Affected query key: ["current-theme"]
Query data cannot be undefined. Please make sure to return a value other than undefined from your query function. Affected query key: ["themes"]
Query data cannot be undefined. Please make sure to return a value other than undefined from your query function. Affected query key: ["current-theme"]
Query data cannot be undefined. Please make sure to return a value other than undefined from your query function. Affected query key: ["themes"]
Query data cannot be undefined. Please make sure to return a value other than undefined from your query function. Affected query key: ["current-theme"]
Query data cannot be undefined. Please make sure to return a value other than undefined from your query function. Affected query key: ["themes"]
Query data cannot be undefined. Please make sure to return a value other than undefined from your query function. Affected query key: ["current-theme"]
Query data cannot be undefined. Please make sure to return a value other than undefined from your query function. Affected query key: ["themes"]
Query data cannot be undefined. Please make sure to return a value other than undefined from your query function. Affected query key: ["current-theme"]
Query data cannot be undefined. Please make sure to return a value other than undefined from your query function. Affected query key: ["themes"]
Query data cannot be undefined. Please make sure to return a value other than undefined from your query function. Affected query key: ["current-theme"]
Query data cannot be undefined. Please make sure to return a value other than undefined from your query function. Affected query key: ["themes"]
Query data cannot be undefined. Please make sure to return a value other than undefined from your query function. Affected query key: ["current-theme"]
Query data cannot be undefined. Please make sure to return a value other than undefined from your query function. Affected query key: ["themes"]
Query data cannot be undefined. Please make sure to return a value other than undefined from your query function. Affected query key: ["current-theme"]
Query data cannot be undefined. Please make sure to return a value other than undefined from your query function. Affected query key: ["themes"]
Query data cannot be undefined. Please make sure to return a value other than undefined from your query function. Affected query key: ["current-theme"]
Query data cannot be undefined. Please make sure to return a value other than undefined from your query function. Affected query key: ["themes"]
Query data cannot be undefined. Please make sure to return a value other than undefined from your query function. Affected query key: ["current-theme"]
Query data cannot be undefined. Please make sure to return a value other than undefined from your query function. Affected query key: ["themes"]
Query data cannot be undefined. Please make sure to return a value other than undefined from your query function. Affected query key: ["current-theme"]
Query data cannot be undefined. Please make sure to return a value other than undefined from your query function. Affected query key: ["themes"]
Query data cannot be undefined. Please make sure to return a value other than undefined from your query function. Affected query key: ["current-theme"]
Query data cannot be undefined. Please make sure to return a value other than undefined from your query function. Affected query key: ["themes"]
Query data cannot be undefined. Please make sure to return a value other than undefined from your query function. Affected query key: ["current-theme"]

stderr | src/__tests__/AppTitle.test.jsx > App Title > fetches app title from config
Query data cannot be undefined. Please make sure to return a value other than undefined from your query function. Affected query key: ["current-theme"]

stderr | src/__tests__/AppTitle.test.jsx > App Title > fetches app title from config
Query data cannot be undefined. Please make sure to return a value other than undefined from your query function. Affected query key: ["themes"]
Query data cannot be undefined. Please make sure to return a value other than undefined from your query function. Affected query key: ["current-theme"]
Query data cannot be undefined. Please make sure to return a value other than undefined from your query function. Affected query key: ["themes"]
Query data cannot be undefined. Please make sure to return a value other than undefined from your query function. Affected query key: ["current-theme"]

stderr | src/__tests__/AppTitle.test.jsx > App Title > shows title edit field in settings
Query data cannot be undefined. Please make sure to return a value other than undefined from your query function. Affected query key: ["current-theme"]

stderr | src/__tests__/App.test.jsx > App > falls back to the default theme when loading the saved theme fails
Query data cannot be undefined. Please make sure to return a value other than undefined from your query function. Affected query key: ["themes"]
Query data cannot be undefined. Please make sure to return a value other than undefined from your query function. Affected query key: ["themes"]
Query data cannot be undefined. Please make sure to return a value other than undefined from your query function. Affected query key: ["themes"]
Query data cannot be undefined. Please make sure to return a value other than undefined from your query function. Affected query key: ["themes"]
Query data cannot be undefined. Please make sure to return a value other than undefined from your query function. Affected query key: ["themes"]
Query data cannot be undefined. Please make sure to return a value other than undefined from your query function. Affected query key: ["themes"]
Query data cannot be undefined. Please make sure to return a value other than undefined from your query function. Affected query key: ["themes"]
Query data cannot be undefined. Please make sure to return a value other than undefined from your query function. Affected query key: ["themes"]
Query data cannot be undefined. Please make sure to return a value other than undefined from your query function. Affected query key: ["themes"]
Query data cannot be undefined. Please make sure to return a value other than undefined from your query function. Affected query key: ["themes"]
Query data cannot be undefined. Please make sure to return a value other than undefined from your query function. Affected query key: ["themes"]
Query data cannot be undefined. Please make sure to return a value other than undefined from your query function. Affected query key: ["themes"]
Query data cannot be undefined. Please make sure to return a value other than undefined from your query function. Affected query key: ["themes"]
Query data cannot be undefined. Please make sure to return a value other than undefined from your query function. Affected query key: ["themes"]
Query data cannot be undefined. Please make sure to return a value other than undefined from your query function. Affected query key: ["themes"]
Query data cannot be undefined. Please make sure to return a value other than undefined from your query function. Affected query key: ["themes"]
Query data cannot be undefined. Please make sure to return a value other than undefined from your query function. Affected query key: ["themes"]
Query data cannot be undefined. Please make sure to return a value other than undefined from your query function. Affected query key: ["themes"]
Query data cannot be undefined. Please make sure to return a value other than undefined from your query function. Affected query key: ["themes"]
Query data cannot be undefined. Please make sure to return a value other than undefined from your query function. Affected query key: ["themes"]
Query data cannot be undefined. Please make sure to return a value other than undefined from your query function. Affected query key: ["themes"]
Query data cannot be undefined. Please make sure to return a value other than undefined from your query function. Affected query key: ["themes"]
Query data cannot be undefined. Please make sure to return a value other than undefined from your query function. Affected query key: ["themes"]
Query data cannot be undefined. Please make sure to return a value other than undefined from your query function. Affected query key: ["themes"]
Query data cannot be undefined. Please make sure to return a value other than undefined from your query function. Affected query key: ["themes"]
Query data cannot be undefined. Please make sure to return a value other than undefined from your query function. Affected query key: ["themes"]
Query data cannot be undefined. Please make sure to return a value other than undefined from your query function. Affected query key: ["themes"]
Query data cannot be undefined. Please make sure to return a value other than undefined from your query function. Affected query key: ["themes"]
Query data cannot be undefined. Please make sure to return a value other than undefined from your query function. Affected query key: ["themes"]
Query data cannot be undefined. Please make sure to return a value other than undefined from your query function. Affected query key: ["themes"]
Query data cannot be undefined. Please make sure to return a value other than undefined from your query function. Affected query key: ["themes"]
Query data cannot be undefined. Please make sure to return a value other than undefined from your query function. Affected query key: ["themes"]
Query data cannot be undefined. Please make sure to return a value other than undefined from your query function. Affected query key: ["themes"]
Query data cannot be undefined. Please make sure to return a value other than undefined from your query function. Affected query key: ["themes"]
Query data cannot be undefined. Please make sure to return a value other than undefined from your query function. Affected query key: ["themes"]
Query data cannot be undefined. Please make sure to return a value other than undefined from your query function. Affected query key: ["themes"]
Query data cannot be undefined. Please make sure to return a value other than undefined from your query function. Affected query key: ["themes"]
Query data cannot be undefined. Please make sure to return a value other than undefined from your query function. Affected query key: ["themes"]
Query data cannot be undefined. Please make sure to return a value other than undefined from your query function. Affected query key: ["themes"]
Query data cannot be undefined. Please make sure to return a value other than undefined from your query function. Affected query key: ["themes"]
Query data cannot be undefined. Please make sure to return a value other than undefined from your query function. Affected query key: ["themes"]
Query data cannot be undefined. Please make sure to return a value other than undefined from your query function. Affected query key: ["themes"]
Query data cannot be undefined. Please make sure to return a value other than undefined from your query function. Affected query key: ["themes"]
Query data cannot be undefined. Please make sure to return a value other than undefined from your query function. Affected query key: ["themes"]
Query data cannot be undefined. Please make sure to return a value other than undefined from your query function. Affected query key: ["themes"]
Query data cannot be undefined. Please make sure to return a value other than undefined from your query function. Affected query key: ["themes"]
Query data cannot be undefined. Please make sure to return a value other than undefined from your query function. Affected query key: ["themes"]
Query data cannot be undefined. Please make sure to return a value other than undefined from your query function. Affected query key: ["themes"]
Query data cannot be undefined. Please make sure to return a value other than undefined from your query function. Affected query key: ["themes"]
Query data cannot be undefined. Please make sure to return a value other than undefined from your query function. Affected query key: ["themes"]
Query data cannot be undefined. Please make sure to return a value other than undefined from your query function. Affected query key: ["themes"]
Query data cannot be undefined. Please make sure to return a value other than undefined from your query function. Affected query key: ["themes"]
Query data cannot be undefined. Please make sure to return a value other than undefined from your query function. Affected query key: ["themes"]
Query data cannot be undefined. Please make sure to return a value other than undefined from your query function. Affected query key: ["themes"]
Query data cannot be undefined. Please make sure to return a value other than undefined from your query function. Affected query key: ["themes"]
Query data cannot be undefined. Please make sure to return a value other than undefined from your query function. Affected query key: ["themes"]
Query data cannot be undefined. Please make sure to return a value other than undefined from your query function. Affected query key: ["themes"]
Query data cannot be undefined. Please make sure to return a value other than undefined from your query function. Affected query key: ["themes"]
Query data cannot be undefined. Please make sure to return a value other than undefined from your query function. Affected query key: ["themes"]
Query data cannot be undefined. Please make sure to return a value other than undefined from your query function. Affected query key: ["themes"]
Query data cannot be undefined. Please make sure to return a value other than undefined from your query function. Affected query key: ["themes"]
Query data cannot be undefined. Please make sure to return a value other than undefined from your query function. Affected query key: ["themes"]
Query data cannot be undefined. Please make sure to return a value other than undefined from your query function. Affected query key: ["themes"]
Query data cannot be undefined. Please make sure to return a value other than undefined from your query function. Affected query key: ["themes"]
Query data cannot be undefined. Please make sure to return a value other than undefined from your query function. Affected query key: ["themes"]
Query data cannot be undefined. Please make sure to return a value other than undefined from your query function. Affected query key: ["themes"]
Query data cannot be undefined. Please make sure to return a value other than undefined from your query function. Affected query key: ["themes"]
Query data cannot be undefined. Please make sure to return a value other than undefined from your query function. Affected query key: ["themes"]
Query data cannot be undefined. Please make sure to return a value other than undefined from your query function. Affected query key: ["themes"]
Query data cannot be undefined. Please make sure to return a value other than undefined from your query function. Affected query key: ["themes"]
Query data cannot be undefined. Please make sure to return a value other than undefined from your query function. Affected query key: ["themes"]
Query data cannot be undefined. Please make sure to return a value other than undefined from your query function. Affected query key: ["themes"]
Query data cannot be undefined. Please make sure to return a value other than undefined from your query function. Affected query key: ["themes"]
Query data cannot be undefined. Please make sure to return a value other than undefined from your query function. Affected query key: ["themes"]
Query data cannot be undefined. Please make sure to return a value other than undefined from your query function. Affected query key: ["themes"]
Query data cannot be undefined. Please make sure to return a value other than undefined from your query function. Affected query key: ["themes"]
Query data cannot be undefined. Please make sure to return a value other than undefined from your query function. Affected query key: ["themes"]
Query data cannot be undefined. Please make sure to return a value other than undefined from your query function. Affected query key: ["themes"]
Query data cannot be undefined. Please make sure to return a value other than undefined from your query function. Affected query key: ["themes"]
Query data cannot be undefined. Please make sure to return a value other than undefined from your query function. Affected query key: ["themes"]
Query data cannot be undefined. Please make sure to return a value other than undefined from your query function. Affected query key: ["themes"]
Query data cannot be undefined. Please make sure to return a value other than undefined from your query function. Affected query key: ["themes"]
Query data cannot be undefined. Please make sure to return a value other than undefined from your query function. Affected query key: ["themes"]
Query data cannot be undefined. Please make sure to return a value other than undefined from your query function. Affected query key: ["themes"]
Query data cannot be undefined. Please make sure to return a value other than undefined from your query function. Affected query key: ["themes"]
Query data cannot be undefined. Please make sure to return a value other than undefined from your query function. Affected query key: ["themes"]
Query data cannot be undefined. Please make sure to return a value other than undefined from your query function. Affected query key: ["themes"]
Query data cannot be undefined. Please make sure to return a value other than undefined from your query function. Affected query key: ["themes"]
Query data cannot be undefined. Please make sure to return a value other than undefined from your query function. Affected query key: ["themes"]
Query data cannot be undefined. Please make sure to return a value other than undefined from your query function. Affected query key: ["themes"]
Query data cannot be undefined. Please make sure to return a value other than undefined from your query function. Affected query key: ["themes"]
Query data cannot be undefined. Please make sure to return a value other than undefined from your query function. Affected query key: ["themes"]
Query data cannot be undefined. Please make sure to return a value other than undefined from your query function. Affected query key: ["themes"]
Query data cannot be undefined. Please make sure to return a value other than undefined from your query function. Affected query key: ["themes"]
Query data cannot be undefined. Please make sure to return a value other than undefined from your query function. Affected query key: ["themes"]
Query data cannot be undefined. Please make sure to return a value other than undefined from your query function. Affected query key: ["themes"]
Query data cannot be undefined. Please make sure to return a value other than undefined from your query function. Affected query key: ["themes"]
Query data cannot be undefined. Please make sure to return a value other than undefined from your query function. Affected query key: ["themes"]
Query data cannot be undefined. Please make sure to return a value other than undefined from your query function. Affected query key: ["themes"]
Query data cannot be undefined. Please make sure to return a value other than undefined from your query function. Affected query key: ["themes"]
Query data cannot be undefined. Please make sure to return a value other than undefined from your query function. Affected query key: ["themes"]
Query data cannot be undefined. Please make sure to return a value other than undefined from your query function. Affected query key: ["themes"]
Query data cannot be undefined. Please make sure to return a value other than undefined from your query function. Affected query key: ["themes"]
Query data cannot be undefined. Please make sure to return a value other than undefined from your query function. Affected query key: ["themes"]
Query data cannot be undefined. Please make sure to return a value other than undefined from your query function. Affected query key: ["themes"]
Query data cannot be undefined. Please make sure to return a value other than undefined from your query function. Affected query key: ["themes"]
Query data cannot be undefined. Please make sure to return a value other than undefined from your query function. Affected query key: ["themes"]
Query data cannot be undefined. Please make sure to return a value other than undefined from your query function. Affected query key: ["themes"]
Query data cannot be undefined. Please make sure to return a value other than undefined from your query function. Affected query key: ["themes"]
Query data cannot be undefined. Please make sure to return a value other than undefined from your query function. Affected query key: ["themes"]
Query data cannot be undefined. Please make sure to return a value other than undefined from your query function. Affected query key: ["themes"]
Query data cannot be undefined. Please make sure to return a value other than undefined from your query function. Affected query key: ["themes"]
Query data cannot be undefined. Please make sure to return a value other than undefined from your query function. Affected query key: ["themes"]
Query data cannot be undefined. Please make sure to return a value other than undefined from your query function. Affected query key: ["themes"]
Query data cannot be undefined. Please make sure to return a value other than undefined from your query function. Affected query key: ["themes"]
Query data cannot be undefined. Please make sure to return a value other than undefined from your query function. Affected query key: ["themes"]
Query data cannot be undefined. Please make sure to return a value other than undefined from your query function. Affected query key: ["themes"]
Query data cannot be undefined. Please make sure to return a value other than undefined from your query function. Affected query key: ["themes"]
Query data cannot be undefined. Please make sure to return a value other than undefined from your query function. Affected query key: ["themes"]
Query data cannot be undefined. Please make sure to return a value other than undefined from your query function. Affected query key: ["themes"]
Query data cannot be undefined. Please make sure to return a value other than undefined from your query function. Affected query key: ["themes"]
Query data cannot be undefined. Please make sure to return a value other than undefined from your query function. Affected query key: ["themes"]
Query data cannot be undefined. Please make sure to return a value other than undefined from your query function. Affected query key: ["themes"]
Query data cannot be undefined. Please make sure to return a value other than undefined from your query function. Affected query key: ["themes"]
Query data cannot be undefined. Please make sure to return a value other than undefined from your query function. Affected query key: ["themes"]
Query data cannot be undefined. Please make sure to return a value other than undefined from your query function. Affected query key: ["themes"]
Query data cannot be undefined. Please make sure to return a value other than undefined from your query function. Affected query key: ["themes"]
Query data cannot be undefined. Please make sure to return a value other than undefined from your query function. Affected query key: ["themes"]
Query data cannot be undefined. Please make sure to return a value other than undefined from your query function. Affected query key: ["themes"]
Query data cannot be undefined. Please make sure to return a value other than undefined from your query function. Affected query key: ["themes"]
Query data cannot be undefined. Please make sure to return a value other than undefined from your query function. Affected query key: ["themes"]
Query data cannot be undefined. Please make sure to return a value other than undefined from your query function. Affected query key: ["themes"]
Query data cannot be undefined. Please make sure to return a value other than undefined from your query function. Affected query key: ["themes"]
Query data cannot be undefined. Please make sure to return a value other than undefined from your query function. Affected query key: ["themes"]
Query data cannot be undefined. Please make sure to return a value other than undefined from your query function. Affected query key: ["themes"]
Query data cannot be undefined. Please make sure to return a value other than undefined from your query function. Affected query key: ["themes"]
Query data cannot be undefined. Please make sure to return a value other than undefined from your query function. Affected query key: ["themes"]
Query data cannot be undefined. Please make sure to return a value other than undefined from your query function. Affected query key: ["themes"]
Query data cannot be undefined. Please make sure to return a value other than undefined from your query function. Affected query key: ["themes"]
Query data cannot be undefined. Please make sure to return a value other than undefined from your query function. Affected query key: ["themes"]
Query data cannot be undefined. Please make sure to return a value other than undefined from your query function. Affected query key: ["themes"]
Query data cannot be undefined. Please make sure to return a value other than undefined from your query function. Affected query key: ["themes"]
Query data cannot be undefined. Please make sure to return a value other than undefined from your query function. Affected query key: ["themes"]
Query data cannot be undefined. Please make sure to return a value other than undefined from your query function. Affected query key: ["themes"]
Query data cannot be undefined. Please make sure to return a value other than undefined from your query function. Affected query key: ["themes"]
Query data cannot be undefined. Please make sure to return a value other than undefined from your query function. Affected query key: ["themes"]
Query data cannot be undefined. Please make sure to return a value other than undefined from your query function. Affected query key: ["themes"]
Query data cannot be undefined. Please make sure to return a value other than undefined from your query function. Affected query key: ["themes"]
Query data cannot be undefined. Please make sure to return a value other than undefined from your query function. Affected query key: ["themes"]
Query data cannot be undefined. Please make sure to return a value other than undefined from your query function. Affected query key: ["themes"]
Query data cannot be undefined. Please make sure to return a value other than undefined from your query function. Affected query key: ["themes"]
Query data cannot be undefined. Please make sure to return a value other than undefined from your query function. Affected query key: ["themes"]
Query data cannot be undefined. Please make sure to return a value other than undefined from your query function. Affected query key: ["themes"]
Query data cannot be undefined. Please make sure to return a value other than undefined from your query function. Affected query key: ["themes"]
Query data cannot be undefined. Please make sure to return a value other than undefined from your query function. Affected query key: ["themes"]
Query data cannot be undefined. Please make sure to return a value other than undefined from your query function. Affected query key: ["themes"]
Query data cannot be undefined. Please make sure to return a value other than undefined from your query function. Affected query key: ["themes"]
Query data cannot be undefined. Please make sure to return a value other than undefined from your query function. Affected query key: ["themes"]
Query data cannot be undefined. Please make sure to return a value other than undefined from your query function. Affected query key: ["themes"]
Query data cannot be undefined. Please make sure to return a value other than undefined from your query function. Affected query key: ["themes"]
Query data cannot be undefined. Please make sure to return a value other than undefined from your query function. Affected query key: ["themes"]
Query data cannot be undefined. Please make sure to return a value other than undefined from your query function. Affected query key: ["themes"]
Query data cannot be undefined. Please make sure to return a value other than undefined from your query function. Affected query key: ["themes"]
Query data cannot be undefined. Please make sure to return a value other than undefined from your query function. Affected query key: ["themes"]
Query data cannot be undefined. Please make sure to return a value other than undefined from your query function. Affected query key: ["themes"]
Query data cannot be undefined. Please make sure to return a value other than undefined from your query function. Affected query key: ["themes"]
Query data cannot be undefined. Please make sure to return a value other than undefined from your query function. Affected query key: ["themes"]
Query data cannot be undefined. Please make sure to return a value other than undefined from your query function. Affected query key: ["themes"]
Query data cannot be undefined. Please make sure to return a value other than undefined from your query function. Affected query key: ["themes"]
Query data cannot be undefined. Please make sure to return a value other than undefined from your query function. Affected query key: ["themes"]
Query data cannot be undefined. Please make sure to return a value other than undefined from your query function. Affected query key: ["themes"]
Query data cannot be undefined. Please make sure to return a value other than undefined from your query function. Affected query key: ["themes"]
Query data cannot be undefined. Please make sure to return a value other than undefined from your query function. Affected query key: ["themes"]
Query data cannot be undefined. Please make sure to return a value other than undefined from your query function. Affected query key: ["themes"]
Query data cannot be undefined. Please make sure to return a value other than undefined from your query function. Affected query key: ["themes"]
Query data cannot be undefined. Please make sure to return a value other than undefined from your query function. Affected query key: ["themes"]
Query data cannot be undefined. Please make sure to return a value other than undefined from your query function. Affected query key: ["themes"]
Query data cannot be undefined. Please make sure to return a value other than undefined from your query function. Affected query key: ["themes"]
Query data cannot be undefined. Please make sure to return a value other than undefined from your query function. Affected query key: ["themes"]
Query data cannot be undefined. Please make sure to return a value other than undefined from your query function. Affected query key: ["themes"]
Query data cannot be undefined. Please make sure to return a value other than undefined from your query function. Affected query key: ["themes"]

stderr | src/__tests__/App.test.jsx > App > renders the app title
Query data cannot be undefined. Please make sure to return a value other than undefined from your query function. Affected query key: ["themes"]

stderr | src/__tests__/App.test.jsx > App > renders left sidebar with main navigation sections
Query data cannot be undefined. Please make sure to return a value other than undefined from your query function. Affected query key: ["themes"]

stderr | src/__tests__/App.test.jsx > App > renders navigation icons using svg icons
Query data cannot be undefined. Please make sure to return a value other than undefined from your query function. Affected query key: ["themes"]

stderr | src/__tests__/App.test.jsx > App > shows Dashboard page by default
Query data cannot be undefined. Please make sure to return a value other than undefined from your query function. Affected query key: ["themes"]

stderr | src/__tests__/App.test.jsx > App > navigates to Chores page when clicked
Query data cannot be undefined. Please make sure to return a value other than undefined from your query function. Affected query key: ["themes"]

stderr | src/__tests__/App.test.jsx > App > navigates to Users page when clicked
Query data cannot be undefined. Please make sure to return a value other than undefined from your query function. Affected query key: ["themes"]

stderr | src/__tests__/App.test.jsx > App > renders the user detail route directly
Query data cannot be undefined. Please make sure to return a value other than undefined from your query function. Affected query key: ["themes"]

stderr | src/__tests__/App.test.jsx > App > navigates to Log page when clicked
Query data cannot be undefined. Please make sure to return a value other than undefined from your query function. Affected query key: ["themes"]

stderr | src/__tests__/App.test.jsx > App > navigates to Settings page via user avatar menu
Query data cannot be undefined. Please make sure to return a value other than undefined from your query function. Affected query key: ["themes"]

stderr | src/__tests__/App.test.jsx > App > toggles sidebar collapse state
Query data cannot be undefined. Please make sure to return a value other than undefined from your query function. Affected query key: ["themes"]

stderr | src/__tests__/App.test.jsx > App > hides labels and shows only icons when sidebar is closed
Query data cannot be undefined. Please make sure to return a value other than undefined from your query function. Affected query key: ["themes"]

stderr | src/__tests__/App.test.jsx > App > maintains sidebar state while navigating pages
Query data cannot be undefined. Please make sure to return a value other than undefined from your query function. Affected query key: ["themes"]

stderr | src/__tests__/App.test.jsx > App > shows logged-in user icon at bottom of sidebar
Query data cannot be undefined. Please make sure to return a value other than undefined from your query function. Affected query key: ["themes"]

stderr | src/__tests__/App.test.jsx > App > allows clicking user icon to open menu
Query data cannot be undefined. Please make sure to return a value other than undefined from your query function. Affected query key: ["themes"]

 ❯ src/__tests__/App.test.jsx  (16 tests | 2 failed) 2879ms
   ❯ src/__tests__/App.test.jsx > App > falls back to the default theme when loading the saved theme fails
     → Unable to find an element with the text: Board. This could be because the text is broken up by multiple elements. In this case, you can provide a function for your text matcher to make your matcher more flexible.

Ignored nodes: comments, script, style
[36m<body>[39m
  [36m<div>[39m
    [36m<div[39m
      [33mclass[39m=[32m"app-loading"[39m
    [36m>[39m
      [0mLoading...[0m
    [36m</div>[39m
  [36m</div>[39m
[36m</body>[39m

Ignored nodes: comments, script, style
[36m<html[39m
  [33mstyle[39m=[32m"--bg: #080c14; --surface: #16202e; --surface2: #1e2d40; --accent: #73B1DD; --success: #3db87a; --warning: #e8a930; --danger: #e05c6a; --text: #dce8f5; --text-muted: #7899b8;"[39m
[36m>[39m
  [36m<head>[39m
    [36m<meta[39m
      [33mcontent[39m=[32m""[39m
      [33mname[39m=[32m"emotion-insertion-point"[39m
    [36m/>[39m
  [36m</head>[39m
  [36m<body>[39m
    [36m<div>[39m
      [36m<div[39m
        [33mclass[39m=[32m"app-loading"[39m
      [36m>[39m
        [0mLoading...[0m
      [36m</div>[39m
    [36m</div>[39m
  [36m</body>[39m
[36m</html>[39m
   ❯ src/__tests__/App.test.jsx > App > navigates to Settings page via user avatar menu
     → Found multiple elements with the role "button" and name `/user menu/i`

Here are the matching elements:

Ignored nodes: comments, script, style
[36m<button[39m
  [33maria-label[39m=[32m"Alice user menu"[39m
  [33mclass[39m=[32m"user-avatar-btn"[39m
[36m>[39m
  [36m<div[39m
    [33mclass[39m=[32m"user-avatar"[39m
    [33mstyle[39m=[32m"background-color: rgb(59, 110, 160);"[39m
  [36m>[39m
    [0mA[0m
  [36m</div>[39m
  [36m<span[39m
    [33mclass[39m=[32m"user-name"[39m
  [36m>[39m
    [0mAlice[0m
  [36m</span>[39m
[36m</button>[39m

Ignored nodes: comments, script, style
[36m<button[39m
  [33maria-label[39m=[32m"Alice user menu"[39m
  [33mclass[39m=[32m"user-avatar-btn"[39m
[36m>[39m
  [36m<div[39m
    [33mclass[39m=[32m"user-avatar"[39m
    [33mstyle[39m=[32m"background-color: rgb(59, 110, 160);"[39m
  [36m>[39m
    [0mA[0m
  [36m</div>[39m
  [36m<span[39m
    [33mclass[39m=[32m"user-name"[39m
  [36m>[39m
    [0mAlice[0m
  [36m</span>[39m
[36m</button>[39m

(If this is intentional, then use the `*AllBy*` variant of the query (like `queryAllByText`, `getAllByText`, or `findAllByText`)).

Ignored nodes: comments, script, style
[36m<body>[39m
  [36m<div>[39m
    [36m<div[39m
      [33mclass[39m=[32m"app"[39m
    [36m>[39m
      [36m<nav[39m
        [33mclass[39m=[32m"app-topnav visible"[39m
      [36m>[39m
        [36m<button[39m
          [33maria-label[39m=[32m"Toggle menu"[39m
          [33mclass[39m=[32m"topnav-toggle"[39m
        [36m>[39m
          [36m<svg[39m
            [33mfill[39m=[32m"currentColor"[39m
            [33mheight[39m=[32m"1em"[39m
            [33mstroke[39m=[32m"currentColor"[39m
            [33mstroke-width[39m=[32m"0"[39m
            [33mviewBox[39m=[32m"0 0 24 24"[39m
            [33mwidth[39m=[32m"1em"[39m
            [33mxmlns[39m=[32m"http://www.w3.org/2000/svg"[39m
          [36m>[39m
            [36m<path[39m
              [33md[39m=[32m"M0 0h24v24H0z"[39m
              [33mfill[39m=[32m"none"[39m
            [36m/>[39m
            [36m<path[39m
              [33md[39m=[32m"M3 18h18v-2H3v2zm0-5h18v-2H3v2zm0-7v2h18V6H3z"[39m
            [36m/>[39m
          [36m</svg>[39m
        [36m</button>[39m
        [36m<span[39m
          [33mclass[39m=[32m"topnav-title"[39m
        [36m>[39m
          [0mFamily Chores[0m
        [36m</span>[39m
        [36m<div[39m
          [33mclass[39m=[32m"topnav-user"[39m
        [36m>[39m
          [36m<div[39m
            [33mclass[39m=[32m"user-avatar-menu"[39m
          [36m>[39m
            [36m<button[39m
              [33maria-label[39m=[32m"Alice user menu"[39m
              [33mclass[39m=[32m"user-avatar-btn"[39m
            [36m>[39m
              [36m<div[39m
                [33mclass[39m=[32m"user-avatar"[39m
                [33mstyle[39m=[32m"background-color: rgb(59, 110, 160);"[39m
              [36m>[39m
                [0mA[0m
              [36m</div>[39m
              [36m<span[39m
                [33mclass[39m=[32m"user-name"[39m
              [36m>[39m
                [0mAlice[0m
              [36m</span>[39m
            [36m</button>[39m
          [36m</div>[39m
        [36m</div>[39m
      [36m</nav>[39m
      [36m<aside[39m
        [33mclass[39m=[32m"app-sidebar open"[39m
      [36m>[39m
        [36m<div[39m
          [33mclass[39m=[32m"sidebar-header"[39m
        [36m>[39m
          [36m<button[39m
            [33maria-label[39m=[32m"Toggle sidebar"[39m
            [33mclass[39m=[32m"sidebar-toggle"[39m
          [36m>[39m
            [36m<svg[39m
              [33mfill[39m=[32m"currentColor"[39m
              [33mheight[39m=[32m"1em"[39m
              [33mstroke[39m=[32m"currentColor"[39m
              [33mstroke-width[39m=[32m"0"[39m
              [33mviewBox[39m=[32m"0 0 24 24"[39m
              [33mwidth[39m=[32m"1em"[39m
              [33mxmlns[39m=[32m"http://www.w3.org/2000/svg"[39m
            [36m>[39m
              [36m<path[39m
                [33md[39m=[32m"M0 0h24v24H0z"[39m
                [33mfill[39m=[32m"none"[39m
              [36m/>[39m
              [36m<path[39m
                [33md[39m=[32m"M3 18h18v-2H3v2zm0-5h18v-2H3v2zm0-7v2h18V6H3z"[39m
              [36m/>[39m
            [36m</svg>[39m
          [36m</button>[39m
          [36m<span[39m
            [33mclass[39m=[32m"app-title"[39m
          [36m>[39m
            [0mFamily Chores[0m
          [36m</span>[39m
        [36m</div>[39m
        [36m<nav[39m
          [33mclass[39m=[32m"sidebar-nav"[39m
        [36m>[39m
          [36m<a[39m
            [33mclass[39m=[32m"nav-active"[39m
            [33mhref[39m=[32m"/"[39m
            [33mtitle[39m=[32m"Board"[39m
          [36m>[39m
            [36m<svg[39m
              [33mclass[39m=[32m"nav-icon"[39m
              [33mfill[39m=[32m"currentColor"[39m
              [33mheight[39m=[32m"1em"[39m
              [33mstroke[39m=[32m"currentColor"[39m
              [33mstroke-width[39m=[32m"0"[39m
              [33mviewBox[39m=[32m"0 0 24 24"[39m
              [33mwidth[39m=[32m"1em"[39m
              [33mxmlns[39m=[32m"http://www.w3.org/2000/svg"[39m
            [36m>[39m
              [36m<path[39m
                [33md[39m=[32m"M0 0h24v24H0z"[39m
                [33mfill[39m=[32m"none"[39m
              [36m/>[39m
              [36m<path[39m
                [33md[39m=[32m"M3 13h8V3H3v10zm0 8h8v-6H3v6zm10 0h8V11h-8v10zm0-18v6h8V3h-8z"[39m
              [36m/>[39m
            [36m</svg>[39m
            [36m<span[39m
              [33mclass[39m=[32m"nav-label"[39m
            [36m>[39m
              [0mBoard[0m
            [36m</span>[39m
          [36m</a>[39m
          [36m<a[39m
            [33mclass[39m=[32m"nav-btn"[39m
            [33mhref[39m=[32m"/chores"[39m
            [33mtitle[39m=[32m"Chores"[39m
          [36m>[39m
            [36m<svg[39m
              [33mclass[39m=[32m"nav-icon"[39m
              [33mfill[39m=[32m"currentColor"[39m
              [33mheight[39m=[32m"1em"[39m
              [33mstroke[39m=[32m"currentColor"[39m
              [33mstroke-width[39m=[32m"0"[39m
              [33mviewBox[39m=[32m"0 0 24 24"[39m
              [33mwidth[39m=[32m"1em"[39m
              [33mxmlns[39m=[32m"http://www.w3.org/2000/svg"[39m
            [36m>[39m
              [36m<path[39m
                [33md[39m=[32m"M0 0h24v24H0z"[39m
                [33mfill[39m=[32m"none"[39m
              [36m/>[39m
              [36m<path[39m
                [33md[39m=[32m"M12 2C6.48 2 2 6.48 2 12s4.48 10 10 10 10-4.48 10-10S17.52 2 12 2zm-2 15-5-5 1.41-1.41L10 14.17l7.59-7.59L19 8l-9 9z"[39m
              [36m/>[39m
            [36m</svg>[39m
            [36m<span[39m
              [33mclass[39m=[32m"nav-label"[39m
            [36m>[39m
              [0mChores[0m
            [36m</span>[39m
          [36m</a>[39m
          [36m<a[39m
            [33mclass[39m=[32m"nav-btn"[39m
            [33mhref[39m=[32m"/users"[39m
            [33mtitle[39m=[32m"Users"[39m
          [36m>[39m
            [36m<svg[39m
              [33mclass[39m=[32m"nav-icon"[39m
              [33mfill[39m=[32m"currentColor"[39m
              [33mheight[39m=[32m"1em"[39m
              [33mstroke[39m=[32m"currentColor"[39m
              [33mstroke-width[39m=[32m"0"[39m
              [33mviewBox[39m=[32m"0 0 24 24"[39m
              [33mwidth[39m=[32m"1em"[39m
              [33mxmlns[39m=[32m"http://www.w3.org/2000/svg"[39m
            [36m>[39m
              [36m<path[39m
                [33md[39m=[32m"M0 0h24v24H0z"[39m
                [33mfill[39m=[32m"none"[39m
              [36m/>[39m
              [36m<path[39m
                [33md[39m=[32m"M16 11c1.66 0 2.99-1.34 2.99-3S17.66 5 16 5c-1.66 0-3 1.34-3 3s1.34 3 3 3zm-8 ...

Ignored nodes: comments, script, style
[36m<html[39m
  [33mstyle[39m=[32m"--bg: #080c14; --surface: #16202e; --surface2: #1e2d40; --accent: #73B1DD; --success: #3db87a; --warning: #e8a930; --danger: #e05c6a; --text: #dce8f5; --text-muted: #7899b8;"[39m
[36m>[39m
  [36m<head>[39m
    [36m<meta[39m
      [33mcontent[39m=[32m""[39m
      [33mname[39m=[32m"emotion-insertion-point"[39m
    [36m/>[39m
  [36m</head>[39m
  [36m<body>[39m
    [36m<div>[39m
      [36m<div[39m
        [33mclass[39m=[32m"app"[39m
      [36m>[39m
        [36m<nav[39m
          [33mclass[39m=[32m"app-topnav visible"[39m
        [36m>[39m
          [36m<button[39m
            [33maria-label[39m=[32m"Toggle menu"[39m
            [33mclass[39m=[32m"topnav-toggle"[39m
          [36m>[39m
            [36m<svg[39m
              [33mfill[39m=[32m"currentColor"[39m
              [33mheight[39m=[32m"1em"[39m
              [33mstroke[39m=[32m"currentColor"[39m
              [33mstroke-width[39m=[32m"0"[39m
              [33mviewBox[39m=[32m"0 0 24 24"[39m
              [33mwidth[39m=[32m"1em"[39m
              [33mxmlns[39m=[32m"http://www.w3.org/2000/svg"[39m
            [36m>[39m
              [36m<path[39m
                [33md[39m=[32m"M0 0h24v24H0z"[39m
                [33mfill[39m=[32m"none"[39m
              [36m/>[39m
              [36m<path[39m
                [33md[39m=[32m"M3 18h18v-2H3v2zm0-5h18v-2H3v2zm0-7v2h18V6H3z"[39m
              [36m/>[39m
            [36m</svg>[39m
          [36m</button>[39m
          [36m<span[39m
            [33mclass[39m=[32m"topnav-title"[39m
          [36m>[39m
            [0mFamily Chores[0m
          [36m</span>[39m
          [36m<div[39m
            [33mclass[39m=[32m"topnav-user"[39m
          [36m>[39m
            [36m<div[39m
              [33mclass[39m=[32m"user-avatar-menu"[39m
            [36m>[39m
              [36m<button[39m
                [33maria-label[39m=[32m"Alice user menu"[39m
                [33mclass[39m=[32m"user-avatar-btn"[39m
              [36m>[39m
                [36m<div[39m
                  [33mclass[39m=[32m"user-avatar"[39m
                  [33mstyle[39m=[32m"background-color: rgb(59, 110, 160);"[39m
                [36m>[39m
                  [0mA[0m
                [36m</div>[39m
                [36m<span[39m
                  [33mclass[39m=[32m"user-name"[39m
                [36m>[39m
                  [0mAlice[0m
                [36m</span>[39m
              [36m</button>[39m
            [36m</div>[39m
          [36m</div>[39m
        [36m</nav>[39m
        [36m<aside[39m
          [33mclass[39m=[32m"app-sidebar open"[39m
        [36m>[39m
          [36m<div[39m
            [33mclass[39m=[32m"sidebar-header"[39m
          [36m>[39m
            [36m<button[39m
              [33maria-label[39m=[32m"Toggle sidebar"[39m
              [33mclass[39m=[32m"sidebar-toggle"[39m
            [36m>[39m
              [36m<svg[39m
                [33mfill[39m=[32m"currentColor"[39m
                [33mheight[39m=[32m"1em"[39m
                [33mstroke[39m=[32m"currentColor"[39m
                [33mstroke-width[39m=[32m"0"[39m
                [33mviewBox[39m=[32m"0 0 24 24"[39m
                [33mwidth[39m=[32m"1em"[39m
                [33mxmlns[39m=[32m"http://www.w3.org/2000/svg"[39m
              [36m>[39m
                [36m<path[39m
                  [33md[39m=[32m"M0 0h24v24H0z"[39m
                  [33mfill[39m=[32m"none"[39m
                [36m/>[39m
                [36m<path[39m
                  [33md[39m=[32m"M3 18h18v-2H3v2zm0-5h18v-2H3v2zm0-7v2h18V6H3z"[39m
                [36m/>[39m
              [36m</svg>[39m
            [36m</button>[39m
            [36m<span[39m
              [33mclass[39m=[32m"app-title"[39m
            [36m>[39m
              [0mFamily Chores[0m
            [36m</span>[39m
          [36m</div>[39m
          [36m<nav[39m
            [33mclass[39m=[32m"sidebar-nav"[39m
          [36m>[39m
            [36m<a[39m
              [33mclass[39m=[32m"nav-active"[39m
              [33mhref[39m=[32m"/"[39m
              [33mtitle[39m=[32m"Board"[39m
            [36m>[39m
              [36m<svg[39m
                [33mclass[39m=[32m"nav-icon"[39m
                [33mfill[39m=[32m"currentColor"[39m
                [33mheight[39m=[32m"1em"[39m
                [33mstroke[39m=[32m"currentColor"[39m
                [33mstroke-width[39m=[32m"0"[39m
                [33mviewBox[39m=[32m"0 0 24 24"[39m
                [33mwidth[39m=[32m"1em"[39m
                [33mxmlns[39m=[32m"http://www.w3.org/2000/svg"[39m
              [36m>[39m
                [36m<path[39m
                  [33md[39m=[32m"M0 0h24v24H0z"[39m
                  [33mfill[39m=[32m"none"[39m
                [36m/>[39m
                [36m<path[39m
                  [33md[39m=[32m"M3 13h8V3H3v10zm0 8h8v-6H3v6zm10 0h8V11h-8v10zm0-18v6h8V3h-8z"[39m
                [36m/>[39m
              [36m</svg>[39m
              [36m<span[39m
                [33mclass[39m=[32m"nav-label"[39m
              [36m>[39m
                [0mBoard[0m
              [36m</span>[39m
            [36m</a>[39m
            [36m<a[39m
              [33mclass[39m=[32m"nav-btn"[39m
              [33mhref[39m=[32m"/chores"[39m
              [33mtitle[39m=[32m"Chores"[39m
            [36m>[39m
              [36m<svg[39m
                [33mclass[39m=[32m"nav-icon"[39m
                [33mfill[39m=[32m"currentColor"[39m
                [33mheight[39m=[32m"1em"[39m
                [33mstroke[39m=[32m"currentColor"[39m
                [33mstroke-width[39m=[32m"0"[39m
                [33mviewBox[39m=[32m"0 0 24 24"[39m
                [33mwidth[39m=[32m"1em"[39m
                [33mxmlns[39m=[32m"http://www.w3.org/2000/svg"[39m
              [36m>[39m
                [36m<path[39m
                  [33md[39m=[32m"M0 0h24v24H0z"[39m
                  [33mfill[39m=[32m"none"[39m
                [36m/>[39m
                [36m<path[39m
                  [33md[39m=[32m"M12 2C6.48 2 2 6.48 2 12s4.48 10 10 10 10-4.48 10-10S17.52 2 12 2zm-2 15-5-5 1.41-1.41L10 14.17l7.59-7.59L19 8l-9 9z"[39m
                [36m/>[39m
              [36m</svg>[39m
              [36m<span[39m
                [33mclass[39m=[32m"nav-label"[39m
              [36m>[39m
                [0mChores[0m
              [36m</span>[39m
            [36m</a>[39m
            [36m<a[39m
              [33mclass[39m=[32m"nav-btn"[39m
              [33mhref[39m=[32m"/users"[39m
              [33mtitle[39m=[32m"Users"[39m
            [36m>[39m
              [36m<svg[39m
                [33mclass[3...
stderr | src/__tests__/AppTitle.test.jsx > App Title > shows title edit field in settings
Query data cannot be undefined. Please make sure to return a value other than undefined from your query function. Affected query key: ["themes"]
Query data cannot be undefined. Please make sure to return a value other than undefined from your query function. Affected query key: ["current-theme"]
Query data cannot be undefined. Please make sure to return a value other than undefined from your query function. Affected query key: ["themes"]
Query data cannot be undefined. Please make sure to return a value other than undefined from your query function. Affected query key: ["current-theme"]
Query data cannot be undefined. Please make sure to return a value other than undefined from your query function. Affected query key: ["themes"]
Query data cannot be undefined. Please make sure to return a value other than undefined from your query function. Affected query key: ["current-theme"]
Query data cannot be undefined. Please make sure to return a value other than undefined from your query function. Affected query key: ["themes"]
Query data cannot be undefined. Please make sure to return a value other than undefined from your query function. Affected query key: ["current-theme"]
Query data cannot be undefined. Please make sure to return a value other than undefined from your query function. Affected query key: ["themes"]
Query data cannot be undefined. Please make sure to return a value other than undefined from your query function. Affected query key: ["current-theme"]
Query data cannot be undefined. Please make sure to return a value other than undefined from your query function. Affected query key: ["themes"]
Query data cannot be undefined. Please make sure to return a value other than undefined from your query function. Affected query key: ["current-theme"]
Query data cannot be undefined. Please make sure to return a value other than undefined from your query function. Affected query key: ["themes"]
Query data cannot be undefined. Please make sure to return a value other than undefined from your query function. Affected query key: ["current-theme"]
Query data cannot be undefined. Please make sure to return a value other than undefined from your query function. Affected query key: ["themes"]
Query data cannot be undefined. Please make sure to return a value other than undefined from your query function. Affected query key: ["current-theme"]
Query data cannot be undefined. Please make sure to return a value other than undefined from your query function. Affected query key: ["themes"]
Query data cannot be undefined. Please make sure to return a value other than undefined from your query function. Affected query key: ["current-theme"]
Query data cannot be undefined. Please make sure to return a value other than undefined from your query function. Affected query key: ["themes"]
Query data cannot be undefined. Please make sure to return a value other than undefined from your query function. Affected query key: ["current-theme"]
Query data cannot be undefined. Please make sure to return a value other than undefined from your query function. Affected query key: ["themes"]
Query data cannot be undefined. Please make sure to return a value other than undefined from your query function. Affected query key: ["current-theme"]
Query data cannot be undefined. Please make sure to return a value other than undefined from your query function. Affected query key: ["themes"]
Query data cannot be undefined. Please make sure to return a value other than undefined from your query function. Affected query key: ["current-theme"]
Query data cannot be undefined. Please make sure to return a value other than undefined from your query function. Affected query key: ["themes"]
Query data cannot be undefined. Please make sure to return a value other than undefined from your query function. Affected query key: ["current-theme"]
Query data cannot be undefined. Please make sure to return a value other than undefined from your query function. Affected query key: ["themes"]
Query data cannot be undefined. Please make sure to return a value other than undefined from your query function. Affected query key: ["current-theme"]
Query data cannot be undefined. Please make sure to return a value other than undefined from your query function. Affected query key: ["themes"]
Query data cannot be undefined. Please make sure to return a value other than undefined from your query function. Affected query key: ["current-theme"]
Query data cannot be undefined. Please make sure to return a value other than undefined from your query function. Affected query key: ["themes"]
Query data cannot be undefined. Please make sure to return a value other than undefined from your query function. Affected query key: ["current-theme"]
Query data cannot be undefined. Please make sure to return a value other than undefined from your query function. Affected query key: ["themes"]
Query data cannot be undefined. Please make sure to return a value other than undefined from your query function. Affected query key: ["current-theme"]
Query data cannot be undefined. Please make sure to return a value other than undefined from your query function. Affected query key: ["themes"]
Query data cannot be undefined. Please make sure to return a value other than undefined from your query function. Affected query key: ["current-theme"]
Query data cannot be undefined. Please make sure to return a value other than undefined from your query function. Affected query key: ["themes"]
Query data cannot be undefined. Please make sure to return a value other than undefined from your query function. Affected query key: ["current-theme"]
Query data cannot be undefined. Please make sure to return a value other than undefined from your query function. Affected query key: ["themes"]
Query data cannot be undefined. Please make sure to return a value other than undefined from your query function. Affected query key: ["current-theme"]
Query data cannot be undefined. Please make sure to return a value other than undefined from your query function. Affected query key: ["themes"]
Query data cannot be undefined. Please make sure to return a value other than undefined from your query function. Affected query key: ["current-theme"]
Query data cannot be undefined. Please make sure to return a value other than undefined from your query function. Affected query key: ["themes"]
Query data cannot be undefined. Please make sure to return a value other than undefined from your query function. Affected query key: ["current-theme"]
Query data cannot be undefined. Please make sure to return a value other than undefined from your query function. Affected query key: ["themes"]
Query data cannot be undefined. Please make sure to return a value other than undefined from your query function. Affected query key: ["current-theme"]
Query data cannot be undefined. Please make sure to return a value other than undefined from your query function. Affected query key: ["themes"]
Query data cannot be undefined. Please make sure to return a value other than undefined from your query function. Affected query key: ["current-theme"]
Query data cannot be undefined. Please make sure to return a value other than undefined from your query function. Affected query key: ["themes"]
Query data cannot be undefined. Please make sure to return a value other than undefined from your query function. Affected query key: ["current-theme"]
Query data cannot be undefined. Please make sure to return a value other than undefined from your query function. Affected query key: ["themes"]
Query data cannot be undefined. Please make sure to return a value other than undefined from your query function. Affected query key: ["current-theme"]
Query data cannot be undefined. Please make sure to return a value other than undefined from your query function. Affected query key: ["themes"]
Query data cannot be undefined. Please make sure to return a value other than undefined from your query function. Affected query key: ["current-theme"]
Query data cannot be undefined. Please make sure to return a value other than undefined from your query function. Affected query key: ["themes"]
Query data cannot be undefined. Please make sure to return a value other than undefined from your query function. Affected query key: ["current-theme"]
Query data cannot be undefined. Please make sure to return a value other than undefined from your query function. Affected query key: ["themes"]
Query data cannot be undefined. Please make sure to return a value other than undefined from your query function. Affected query key: ["current-theme"]
Query data cannot be undefined. Please make sure to return a value other than undefined from your query function. Affected query key: ["themes"]
Query data cannot be undefined. Please make sure to return a value other than undefined from your query function. Affected query key: ["current-theme"]
Query data cannot be undefined. Please make sure to return a value other than undefined from your query function. Affected query key: ["themes"]
Query data cannot be undefined. Please make sure to return a value other than undefined from your query function. Affected query key: ["current-theme"]
Query data cannot be undefined. Please make sure to return a value other than undefined from your query function. Affected query key: ["themes"]
Query data cannot be undefined. Please make sure to return a value other than undefined from your query function. Affected query key: ["current-theme"]
Query data cannot be undefined. Please make sure to return a value other than undefined from your query function. Affected query key: ["themes"]
Query data cannot be undefined. Please make sure to return a value other than undefined from your query function. Affected query key: ["current-theme"]
Query data cannot be undefined. Please make sure to return a value other than undefined from your query function. Affected query key: ["themes"]
Query data cannot be undefined. Please make sure to return a value other than undefined from your query function. Affected query key: ["current-theme"]
Query data cannot be undefined. Please make sure to return a value other than undefined from your query function. Affected query key: ["themes"]
Query data cannot be undefined. Please make sure to return a value other than undefined from your query function. Affected query key: ["current-theme"]
Query data cannot be undefined. Please make sure to return a value other than undefined from your query function. Affected query key: ["themes"]
Query data cannot be undefined. Please make sure to return a value other than undefined from your query function. Affected query key: ["current-theme"]
Query data cannot be undefined. Please make sure to return a value other than undefined from your query function. Affected query key: ["themes"]
Query data cannot be undefined. Please make sure to return a value other than undefined from your query function. Affected query key: ["current-theme"]
Query data cannot be undefined. Please make sure to return a value other than undefined from your query function. Affected query key: ["themes"]
Query data cannot be undefined. Please make sure to return a value other than undefined from your query function. Affected query key: ["current-theme"]
Query data cannot be undefined. Please make sure to return a value other than undefined from your query function. Affected query key: ["themes"]
Query data cannot be undefined. Please make sure to return a value other than undefined from your query function. Affected query key: ["current-theme"]
Query data cannot be undefined. Please make sure to return a value other than undefined from your query function. Affected query key: ["themes"]
Query data cannot be undefined. Please make sure to return a value other than undefined from your query function. Affected query key: ["current-theme"]
Query data cannot be undefined. Please make sure to return a value other than undefined from your query function. Affected query key: ["themes"]
Query data cannot be undefined. Please make sure to return a value other than undefined from your query function. Affected query key: ["current-theme"]
Query data cannot be undefined. Please make sure to return a value other than undefined from your query function. Affected query key: ["themes"]
Query data cannot be undefined. Please make sure to return a value other than undefined from your query function. Affected query key: ["current-theme"]
Query data cannot be undefined. Please make sure to return a value other than undefined from your query function. Affected query key: ["themes"]
Query data cannot be undefined. Please make sure to return a value other than undefined from your query function. Affected query key: ["current-theme"]
Query data cannot be undefined. Please make sure to return a value other than undefined from your query function. Affected query key: ["themes"]
Query data cannot be undefined. Please make sure to return a value other than undefined from your query function. Affected query key: ["current-theme"]
Query data cannot be undefined. Please make sure to return a value other than undefined from your query function. Affected query key: ["themes"]
Query data cannot be undefined. Please make sure to return a value other than undefined from your query function. Affected query key: ["current-theme"]
Query data cannot be undefined. Please make sure to return a value other than undefined from your query function. Affected query key: ["themes"]
Query data cannot be undefined. Please make sure to return a value other than undefined from your query function. Affected query key: ["current-theme"]
Query data cannot be undefined. Please make sure to return a value other than undefined from your query function. Affected query key: ["themes"]
Query data cannot be undefined. Please make sure to return a value other than undefined from your query function. Affected query key: ["current-theme"]
Query data cannot be undefined. Please make sure to return a value other than undefined from your query function. Affected query key: ["themes"]
Query data cannot be undefined. Please make sure to return a value other than undefined from your query function. Affected query key: ["current-theme"]
Query data cannot be undefined. Please make sure to return a value other than undefined from your query function. Affected query key: ["themes"]
Query data cannot be undefined. Please make sure to return a value other than undefined from your query function. Affected query key: ["current-theme"]
Query data cannot be undefined. Please make sure to return a value other than undefined from your query function. Affected query key: ["themes"]
Query data cannot be undefined. Please make sure to return a value other than undefined from your query function. Affected query key: ["current-theme"]
Query data cannot be undefined. Please make sure to return a value other than undefined from your query function. Affected query key: ["themes"]
Query data cannot be undefined. Please make sure to return a value other than undefined from your query function. Affected query key: ["current-theme"]
Query data cannot be undefined. Please make sure to return a value other than undefined from your query function. Affected query key: ["themes"]
Query data cannot be undefined. Please make sure to return a value other than undefined from your query function. Affected query key: ["current-theme"]
Query data cannot be undefined. Please make sure to return a value other than undefined from your query function. Affected query key: ["themes"]
Query data cannot be undefined. Please make sure to return a value other than undefined from your query function. Affected query key: ["current-theme"]
Query data cannot be undefined. Please make sure to return a value other than undefined from your query function. Affected query key: ["themes"]
Query data cannot be undefined. Please make sure to return a value other than undefined from your query function. Affected query key: ["current-theme"]
Query data cannot be undefined. Please make sure to return a value other than undefined from your query function. Affected query key: ["themes"]
Query data cannot be undefined. Please make sure to return a value other than undefined from your query function. Affected query key: ["current-theme"]
Query data cannot be undefined. Please make sure to return a value other than undefined from your query function. Affected query key: ["themes"]
Query data cannot be undefined. Please make sure to return a value other than undefined from your query function. Affected query key: ["current-theme"]
Query data cannot be undefined. Please make sure to return a value other than undefined from your query function. Affected query key: ["themes"]
Query data cannot be undefined. Please make sure to return a value other than undefined from your query function. Affected query key: ["current-theme"]
Query data cannot be undefined. Please make sure to return a value other than undefined from your query function. Affected query key: ["themes"]
Query data cannot be undefined. Please make sure to return a value other than undefined from your query function. Affected query key: ["current-theme"]
Query data cannot be undefined. Please make sure to return a value other than undefined from your query function. Affected query key: ["themes"]
Query data cannot be undefined. Please make sure to return a value other than undefined from your query function. Affected query key: ["current-theme"]
Query data cannot be undefined. Please make sure to return a value other than undefined from your query function. Affected query key: ["themes"]
Query data cannot be undefined. Please make sure to return a value other than undefined from your query function. Affected query key: ["current-theme"]
Query data cannot be undefined. Please make sure to return a value other than undefined from your query function. Affected query key: ["themes"]
Query data cannot be undefined. Please make sure to return a value other than undefined from your query function. Affected query key: ["current-theme"]
Query data cannot be undefined. Please make sure to return a value other than undefined from your query function. Affected query key: ["themes"]
Query data cannot be undefined. Please make sure to return a value other than undefined from your query function. Affected query key: ["current-theme"]
Query data cannot be undefined. Please make sure to return a value other than undefined from your query function. Affected query key: ["themes"]
Query data cannot be undefined. Please make sure to return a value other than undefined from your query function. Affected query key: ["current-theme"]
Query data cannot be undefined. Please make sure to return a value other than undefined from your query function. Affected query key: ["themes"]
Query data cannot be undefined. Please make sure to return a value other than undefined from your query function. Affected query key: ["current-theme"]
Query data cannot be undefined. Please make sure to return a value other than undefined from your query function. Affected query key: ["themes"]
Query data cannot be undefined. Please make sure to return a value other than undefined from your query function. Affected query key: ["current-theme"]
Query data cannot be undefined. Please make sure to return a value other than undefined from your query function. Affected query key: ["themes"]
Query data cannot be undefined. Please make sure to return a value other than undefined from your query function. Affected query key: ["current-theme"]
Query data cannot be undefined. Please make sure to return a value other than undefined from your query function. Affected query key: ["themes"]
Query data cannot be undefined. Please make sure to return a value other than undefined from your query function. Affected query key: ["current-theme"]
Query data cannot be undefined. Please make sure to return a value other than undefined from your query function. Affected query key: ["themes"]
Query data cannot be undefined. Please make sure to return a value other than undefined from your query function. Affected query key: ["current-theme"]
Query data cannot be undefined. Please make sure to return a value other than undefined from your query function. Affected query key: ["themes"]
Query data cannot be undefined. Please make sure to return a value other than undefined from your query function. Affected query key: ["current-theme"]
Query data cannot be undefined. Please make sure to return a value other than undefined from your query function. Affected query key: ["themes"]
Query data cannot be undefined. Please make sure to return a value other than undefined from your query function. Affected query key: ["current-theme"]
Query data cannot be undefined. Please make sure to return a value other than undefined from your query function. Affected query key: ["themes"]
Query data cannot be undefined. Please make sure to return a value other than undefined from your query function. Affected query key: ["current-theme"]
Query data cannot be undefined. Please make sure to return a value other than undefined from your query function. Affected query key: ["themes"]
Query data cannot be undefined. Please make sure to return a value other than undefined from your query function. Affected query key: ["current-theme"]
Query data cannot be undefined. Please make sure to return a value other than undefined from your query function. Affected query key: ["themes"]
Query data cannot be undefined. Please make sure to return a value other than undefined from your query function. Affected query key: ["current-theme"]
Query data cannot be undefined. Please make sure to return a value other than undefined from your query function. Affected query key: ["themes"]
Query data cannot be undefined. Please make sure to return a value other than undefined from your query function. Affected query key: ["current-theme"]
Query data cannot be undefined. Please make sure to return a value other than undefined from your query function. Affected query key: ["themes"]
Query data cannot be undefined. Please make sure to return a value other than undefined from your query function. Affected query key: ["current-theme"]
Query data cannot be undefined. Please make sure to return a value other than undefined from your query function. Affected query key: ["themes"]
Query data cannot be undefined. Please make sure to return a value other than undefined from your query function. Affected query key: ["current-theme"]
Query data cannot be undefined. Please make sure to return a value other than undefined from your query function. Affected query key: ["themes"]
Query data cannot be undefined. Please make sure to return a value other than undefined from your query function. Affected query key: ["current-theme"]
Query data cannot be undefined. Please make sure to return a value other than undefined from your query function. Affected query key: ["themes"]
Query data cannot be undefined. Please make sure to return a value other than undefined from your query function. Affected query key: ["current-theme"]
Query data cannot be undefined. Please make sure to return a value other than undefined from your query function. Affected query key: ["themes"]
Query data cannot be undefined. Please make sure to return a value other than undefined from your query function. Affected query key: ["current-theme"]
Query data cannot be undefined. Please make sure to return a value other than undefined from your query function. Affected query key: ["themes"]
Query data cannot be undefined. Please make sure to return a value other than undefined from your query function. Affected query key: ["current-theme"]
Query data cannot be undefined. Please make sure to return a value other than undefined from your query function. Affected query key: ["themes"]
Query data cannot be undefined. Please make sure to return a value other than undefined from your query function. Affected query key: ["current-theme"]
Query data cannot be undefined. Please make sure to return a value other than undefined from your query function. Affected query key: ["themes"]
Query data cannot be undefined. Please make sure to return a value other than undefined from your query function. Affected query key: ["current-theme"]
Query data cannot be undefined. Please make sure to return a value other than undefined from your query function. Affected query key: ["themes"]
Query data cannot be undefined. Please make sure to return a value other than undefined from your query function. Affected query key: ["current-theme"]
Query data cannot be undefined. Please make sure to return a value other than undefined from your query function. Affected query key: ["themes"]
Query data cannot be undefined. Please make sure to return a value other than undefined from your query function. Affected query key: ["current-theme"]
Query data cannot be undefined. Please make sure to return a value other than undefined from your query function. Affected query key: ["themes"]
Query data cannot be undefined. Please make sure to return a value other than undefined from your query function. Affected query key: ["current-theme"]
Query data cannot be undefined. Please make sure to return a value other than undefined from your query function. Affected query key: ["themes"]
Query data cannot be undefined. Please make sure to return a value other than undefined from your query function. Affected query key: ["current-theme"]
Query data cannot be undefined. Please make sure to return a value other than undefined from your query function. Affected query key: ["themes"]
Query data cannot be undefined. Please make sure to return a value other than undefined from your query function. Affected query key: ["current-theme"]
Query data cannot be undefined. Please make sure to return a value other than undefined from your query function. Affected query key: ["themes"]
Query data cannot be undefined. Please make sure to return a value other than undefined from your query function. Affected query key: ["current-theme"]
Query data cannot be undefined. Please make sure to return a value other than undefined from your query function. Affected query key: ["themes"]
Query data cannot be undefined. Please make sure to return a value other than undefined from your query function. Affected query key: ["current-theme"]
Query data cannot be undefined. Please make sure to return a value other than undefined from your query function. Affected query key: ["themes"]
Query data cannot be undefined. Please make sure to return a value other than undefined from your query function. Affected query key: ["current-theme"]
Query data cannot be undefined. Please make sure to return a value other than undefined from your query function. Affected query key: ["themes"]
Query data cannot be undefined. Please make sure to return a value other than undefined from your query function. Affected query key: ["current-theme"]
Query data cannot be undefined. Please make sure to return a value other than undefined from your query function. Affected query key: ["themes"]
Query data cannot be undefined. Please make sure to return a value other than undefined from your query function. Affected query key: ["current-theme"]
Query data cannot be undefined. Please make sure to return a value other than undefined from your query function. Affected query key: ["themes"]
Query data cannot be undefined. Please make sure to return a value other than undefined from your query function. Affected query key: ["current-theme"]
Query data cannot be undefined. Please make sure to return a value other than undefined from your query function. Affected query key: ["themes"]
Query data cannot be undefined. Please make sure to return a value other than undefined from your query function. Affected query key: ["current-theme"]
Query data cannot be undefined. Please make sure to return a value other than undefined from your query function. Affected query key: ["themes"]
Query data cannot be undefined. Please make sure to return a value other than undefined from your query function. Affected query key: ["current-theme"]
Query data cannot be undefined. Please make sure to return a value other than undefined from your query function. Affected query key: ["themes"]
Query data cannot be undefined. Please make sure to return a value other than undefined from your query function. Affected query key: ["current-theme"]
Query data cannot be undefined. Please make sure to return a value other than undefined from your query function. Affected query key: ["themes"]
Query data cannot be undefined. Please make sure to return a value other than undefined from your query function. Affected query key: ["current-theme"]
Query data cannot be undefined. Please make sure to return a value other than undefined from your query function. Affected query key: ["themes"]
Query data cannot be undefined. Please make sure to return a value other than undefined from your query function. Affected query key: ["current-theme"]
Query data cannot be undefined. Please make sure to return a value other than undefined from your query function. Affected query key: ["themes"]
Query data cannot be undefined. Please make sure to return a value other than undefined from your query function. Affected query key: ["current-theme"]
Query data cannot be undefined. Please make sure to return a value other than undefined from your query function. Affected query key: ["themes"]
Query data cannot be undefined. Please make sure to return a value other than undefined from your query function. Affected query key: ["current-theme"]
Query data cannot be undefined. Please make sure to return a value other than undefined from your query function. Affected query key: ["themes"]
Query data cannot be undefined. Please make sure to return a value other than undefined from your query function. Affected query key: ["current-theme"]
Query data cannot be undefined. Please make sure to return a value other than undefined from your query function. Affected query key: ["themes"]
Query data cannot be undefined. Please make sure to return a value other than undefined from your query function. Affected query key: ["current-theme"]
Query data cannot be undefined. Please make sure to return a value other than undefined from your query function. Affected query key: ["themes"]
Query data cannot be undefined. Please make sure to return a value other than undefined from your query function. Affected query key: ["current-theme"]
Query data cannot be undefined. Please make sure to return a value other than undefined from your query function. Affected query key: ["themes"]
Query data cannot be undefined. Please make sure to return a value other than undefined from your query function. Affected query key: ["current-theme"]
Query data cannot be undefined. Please make sure to return a value other than undefined from your query function. Affected query key: ["themes"]
Query data cannot be undefined. Please make sure to return a value other than undefined from your query function. Affected query key: ["current-theme"]
Query data cannot be undefined. Please make sure to return a value other than undefined from your query function. Affected query key: ["themes"]
Query data cannot be undefined. Please make sure to return a value other than undefined from your query function. Affected query key: ["current-theme"]
Query data cannot be undefined. Please make sure to return a value other than undefined from your query function. Affected query key: ["themes"]
Query data cannot be undefined. Please make sure to return a value other than undefined from your query function. Affected query key: ["current-theme"]
Query data cannot be undefined. Please make sure to return a value other than undefined from your query function. Affected query key: ["themes"]
Query data cannot be undefined. Please make sure to return a value other than undefined from your query function. Affected query key: ["current-theme"]
Query data cannot be undefined. Please make sure to return a value other than undefined from your query function. Affected query key: ["themes"]
Query data cannot be undefined. Please make sure to return a value other than undefined from your query function. Affected query key: ["current-theme"]
Query data cannot be undefined. Please make sure to return a value other than undefined from your query function. Affected query key: ["themes"]
Query data cannot be undefined. Please make sure to return a value other than undefined from your query function. Affected query key: ["current-theme"]
Query data cannot be undefined. Please make sure to return a value other than undefined from your query function. Affected query key: ["themes"]
Query data cannot be undefined. Please make sure to return a value other than undefined from your query function. Affected query key: ["current-theme"]
Query data cannot be undefined. Please make sure to return a value other than undefined from your query function. Affected query key: ["themes"]
Query data cannot be undefined. Please make sure to return a value other than undefined from your query function. Affected query key: ["current-theme"]
Query data cannot be undefined. Please make sure to return a value other than undefined from your query function. Affected query key: ["themes"]
Query data cannot be undefined. Please make sure to return a value other than undefined from your query function. Affected query key: ["current-theme"]
Query data cannot be undefined. Please make sure to return a value other than undefined from your query function. Affected query key: ["themes"]
Query data cannot be undefined. Please make sure to return a value other than undefined from your query function. Affected query key: ["current-theme"]
Query data cannot be undefined. Please make sure to return a value other than undefined from your query function. Affected query key: ["themes"]
Query data cannot be undefined. Please make sure to return a value other than undefined from your query function. Affected query key: ["current-theme"]
Query data cannot be undefined. Please make sure to return a value other than undefined from your query function. Affected query key: ["themes"]
Query data cannot be undefined. Please make sure to return a value other than undefined from your query function. Affected query key: ["current-theme"]
Query data cannot be undefined. Please make sure to return a value other than undefined from your query function. Affected query key: ["themes"]
Query data cannot be undefined. Please make sure to return a value other than undefined from your query function. Affected query key: ["current-theme"]
Query data cannot be undefined. Please make sure to return a value other than undefined from your query function. Affected query key: ["themes"]
Query data cannot be undefined. Please make sure to return a value other than undefined from your query function. Affected query key: ["current-theme"]
Query data cannot be undefined. Please make sure to return a value other than undefined from your query function. Affected query key: ["themes"]
Query data cannot be undefined. Please make sure to return a value other than undefined from your query function. Affected query key: ["current-theme"]
Query data cannot be undefined. Please make sure to return a value other than undefined from your query function. Affected query key: ["themes"]
Query data cannot be undefined. Please make sure to return a value other than undefined from your query function. Affected query key: ["current-theme"]
Query data cannot be undefined. Please make sure to return a value other than undefined from your query function. Affected query key: ["themes"]
Query data cannot be undefined. Please make sure to return a value other than undefined from your query function. Affected query key: ["current-theme"]
Query data cannot be undefined. Please make sure to return a value other than undefined from your query function. Affected query key: ["themes"]
Query data cannot be undefined. Please make sure to return a value other than undefined from your query function. Affected query key: ["current-theme"]
Query data cannot be undefined. Please make sure to return a value other than undefined from your query function. Affected query key: ["themes"]
Query data cannot be undefined. Please make sure to return a value other than undefined from your query function. Affected query key: ["current-theme"]
Query data cannot be undefined. Please make sure to return a value other than undefined from your query function. Affected query key: ["themes"]
Query data cannot be undefined. Please make sure to return a value other than undefined from your query function. Affected query key: ["current-theme"]
Query data cannot be undefined. Please make sure to return a value other than undefined from your query function. Affected query key: ["themes"]
Query data cannot be undefined. Please make sure to return a value other than undefined from your query function. Affected query key: ["current-theme"]
Query data cannot be undefined. Please make sure to return a value other than undefined from your query function. Affected query key: ["themes"]
Query data cannot be undefined. Please make sure to return a value other than undefined from your query function. Affected query key: ["current-theme"]
Query data cannot be undefined. Please make sure to return a value other than undefined from your query function. Affected query key: ["themes"]
Query data cannot be undefined. Please make sure to return a value other than undefined from your query function. Affected query key: ["current-theme"]
Query data cannot be undefined. Please make sure to return a value other than undefined from your query function. Affected query key: ["themes"]
Query data cannot be undefined. Please make sure to return a value other than undefined from your query function. Affected query key: ["current-theme"]
Query data cannot be undefined. Please make sure to return a value other than undefined from your query function. Affected query key: ["themes"]
Query data cannot be undefined. Please make sure to return a value other than undefined from your query function. Affected query key: ["current-theme"]
Query data cannot be undefined. Please make sure to return a value other than undefined from your query function. Affected query key: ["themes"]
Query data cannot be undefined. Please make sure to return a value other than undefined from your query function. Affected query key: ["current-theme"]
Query data cannot be undefined. Please make sure to return a value other than undefined from your query function. Affected query key: ["themes"]
Query data cannot be undefined. Please make sure to return a value other than undefined from your query function. Affected query key: ["current-theme"]
Query data cannot be undefined. Please make sure to return a value other than undefined from your query function. Affected query key: ["themes"]
Query data cannot be undefined. Please make sure to return a value other than undefined from your query function. Affected query key: ["current-theme"]
Query data cannot be undefined. Please make sure to return a value other than undefined from your query function. Affected query key: ["themes"]
Query data cannot be undefined. Please make sure to return a value other than undefined from your query function. Affected query key: ["current-theme"]
Query data cannot be undefined. Please make sure to return a value other than undefined from your query function. Affected query key: ["themes"]
Query data cannot be undefined. Please make sure to return a value other than undefined from your query function. Affected query key: ["current-theme"]
Query data cannot be undefined. Please make sure to return a value other than undefined from your query function. Affected query key: ["themes"]
Query data cannot be undefined. Please make sure to return a value other than undefined from your query function. Affected query key: ["current-theme"]
Query data cannot be undefined. Please make sure to return a value other than undefined from your query function. Affected query key: ["themes"]
Query data cannot be undefined. Please make sure to return a value other than undefined from your query function. Affected query key: ["current-theme"]
Query data cannot be undefined. Please make sure to return a value other than undefined from your query function. Affected query key: ["themes"]
Query data cannot be undefined. Please make sure to return a value other than undefined from your query function. Affected query key: ["current-theme"]
Query data cannot be undefined. Please make sure to return a value other than undefined from your query function. Affected query key: ["themes"]
Query data cannot be undefined. Please make sure to return a value other than undefined from your query function. Affected query key: ["current-theme"]
Query data cannot be undefined. Please make sure to return a value other than undefined from your query function. Affected query key: ["themes"]
Query data cannot be undefined. Please make sure to return a value other than undefined from your query function. Affected query key: ["current-theme"]
Query data cannot be undefined. Please make sure to return a value other than undefined from your query function. Affected query key: ["themes"]
Query data cannot be undefined. Please make sure to return a value other than undefined from your query function. Affected query key: ["current-theme"]
Query data cannot be undefined. Please make sure to return a value other than undefined from your query function. Affected query key: ["themes"]
Query data cannot be undefined. Please make sure to return a value other than undefined from your query function. Affected query key: ["current-theme"]
Query data cannot be undefined. Please make sure to return a value other than undefined from your query function. Affected query key: ["themes"]
Query data cannot be undefined. Please make sure to return a value other than undefined from your query function. Affected query key: ["current-theme"]
Query data cannot be undefined. Please make sure to return a value other than undefined from your query function. Affected query key: ["themes"]
Query data cannot be undefined. Please make sure to return a value other than undefined from your query function. Affected query key: ["current-theme"]
Query data cannot be undefined. Please make sure to return a value other than undefined from your query function. Affected query key: ["themes"]
Query data cannot be undefined. Please make sure to return a value other than undefined from your query function. Affected query key: ["current-theme"]
Query data cannot be undefined. Please make sure to return a value other than undefined from your query function. Affected query key: ["themes"]
Query data cannot be undefined. Please make sure to return a value other than undefined from your query function. Affected query key: ["current-theme"]
Query data cannot be undefined. Please make sure to return a value other than undefined from your query function. Affected query key: ["themes"]
Query data cannot be undefined. Please make sure to return a value other than undefined from your query function. Affected query key: ["current-theme"]
Query data cannot be undefined. Please make sure to return a value other than undefined from your query function. Affected query key: ["themes"]
Query data cannot be undefined. Please make sure to return a value other than undefined from your query function. Affected query key: ["current-theme"]
Query data cannot be undefined. Please make sure to return a value other than undefined from your query function. Affected query key: ["themes"]
Query data cannot be undefined. Please make sure to return a value other than undefined from your query function. Affected query key: ["current-theme"]
Query data cannot be undefined. Please make sure to return a value other than undefined from your query function. Affected query key: ["themes"]
Query data cannot be undefined. Please make sure to return a value other than undefined from your query function. Affected query key: ["current-theme"]
Query data cannot be undefined. Please make sure to return a value other than undefined from your query function. Affected query key: ["themes"]
Query data cannot be undefined. Please make sure to return a value other than undefined from your query function. Affected query key: ["current-theme"]
Query data cannot be undefined. Please make sure to return a value other than undefined from your query function. Affected query key: ["themes"]
Query data cannot be undefined. Please make sure to return a value other than undefined from your query function. Affected query key: ["current-theme"]
Query data cannot be undefined. Please make sure to return a value other than undefined from your query function. Affected query key: ["themes"]
Query data cannot be undefined. Please make sure to return a value other than undefined from your query function. Affected query key: ["current-theme"]
Query data cannot be undefined. Please make sure to return a value other than undefined from your query function. Affected query key: ["themes"]
Query data cannot be undefined. Please make sure to return a value other than undefined from your query function. Affected query key: ["current-theme"]
Query data cannot be undefined. Please make sure to return a value other than undefined from your query function. Affected query key: ["themes"]
Query data cannot be undefined. Please make sure to return a value other than undefined from your query function. Affected query key: ["current-theme"]
Query data cannot be undefined. Please make sure to return a value other than undefined from your query function. Affected query key: ["themes"]
Query data cannot be undefined. Please make sure to return a value other than undefined from your query function. Affected query key: ["current-theme"]
Query data cannot be undefined. Please make sure to return a value other than undefined from your query function. Affected query key: ["themes"]
Query data cannot be undefined. Please make sure to return a value other than undefined from your query function. Affected query key: ["current-theme"]
Query data cannot be undefined. Please make sure to return a value other than undefined from your query function. Affected query key: ["themes"]
Query data cannot be undefined. Please make sure to return a value other than undefined from your query function. Affected query key: ["current-theme"]
Query data cannot be undefined. Please make sure to return a value other than undefined from your query function. Affected query key: ["themes"]
Query data cannot be undefined. Please make sure to return a value other than undefined from your query function. Affected query key: ["current-theme"]
Query data cannot be undefined. Please make sure to return a value other than undefined from your query function. Affected query key: ["themes"]
Query data cannot be undefined. Please make sure to return a value other than undefined from your query function. Affected query key: ["current-theme"]
Query data cannot be undefined. Please make sure to return a value other than undefined from your query function. Affected query key: ["themes"]
Query data cannot be undefined. Please make sure to return a value other than undefined from your query function. Affected query key: ["current-theme"]
Query data cannot be undefined. Please make sure to return a value other than undefined from your query function. Affected query key: ["themes"]
Query data cannot be undefined. Please make sure to return a value other than undefined from your query function. Affected query key: ["current-theme"]
Query data cannot be undefined. Please make sure to return a value other than undefined from your query function. Affected query key: ["themes"]
Query data cannot be undefined. Please make sure to return a value other than undefined from your query function. Affected query key: ["current-theme"]
Query data cannot be undefined. Please make sure to return a value other than undefined from your query function. Affected query key: ["themes"]
Query data cannot be undefined. Please make sure to return a value other than undefined from your query function. Affected query key: ["current-theme"]
Query data cannot be undefined. Please make sure to return a value other than undefined from your query function. Affected query key: ["themes"]
Query data cannot be undefined. Please make sure to return a value other than undefined from your query function. Affected query key: ["current-theme"]
Query data cannot be undefined. Please make sure to return a value other than undefined from your query function. Affected query key: ["themes"]
Query data cannot be undefined. Please make sure to return a value other than undefined from your query function. Affected query key: ["current-theme"]
Query data cannot be undefined. Please make sure to return a value other than undefined from your query function. Affected query key: ["themes"]
Query data cannot be undefined. Please make sure to return a value other than undefined from your query function. Affected query key: ["current-theme"]
Query data cannot be undefined. Please make sure to return a value other than undefined from your query function. Affected query key: ["themes"]
Query data cannot be undefined. Please make sure to return a value other than undefined from your query function. Affected query key: ["current-theme"]
Query data cannot be undefined. Please make sure to return a value other than undefined from your query function. Affected query key: ["themes"]
Query data cannot be undefined. Please make sure to return a value other than undefined from your query function. Affected query key: ["current-theme"]
Query data cannot be undefined. Please make sure to return a value other than undefined from your query function. Affected query key: ["themes"]
Query data cannot be undefined. Please make sure to return a value other than undefined from your query function. Affected query key: ["current-theme"]
Query data cannot be undefined. Please make sure to return a value other than undefined from your query function. Affected query key: ["themes"]
Query data cannot be undefined. Please make sure to return a value other than undefined from your query function. Affected query key: ["current-theme"]
Query data cannot be undefined. Please make sure to return a value other than undefined from your query function. Affected query key: ["themes"]
Query data cannot be undefined. Please make sure to return a value other than undefined from your query function. Affected query key: ["current-theme"]
Query data cannot be undefined. Please make sure to return a value other than undefined from your query function. Affected query key: ["themes"]
Query data cannot be undefined. Please make sure to return a value other than undefined from your query function. Affected query key: ["current-theme"]
Query data cannot be undefined. Please make sure to return a value other than undefined from your query function. Affected query key: ["themes"]
Query data cannot be undefined. Please make sure to return a value other than undefined from your query function. Affected query key: ["current-theme"]
Query data cannot be undefined. Please make sure to return a value other than undefined from your query function. Affected query key: ["themes"]
Query data cannot be undefined. Please make sure to return a value other than undefined from your query function. Affected query key: ["current-theme"]
Query data cannot be undefined. Please make sure to return a value other than undefined from your query function. Affected query key: ["themes"]
Query data cannot be undefined. Please make sure to return a value other than undefined from your query function. Affected query key: ["current-theme"]
Query data cannot be undefined. Please make sure to return a value other than undefined from your query function. Affected query key: ["themes"]
Query data cannot be undefined. Please make sure to return a value other than undefined from your query function. Affected query key: ["current-theme"]
Query data cannot be undefined. Please make sure to return a value other than undefined from your query function. Affected query key: ["themes"]
Query data cannot be undefined. Please make sure to return a value other than undefined from your query function. Affected query key: ["current-theme"]
Query data cannot be undefined. Please make sure to return a value other than undefined from your query function. Affected query key: ["themes"]
Query data cannot be undefined. Please make sure to return a value other than undefined from your query function. Affected query key: ["current-theme"]
Query data cannot be undefined. Please make sure to return a value other than undefined from your query function. Affected query key: ["themes"]
Query data cannot be undefined. Please make sure to return a value other than undefined from your query function. Affected query key: ["current-theme"]
Query data cannot be undefined. Please make sure to return a value other than undefined from your query function. Affected query key: ["themes"]
Query data cannot be undefined. Please make sure to return a value other than undefined from your query function. Affected query key: ["current-theme"]
Query data cannot be undefined. Please make sure to return a value other than undefined from your query function. Affected query key: ["themes"]
Query data cannot be undefined. Please make sure to return a value other than undefined from your query function. Affected query key: ["current-theme"]
Query data cannot be undefined. Please make sure to return a value other than undefined from your query function. Affected query key: ["themes"]
Query data cannot be undefined. Please make sure to return a value other than undefined from your query function. Affected query key: ["current-theme"]
Query data cannot be undefined. Please make sure to return a value other than undefined from your query function. Affected query key: ["themes"]
Query data cannot be undefined. Please make sure to return a value other than undefined from your query function. Affected query key: ["current-theme"]
Query data cannot be undefined. Please make sure to return a value other than undefined from your query function. Affected query key: ["themes"]
Query data cannot be undefined. Please make sure to return a value other than undefined from your query function. Affected query key: ["current-theme"]
Query data cannot be undefined. Please make sure to return a value other than undefined from your query function. Affected query key: ["themes"]
Query data cannot be undefined. Please make sure to return a value other than undefined from your query function. Affected query key: ["current-theme"]
Query data cannot be undefined. Please make sure to return a value other than undefined from your query function. Affected query key: ["themes"]
Query data cannot be undefined. Please make sure to return a value other than undefined from your query function. Affected query key: ["current-theme"]
Query data cannot be undefined. Please make sure to return a value other than undefined from your query function. Affected query key: ["themes"]
Query data cannot be undefined. Please make sure to return a value other than undefined from your query function. Affected query key: ["current-theme"]
Query data cannot be undefined. Please make sure to return a value other than undefined from your query function. Affected query key: ["themes"]
Query data cannot be undefined. Please make sure to return a value other than undefined from your query function. Affected query key: ["current-theme"]
Query data cannot be undefined. Please make sure to return a value other than undefined from your query function. Affected query key: ["themes"]
Query data cannot be undefined. Please make sure to return a value other than undefined from your query function. Affected query key: ["current-theme"]
Query data cannot be undefined. Please make sure to return a value other than undefined from your query function. Affected query key: ["themes"]
Query data cannot be undefined. Please make sure to return a value other than undefined from your query function. Affected query key: ["current-theme"]
Query data cannot be undefined. Please make sure to return a value other than undefined from your query function. Affected query key: ["themes"]
Query data cannot be undefined. Please make sure to return a value other than undefined from your query function. Affected query key: ["current-theme"]
Query data cannot be undefined. Please make sure to return a value other than undefined from your query function. Affected query key: ["themes"]
Query data cannot be undefined. Please make sure to return a value other than undefined from your query function. Affected query key: ["current-theme"]
Query data cannot be undefined. Please make sure to return a value other than undefined from your query function. Affected query key: ["themes"]
Query data cannot be undefined. Please make sure to return a value other than undefined from your query function. Affected query key: ["current-theme"]
Query data cannot be undefined. Please make sure to return a value other than undefined from your query function. Affected query key: ["themes"]
Query data cannot be undefined. Please make sure to return a value other than undefined from your query function. Affected query key: ["current-theme"]
Query data cannot be undefined. Please make sure to return a value other than undefined from your query function. Affected query key: ["themes"]
Query data cannot be undefined. Please make sure to return a value other than undefined from your query function. Affected query key: ["current-theme"]
Query data cannot be undefined. Please make sure to return a value other than undefined from your query function. Affected query key: ["themes"]
Query data cannot be undefined. Please make sure to return a value other than undefined from your query function. Affected query key: ["current-theme"]
Query data cannot be undefined. Please make sure to return a value other than undefined from your query function. Affected query key: ["themes"]
Query data cannot be undefined. Please make sure to return a value other than undefined from your query function. Affected query key: ["current-theme"]
Query data cannot be undefined. Please make sure to return a value other than undefined from your query function. Affected query key: ["themes"]
Query data cannot be undefined. Please make sure to return a value other than undefined from your query function. Affected query key: ["current-theme"]
Query data cannot be undefined. Please make sure to return a value other than undefined from your query function. Affected query key: ["themes"]
Query data cannot be undefined. Please make sure to return a value other than undefined from your query function. Affected query key: ["current-theme"]
Query data cannot be undefined. Please make sure to return a value other than undefined from your query function. Affected query key: ["themes"]
Query data cannot be undefined. Please make sure to return a value other than undefined from your query function. Affected query key: ["current-theme"]
Query data cannot be undefined. Please make sure to return a value other than undefined from your query function. Affected query key: ["themes"]
Query data cannot be undefined. Please make sure to return a value other than undefined from your query function. Affected query key: ["current-theme"]
Query data cannot be undefined. Please make sure to return a value other than undefined from your query function. Affected query key: ["themes"]
Query data cannot be undefined. Please make sure to return a value other than undefined from your query function. Affected query key: ["current-theme"]
Query data cannot be undefined. Please make sure to return a value other than undefined from your query function. Affected query key: ["themes"]
Query data cannot be undefined. Please make sure to return a value other than undefined from your query function. Affected query key: ["current-theme"]
Query data cannot be undefined. Please make sure to return a value other than undefined from your query function. Affected query key: ["themes"]
Query data cannot be undefined. Please make sure to return a value other than undefined from your query function. Affected query key: ["current-theme"]
Query data cannot be undefined. Please make sure to return a value other than undefined from your query function. Affected query key: ["themes"]
Query data cannot be undefined. Please make sure to return a value other than undefined from your query function. Affected query key: ["current-theme"]
Query data cannot be undefined. Please make sure to return a value other than undefined from your query function. Affected query key: ["themes"]
Query data cannot be undefined. Please make sure to return a value other than undefined from your query function. Affected query key: ["current-theme"]
Query data cannot be undefined. Please make sure to return a value other than undefined from your query function. Affected query key: ["themes"]
Query data cannot be undefined. Please make sure to return a value other than undefined from your query function. Affected query key: ["current-theme"]
Query data cannot be undefined. Please make sure to return a value other than undefined from your query function. Affected query key: ["themes"]
Query data cannot be undefined. Please make sure to return a value other than undefined from your query function. Affected query key: ["current-theme"]
Query data cannot be undefined. Please make sure to return a value other than undefined from your query function. Affected query key: ["themes"]
Query data cannot be undefined. Please make sure to return a value other than undefined from your query function. Affected query key: ["current-theme"]
Query data cannot be undefined. Please make sure to return a value other than undefined from your query function. Affected query key: ["themes"]
Query data cannot be undefined. Please make sure to return a value other than undefined from your query function. Affected query key: ["current-theme"]
Query data cannot be undefined. Please make sure to return a value other than undefined from your query function. Affected query key: ["themes"]
Query data cannot be undefined. Please make sure to return a value other than undefined from your query function. Affected query key: ["current-theme"]
Query data cannot be undefined. Please make sure to return a value other than undefined from your query function. Affected query key: ["themes"]
Query data cannot be undefined. Please make sure to return a value other than undefined from your query function. Affected query key: ["current-theme"]
Query data cannot be undefined. Please make sure to return a value other than undefined from your query function. Affected query key: ["themes"]
Query data cannot be undefined. Please make sure to return a value other than undefined from your query function. Affected query key: ["current-theme"]
Query data cannot be undefined. Please make sure to return a value other than undefined from your query function. Affected query key: ["themes"]
Query data cannot be undefined. Please make sure to return a value other than undefined from your query function. Affected query key: ["current-theme"]
Query data cannot be undefined. Please make sure to return a value other than undefined from your query function. Affected query key: ["themes"]
Query data cannot be undefined. Please make sure to return a value other than undefined from your query function. Affected query key: ["current-theme"]
Query data cannot be undefined. Please make sure to return a value other than undefined from your query function. Affected query key: ["themes"]
Query data cannot be undefined. Please make sure to return a value other than undefined from your query function. Affected query key: ["current-theme"]
Query data cannot be undefined. Please make sure to return a value other than undefined from your query function. Affected query key: ["themes"]
Query data cannot be undefined. Please make sure to return a value other than undefined from your query function. Affected query key: ["current-theme"]
Query data cannot be undefined. Please make sure to return a value other than undefined from your query function. Affected query key: ["themes"]
Query data cannot be undefined. Please make sure to return a value other than undefined from your query function. Affected query key: ["current-theme"]
Query data cannot be undefined. Please make sure to return a value other than undefined from your query function. Affected query key: ["themes"]
Query data cannot be undefined. Please make sure to return a value other than undefined from your query function. Affected query key: ["current-theme"]
Query data cannot be undefined. Please make sure to return a value other than undefined from your query function. Affected query key: ["themes"]
Query data cannot be undefined. Please make sure to return a value other than undefined from your query function. Affected query key: ["current-theme"]
Query data cannot be undefined. Please make sure to return a value other than undefined from your query function. Affected query key: ["themes"]
Query data cannot be undefined. Please make sure to return a value other than undefined from your query function. Affected query key: ["current-theme"]
Query data cannot be undefined. Please make sure to return a value other than undefined from your query function. Affected query key: ["themes"]
Query data cannot be undefined. Please make sure to return a value other than undefined from your query function. Affected query key: ["current-theme"]
Query data cannot be undefined. Please make sure to return a value other than undefined from your query function. Affected query key: ["themes"]
Query data cannot be undefined. Please make sure to return a value other than undefined from your query function. Affected query key: ["current-theme"]
Query data cannot be undefined. Please make sure to return a value other than undefined from your query function. Affected query key: ["themes"]
Query data cannot be undefined. Please make sure to return a value other than undefined from your query function. Affected query key: ["current-theme"]
Query data cannot be undefined. Please make sure to return a value other than undefined from your query function. Affected query key: ["themes"]
Query data cannot be undefined. Please make sure to return a value other than undefined from your query function. Affected query key: ["current-theme"]
Query data cannot be undefined. Please make sure to return a value other than undefined from your query function. Affected query key: ["themes"]
Query data cannot be undefined. Please make sure to return a value other than undefined from your query function. Affected query key: ["current-theme"]
Query data cannot be undefined. Please make sure to return a value other than undefined from your query function. Affected query key: ["themes"]
Query data cannot be undefined. Please make sure to return a value other than undefined from your query function. Affected query key: ["current-theme"]
Query data cannot be undefined. Please make sure to return a value other than undefined from your query function. Affected query key: ["themes"]
Query data cannot be undefined. Please make sure to return a value other than undefined from your query function. Affected query key: ["current-theme"]
Query data cannot be undefined. Please make sure to return a value other than undefined from your query function. Affected query key: ["themes"]
Query data cannot be undefined. Please make sure to return a value other than undefined from your query function. Affected query key: ["current-theme"]
Query data cannot be undefined. Please make sure to return a value other than undefined from your query function. Affected query key: ["themes"]
Query data cannot be undefined. Please make sure to return a value other than undefined from your query function. Affected query key: ["current-theme"]
Query data cannot be undefined. Please make sure to return a value other than undefined from your query function. Affected query key: ["themes"]
Query data cannot be undefined. Please make sure to return a value other than undefined from your query function. Affected query key: ["current-theme"]
Query data cannot be undefined. Please make sure to return a value other than undefined from your query function. Affected query key: ["themes"]
Query data cannot be undefined. Please make sure to return a value other than undefined from your query function. Affected query key: ["current-theme"]
Query data cannot be undefined. Please make sure to return a value other than undefined from your query function. Affected query key: ["themes"]
Query data cannot be undefined. Please make sure to return a value other than undefined from your query function. Affected query key: ["current-theme"]
Query data cannot be undefined. Please make sure to return a value other than undefined from your query function. Affected query key: ["themes"]
Query data cannot be undefined. Please make sure to return a value other than undefined from your query function. Affected query key: ["current-theme"]
Query data cannot be undefined. Please make sure to return a value other than undefined from your query function. Affected query key: ["themes"]
Query data cannot be undefined. Please make sure to return a value other than undefined from your query function. Affected query key: ["current-theme"]
Query data cannot be undefined. Please make sure to return a value other than undefined from your query function. Affected query key: ["themes"]
Query data cannot be undefined. Please make sure to return a value other than undefined from your query function. Affected query key: ["current-theme"]
Query data cannot be undefined. Please make sure to return a value other than undefined from your query function. Affected query key: ["themes"]
Query data cannot be undefined. Please make sure to return a value other than undefined from your query function. Affected query key: ["current-theme"]
Query data cannot be undefined. Please make sure to return a value other than undefined from your query function. Affected query key: ["themes"]
Query data cannot be undefined. Please make sure to return a value other than undefined from your query function. Affected query key: ["current-theme"]
Query data cannot be undefined. Please make sure to return a value other than undefined from your query function. Affected query key: ["themes"]
Query data cannot be undefined. Please make sure to return a value other than undefined from your query function. Affected query key: ["current-theme"]
Query data cannot be undefined. Please make sure to return a value other than undefined from your query function. Affected query key: ["themes"]
Query data cannot be undefined. Please make sure to return a value other than undefined from your query function. Affected query key: ["current-theme"]
Query data cannot be undefined. Please make sure to return a value other than undefined from your query function. Affected query key: ["themes"]
Query data cannot be undefined. Please make sure to return a value other than undefined from your query function. Affected query key: ["current-theme"]
Query data cannot be undefined. Please make sure to return a value other than undefined from your query function. Affected query key: ["themes"]
Query data cannot be undefined. Please make sure to return a value other than undefined from your query function. Affected query key: ["current-theme"]
Query data cannot be undefined. Please make sure to return a value other than undefined from your query function. Affected query key: ["themes"]
Query data cannot be undefined. Please make sure to return a value other than undefined from your query function. Affected query key: ["current-theme"]
Query data cannot be undefined. Please make sure to return a value other than undefined from your query function. Affected query key: ["themes"]
Query data cannot be undefined. Please make sure to return a value other than undefined from your query function. Affected query key: ["current-theme"]
Query data cannot be undefined. Please make sure to return a value other than undefined from your query function. Affected query key: ["themes"]
Query data cannot be undefined. Please make sure to return a value other than undefined from your query function. Affected query key: ["current-theme"]
Query data cannot be undefined. Please make sure to return a value other than undefined from your query function. Affected query key: ["themes"]
Query data cannot be undefined. Please make sure to return a value other than undefined from your query function. Affected query key: ["current-theme"]
Query data cannot be undefined. Please make sure to return a value other than undefined from your query function. Affected query key: ["themes"]
Query data cannot be undefined. Please make sure to return a value other than undefined from your query function. Affected query key: ["current-theme"]
Query data cannot be undefined. Please make sure to return a value other than undefined from your query function. Affected query key: ["themes"]
Query data cannot be undefined. Please make sure to return a value other than undefined from your query function. Affected query key: ["current-theme"]
Query data cannot be undefined. Please make sure to return a value other than undefined from your query function. Affected query key: ["themes"]
Query data cannot be undefined. Please make sure to return a value other than undefined from your query function. Affected query key: ["current-theme"]
Query data cannot be undefined. Please make sure to return a value other than undefined from your query function. Affected query key: ["themes"]
Query data cannot be undefined. Please make sure to return a value other than undefined from your query function. Affected query key: ["current-theme"]
Query data cannot be undefined. Please make sure to return a value other than undefined from your query function. Affected query key: ["themes"]
Query data cannot be undefined. Please make sure to return a value other than undefined from your query function. Affected query key: ["current-theme"]
Query data cannot be undefined. Please make sure to return a value other than undefined from your query function. Affected query key: ["themes"]
Query data cannot be undefined. Please make sure to return a value other than undefined from your query function. Affected query key: ["current-theme"]
Query data cannot be undefined. Please make sure to return a value other than undefined from your query function. Affected query key: ["themes"]
Query data cannot be undefined. Please make sure to return a value other than undefined from your query function. Affected query key: ["current-theme"]
Query data cannot be undefined. Please make sure to return a value other than undefined from your query function. Affected query key: ["themes"]
Query data cannot be undefined. Please make sure to return a value other than undefined from your query function. Affected query key: ["current-theme"]
Query data cannot be undefined. Please make sure to return a value other than undefined from your query function. Affected query key: ["themes"]
Query data cannot be undefined. Please make sure to return a value other than undefined from your query function. Affected query key: ["current-theme"]
Query data cannot be undefined. Please make sure to return a value other than undefined from your query function. Affected query key: ["themes"]
Query data cannot be undefined. Please make sure to return a value other than undefined from your query function. Affected query key: ["current-theme"]
Query data cannot be undefined. Please make sure to return a value other than undefined from your query function. Affected query key: ["themes"]
Query data cannot be undefined. Please make sure to return a value other than undefined from your query function. Affected query key: ["current-theme"]
Query data cannot be undefined. Please make sure to return a value other than undefined from your query function. Affected query key: ["themes"]
Query data cannot be undefined. Please make sure to return a value other than undefined from your query function. Affected query key: ["current-theme"]
Query data cannot be undefined. Please make sure to return a value other than undefined from your query function. Affected query key: ["themes"]
Query data cannot be undefined. Please make sure to return a value other than undefined from your query function. Affected query key: ["current-theme"]
Query data cannot be undefined. Please make sure to return a value other than undefined from your query function. Affected query key: ["themes"]
Query data cannot be undefined. Please make sure to return a value other than undefined from your query function. Affected query key: ["current-theme"]
Query data cannot be undefined. Please make sure to return a value other than undefined from your query function. Affected query key: ["themes"]
Query data cannot be undefined. Please make sure to return a value other than undefined from your query function. Affected query key: ["current-theme"]
Query data cannot be undefined. Please make sure to return a value other than undefined from your query function. Affected query key: ["themes"]
Query data cannot be undefined. Please make sure to return a value other than undefined from your query function. Affected query key: ["current-theme"]
Query data cannot be undefined. Please make sure to return a value other than undefined from your query function. Affected query key: ["themes"]
Query data cannot be undefined. Please make sure to return a value other than undefined from your query function. Affected query key: ["current-theme"]
Query data cannot be undefined. Please make sure to return a value other than undefined from your query function. Affected query key: ["themes"]
Query data cannot be undefined. Please make sure to return a value other than undefined from your query function. Affected query key: ["current-theme"]
Query data cannot be undefined. Please make sure to return a value other than undefined from your query function. Affected query key: ["themes"]
Query data cannot be undefined. Please make sure to return a value other than undefined from your query function. Affected query key: ["current-theme"]
Query data cannot be undefined. Please make sure to return a value other than undefined from your query function. Affected query key: ["themes"]
Query data cannot be undefined. Please make sure to return a value other than undefined from your query function. Affected query key: ["current-theme"]
Query data cannot be undefined. Please make sure to return a value other than undefined from your query function. Affected query key: ["themes"]
Query data cannot be undefined. Please make sure to return a value other than undefined from your query function. Affected query key: ["current-theme"]
Query data cannot be undefined. Please make sure to return a value other than undefined from your query function. Affected query key: ["themes"]
Query data cannot be undefined. Please make sure to return a value other than undefined from your query function. Affected query key: ["current-theme"]
Query data cannot be undefined. Please make sure to return a value other than undefined from your query function. Affected query key: ["themes"]
Query data cannot be undefined. Please make sure to return a value other than undefined from your query function. Affected query key: ["current-theme"]
Query data cannot be undefined. Please make sure to return a value other than undefined from your query function. Affected query key: ["themes"]
Query data cannot be undefined. Please make sure to return a value other than undefined from your query function. Affected query key: ["current-theme"]
Query data cannot be undefined. Please make sure to return a value other than undefined from your query function. Affected query key: ["themes"]
Query data cannot be undefined. Please make sure to return a value other than undefined from your query function. Affected query key: ["current-theme"]
Query data cannot be undefined. Please make sure to return a value other than undefined from your query function. Affected query key: ["themes"]
Query data cannot be undefined. Please make sure to return a value other than undefined from your query function. Affected query key: ["current-theme"]
Query data cannot be undefined. Please make sure to return a value other than undefined from your query function. Affected query key: ["themes"]
Query data cannot be undefined. Please make sure to return a value other than undefined from your query function. Affected query key: ["current-theme"]
Query data cannot be undefined. Please make sure to return a value other than undefined from your query function. Affected query key: ["themes"]
Query data cannot be undefined. Please make sure to return a value other than undefined from your query function. Affected query key: ["current-theme"]
Query data cannot be undefined. Please make sure to return a value other than undefined from your query function. Affected query key: ["themes"]
Query data cannot be undefined. Please make sure to return a value other than undefined from your query function. Affected query key: ["current-theme"]
Query data cannot be undefined. Please make sure to return a value other than undefined from your query function. Affected query key: ["themes"]
Query data cannot be undefined. Please make sure to return a value other than undefined from your query function. Affected query key: ["current-theme"]
Query data cannot be undefined. Please make sure to return a value other than undefined from your query function. Affected query key: ["themes"]
Query data cannot be undefined. Please make sure to return a value other than undefined from your query function. Affected query key: ["current-theme"]
Query data cannot be undefined. Please make sure to return a value other than undefined from your query function. Affected query key: ["themes"]
Query data cannot be undefined. Please make sure to return a value other than undefined from your query function. Affected query key: ["current-theme"]
Query data cannot be undefined. Please make sure to return a value other than undefined from your query function. Affected query key: ["themes"]
Query data cannot be undefined. Please make sure to return a value other than undefined from your query function. Affected query key: ["current-theme"]
Query data cannot be undefined. Please make sure to return a value other than undefined from your query function. Affected query key: ["themes"]
Query data cannot be undefined. Please make sure to return a value other than undefined from your query function. Affected query key: ["current-theme"]
Query data cannot be undefined. Please make sure to return a value other than undefined from your query function. Affected query key: ["themes"]
Query data cannot be undefined. Please make sure to return a value other than undefined from your query function. Affected query key: ["current-theme"]
Query data cannot be undefined. Please make sure to return a value other than undefined from your query function. Affected query key: ["themes"]
Query data cannot be undefined. Please make sure to return a value other than undefined from your query function. Affected query key: ["current-theme"]
Query data cannot be undefined. Please make sure to return a value other than undefined from your query function. Affected query key: ["themes"]
Query data cannot be undefined. Please make sure to return a value other than undefined from your query function. Affected query key: ["current-theme"]
Query data cannot be undefined. Please make sure to return a value other than undefined from your query function. Affected query key: ["themes"]
Query data cannot be undefined. Please make sure to return a value other than undefined from your query function. Affected query key: ["current-theme"]
Query data cannot be undefined. Please make sure to return a value other than undefined from your query function. Affected query key: ["themes"]
Query data cannot be undefined. Please make sure to return a value other than undefined from your query function. Affected query key: ["current-theme"]
Query data cannot be undefined. Please make sure to return a value other than undefined from your query function. Affected query key: ["themes"]
Query data cannot be undefined. Please make sure to return a value other than undefined from your query function. Affected query key: ["current-theme"]
Query data cannot be undefined. Please make sure to return a value other than undefined from your query function. Affected query key: ["themes"]
Query data cannot be undefined. Please make sure to return a value other than undefined from your query function. Affected query key: ["current-theme"]
Query data cannot be undefined. Please make sure to return a value other than undefined from your query function. Affected query key: ["themes"]
Query data cannot be undefined. Please make sure to return a value other than undefined from your query function. Affected query key: ["current-theme"]
Query data cannot be undefined. Please make sure to return a value other than undefined from your query function. Affected query key: ["themes"]
Query data cannot be undefined. Please make sure to return a value other than undefined from your query function. Affected query key: ["current-theme"]
Query data cannot be undefined. Please make sure to return a value other than undefined from your query function. Affected query key: ["themes"]
Query data cannot be undefined. Please make sure to return a value other than undefined from your query function. Affected query key: ["current-theme"]
Query data cannot be undefined. Please make sure to return a value other than undefined from your query function. Affected query key: ["themes"]
Query data cannot be undefined. Please make sure to return a value other than undefined from your query function. Affected query key: ["current-theme"]
Query data cannot be undefined. Please make sure to return a value other than undefined from your query function. Affected query key: ["themes"]
Query data cannot be undefined. Please make sure to return a value other than undefined from your query function. Affected query key: ["current-theme"]
Query data cannot be undefined. Please make sure to return a value other than undefined from your query function. Affected query key: ["themes"]
Query data cannot be undefined. Please make sure to return a value other than undefined from your query function. Affected query key: ["current-theme"]
Query data cannot be undefined. Please make sure to return a value other than undefined from your query function. Affected query key: ["themes"]
Query data cannot be undefined. Please make sure to return a value other than undefined from your query function. Affected query key: ["current-theme"]
Query data cannot be undefined. Please make sure to return a value other than undefined from your query function. Affected query key: ["themes"]
Query data cannot be undefined. Please make sure to return a value other than undefined from your query function. Affected query key: ["current-theme"]
Query data cannot be undefined. Please make sure to return a value other than undefined from your query function. Affected query key: ["themes"]
Query data cannot be undefined. Please make sure to return a value other than undefined from your query function. Affected query key: ["current-theme"]
Query data cannot be undefined. Please make sure to return a value other than undefined from your query function. Affected query key: ["themes"]
Query data cannot be undefined. Please make sure to return a value other than undefined from your query function. Affected query key: ["current-theme"]
Query data cannot be undefined. Please make sure to return a value other than undefined from your query function. Affected query key: ["themes"]
Query data cannot be undefined. Please make sure to return a value other than undefined from your query function. Affected query key: ["current-theme"]
Query data cannot be undefined. Please make sure to return a value other than undefined from your query function. Affected query key: ["themes"]
Query data cannot be undefined. Please make sure to return a value other than undefined from your query function. Affected query key: ["current-theme"]
Query data cannot be undefined. Please make sure to return a value other than undefined from your query function. Affected query key: ["themes"]
Query data cannot be undefined. Please make sure to return a value other than undefined from your query function. Affected query key: ["current-theme"]
Query data cannot be undefined. Please make sure to return a value other than undefined from your query function. Affected query key: ["themes"]
Query data cannot be undefined. Please make sure to return a value other than undefined from your query function. Affected query key: ["current-theme"]
Query data cannot be undefined. Please make sure to return a value other than undefined from your query function. Affected query key: ["themes"]
Query data cannot be undefined. Please make sure to return a value other than undefined from your query function. Affected query key: ["current-theme"]
Query data cannot be undefined. Please make sure to return a value other than undefined from your query function. Affected query key: ["themes"]
Query data cannot be undefined. Please make sure to return a value other than undefined from your query function. Affected query key: ["current-theme"]
Query data cannot be undefined. Please make sure to return a value other than undefined from your query function. Affected query key: ["themes"]
Query data cannot be undefined. Please make sure to return a value other than undefined from your query function. Affected query key: ["current-theme"]
Query data cannot be undefined. Please make sure to return a value other than undefined from your query function. Affected query key: ["themes"]
Query data cannot be undefined. Please make sure to return a value other than undefined from your query function. Affected query key: ["current-theme"]
Query data cannot be undefined. Please make sure to return a value other than undefined from your query function. Affected query key: ["themes"]
Query data cannot be undefined. Please make sure to return a value other than undefined from your query function. Affected query key: ["current-theme"]
Query data cannot be undefined. Please make sure to return a value other than undefined from your query function. Affected query key: ["themes"]
Query data cannot be undefined. Please make sure to return a value other than undefined from your query function. Affected query key: ["current-theme"]
Query data cannot be undefined. Please make sure to return a value other than undefined from your query function. Affected query key: ["themes"]
Query data cannot be undefined. Please make sure to return a value other than undefined from your query function. Affected query key: ["current-theme"]
Query data cannot be undefined. Please make sure to return a value other than undefined from your query function. Affected query key: ["themes"]
Query data cannot be undefined. Please make sure to return a value other than undefined from your query function. Affected query key: ["current-theme"]
Query data cannot be undefined. Please make sure to return a value other than undefined from your query function. Affected query key: ["themes"]
Query data cannot be undefined. Please make sure to return a value other than undefined from your query function. Affected query key: ["current-theme"]
Query data cannot be undefined. Please make sure to return a value other than undefined from your query function. Affected query key: ["themes"]
Query data cannot be undefined. Please make sure to return a value other than undefined from your query function. Affected query key: ["current-theme"]
Query data cannot be undefined. Please make sure to return a value other than undefined from your query function. Affected query key: ["themes"]
Query data cannot be undefined. Please make sure to return a value other than undefined from your query function. Affected query key: ["current-theme"]
Query data cannot be undefined. Please make sure to return a value other than undefined from your query function. Affected query key: ["themes"]
Query data cannot be undefined. Please make sure to return a value other than undefined from your query function. Affected query key: ["current-theme"]
Query data cannot be undefined. Please make sure to return a value other than undefined from your query function. Affected query key: ["themes"]
Query data cannot be undefined. Please make sure to return a value other than undefined from your query function. Affected query key: ["current-theme"]
Query data cannot be undefined. Please make sure to return a value other than undefined from your query function. Affected query key: ["themes"]
Query data cannot be undefined. Please make sure to return a value other than undefined from your query function. Affected query key: ["current-theme"]
Query data cannot be undefined. Please make sure to return a value other than undefined from your query function. Affected query key: ["themes"]
Query data cannot be undefined. Please make sure to return a value other than undefined from your query function. Affected query key: ["current-theme"]
Query data cannot be undefined. Please make sure to return a value other than undefined from your query function. Affected query key: ["themes"]
Query data cannot be undefined. Please make sure to return a value other than undefined from your query function. Affected query key: ["current-theme"]
Query data cannot be undefined. Please make sure to return a value other than undefined from your query function. Affected query key: ["themes"]
Query data cannot be undefined. Please make sure to return a value other than undefined from your query function. Affected query key: ["current-theme"]
Query data cannot be undefined. Please make sure to return a value other than undefined from your query function. Affected query key: ["themes"]
Query data cannot be undefined. Please make sure to return a value other than undefined from your query function. Affected query key: ["current-theme"]
Query data cannot be undefined. Please make sure to return a value other than undefined from your query function. Affected query key: ["themes"]
Query data cannot be undefined. Please make sure to return a value other than undefined from your query function. Affected query key: ["current-theme"]
Query data cannot be undefined. Please make sure to return a value other than undefined from your query function. Affected query key: ["themes"]
Query data cannot be undefined. Please make sure to return a value other than undefined from your query function. Affected query key: ["current-theme"]
Query data cannot be undefined. Please make sure to return a value other than undefined from your query function. Affected query key: ["themes"]
Query data cannot be undefined. Please make sure to return a value other than undefined from your query function. Affected query key: ["current-theme"]
Query data cannot be undefined. Please make sure to return a value other than undefined from your query function. Affected query key: ["themes"]
Query data cannot be undefined. Please make sure to return a value other than undefined from your query function. Affected query key: ["current-theme"]
Query data cannot be undefined. Please make sure to return a value other than undefined from your query function. Affected query key: ["themes"]
Query data cannot be undefined. Please make sure to return a value other than undefined from your query function. Affected query key: ["current-theme"]
Query data cannot be undefined. Please make sure to return a value other than undefined from your query function. Affected query key: ["themes"]
Query data cannot be undefined. Please make sure to return a value other than undefined from your query function. Affected query key: ["current-theme"]
Query data cannot be undefined. Please make sure to return a value other than undefined from your query function. Affected query key: ["themes"]
Query data cannot be undefined. Please make sure to return a value other than undefined from your query function. Affected query key: ["current-theme"]
Query data cannot be undefined. Please make sure to return a value other than undefined from your query function. Affected query key: ["themes"]
Query data cannot be undefined. Please make sure to return a value other than undefined from your query function. Affected query key: ["current-theme"]
Query data cannot be undefined. Please make sure to return a value other than undefined from your query function. Affected query key: ["themes"]
Query data cannot be undefined. Please make sure to return a value other than undefined from your query function. Affected query key: ["current-theme"]
Query data cannot be undefined. Please make sure to return a value other than undefined from your query function. Affected query key: ["themes"]
Query data cannot be undefined. Please make sure to return a value other than undefined from your query function. Affected query key: ["current-theme"]
Query data cannot be undefined. Please make sure to return a value other than undefined from your query function. Affected query key: ["themes"]
Query data cannot be undefined. Please make sure to return a value other than undefined from your query function. Affected query key: ["current-theme"]
Query data cannot be undefined. Please make sure to return a value other than undefined from your query function. Affected query key: ["themes"]
Query data cannot be undefined. Please make sure to return a value other than undefined from your query function. Affected query key: ["current-theme"]
Query data cannot be undefined. Please make sure to return a value other than undefined from your query function. Affected query key: ["themes"]
Query data cannot be undefined. Please make sure to return a value other than undefined from your query function. Affected query key: ["current-theme"]
Query data cannot be undefined. Please make sure to return a value other than undefined from your query function. Affected query key: ["themes"]
Query data cannot be undefined. Please make sure to return a value other than undefined from your query function. Affected query key: ["current-theme"]
Query data cannot be undefined. Please make sure to return a value other than undefined from your query function. Affected query key: ["themes"]
Query data cannot be undefined. Please make sure to return a value other than undefined from your query function. Affected query key: ["current-theme"]
Query data cannot be undefined. Please make sure to return a value other than undefined from your query function. Affected query key: ["themes"]
Query data cannot be undefined. Please make sure to return a value other than undefined from your query function. Affected query key: ["current-theme"]
Query data cannot be undefined. Please make sure to return a value other than undefined from your query function. Affected query key: ["themes"]
Query data cannot be undefined. Please make sure to return a value other than undefined from your query function. Affected query key: ["current-theme"]
Query data cannot be undefined. Please make sure to return a value other than undefined from your query function. Affected query key: ["themes"]
Query data cannot be undefined. Please make sure to return a value other than undefined from your query function. Affected query key: ["current-theme"]
Query data cannot be undefined. Please make sure to return a value other than undefined from your query function. Affected query key: ["themes"]
Query data cannot be undefined. Please make sure to return a value other than undefined from your query function. Affected query key: ["current-theme"]
Query data cannot be undefined. Please make sure to return a value other than undefined from your query function. Affected query key: ["themes"]
Query data cannot be undefined. Please make sure to return a value other than undefined from your query function. Affected query key: ["current-theme"]
Query data cannot be undefined. Please make sure to return a value other than undefined from your query function. Affected query key: ["themes"]
Query data cannot be undefined. Please make sure to return a value other than undefined from your query function. Affected query key: ["current-theme"]
Query data cannot be undefined. Please make sure to return a value other than undefined from your query function. Affected query key: ["themes"]
Query data cannot be undefined. Please make sure to return a value other than undefined from your query function. Affected query key: ["current-theme"]
Query data cannot be undefined. Please make sure to return a value other than undefined from your query function. Affected query key: ["themes"]
Query data cannot be undefined. Please make sure to return a value other than undefined from your query function. Affected query key: ["current-theme"]
Query data cannot be undefined. Please make sure to return a value other than undefined from your query function. Affected query key: ["themes"]
Query data cannot be undefined. Please make sure to return a value other than undefined from your query function. Affected query key: ["current-theme"]
Query data cannot be undefined. Please make sure to return a value other than undefined from your query function. Affected query key: ["themes"]
Query data cannot be undefined. Please make sure to return a value other than undefined from your query function. Affected query key: ["current-theme"]
Query data cannot be undefined. Please make sure to return a value other than undefined from your query function. Affected query key: ["themes"]
Query data cannot be undefined. Please make sure to return a value other than undefined from your query function. Affected query key: ["current-theme"]
Query data cannot be undefined. Please make sure to return a value other than undefined from your query function. Affected query key: ["themes"]
Query data cannot be undefined. Please make sure to return a value other than undefined from your query function. Affected query key: ["current-theme"]
Query data cannot be undefined. Please make sure to return a value other than undefined from your query function. Affected query key: ["themes"]
Query data cannot be undefined. Please make sure to return a value other than undefined from your query function. Affected query key: ["current-theme"]
Query data cannot be undefined. Please make sure to return a value other than undefined from your query function. Affected query key: ["themes"]
Query data cannot be undefined. Please make sure to return a value other than undefined from your query function. Affected query key: ["current-theme"]
Query data cannot be undefined. Please make sure to return a value other than undefined from your query function. Affected query key: ["themes"]
Query data cannot be undefined. Please make sure to return a value other than undefined from your query function. Affected query key: ["current-theme"]
Query data cannot be undefined. Please make sure to return a value other than undefined from your query function. Affected query key: ["themes"]
Query data cannot be undefined. Please make sure to return a value other than undefined from your query function. Affected query key: ["current-theme"]
Query data cannot be undefined. Please make sure to return a value other than undefined from your query function. Affected query key: ["themes"]
Query data cannot be undefined. Please make sure to return a value other than undefined from your query function. Affected query key: ["current-theme"]
Query data cannot be undefined. Please make sure to return a value other than undefined from your query function. Affected query key: ["themes"]
Query data cannot be undefined. Please make sure to return a value other than undefined from your query function. Affected query key: ["current-theme"]
Query data cannot be undefined. Please make sure to return a value other than undefined from your query function. Affected query key: ["themes"]
Query data cannot be undefined. Please make sure to return a value other than undefined from your query function. Affected query key: ["current-theme"]
Query data cannot be undefined. Please make sure to return a value other than undefined from your query function. Affected query key: ["themes"]
Query data cannot be undefined. Please make sure to return a value other than undefined from your query function. Affected query key: ["current-theme"]
Query data cannot be undefined. Please make sure to return a value other than undefined from your query function. Affected query key: ["themes"]
Query data cannot be undefined. Please make sure to return a value other than undefined from your query function. Affected query key: ["current-theme"]
Query data cannot be undefined. Please make sure to return a value other than undefined from your query function. Affected query key: ["themes"]
Query data cannot be undefined. Please make sure to return a value other than undefined from your query function. Affected query key: ["current-theme"]
Query data cannot be undefined. Please make sure to return a value other than undefined from your query function. Affected query key: ["themes"]
Query data cannot be undefined. Please make sure to return a value other than undefined from your query function. Affected query key: ["current-theme"]
Query data cannot be undefined. Please make sure to return a value other than undefined from your query function. Affected query key: ["themes"]
Query data cannot be undefined. Please make sure to return a value other than undefined from your query function. Affected query key: ["current-theme"]
Query data cannot be undefined. Please make sure to return a value other than undefined from your query function. Affected query key: ["themes"]
Query data cannot be undefined. Please make sure to return a value other than undefined from your query function. Affected query key: ["current-theme"]
Query data cannot be undefined. Please make sure to return a value other than undefined from your query function. Affected query key: ["themes"]
Query data cannot be undefined. Please make sure to return a value other than undefined from your query function. Affected query key: ["current-theme"]
Query data cannot be undefined. Please make sure to return a value other than undefined from your query function. Affected query key: ["themes"]
Query data cannot be undefined. Please make sure to return a value other than undefined from your query function. Affected query key: ["current-theme"]
Query data cannot be undefined. Please make sure to return a value other than undefined from your query function. Affected query key: ["themes"]
Query data cannot be undefined. Please make sure to return a value other than undefined from your query function. Affected query key: ["current-theme"]
Query data cannot be undefined. Please make sure to return a value other than undefined from your query function. Affected query key: ["themes"]
Query data cannot be undefined. Please make sure to return a value other than undefined from your query function. Affected query key: ["current-theme"]
Query data cannot be undefined. Please make sure to return a value other than undefined from your query function. Affected query key: ["themes"]
Query data cannot be undefined. Please make sure to return a value other than undefined from your query function. Affected query key: ["current-theme"]
Query data cannot be undefined. Please make sure to return a value other than undefined from your query function. Affected query key: ["themes"]
Query data cannot be undefined. Please make sure to return a value other than undefined from your query function. Affected query key: ["current-theme"]
Query data cannot be undefined. Please make sure to return a value other than undefined from your query function. Affected query key: ["themes"]
Query data cannot be undefined. Please make sure to return a value other than undefined from your query function. Affected query key: ["current-theme"]
Query data cannot be undefined. Please make sure to return a value other than undefined from your query function. Affected query key: ["themes"]
Query data cannot be undefined. Please make sure to return a value other than undefined from your query function. Affected query key: ["current-theme"]
Query data cannot be undefined. Please make sure to return a value other than undefined from your query function. Affected query key: ["themes"]
Query data cannot be undefined. Please make sure to return a value other than undefined from your query function. Affected query key: ["current-theme"]
Query data cannot be undefined. Please make sure to return a value other than undefined from your query function. Affected query key: ["themes"]
Query data cannot be undefined. Please make sure to return a value other than undefined from your query function. Affected query key: ["current-theme"]
Query data cannot be undefined. Please make sure to return a value other than undefined from your query function. Affected query key: ["themes"]
Query data cannot be undefined. Please make sure to return a value other than undefined from your query function. Affected query key: ["current-theme"]
Query data cannot be undefined. Please make sure to return a value other than undefined from your query function. Affected query key: ["themes"]
Query data cannot be undefined. Please make sure to return a value other than undefined from your query function. Affected query key: ["current-theme"]
Query data cannot be undefined. Please make sure to return a value other than undefined from your query function. Affected query key: ["themes"]
Query data cannot be undefined. Please make sure to return a value other than undefined from your query function. Affected query key: ["current-theme"]
Query data cannot be undefined. Please make sure to return a value other than undefined from your query function. Affected query key: ["themes"]
Query data cannot be undefined. Please make sure to return a value other than undefined from your query function. Affected query key: ["current-theme"]
Query data cannot be undefined. Please make sure to return a value other than undefined from your query function. Affected query key: ["themes"]
Query data cannot be undefined. Please make sure to return a value other than undefined from your query function. Affected query key: ["current-theme"]
Query data cannot be undefined. Please make sure to return a value other than undefined from your query function. Affected query key: ["themes"]
Query data cannot be undefined. Please make sure to return a value other than undefined from your query function. Affected query key: ["current-theme"]
Query data cannot be undefined. Please make sure to return a value other than undefined from your query function. Affected query key: ["themes"]
Query data cannot be undefined. Please make sure to return a value other than undefined from your query function. Affected query key: ["current-theme"]
Query data cannot be undefined. Please make sure to return a value other than undefined from your query function. Affected query key: ["themes"]
Query data cannot be undefined. Please make sure to return a value other than undefined from your query function. Affected query key: ["current-theme"]
Query data cannot be undefined. Please make sure to return a value other than undefined from your query function. Affected query key: ["themes"]
Query data cannot be undefined. Please make sure to return a value other than undefined from your query function. Affected query key: ["current-theme"]
Query data cannot be undefined. Please make sure to return a value other than undefined from your query function. Affected query key: ["themes"]
Query data cannot be undefined. Please make sure to return a value other than undefined from your query function. Affected query key: ["current-theme"]
Query data cannot be undefined. Please make sure to return a value other than undefined from your query function. Affected query key: ["themes"]
Query data cannot be undefined. Please make sure to return a value other than undefined from your query function. Affected query key: ["current-theme"]
Query data cannot be undefined. Please make sure to return a value other than undefined from your query function. Affected query key: ["themes"]
Query data cannot be undefined. Please make sure to return a value other than undefined from your query function. Affected query key: ["current-theme"]
Query data cannot be undefined. Please make sure to return a value other than undefined from your query function. Affected query key: ["themes"]
Query data cannot be undefined. Please make sure to return a value other than undefined from your query function. Affected query key: ["current-theme"]
Query data cannot be undefined. Please make sure to return a value other than undefined from your query function. Affected query key: ["themes"]
Query data cannot be undefined. Please make sure to return a value other than undefined from your query function. Affected query key: ["current-theme"]
Query data cannot be undefined. Please make sure to return a value other than undefined from your query function. Affected query key: ["themes"]
Query data cannot be undefined. Please make sure to return a value other than undefined from your query function. Affected query key: ["current-theme"]
Query data cannot be undefined. Please make sure to return a value other than undefined from your query function. Affected query key: ["themes"]
Query data cannot be undefined. Please make sure to return a value other than undefined from your query function. Affected query key: ["current-theme"]
Query data cannot be undefined. Please make sure to return a value other than undefined from your query function. Affected query key: ["themes"]
Query data cannot be undefined. Please make sure to return a value other than undefined from your query function. Affected query key: ["current-theme"]
Query data cannot be undefined. Please make sure to return a value other than undefined from your query function. Affected query key: ["themes"]
Query data cannot be undefined. Please make sure to return a value other than undefined from your query function. Affected query key: ["current-theme"]
Query data cannot be undefined. Please make sure to return a value other than undefined from your query function. Affected query key: ["themes"]
Query data cannot be undefined. Please make sure to return a value other than undefined from your query function. Affected query key: ["current-theme"]
Query data cannot be undefined. Please make sure to return a value other than undefined from your query function. Affected query key: ["themes"]
Query data cannot be undefined. Please make sure to return a value other than undefined from your query function. Affected query key: ["current-theme"]
Query data cannot be undefined. Please make sure to return a value other than undefined from your query function. Affected query key: ["themes"]
Query data cannot be undefined. Please make sure to return a value other than undefined from your query function. Affected query key: ["current-theme"]
Query data cannot be undefined. Please make sure to return a value other than undefined from your query function. Affected query key: ["themes"]
Query data cannot be undefined. Please make sure to return a value other than undefined from your query function. Affected query key: ["current-theme"]
Query data cannot be undefined. Please make sure to return a value other than undefined from your query function. Affected query key: ["themes"]
Query data cannot be undefined. Please make sure to return a value other than undefined from your query function. Affected query key: ["current-theme"]
Query data cannot be undefined. Please make sure to return a value other than undefined from your query function. Affected query key: ["themes"]
Query data cannot be undefined. Please make sure to return a value other than undefined from your query function. Affected query key: ["current-theme"]
Query data cannot be undefined. Please make sure to return a value other than undefined from your query function. Affected query key: ["themes"]
Query data cannot be undefined. Please make sure to return a value other than undefined from your query function. Affected query key: ["current-theme"]
Query data cannot be undefined. Please make sure to return a value other than undefined from your query function. Affected query key: ["themes"]
Query data cannot be undefined. Please make sure to return a value other than undefined from your query function. Affected query key: ["current-theme"]
Query data cannot be undefined. Please make sure to return a value other than undefined from your query function. Affected query key: ["themes"]
Query data cannot be undefined. Please make sure to return a value other than undefined from your query function. Affected query key: ["current-theme"]
Query data cannot be undefined. Please make sure to return a value other than undefined from your query function. Affected query key: ["themes"]
Query data cannot be undefined. Please make sure to return a value other than undefined from your query function. Affected query key: ["current-theme"]
Query data cannot be undefined. Please make sure to return a value other than undefined from your query function. Affected query key: ["themes"]
Query data cannot be undefined. Please make sure to return a value other than undefined from your query function. Affected query key: ["current-theme"]
Query data cannot be undefined. Please make sure to return a value other than undefined from your query function. Affected query key: ["themes"]
Query data cannot be undefined. Please make sure to return a value other than undefined from your query function. Affected query key: ["current-theme"]
Query data cannot be undefined. Please make sure to return a value other than undefined from your query function. Affected query key: ["themes"]
Query data cannot be undefined. Please make sure to return a value other than undefined from your query function. Affected query key: ["current-theme"]
Query data cannot be undefined. Please make sure to return a value other than undefined from your query function. Affected query key: ["themes"]
Query data cannot be undefined. Please make sure to return a value other than undefined from your query function. Affected query key: ["current-theme"]
Query data cannot be undefined. Please make sure to return a value other than undefined from your query function. Affected query key: ["themes"]
Query data cannot be undefined. Please make sure to return a value other than undefined from your query function. Affected query key: ["current-theme"]
Query data cannot be undefined. Please make sure to return a value other than undefined from your query function. Affected query key: ["themes"]
Query data cannot be undefined. Please make sure to return a value other than undefined from your query function. Affected query key: ["current-theme"]
Query data cannot be undefined. Please make sure to return a value other than undefined from your query function. Affected query key: ["themes"]
Query data cannot be undefined. Please make sure to return a value other than undefined from your query function. Affected query key: ["current-theme"]
Query data cannot be undefined. Please make sure to return a value other than undefined from your query function. Affected query key: ["themes"]
Query data cannot be undefined. Please make sure to return a value other than undefined from your query function. Affected query key: ["current-theme"]
Query data cannot be undefined. Please make sure to return a value other than undefined from your query function. Affected query key: ["themes"]
Query data cannot be undefined. Please make sure to return a value other than undefined from your query function. Affected query key: ["current-theme"]
Query data cannot be undefined. Please make sure to return a value other than undefined from your query function. Affected query key: ["themes"]
Query data cannot be undefined. Please make sure to return a value other than undefined from your query function. Affected query key: ["current-theme"]
Query data cannot be undefined. Please make sure to return a value other than undefined from your query function. Affected query key: ["themes"]
Query data cannot be undefined. Please make sure to return a value other than undefined from your query function. Affected query key: ["current-theme"]
Query data cannot be undefined. Please make sure to return a value other than undefined from your query function. Affected query key: ["themes"]
Query data cannot be undefined. Please make sure to return a value other than undefined from your query function. Affected query key: ["current-theme"]
Query data cannot be undefined. Please make sure to return a value other than undefined from your query function. Affected query key: ["themes"]
Query data cannot be undefined. Please make sure to return a value other than undefined from your query function. Affected query key: ["current-theme"]
Query data cannot be undefined. Please make sure to return a value other than undefined from your query function. Affected query key: ["themes"]
Query data cannot be undefined. Please make sure to return a value other than undefined from your query function. Affected query key: ["current-theme"]
Query data cannot be undefined. Please make sure to return a value other than undefined from your query function. Affected query key: ["themes"]
Query data cannot be undefined. Please make sure to return a value other than undefined from your query function. Affected query key: ["current-theme"]
Query data cannot be undefined. Please make sure to return a value other than undefined from your query function. Affected query key: ["themes"]
Query data cannot be undefined. Please make sure to return a value other than undefined from your query function. Affected query key: ["current-theme"]
Query data cannot be undefined. Please make sure to return a value other than undefined from your query function. Affected query key: ["themes"]
Query data cannot be undefined. Please make sure to return a value other than undefined from your query function. Affected query key: ["current-theme"]
Query data cannot be undefined. Please make sure to return a value other than undefined from your query function. Affected query key: ["themes"]
Query data cannot be undefined. Please make sure to return a value other than undefined from your query function. Affected query key: ["current-theme"]
Query data cannot be undefined. Please make sure to return a value other than undefined from your query function. Affected query key: ["themes"]
Query data cannot be undefined. Please make sure to return a value other than undefined from your query function. Affected query key: ["current-theme"]
Query data cannot be undefined. Please make sure to return a value other than undefined from your query function. Affected query key: ["themes"]
Query data cannot be undefined. Please make sure to return a value other than undefined from your query function. Affected query key: ["current-theme"]
Query data cannot be undefined. Please make sure to return a value other than undefined from your query function. Affected query key: ["themes"]
Query data cannot be undefined. Please make sure to return a value other than undefined from your query function. Affected query key: ["current-theme"]
Query data cannot be undefined. Please make sure to return a value other than undefined from your query function. Affected query key: ["themes"]
Query data cannot be undefined. Please make sure to return a value other than undefined from your query function. Affected query key: ["current-theme"]
Query data cannot be undefined. Please make sure to return a value other than undefined from your query function. Affected query key: ["themes"]
Query data cannot be undefined. Please make sure to return a value other than undefined from your query function. Affected query key: ["current-theme"]
Query data cannot be undefined. Please make sure to return a value other than undefined from your query function. Affected query key: ["themes"]
Query data cannot be undefined. Please make sure to return a value other than undefined from your query function. Affected query key: ["current-theme"]
Query data cannot be undefined. Please make sure to return a value other than undefined from your query function. Affected query key: ["themes"]
Query data cannot be undefined. Please make sure to return a value other than undefined from your query function. Affected query key: ["current-theme"]
Query data cannot be undefined. Please make sure to return a value other than undefined from your query function. Affected query key: ["themes"]
Query data cannot be undefined. Please make sure to return a value other than undefined from your query function. Affected query key: ["current-theme"]
Query data cannot be undefined. Please make sure to return a value other than undefined from your query function. Affected query key: ["themes"]
Query data cannot be undefined. Please make sure to return a value other than undefined from your query function. Affected query key: ["current-theme"]
Query data cannot be undefined. Please make sure to return a value other than undefined from your query function. Affected query key: ["themes"]
Query data cannot be undefined. Please make sure to return a value other than undefined from your query function. Affected query key: ["current-theme"]
Query data cannot be undefined. Please make sure to return a value other than undefined from your query function. Affected query key: ["themes"]
Query data cannot be undefined. Please make sure to return a value other than undefined from your query function. Affected query key: ["current-theme"]
Query data cannot be undefined. Please make sure to return a value other than undefined from your query function. Affected query key: ["themes"]
Query data cannot be undefined. Please make sure to return a value other than undefined from your query function. Affected query key: ["current-theme"]
Query data cannot be undefined. Please make sure to return a value other than undefined from your query function. Affected query key: ["themes"]
Query data cannot be undefined. Please make sure to return a value other than undefined from your query function. Affected query key: ["current-theme"]
Query data cannot be undefined. Please make sure to return a value other than undefined from your query function. Affected query key: ["themes"]
Query data cannot be undefined. Please make sure to return a value other than undefined from your query function. Affected query key: ["current-theme"]
Query data cannot be undefined. Please make sure to return a value other than undefined from your query function. Affected query key: ["themes"]
Query data cannot be undefined. Please make sure to return a value other than undefined from your query function. Affected query key: ["current-theme"]
Query data cannot be undefined. Please make sure to return a value other than undefined from your query function. Affected query key: ["themes"]
Query data cannot be undefined. Please make sure to return a value other than undefined from your query function. Affected query key: ["current-theme"]
Query data cannot be undefined. Please make sure to return a value other than undefined from your query function. Affected query key: ["themes"]
Query data cannot be undefined. Please make sure to return a value other than undefined from your query function. Affected query key: ["current-theme"]
Query data cannot be undefined. Please make sure to return a value other than undefined from your query function. Affected query key: ["themes"]
Query data cannot be undefined. Please make sure to return a value other than undefined from your query function. Affected query key: ["current-theme"]
Query data cannot be undefined. Please make sure to return a value other than undefined from your query function. Affected query key: ["themes"]
Query data cannot be undefined. Please make sure to return a value other than undefined from your query function. Affected query key: ["current-theme"]
Query data cannot be undefined. Please make sure to return a value other than undefined from your query function. Affected query key: ["themes"]
Query data cannot be undefined. Please make sure to return a value other than undefined from your query function. Affected query key: ["current-theme"]
Query data cannot be undefined. Please make sure to return a value other than undefined from your query function. Affected query key: ["themes"]
Query data cannot be undefined. Please make sure to return a value other than undefined from your query function. Affected query key: ["current-theme"]
Query data cannot be undefined. Please make sure to return a value other than undefined from your query function. Affected query key: ["themes"]
Query data cannot be undefined. Please make sure to return a value other than undefined from your query function. Affected query key: ["current-theme"]
Query data cannot be undefined. Please make sure to return a value other than undefined from your query function. Affected query key: ["themes"]
Query data cannot be undefined. Please make sure to return a value other than undefined from your query function. Affected query key: ["current-theme"]
Query data cannot be undefined. Please make sure to return a value other than undefined from your query function. Affected query key: ["themes"]
Query data cannot be undefined. Please make sure to return a value other than undefined from your query function. Affected query key: ["current-theme"]
Query data cannot be undefined. Please make sure to return a value other than undefined from your query function. Affected query key: ["themes"]
Query data cannot be undefined. Please make sure to return a value other than undefined from your query function. Affected query key: ["current-theme"]
Query data cannot be undefined. Please make sure to return a value other than undefined from your query function. Affected query key: ["themes"]
Query data cannot be undefined. Please make sure to return a value other than undefined from your query function. Affected query key: ["current-theme"]
Query data cannot be undefined. Please make sure to return a value other than undefined from your query function. Affected query key: ["themes"]
Query data cannot be undefined. Please make sure to return a value other than undefined from your query function. Affected query key: ["current-theme"]
Query data cannot be undefined. Please make sure to return a value other than undefined from your query function. Affected query key: ["themes"]
Query data cannot be undefined. Please make sure to return a value other than undefined from your query function. Affected query key: ["current-theme"]
Query data cannot be undefined. Please make sure to return a value other than undefined from your query function. Affected query key: ["themes"]
Query data cannot be undefined. Please make sure to return a value other than undefined from your query function. Affected query key: ["current-theme"]
Query data cannot be undefined. Please make sure to return a value other than undefined from your query function. Affected query key: ["themes"]
Query data cannot be undefined. Please make sure to return a value other than undefined from your query function. Affected query key: ["current-theme"]
Query data cannot be undefined. Please make sure to return a value other than undefined from your query function. Affected query key: ["themes"]
Query data cannot be undefined. Please make sure to return a value other than undefined from your query function. Affected query key: ["current-theme"]
Query data cannot be undefined. Please make sure to return a value other than undefined from your query function. Affected query key: ["themes"]
Query data cannot be undefined. Please make sure to return a value other than undefined from your query function. Affected query key: ["current-theme"]
Query data cannot be undefined. Please make sure to return a value other than undefined from your query function. Affected query key: ["themes"]
Query data cannot be undefined. Please make sure to return a value other than undefined from your query function. Affected query key: ["current-theme"]
Query data cannot be undefined. Please make sure to return a value other than undefined from your query function. Affected query key: ["themes"]
Query data cannot be undefined. Please make sure to return a value other than undefined from your query function. Affected query key: ["current-theme"]
Query data cannot be undefined. Please make sure to return a value other than undefined from your query function. Affected query key: ["themes"]
Query data cannot be undefined. Please make sure to return a value other than undefined from your query function. Affected query key: ["current-theme"]
Query data cannot be undefined. Please make sure to return a value other than undefined from your query function. Affected query key: ["themes"]
Query data cannot be undefined. Please make sure to return a value other than undefined from your query function. Affected query key: ["current-theme"]
Query data cannot be undefined. Please make sure to return a value other than undefined from your query function. Affected query key: ["themes"]
Query data cannot be undefined. Please make sure to return a value other than undefined from your query function. Affected query key: ["current-theme"]
Query data cannot be undefined. Please make sure to return a value other than undefined from your query function. Affected query key: ["themes"]
Query data cannot be undefined. Please make sure to return a value other than undefined from your query function. Affected query key: ["current-theme"]
Query data cannot be undefined. Please make sure to return a value other than undefined from your query function. Affected query key: ["themes"]
Query data cannot be undefined. Please make sure to return a value other than undefined from your query function. Affected query key: ["current-theme"]
Query data cannot be undefined. Please make sure to return a value other than undefined from your query function. Affected query key: ["themes"]
Query data cannot be undefined. Please make sure to return a value other than undefined from your query function. Affected query key: ["current-theme"]
Query data cannot be undefined. Please make sure to return a value other than undefined from your query function. Affected query key: ["themes"]
Query data cannot be undefined. Please make sure to return a value other than undefined from your query function. Affected query key: ["current-theme"]
Query data cannot be undefined. Please make sure to return a value other than undefined from your query function. Affected query key: ["themes"]
Query data cannot be undefined. Please make sure to return a value other than undefined from your query function. Affected query key: ["current-theme"]
Query data cannot be undefined. Please make sure to return a value other than undefined from your query function. Affected query key: ["themes"]
Query data cannot be undefined. Please make sure to return a value other than undefined from your query function. Affected query key: ["current-theme"]
Query data cannot be undefined. Please make sure to return a value other than undefined from your query function. Affected query key: ["themes"]
Query data cannot be undefined. Please make sure to return a value other than undefined from your query function. Affected query key: ["current-theme"]
Query data cannot be undefined. Please make sure to return a value other than undefined from your query function. Affected query key: ["themes"]
Query data cannot be undefined. Please make sure to return a value other than undefined from your query function. Affected query key: ["current-theme"]
Query data cannot be undefined. Please make sure to return a value other than undefined from your query function. Affected query key: ["themes"]
Query data cannot be undefined. Please make sure to return a value other than undefined from your query function. Affected query key: ["current-theme"]
Query data cannot be undefined. Please make sure to return a value other than undefined from your query function. Affected query key: ["themes"]
Query data cannot be undefined. Please make sure to return a value other than undefined from your query function. Affected query key: ["current-theme"]
Query data cannot be undefined. Please make sure to return a value other than undefined from your query function. Affected query key: ["themes"]
Query data cannot be undefined. Please make sure to return a value other than undefined from your query function. Affected query key: ["current-theme"]
Query data cannot be undefined. Please make sure to return a value other than undefined from your query function. Affected query key: ["themes"]
Query data cannot be undefined. Please make sure to return a value other than undefined from your query function. Affected query key: ["current-theme"]
Query data cannot be undefined. Please make sure to return a value other than undefined from your query function. Affected query key: ["themes"]
Query data cannot be undefined. Please make sure to return a value other than undefined from your query function. Affected query key: ["current-theme"]
Query data cannot be undefined. Please make sure to return a value other than undefined from your query function. Affected query key: ["themes"]
Query data cannot be undefined. Please make sure to return a value other than undefined from your query function. Affected query key: ["current-theme"]
Query data cannot be undefined. Please make sure to return a value other than undefined from your query function. Affected query key: ["themes"]
Query data cannot be undefined. Please make sure to return a value other than undefined from your query function. Affected query key: ["current-theme"]
Query data cannot be undefined. Please make sure to return a value other than undefined from your query function. Affected query key: ["themes"]
Query data cannot be undefined. Please make sure to return a value other than undefined from your query function. Affected query key: ["current-theme"]
Query data cannot be undefined. Please make sure to return a value other than undefined from your query function. Affected query key: ["themes"]
Query data cannot be undefined. Please make sure to return a value other than undefined from your query function. Affected query key: ["current-theme"]
Query data cannot be undefined. Please make sure to return a value other than undefined from your query function. Affected query key: ["themes"]
Query data cannot be undefined. Please make sure to return a value other than undefined from your query function. Affected query key: ["current-theme"]
Query data cannot be undefined. Please make sure to return a value other than undefined from your query function. Affected query key: ["themes"]
Query data cannot be undefined. Please make sure to return a value other than undefined from your query function. Affected query key: ["current-theme"]
Query data cannot be undefined. Please make sure to return a value other than undefined from your query function. Affected query key: ["themes"]
Query data cannot be undefined. Please make sure to return a value other than undefined from your query function. Affected query key: ["current-theme"]
Query data cannot be undefined. Please make sure to return a value other than undefined from your query function. Affected query key: ["themes"]
Query data cannot be undefined. Please make sure to return a value other than undefined from your query function. Affected query key: ["current-theme"]
Query data cannot be undefined. Please make sure to return a value other than undefined from your query function. Affected query key: ["themes"]
Query data cannot be undefined. Please make sure to return a value other than undefined from your query function. Affected query key: ["current-theme"]
Query data cannot be undefined. Please make sure to return a value other than undefined from your query function. Affected query key: ["themes"]
Query data cannot be undefined. Please make sure to return a value other than undefined from your query function. Affected query key: ["current-theme"]
Query data cannot be undefined. Please make sure to return a value other than undefined from your query function. Affected query key: ["themes"]
Query data cannot be undefined. Please make sure to return a value other than undefined from your query function. Affected query key: ["current-theme"]
Query data cannot be undefined. Please make sure to return a value other than undefined from your query function. Affected query key: ["themes"]
Query data cannot be undefined. Please make sure to return a value other than undefined from your query function. Affected query key: ["current-theme"]
Query data cannot be undefined. Please make sure to return a value other than undefined from your query function. Affected query key: ["themes"]
Query data cannot be undefined. Please make sure to return a value other than undefined from your query function. Affected query key: ["current-theme"]
Query data cannot be undefined. Please make sure to return a value other than undefined from your query function. Affected query key: ["themes"]
Query data cannot be undefined. Please make sure to return a value other than undefined from your query function. Affected query key: ["current-theme"]
Query data cannot be undefined. Please make sure to return a value other than undefined from your query function. Affected query key: ["themes"]
Query data cannot be undefined. Please make sure to return a value other than undefined from your query function. Affected query key: ["current-theme"]
Query data cannot be undefined. Please make sure to return a value other than undefined from your query function. Affected query key: ["themes"]
Query data cannot be undefined. Please make sure to return a value other than undefined from your query function. Affected query key: ["current-theme"]
Query data cannot be undefined. Please make sure to return a value other than undefined from your query function. Affected query key: ["themes"]
Query data cannot be undefined. Please make sure to return a value other than undefined from your query function. Affected query key: ["current-theme"]
Query data cannot be undefined. Please make sure to return a value other than undefined from your query function. Affected query key: ["themes"]
Query data cannot be undefined. Please make sure to return a value other than undefined from your query function. Affected query key: ["current-theme"]
Query data cannot be undefined. Please make sure to return a value other than undefined from your query function. Affected query key: ["themes"]
Query data cannot be undefined. Please make sure to return a value other than undefined from your query function. Affected query key: ["current-theme"]
Query data cannot be undefined. Please make sure to return a value other than undefined from your query function. Affected query key: ["themes"]
Query data cannot be undefined. Please make sure to return a value other than undefined from your query function. Affected query key: ["current-theme"]
Query data cannot be undefined. Please make sure to return a value other than undefined from your query function. Affected query key: ["themes"]
Query data cannot be undefined. Please make sure to return a value other than undefined from your query function. Affected query key: ["current-theme"]
Query data cannot be undefined. Please make sure to return a value other than undefined from your query function. Affected query key: ["themes"]
Query data cannot be undefined. Please make sure to return a value other than undefined from your query function. Affected query key: ["current-theme"]
Query data cannot be undefined. Please make sure to return a value other than undefined from your query function. Affected query key: ["themes"]
Query data cannot be undefined. Please make sure to return a value other than undefined from your query function. Affected query key: ["current-theme"]
Query data cannot be undefined. Please make sure to return a value other than undefined from your query function. Affected query key: ["themes"]
Query data cannot be undefined. Please make sure to return a value other than undefined from your query function. Affected query key: ["current-theme"]
Query data cannot be undefined. Please make sure to return a value other than undefined from your query function. Affected query key: ["themes"]
Query data cannot be undefined. Please make sure to return a value other than undefined from your query function. Affected query key: ["current-theme"]
Query data cannot be undefined. Please make sure to return a value other than undefined from your query function. Affected query key: ["themes"]
Query data cannot be undefined. Please make sure to return a value other than undefined from your query function. Affected query key: ["current-theme"]
Query data cannot be undefined. Please make sure to return a value other than undefined from your query function. Affected query key: ["themes"]
Query data cannot be undefined. Please make sure to return a value other than undefined from your query function. Affected query key: ["current-theme"]
Query data cannot be undefined. Please make sure to return a value other than undefined from your query function. Affected query key: ["themes"]
Query data cannot be undefined. Please make sure to return a value other than undefined from your query function. Affected query key: ["current-theme"]
Query data cannot be undefined. Please make sure to return a value other than undefined from your query function. Affected query key: ["themes"]
Query data cannot be undefined. Please make sure to return a value other than undefined from your query function. Affected query key: ["current-theme"]
Query data cannot be undefined. Please make sure to return a value other than undefined from your query function. Affected query key: ["themes"]
Query data cannot be undefined. Please make sure to return a value other than undefined from your query function. Affected query key: ["current-theme"]
Query data cannot be undefined. Please make sure to return a value other than undefined from your query function. Affected query key: ["themes"]
Query data cannot be undefined. Please make sure to return a value other than undefined from your query function. Affected query key: ["current-theme"]
Query data cannot be undefined. Please make sure to return a value other than undefined from your query function. Affected query key: ["themes"]
Query data cannot be undefined. Please make sure to return a value other than undefined from your query function. Affected query key: ["current-theme"]
Query data cannot be undefined. Please make sure to return a value other than undefined from your query function. Affected query key: ["themes"]
Query data cannot be undefined. Please make sure to return a value other than undefined from your query function. Affected query key: ["current-theme"]
Query data cannot be undefined. Please make sure to return a value other than undefined from your query function. Affected query key: ["themes"]
Query data cannot be undefined. Please make sure to return a value other than undefined from your query function. Affected query key: ["current-theme"]
Query data cannot be undefined. Please make sure to return a value other than undefined from your query function. Affected query key: ["themes"]
Query data cannot be undefined. Please make sure to return a value other than undefined from your query function. Affected query key: ["current-theme"]
Query data cannot be undefined. Please make sure to return a value other than undefined from your query function. Affected query key: ["themes"]
Query data cannot be undefined. Please make sure to return a value other than undefined from your query function. Affected query key: ["current-theme"]
Query data cannot be undefined. Please make sure to return a value other than undefined from your query function. Affected query key: ["themes"]
Query data cannot be undefined. Please make sure to return a value other than undefined from your query function. Affected query key: ["current-theme"]
Query data cannot be undefined. Please make sure to return a value other than undefined from your query function. Affected query key: ["themes"]
Query data cannot be undefined. Please make sure to return a value other than undefined from your query function. Affected query key: ["current-theme"]
Query data cannot be undefined. Please make sure to return a value other than undefined from your query function. Affected query key: ["themes"]
Query data cannot be undefined. Please make sure to return a value other than undefined from your query function. Affected query key: ["current-theme"]
Query data cannot be undefined. Please make sure to return a value other than undefined from your query function. Affected query key: ["themes"]
Query data cannot be undefined. Please make sure to return a value other than undefined from your query function. Affected query key: ["current-theme"]
Query data cannot be undefined. Please make sure to return a value other than undefined from your query function. Affected query key: ["themes"]
Query data cannot be undefined. Please make sure to return a value other than undefined from your query function. Affected query key: ["current-theme"]
Query data cannot be undefined. Please make sure to return a value other than undefined from your query function. Affected query key: ["themes"]
Query data cannot be undefined. Please make sure to return a value other than undefined from your query function. Affected query key: ["current-theme"]
Query data cannot be undefined. Please make sure to return a value other than undefined from your query function. Affected query key: ["themes"]
Query data cannot be undefined. Please make sure to return a value other than undefined from your query function. Affected query key: ["current-theme"]
Query data cannot be undefined. Please make sure to return a value other than undefined from your query function. Affected query key: ["themes"]
Query data cannot be undefined. Please make sure to return a value other than undefined from your query function. Affected query key: ["current-theme"]
Query data cannot be undefined. Please make sure to return a value other than undefined from your query function. Affected query key: ["themes"]
Query data cannot be undefined. Please make sure to return a value other than undefined from your query function. Affected query key: ["current-theme"]
Query data cannot be undefined. Please make sure to return a value other than undefined from your query function. Affected query key: ["themes"]
Query data cannot be undefined. Please make sure to return a value other than undefined from your query function. Affected query key: ["current-theme"]
Query data cannot be undefined. Please make sure to return a value other than undefined from your query function. Affected query key: ["themes"]
Query data cannot be undefined. Please make sure to return a value other than undefined from your query function. Affected query key: ["current-theme"]
Query data cannot be undefined. Please make sure to return a value other than undefined from your query function. Affected query key: ["themes"]
Query data cannot be undefined. Please make sure to return a value other than undefined from your query function. Affected query key: ["current-theme"]
Query data cannot be undefined. Please make sure to return a value other than undefined from your query function. Affected query key: ["themes"]
Query data cannot be undefined. Please make sure to return a value other than undefined from your query function. Affected query key: ["current-theme"]
Query data cannot be undefined. Please make sure to return a value other than undefined from your query function. Affected query key: ["themes"]
Query data cannot be undefined. Please make sure to return a value other than undefined from your query function. Affected query key: ["current-theme"]
Query data cannot be undefined. Please make sure to return a value other than undefined from your query function. Affected query key: ["themes"]
Query data cannot be undefined. Please make sure to return a value other than undefined from your query function. Affected query key: ["current-theme"]
Query data cannot be undefined. Please make sure to return a value other than undefined from your query function. Affected query key: ["themes"]
Query data cannot be undefined. Please make sure to return a value other than undefined from your query function. Affected query key: ["current-theme"]
Query data cannot be undefined. Please make sure to return a value other than undefined from your query function. Affected query key: ["themes"]
Query data cannot be undefined. Please make sure to return a value other than undefined from your query function. Affected query key: ["current-theme"]
Query data cannot be undefined. Please make sure to return a value other than undefined from your query function. Affected query key: ["themes"]
Query data cannot be undefined. Please make sure to return a value other than undefined from your query function. Affected query key: ["current-theme"]
Query data cannot be undefined. Please make sure to return a value other than undefined from your query function. Affected query key: ["themes"]
Query data cannot be undefined. Please make sure to return a value other than undefined from your query function. Affected query key: ["current-theme"]
Query data cannot be undefined. Please make sure to return a value other than undefined from your query function. Affected query key: ["themes"]
Query data cannot be undefined. Please make sure to return a value other than undefined from your query function. Affected query key: ["current-theme"]
Query data cannot be undefined. Please make sure to return a value other than undefined from your query function. Affected query key: ["themes"]
Query data cannot be undefined. Please make sure to return a value other than undefined from your query function. Affected query key: ["current-theme"]
Query data cannot be undefined. Please make sure to return a value other than undefined from your query function. Affected query key: ["themes"]
Query data cannot be undefined. Please make sure to return a value other than undefined from your query function. Affected query key: ["current-theme"]
Query data cannot be undefined. Please make sure to return a value other than undefined from your query function. Affected query key: ["themes"]
Query data cannot be undefined. Please make sure to return a value other than undefined from your query function. Affected query key: ["current-theme"]
Query data cannot be undefined. Please make sure to return a value other than undefined from your query function. Affected query key: ["themes"]
Query data cannot be undefined. Please make sure to return a value other than undefined from your query function. Affected query key: ["current-theme"]
Query data cannot be undefined. Please make sure to return a value other than undefined from your query function. Affected query key: ["themes"]
Query data cannot be undefined. Please make sure to return a value other than undefined from your query function. Affected query key: ["current-theme"]
Query data cannot be undefined. Please make sure to return a value other than undefined from your query function. Affected query key: ["themes"]
Query data cannot be undefined. Please make sure to return a value other than undefined from your query function. Affected query key: ["current-theme"]
Query data cannot be undefined. Please make sure to return a value other than undefined from your query function. Affected query key: ["themes"]
Query data cannot be undefined. Please make sure to return a value other than undefined from your query function. Affected query key: ["current-theme"]
Query data cannot be undefined. Please make sure to return a value other than undefined from your query function. Affected query key: ["themes"]
Query data cannot be undefined. Please make sure to return a value other than undefined from your query function. Affected query key: ["current-theme"]
Query data cannot be undefined. Please make sure to return a value other than undefined from your query function. Affected query key: ["themes"]
Query data cannot be undefined. Please make sure to return a value other than undefined from your query function. Affected query key: ["current-theme"]
Query data cannot be undefined. Please make sure to return a value other than undefined from your query function. Affected query key: ["themes"]
Query data cannot be undefined. Please make sure to return a value other than undefined from your query function. Affected query key: ["current-theme"]
Query data cannot be undefined. Please make sure to return a value other than undefined from your query function. Affected query key: ["themes"]
Query data cannot be undefined. Please make sure to return a value other than undefined from your query function. Affected query key: ["current-theme"]
Query data cannot be undefined. Please make sure to return a value other than undefined from your query function. Affected query key: ["themes"]
Query data cannot be undefined. Please make sure to return a value other than undefined from your query function. Affected query key: ["current-theme"]
Query data cannot be undefined. Please make sure to return a value other than undefined from your query function. Affected query key: ["themes"]
Query data cannot be undefined. Please make sure to return a value other than undefined from your query function. Affected query key: ["current-theme"]
Query data cannot be undefined. Please make sure to return a value other than undefined from your query function. Affected query key: ["themes"]
Query data cannot be undefined. Please make sure to return a value other than undefined from your query function. Affected query key: ["current-theme"]
Query data cannot be undefined. Please make sure to return a value other than undefined from your query function. Affected query key: ["themes"]
Query data cannot be undefined. Please make sure to return a value other than undefined from your query function. Affected query key: ["current-theme"]
Query data cannot be undefined. Please make sure to return a value other than undefined from your query function. Affected query key: ["themes"]
Query data cannot be undefined. Please make sure to return a value other than undefined from your query function. Affected query key: ["current-theme"]
Query data cannot be undefined. Please make sure to return a value other than undefined from your query function. Affected query key: ["themes"]
Query data cannot be undefined. Please make sure to return a value other than undefined from your query function. Affected query key: ["current-theme"]
Query data cannot be undefined. Please make sure to return a value other than undefined from your query function. Affected query key: ["themes"]
Query data cannot be undefined. Please make sure to return a value other than undefined from your query function. Affected query key: ["current-theme"]
Query data cannot be undefined. Please make sure to return a value other than undefined from your query function. Affected query key: ["themes"]
Query data cannot be undefined. Please make sure to return a value other than undefined from your query function. Affected query key: ["current-theme"]
Query data cannot be undefined. Please make sure to return a value other than undefined from your query function. Affected query key: ["themes"]
Query data cannot be undefined. Please make sure to return a value other than undefined from your query function. Affected query key: ["current-theme"]
Query data cannot be undefined. Please make sure to return a value other than undefined from your query function. Affected query key: ["themes"]
Query data cannot be undefined. Please make sure to return a value other than undefined from your query function. Affected query key: ["current-theme"]
Query data cannot be undefined. Please make sure to return a value other than undefined from your query function. Affected query key: ["themes"]
Query data cannot be undefined. Please make sure to return a value other than undefined from your query function. Affected query key: ["current-theme"]
Query data cannot be undefined. Please make sure to return a value other than undefined from your query function. Affected query key: ["themes"]
Query data cannot be undefined. Please make sure to return a value other than undefined from your query function. Affected query key: ["current-theme"]
Query data cannot be undefined. Please make sure to return a value other than undefined from your query function. Affected query key: ["themes"]
Query data cannot be undefined. Please make sure to return a value other than undefined from your query function. Affected query key: ["current-theme"]
Query data cannot be undefined. Please make sure to return a value other than undefined from your query function. Affected query key: ["themes"]
Query data cannot be undefined. Please make sure to return a value other than undefined from your query function. Affected query key: ["current-theme"]
Query data cannot be undefined. Please make sure to return a value other than undefined from your query function. Affected query key: ["themes"]
Query data cannot be undefined. Please make sure to return a value other than undefined from your query function. Affected query key: ["current-theme"]
Query data cannot be undefined. Please make sure to return a value other than undefined from your query function. Affected query key: ["themes"]
Query data cannot be undefined. Please make sure to return a value other than undefined from your query function. Affected query key: ["current-theme"]
Query data cannot be undefined. Please make sure to return a value other than undefined from your query function. Affected query key: ["themes"]
Query data cannot be undefined. Please make sure to return a value other than undefined from your query function. Affected query key: ["current-theme"]
Query data cannot be undefined. Please make sure to return a value other than undefined from your query function. Affected query key: ["themes"]
Query data cannot be undefined. Please make sure to return a value other than undefined from your query function. Affected query key: ["current-theme"]
Query data cannot be undefined. Please make sure to return a value other than undefined from your query function. Affected query key: ["themes"]
Query data cannot be undefined. Please make sure to return a value other than undefined from your query function. Affected query key: ["current-theme"]
Query data cannot be undefined. Please make sure to return a value other than undefined from your query function. Affected query key: ["themes"]
Query data cannot be undefined. Please make sure to return a value other than undefined from your query function. Affected query key: ["current-theme"]
Query data cannot be undefined. Please make sure to return a value other than undefined from your query function. Affected query key: ["themes"]
Query data cannot be undefined. Please make sure to return a value other than undefined from your query function. Affected query key: ["current-theme"]
Query data cannot be undefined. Please make sure to return a value other than undefined from your query function. Affected query key: ["themes"]
Query data cannot be undefined. Please make sure to return a value other than undefined from your query function. Affected query key: ["current-theme"]
Query data cannot be undefined. Please make sure to return a value other than undefined from your query function. Affected query key: ["themes"]
Query data cannot be undefined. Please make sure to return a value other than undefined from your query function. Affected query key: ["current-theme"]
Query data cannot be undefined. Please make sure to return a value other than undefined from your query function. Affected query key: ["themes"]
Query data cannot be undefined. Please make sure to return a value other than undefined from your query function. Affected query key: ["current-theme"]
Query data cannot be undefined. Please make sure to return a value other than undefined from your query function. Affected query key: ["themes"]
Query data cannot be undefined. Please make sure to return a value other than undefined from your query function. Affected query key: ["current-theme"]
Query data cannot be undefined. Please make sure to return a value other than undefined from your query function. Affected query key: ["themes"]
Query data cannot be undefined. Please make sure to return a value other than undefined from your query function. Affected query key: ["current-theme"]
Query data cannot be undefined. Please make sure to return a value other than undefined from your query function. Affected query key: ["themes"]
Query data cannot be undefined. Please make sure to return a value other than undefined from your query function. Affected query key: ["current-theme"]
Query data cannot be undefined. Please make sure to return a value other than undefined from your query function. Affected query key: ["themes"]
Query data cannot be undefined. Please make sure to return a value other than undefined from your query function. Affected query key: ["current-theme"]
Query data cannot be undefined. Please make sure to return a value other than undefined from your query function. Affected query key: ["themes"]
Query data cannot be undefined. Please make sure to return a value other than undefined from your query function. Affected query key: ["current-theme"]
Query data cannot be undefined. Please make sure to return a value other than undefined from your query function. Affected query key: ["themes"]
Query data cannot be undefined. Please make sure to return a value other than undefined from your query function. Affected query key: ["current-theme"]
Query data cannot be undefined. Please make sure to return a value other than undefined from your query function. Affected query key: ["themes"]
Query data cannot be undefined. Please make sure to return a value other than undefined from your query function. Affected query key: ["current-theme"]
Query data cannot be undefined. Please make sure to return a value other than undefined from your query function. Affected query key: ["themes"]
Query data cannot be undefined. Please make sure to return a value other than undefined from your query function. Affected query key: ["current-theme"]
Query data cannot be undefined. Please make sure to return a value other than undefined from your query function. Affected query key: ["themes"]
Query data cannot be undefined. Please make sure to return a value other than undefined from your query function. Affected query key: ["current-theme"]
Query data cannot be undefined. Please make sure to return a value other than undefined from your query function. Affected query key: ["themes"]
Query data cannot be undefined. Please make sure to return a value other than undefined from your query function. Affected query key: ["current-theme"]
Query data cannot be undefined. Please make sure to return a value other than undefined from your query function. Affected query key: ["themes"]
Query data cannot be undefined. Please make sure to return a value other than undefined from your query function. Affected query key: ["current-theme"]
Query data cannot be undefined. Please make sure to return a value other than undefined from your query function. Affected query key: ["themes"]
Query data cannot be undefined. Please make sure to return a value other than undefined from your query function. Affected query key: ["current-theme"]
Query data cannot be undefined. Please make sure to return a value other than undefined from your query function. Affected query key: ["themes"]
Query data cannot be undefined. Please make sure to return a value other than undefined from your query function. Affected query key: ["current-theme"]
Query data cannot be undefined. Please make sure to return a value other than undefined from your query function. Affected query key: ["themes"]
Query data cannot be undefined. Please make sure to return a value other than undefined from your query function. Affected query key: ["current-theme"]
Query data cannot be undefined. Please make sure to return a value other than undefined from your query function. Affected query key: ["themes"]
Query data cannot be undefined. Please make sure to return a value other than undefined from your query function. Affected query key: ["current-theme"]
Query data cannot be undefined. Please make sure to return a value other than undefined from your query function. Affected query key: ["themes"]
Query data cannot be undefined. Please make sure to return a value other than undefined from your query function. Affected query key: ["current-theme"]
Query data cannot be undefined. Please make sure to return a value other than undefined from your query function. Affected query key: ["themes"]
Query data cannot be undefined. Please make sure to return a value other than undefined from your query function. Affected query key: ["current-theme"]
Query data cannot be undefined. Please make sure to return a value other than undefined from your query function. Affected query key: ["themes"]
Query data cannot be undefined. Please make sure to return a value other than undefined from your query function. Affected query key: ["current-theme"]
Query data cannot be undefined. Please make sure to return a value other than undefined from your query function. Affected query key: ["themes"]
Query data cannot be undefined. Please make sure to return a value other than undefined from your query function. Affected query key: ["current-theme"]
Query data cannot be undefined. Please make sure to return a value other than undefined from your query function. Affected query key: ["themes"]
Query data cannot be undefined. Please make sure to return a value other than undefined from your query function. Affected query key: ["current-theme"]
Query data cannot be undefined. Please make sure to return a value other than undefined from your query function. Affected query key: ["themes"]
Query data cannot be undefined. Please make sure to return a value other than undefined from your query function. Affected query key: ["current-theme"]
Query data cannot be undefined. Please make sure to return a value other than undefined from your query function. Affected query key: ["themes"]
Query data cannot be undefined. Please make sure to return a value other than undefined from your query function. Affected query key: ["current-theme"]
Query data cannot be undefined. Please make sure to return a value other than undefined from your query function. Affected query key: ["themes"]
Query data cannot be undefined. Please make sure to return a value other than undefined from your query function. Affected query key: ["current-theme"]
Query data cannot be undefined. Please make sure to return a value other than undefined from your query function. Affected query key: ["themes"]
Query data cannot be undefined. Please make sure to return a value other than undefined from your query function. Affected query key: ["current-theme"]
Query data cannot be undefined. Please make sure to return a value other than undefined from your query function. Affected query key: ["themes"]
Query data cannot be undefined. Please make sure to return a value other than undefined from your query function. Affected query key: ["current-theme"]
Query data cannot be undefined. Please make sure to return a value other than undefined from your query function. Affected query key: ["themes"]
Query data cannot be undefined. Please make sure to return a value other than undefined from your query function. Affected query key: ["current-theme"]
Query data cannot be undefined. Please make sure to return a value other than undefined from your query function. Affected query key: ["themes"]
Query data cannot be undefined. Please make sure to return a value other than undefined from your query function. Affected query key: ["current-theme"]
Query data cannot be undefined. Please make sure to return a value other than undefined from your query function. Affected query key: ["themes"]
Query data cannot be undefined. Please make sure to return a value other than undefined from your query function. Affected query key: ["current-theme"]
Query data cannot be undefined. Please make sure to return a value other than undefined from your query function. Affected query key: ["themes"]
Query data cannot be undefined. Please make sure to return a value other than undefined from your query function. Affected query key: ["current-theme"]
Query data cannot be undefined. Please make sure to return a value other than undefined from your query function. Affected query key: ["themes"]
Query data cannot be undefined. Please make sure to return a value other than undefined from your query function. Affected query key: ["current-theme"]
Query data cannot be undefined. Please make sure to return a value other than undefined from your query function. Affected query key: ["themes"]
Query data cannot be undefined. Please make sure to return a value other than undefined from your query function. Affected query key: ["current-theme"]
Query data cannot be undefined. Please make sure to return a value other than undefined from your query function. Affected query key: ["themes"]
Query data cannot be undefined. Please make sure to return a value other than undefined from your query function. Affected query key: ["current-theme"]
Query data cannot be undefined. Please make sure to return a value other than undefined from your query function. Affected query key: ["themes"]
Query data cannot be undefined. Please make sure to return a value other than undefined from your query function. Affected query key: ["current-theme"]
Query data cannot be undefined. Please make sure to return a value other than undefined from your query function. Affected query key: ["themes"]
Query data cannot be undefined. Please make sure to return a value other than undefined from your query function. Affected query key: ["current-theme"]
Query data cannot be undefined. Please make sure to return a value other than undefined from your query function. Affected query key: ["themes"]
Query data cannot be undefined. Please make sure to return a value other than undefined from your query function. Affected query key: ["current-theme"]
Query data cannot be undefined. Please make sure to return a value other than undefined from your query function. Affected query key: ["themes"]
Query data cannot be undefined. Please make sure to return a value other than undefined from your query function. Affected query key: ["current-theme"]
Query data cannot be undefined. Please make sure to return a value other than undefined from your query function. Affected query key: ["themes"]
Query data cannot be undefined. Please make sure to return a value other than undefined from your query function. Affected query key: ["current-theme"]
Query data cannot be undefined. Please make sure to return a value other than undefined from your query function. Affected query key: ["themes"]
Query data cannot be undefined. Please make sure to return a value other than undefined from your query function. Affected query key: ["current-theme"]
Query data cannot be undefined. Please make sure to return a value other than undefined from your query function. Affected query key: ["themes"]
Query data cannot be undefined. Please make sure to return a value other than undefined from your query function. Affected query key: ["current-theme"]
Query data cannot be undefined. Please make sure to return a value other than undefined from your query function. Affected query key: ["themes"]
Query data cannot be undefined. Please make sure to return a value other than undefined from your query function. Affected query key: ["current-theme"]
Query data cannot be undefined. Please make sure to return a value other than undefined from your query function. Affected query key: ["themes"]
Query data cannot be undefined. Please make sure to return a value other than undefined from your query function. Affected query key: ["current-theme"]
Query data cannot be undefined. Please make sure to return a value other than undefined from your query function. Affected query key: ["themes"]
Query data cannot be undefined. Please make sure to return a value other than undefined from your query function. Affected query key: ["current-theme"]
Query data cannot be undefined. Please make sure to return a value other than undefined from your query function. Affected query key: ["themes"]
Query data cannot be undefined. Please make sure to return a value other than undefined from your query function. Affected query key: ["current-theme"]
Query data cannot be undefined. Please make sure to return a value other than undefined from your query function. Affected query key: ["themes"]
Query data cannot be undefined. Please make sure to return a value other than undefined from your query function. Affected query key: ["current-theme"]
Query data cannot be undefined. Please make sure to return a value other than undefined from your query function. Affected query key: ["themes"]
Query data cannot be undefined. Please make sure to return a value other than undefined from your query function. Affected query key: ["current-theme"]
Query data cannot be undefined. Please make sure to return a value other than undefined from your query function. Affected query key: ["themes"]
Query data cannot be undefined. Please make sure to return a value other than undefined from your query function. Affected query key: ["current-theme"]
Query data cannot be undefined. Please make sure to return a value other than undefined from your query function. Affected query key: ["themes"]
Query data cannot be undefined. Please make sure to return a value other than undefined from your query function. Affected query key: ["current-theme"]
Query data cannot be undefined. Please make sure to return a value other than undefined from your query function. Affected query key: ["themes"]
Query data cannot be undefined. Please make sure to return a value other than undefined from your query function. Affected query key: ["current-theme"]
Query data cannot be undefined. Please make sure to return a value other than undefined from your query function. Affected query key: ["themes"]
Query data cannot be undefined. Please make sure to return a value other than undefined from your query function. Affected query key: ["current-theme"]
Query data cannot be undefined. Please make sure to return a value other than undefined from your query function. Affected query key: ["themes"]
Query data cannot be undefined. Please make sure to return a value other than undefined from your query function. Affected query key: ["current-theme"]
Query data cannot be undefined. Please make sure to return a value other than undefined from your query function. Affected query key: ["themes"]
Query data cannot be undefined. Please make sure to return a value other than undefined from your query function. Affected query key: ["current-theme"]
Query data cannot be undefined. Please make sure to return a value other than undefined from your query function. Affected query key: ["themes"]
Query data cannot be undefined. Please make sure to return a value other than undefined from your query function. Affected query key: ["current-theme"]
Query data cannot be undefined. Please make sure to return a value other than undefined from your query function. Affected query key: ["themes"]
Query data cannot be undefined. Please make sure to return a value other than undefined from your query function. Affected query key: ["current-theme"]
Query data cannot be undefined. Please make sure to return a value other than undefined from your query function. Affected query key: ["themes"]
Query data cannot be undefined. Please make sure to return a value other than undefined from your query function. Affected query key: ["current-theme"]
Query data cannot be undefined. Please make sure to return a value other than undefined from your query function. Affected query key: ["themes"]
Query data cannot be undefined. Please make sure to return a value other than undefined from your query function. Affected query key: ["current-theme"]
Query data cannot be undefined. Please make sure to return a value other than undefined from your query function. Affected query key: ["themes"]
Query data cannot be undefined. Please make sure to return a value other than undefined from your query function. Affected query key: ["current-theme"]
Query data cannot be undefined. Please make sure to return a value other than undefined from your query function. Affected query key: ["themes"]
Query data cannot be undefined. Please make sure to return a value other than undefined from your query function. Affected query key: ["current-theme"]
Query data cannot be undefined. Please make sure to return a value other than undefined from your query function. Affected query key: ["themes"]
Query data cannot be undefined. Please make sure to return a value other than undefined from your query function. Affected query key: ["current-theme"]
Query data cannot be undefined. Please make sure to return a value other than undefined from your query function. Affected query key: ["themes"]
Query data cannot be undefined. Please make sure to return a value other than undefined from your query function. Affected query key: ["current-theme"]
Query data cannot be undefined. Please make sure to return a value other than undefined from your query function. Affected query key: ["themes"]
Query data cannot be undefined. Please make sure to return a value other than undefined from your query function. Affected query key: ["current-theme"]
Query data cannot be undefined. Please make sure to return a value other than undefined from your query function. Affected query key: ["themes"]
Query data cannot be undefined. Please make sure to return a value other than undefined from your query function. Affected query key: ["current-theme"]
Query data cannot be undefined. Please make sure to return a value other than undefined from your query function. Affected query key: ["themes"]
Query data cannot be undefined. Please make sure to return a value other than undefined from your query function. Affected query key: ["current-theme"]
Query data cannot be undefined. Please make sure to return a value other than undefined from your query function. Affected query key: ["themes"]
Query data cannot be undefined. Please make sure to return a value other than undefined from your query function. Affected query key: ["current-theme"]
Query data cannot be undefined. Please make sure to return a value other than undefined from your query function. Affected query key: ["themes"]
Query data cannot be undefined. Please make sure to return a value other than undefined from your query function. Affected query key: ["current-theme"]
Query data cannot be undefined. Please make sure to return a value other than undefined from your query function. Affected query key: ["themes"]
Query data cannot be undefined. Please make sure to return a value other than undefined from your query function. Affected query key: ["current-theme"]
Query data cannot be undefined. Please make sure to return a value other than undefined from your query function. Affected query key: ["themes"]
Query data cannot be undefined. Please make sure to return a value other than undefined from your query function. Affected query key: ["current-theme"]
Query data cannot be undefined. Please make sure to return a value other than undefined from your query function. Affected query key: ["themes"]
Query data cannot be undefined. Please make sure to return a value other than undefined from your query function. Affected query key: ["current-theme"]
Query data cannot be undefined. Please make sure to return a value other than undefined from your query function. Affected query key: ["themes"]
Query data cannot be undefined. Please make sure to return a value other than undefined from your query function. Affected query key: ["current-theme"]
Query data cannot be undefined. Please make sure to return a value other than undefined from your query function. Affected query key: ["themes"]
Query data cannot be undefined. Please make sure to return a value other than undefined from your query function. Affected query key: ["current-theme"]
Query data cannot be undefined. Please make sure to return a value other than undefined from your query function. Affected query key: ["themes"]
Query data cannot be undefined. Please make sure to return a value other than undefined from your query function. Affected query key: ["current-theme"]
Query data cannot be undefined. Please make sure to return a value other than undefined from your query function. Affected query key: ["themes"]
Query data cannot be undefined. Please make sure to return a value other than undefined from your query function. Affected query key: ["current-theme"]
Query data cannot be undefined. Please make sure to return a value other than undefined from your query function. Affected query key: ["themes"]
Query data cannot be undefined. Please make sure to return a value other than undefined from your query function. Affected query key: ["current-theme"]
Query data cannot be undefined. Please make sure to return a value other than undefined from your query function. Affected query key: ["themes"]
Query data cannot be undefined. Please make sure to return a value other than undefined from your query function. Affected query key: ["current-theme"]
Query data cannot be undefined. Please make sure to return a value other than undefined from your query function. Affected query key: ["themes"]
Query data cannot be undefined. Please make sure to return a value other than undefined from your query function. Affected query key: ["current-theme"]
Query data cannot be undefined. Please make sure to return a value other than undefined from your query function. Affected query key: ["themes"]
Query data cannot be undefined. Please make sure to return a value other than undefined from your query function. Affected query key: ["current-theme"]
Query data cannot be undefined. Please make sure to return a value other than undefined from your query function. Affected query key: ["themes"]
Query data cannot be undefined. Please make sure to return a value other than undefined from your query function. Affected query key: ["current-theme"]
Query data cannot be undefined. Please make sure to return a value other than undefined from your query function. Affected query key: ["themes"]
Query data cannot be undefined. Please make sure to return a value other than undefined from your query function. Affected query key: ["current-theme"]
Query data cannot be undefined. Please make sure to return a value other than undefined from your query function. Affected query key: ["themes"]
Query data cannot be undefined. Please make sure to return a value other than undefined from your query function. Affected query key: ["current-theme"]
Query data cannot be undefined. Please make sure to return a value other than undefined from your query function. Affected query key: ["themes"]
Query data cannot be undefined. Please make sure to return a value other than undefined from your query function. Affected query key: ["current-theme"]
Query data cannot be undefined. Please make sure to return a value other than undefined from your query function. Affected query key: ["themes"]
Query data cannot be undefined. Please make sure to return a value other than undefined from your query function. Affected query key: ["current-theme"]
Query data cannot be undefined. Please make sure to return a value other than undefined from your query function. Affected query key: ["themes"]
Query data cannot be undefined. Please make sure to return a value other than undefined from your query function. Affected query key: ["current-theme"]
Query data cannot be undefined. Please make sure to return a value other than undefined from your query function. Affected query key: ["themes"]
Query data cannot be undefined. Please make sure to return a value other than undefined from your query function. Affected query key: ["current-theme"]
Query data cannot be undefined. Please make sure to return a value other than undefined from your query function. Affected query key: ["themes"]
Query data cannot be undefined. Please make sure to return a value other than undefined from your query function. Affected query key: ["current-theme"]
Query data cannot be undefined. Please make sure to return a value other than undefined from your query function. Affected query key: ["themes"]
Query data cannot be undefined. Please make sure to return a value other than undefined from your query function. Affected query key: ["current-theme"]
Query data cannot be undefined. Please make sure to return a value other than undefined from your query function. Affected query key: ["themes"]
Query data cannot be undefined. Please make sure to return a value other than undefined from your query function. Affected query key: ["current-theme"]
Query data cannot be undefined. Please make sure to return a value other than undefined from your query function. Affected query key: ["themes"]
Query data cannot be undefined. Please make sure to return a value other than undefined from your query function. Affected query key: ["current-theme"]
Query data cannot be undefined. Please make sure to return a value other than undefined from your query function. Affected query key: ["themes"]
Query data cannot be undefined. Please make sure to return a value other than undefined from your query function. Affected query key: ["current-theme"]
Query data cannot be undefined. Please make sure to return a value other than undefined from your query function. Affected query key: ["themes"]
Query data cannot be undefined. Please make sure to return a value other than undefined from your query function. Affected query key: ["current-theme"]
Query data cannot be undefined. Please make sure to return a value other than undefined from your query function. Affected query key: ["themes"]
Query data cannot be undefined. Please make sure to return a value other than undefined from your query function. Affected query key: ["current-theme"]
Query data cannot be undefined. Please make sure to return a value other than undefined from your query function. Affected query key: ["themes"]
Query data cannot be undefined. Please make sure to return a value other than undefined from your query function. Affected query key: ["current-theme"]
Query data cannot be undefined. Please make sure to return a value other than undefined from your query function. Affected query key: ["themes"]
Query data cannot be undefined. Please make sure to return a value other than undefined from your query function. Affected query key: ["current-theme"]
Query data cannot be undefined. Please make sure to return a value other than undefined from your query function. Affected query key: ["themes"]
Query data cannot be undefined. Please make sure to return a value other than undefined from your query function. Affected query key: ["current-theme"]
Query data cannot be undefined. Please make sure to return a value other than undefined from your query function. Affected query key: ["themes"]
Query data cannot be undefined. Please make sure to return a value other than undefined from your query function. Affected query key: ["current-theme"]
Query data cannot be undefined. Please make sure to return a value other than undefined from your query function. Affected query key: ["themes"]
Query data cannot be undefined. Please make sure to return a value other than undefined from your query function. Affected query key: ["current-theme"]
Query data cannot be undefined. Please make sure to return a value other than undefined from your query function. Affected query key: ["themes"]
Query data cannot be undefined. Please make sure to return a value other than undefined from your query function. Affected query key: ["current-theme"]
Query data cannot be undefined. Please make sure to return a value other than undefined from your query function. Affected query key: ["themes"]
Query data cannot be undefined. Please make sure to return a value other than undefined from your query function. Affected query key: ["current-theme"]
Query data cannot be undefined. Please make sure to return a value other than undefined from your query function. Affected query key: ["themes"]
Query data cannot be undefined. Please make sure to return a value other than undefined from your query function. Affected query key: ["current-theme"]
Query data cannot be undefined. Please make sure to return a value other than undefined from your query function. Affected query key: ["themes"]
Query data cannot be undefined. Please make sure to return a value other than undefined from your query function. Affected query key: ["current-theme"]
Query data cannot be undefined. Please make sure to return a value other than undefined from your query function. Affected query key: ["themes"]
Query data cannot be undefined. Please make sure to return a value other than undefined from your query function. Affected query key: ["current-theme"]
Query data cannot be undefined. Please make sure to return a value other than undefined from your query function. Affected query key: ["themes"]
Query data cannot be undefined. Please make sure to return a value other than undefined from your query function. Affected query key: ["current-theme"]
Query data cannot be undefined. Please make sure to return a value other than undefined from your query function. Affected query key: ["themes"]
Query data cannot be undefined. Please make sure to return a value other than undefined from your query function. Affected query key: ["current-theme"]
Query data cannot be undefined. Please make sure to return a value other than undefined from your query function. Affected query key: ["themes"]
Query data cannot be undefined. Please make sure to return a value other than undefined from your query function. Affected query key: ["current-theme"]
Query data cannot be undefined. Please make sure to return a value other than undefined from your query function. Affected query key: ["themes"]
Query data cannot be undefined. Please make sure to return a value other than undefined from your query function. Affected query key: ["current-theme"]
Query data cannot be undefined. Please make sure to return a value other than undefined from your query function. Affected query key: ["themes"]
Query data cannot be undefined. Please make sure to return a value other than undefined from your query function. Affected query key: ["current-theme"]
Query data cannot be undefined. Please make sure to return a value other than undefined from your query function. Affected query key: ["themes"]
Query data cannot be undefined. Please make sure to return a value other than undefined from your query function. Affected query key: ["current-theme"]
Query data cannot be undefined. Please make sure to return a value other than undefined from your query function. Affected query key: ["themes"]
Query data cannot be undefined. Please make sure to return a value other than undefined from your query function. Affected query key: ["current-theme"]
Query data cannot be undefined. Please make sure to return a value other than undefined from your query function. Affected query key: ["themes"]
Query data cannot be undefined. Please make sure to return a value other than undefined from your query function. Affected query key: ["current-theme"]
Query data cannot be undefined. Please make sure to return a value other than undefined from your query function. Affected query key: ["themes"]
Query data cannot be undefined. Please make sure to return a value other than undefined from your query function. Affected query key: ["current-theme"]
Query data cannot be undefined. Please make sure to return a value other than undefined from your query function. Affected query key: ["themes"]
Query data cannot be undefined. Please make sure to return a value other than undefined from your query function. Affected query key: ["current-theme"]
Query data cannot be undefined. Please make sure to return a value other than undefined from your query function. Affected query key: ["themes"]
Query data cannot be undefined. Please make sure to return a value other than undefined from your query function. Affected query key: ["current-theme"]
Query data cannot be undefined. Please make sure to return a value other than undefined from your query function. Affected query key: ["themes"]
Query data cannot be undefined. Please make sure to return a value other than undefined from your query function. Affected query key: ["current-theme"]
Query data cannot be undefined. Please make sure to return a value other than undefined from your query function. Affected query key: ["themes"]
Query data cannot be undefined. Please make sure to return a value other than undefined from your query function. Affected query key: ["current-theme"]
Query data cannot be undefined. Please make sure to return a value other than undefined from your query function. Affected query key: ["themes"]
Query data cannot be undefined. Please make sure to return a value other than undefined from your query function. Affected query key: ["current-theme"]
Query data cannot be undefined. Please make sure to return a value other than undefined from your query function. Affected query key: ["themes"]
Query data cannot be undefined. Please make sure to return a value other than undefined from your query function. Affected query key: ["current-theme"]
Query data cannot be undefined. Please make sure to return a value other than undefined from your query function. Affected query key: ["themes"]
Query data cannot be undefined. Please make sure to return a value other than undefined from your query function. Affected query key: ["current-theme"]
Query data cannot be undefined. Please make sure to return a value other than undefined from your query function. Affected query key: ["themes"]
Query data cannot be undefined. Please make sure to return a value other than undefined from your query function. Affected query key: ["current-theme"]
Query data cannot be undefined. Please make sure to return a value other than undefined from your query function. Affected query key: ["themes"]
Query data cannot be undefined. Please make sure to return a value other than undefined from your query function. Affected query key: ["current-theme"]
Query data cannot be undefined. Please make sure to return a value other than undefined from your query function. Affected query key: ["themes"]
Query data cannot be undefined. Please make sure to return a value other than undefined from your query function. Affected query key: ["current-theme"]
Query data cannot be undefined. Please make sure to return a value other than undefined from your query function. Affected query key: ["themes"]
Query data cannot be undefined. Please make sure to return a value other than undefined from your query function. Affected query key: ["current-theme"]
Query data cannot be undefined. Please make sure to return a value other than undefined from your query function. Affected query key: ["themes"]
Query data cannot be undefined. Please make sure to return a value other than undefined from your query function. Affected query key: ["current-theme"]
Query data cannot be undefined. Please make sure to return a value other than undefined from your query function. Affected query key: ["themes"]
Query data cannot be undefined. Please make sure to return a value other than undefined from your query function. Affected query key: ["current-theme"]
Query data cannot be undefined. Please make sure to return a value other than undefined from your query function. Affected query key: ["themes"]
Query data cannot be undefined. Please make sure to return a value other than undefined from your query function. Affected query key: ["current-theme"]
Query data cannot be undefined. Please make sure to return a value other than undefined from your query function. Affected query key: ["themes"]
Query data cannot be undefined. Please make sure to return a value other than undefined from your query function. Affected query key: ["current-theme"]
Query data cannot be undefined. Please make sure to return a value other than undefined from your query function. Affected query key: ["themes"]
Query data cannot be undefined. Please make sure to return a value other than undefined from your query function. Affected query key: ["current-theme"]
Query data cannot be undefined. Please make sure to return a value other than undefined from your query function. Affected query key: ["themes"]
Query data cannot be undefined. Please make sure to return a value other than undefined from your query function. Affected query key: ["current-theme"]
Query data cannot be undefined. Please make sure to return a value other than undefined from your query function. Affected query key: ["themes"]
Query data cannot be undefined. Please make sure to return a value other than undefined from your query function. Affected query key: ["current-theme"]
Query data cannot be undefined. Please make sure to return a value other than undefined from your query function. Affected query key: ["themes"]
Query data cannot be undefined. Please make sure to return a value other than undefined from your query function. Affected query key: ["current-theme"]
Query data cannot be undefined. Please make sure to return a value other than undefined from your query function. Affected query key: ["themes"]
Query data cannot be undefined. Please make sure to return a value other than undefined from your query function. Affected query key: ["current-theme"]
Query data cannot be undefined. Please make sure to return a value other than undefined from your query function. Affected query key: ["themes"]
Query data cannot be undefined. Please make sure to return a value other than undefined from your query function. Affected query key: ["current-theme"]
Query data cannot be undefined. Please make sure to return a value other than undefined from your query function. Affected query key: ["themes"]
Query data cannot be undefined. Please make sure to return a value other than undefined from your query function. Affected query key: ["current-theme"]
Query data cannot be undefined. Please make sure to return a value other than undefined from your query function. Affected query key: ["themes"]
Query data cannot be undefined. Please make sure to return a value other than undefined from your query function. Affected query key: ["current-theme"]
Query data cannot be undefined. Please make sure to return a value other than undefined from your query function. Affected query key: ["themes"]
Query data cannot be undefined. Please make sure to return a value other than undefined from your query function. Affected query key: ["current-theme"]
Query data cannot be undefined. Please make sure to return a value other than undefined from your query function. Affected query key: ["themes"]
Query data cannot be undefined. Please make sure to return a value other than undefined from your query function. Affected query key: ["current-theme"]
Query data cannot be undefined. Please make sure to return a value other than undefined from your query function. Affected query key: ["themes"]
Query data cannot be undefined. Please make sure to return a value other than undefined from your query function. Affected query key: ["current-theme"]
Query data cannot be undefined. Please make sure to return a value other than undefined from your query function. Affected query key: ["themes"]
Query data cannot be undefined. Please make sure to return a value other than undefined from your query function. Affected query key: ["current-theme"]
Query data cannot be undefined. Please make sure to return a value other than undefined from your query function. Affected query key: ["themes"]
Query data cannot be undefined. Please make sure to return a value other than undefined from your query function. Affected query key: ["current-theme"]
Query data cannot be undefined. Please make sure to return a value other than undefined from your query function. Affected query key: ["themes"]
Query data cannot be undefined. Please make sure to return a value other than undefined from your query function. Affected query key: ["current-theme"]
Query data cannot be undefined. Please make sure to return a value other than undefined from your query function. Affected query key: ["themes"]
Query data cannot be undefined. Please make sure to return a value other than undefined from your query function. Affected query key: ["current-theme"]

stderr | src/__tests__/AppTitle.test.jsx > App Title > allows editing the app title
Query data cannot be undefined. Please make sure to return a value other than undefined from your query function. Affected query key: ["current-theme"]

stderr | src/__tests__/AppTitle.test.jsx > App Title > allows editing the app title
Query data cannot be undefined. Please make sure to return a value other than undefined from your query function. Affected query key: ["themes"]
Query data cannot be undefined. Please make sure to return a value other than undefined from your query function. Affected query key: ["current-theme"]
Query data cannot be undefined. Please make sure to return a value other than undefined from your query function. Affected query key: ["themes"]
Query data cannot be undefined. Please make sure to return a value other than undefined from your query function. Affected query key: ["current-theme"]
Query data cannot be undefined. Please make sure to return a value other than undefined from your query function. Affected query key: ["themes"]
Query data cannot be undefined. Please make sure to return a value other than undefined from your query function. Affected query key: ["current-theme"]
Query data cannot be undefined. Please make sure to return a value other than undefined from your query function. Affected query key: ["themes"]
Query data cannot be undefined. Please make sure to return a value other than undefined from your query function. Affected query key: ["current-theme"]
Query data cannot be undefined. Please make sure to return a value other than undefined from your query function. Affected query key: ["themes"]
Query data cannot be undefined. Please make sure to return a value other than undefined from your query function. Affected query key: ["current-theme"]
Query data cannot be undefined. Please make sure to return a value other than undefined from your query function. Affected query key: ["themes"]
Query data cannot be undefined. Please make sure to return a value other than undefined from your query function. Affected query key: ["current-theme"]
Query data cannot be undefined. Please make sure to return a value other than undefined from your query function. Affected query key: ["themes"]
Query data cannot be undefined. Please make sure to return a value other than undefined from your query function. Affected query key: ["current-theme"]
Query data cannot be undefined. Please make sure to return a value other than undefined from your query function. Affected query key: ["themes"]
Query data cannot be undefined. Please make sure to return a value other than undefined from your query function. Affected query key: ["current-theme"]
Query data cannot be undefined. Please make sure to return a value other than undefined from your query function. Affected query key: ["themes"]
Query data cannot be undefined. Please make sure to return a value other than undefined from your query function. Affected query key: ["current-theme"]
Query data cannot be undefined. Please make sure to return a value other than undefined from your query function. Affected query key: ["themes"]
Query data cannot be undefined. Please make sure to return a value other than undefined from your query function. Affected query key: ["current-theme"]
Query data cannot be undefined. Please make sure to return a value other than undefined from your query function. Affected query key: ["themes"]
Query data cannot be undefined. Please make sure to return a value other than undefined from your query function. Affected query key: ["current-theme"]
Query data cannot be undefined. Please make sure to return a value other than undefined from your query function. Affected query key: ["themes"]
Query data cannot be undefined. Please make sure to return a value other than undefined from your query function. Affected query key: ["current-theme"]
Query data cannot be undefined. Please make sure to return a value other than undefined from your query function. Affected query key: ["themes"]
Query data cannot be undefined. Please make sure to return a value other than undefined from your query function. Affected query key: ["current-theme"]
Query data cannot be undefined. Please make sure to return a value other than undefined from your query function. Affected query key: ["themes"]
Query data cannot be undefined. Please make sure to return a value other than undefined from your query function. Affected query key: ["current-theme"]
Query data cannot be undefined. Please make sure to return a value other than undefined from your query function. Affected query key: ["themes"]
Query data cannot be undefined. Please make sure to return a value other than undefined from your query function. Affected query key: ["current-theme"]
Query data cannot be undefined. Please make sure to return a value other than undefined from your query function. Affected query key: ["themes"]
Query data cannot be undefined. Please make sure to return a value other than undefined from your query function. Affected query key: ["current-theme"]
Query data cannot be undefined. Please make sure to return a value other than undefined from your query function. Affected query key: ["themes"]
Query data cannot be undefined. Please make sure to return a value other than undefined from your query function. Affected query key: ["current-theme"]
Query data cannot be undefined. Please make sure to return a value other than undefined from your query function. Affected query key: ["themes"]
Query data cannot be undefined. Please make sure to return a value other than undefined from your query function. Affected query key: ["current-theme"]
Query data cannot be undefined. Please make sure to return a value other than undefined from your query function. Affected query key: ["themes"]
Query data cannot be undefined. Please make sure to return a value other than undefined from your query function. Affected query key: ["current-theme"]
Query data cannot be undefined. Please make sure to return a value other than undefined from your query function. Affected query key: ["themes"]
Query data cannot be undefined. Please make sure to return a value other than undefined from your query function. Affected query key: ["current-theme"]
Query data cannot be undefined. Please make sure to return a value other than undefined from your query function. Affected query key: ["themes"]
Query data cannot be undefined. Please make sure to return a value other than undefined from your query function. Affected query key: ["current-theme"]
Query data cannot be undefined. Please make sure to return a value other than undefined from your query function. Affected query key: ["themes"]
Query data cannot be undefined. Please make sure to return a value other than undefined from your query function. Affected query key: ["current-theme"]
Query data cannot be undefined. Please make sure to return a value other than undefined from your query function. Affected query key: ["themes"]
Query data cannot be undefined. Please make sure to return a value other than undefined from your query function. Affected query key: ["current-theme"]
Query data cannot be undefined. Please make sure to return a value other than undefined from your query function. Affected query key: ["themes"]
Query data cannot be undefined. Please make sure to return a value other than undefined from your query function. Affected query key: ["current-theme"]
Query data cannot be undefined. Please make sure to return a value other than undefined from your query function. Affected query key: ["themes"]
Query data cannot be undefined. Please make sure to return a value other than undefined from your query function. Affected query key: ["current-theme"]
Query data cannot be undefined. Please make sure to return a value other than undefined from your query function. Affected query key: ["themes"]
Query data cannot be undefined. Please make sure to return a value other than undefined from your query function. Affected query key: ["current-theme"]
Query data cannot be undefined. Please make sure to return a value other than undefined from your query function. Affected query key: ["themes"]
Query data cannot be undefined. Please make sure to return a value other than undefined from your query function. Affected query key: ["current-theme"]
Query data cannot be undefined. Please make sure to return a value other than undefined from your query function. Affected query key: ["themes"]
Query data cannot be undefined. Please make sure to return a value other than undefined from your query function. Affected query key: ["current-theme"]
Query data cannot be undefined. Please make sure to return a value other than undefined from your query function. Affected query key: ["themes"]
Query data cannot be undefined. Please make sure to return a value other than undefined from your query function. Affected query key: ["current-theme"]
Query data cannot be undefined. Please make sure to return a value other than undefined from your query function. Affected query key: ["themes"]
Query data cannot be undefined. Please make sure to return a value other than undefined from your query function. Affected query key: ["current-theme"]
Query data cannot be undefined. Please make sure to return a value other than undefined from your query function. Affected query key: ["themes"]
Query data cannot be undefined. Please make sure to return a value other than undefined from your query function. Affected query key: ["current-theme"]
Query data cannot be undefined. Please make sure to return a value other than undefined from your query function. Affected query key: ["themes"]
Query data cannot be undefined. Please make sure to return a value other than undefined from your query function. Affected query key: ["current-theme"]
Query data cannot be undefined. Please make sure to return a value other than undefined from your query function. Affected query key: ["themes"]
Query data cannot be undefined. Please make sure to return a value other than undefined from your query function. Affected query key: ["current-theme"]
Query data cannot be undefined. Please make sure to return a value other than undefined from your query function. Affected query key: ["themes"]
Query data cannot be undefined. Please make sure to return a value other than undefined from your query function. Affected query key: ["current-theme"]
Query data cannot be undefined. Please make sure to return a value other than undefined from your query function. Affected query key: ["themes"]
Query data cannot be undefined. Please make sure to return a value other than undefined from your query function. Affected query key: ["current-theme"]
Query data cannot be undefined. Please make sure to return a value other than undefined from your query function. Affected query key: ["themes"]
Query data cannot be undefined. Please make sure to return a value other than undefined from your query function. Affected query key: ["current-theme"]
Query data cannot be undefined. Please make sure to return a value other than undefined from your query function. Affected query key: ["themes"]
Query data cannot be undefined. Please make sure to return a value other than undefined from your query function. Affected query key: ["current-theme"]
Query data cannot be undefined. Please make sure to return a value other than undefined from your query function. Affected query key: ["themes"]
Query data cannot be undefined. Please make sure to return a value other than undefined from your query function. Affected query key: ["current-theme"]
Query data cannot be undefined. Please make sure to return a value other than undefined from your query function. Affected query key: ["themes"]
Query data cannot be undefined. Please make sure to return a value other than undefined from your query function. Affected query key: ["current-theme"]
Query data cannot be undefined. Please make sure to return a value other than undefined from your query function. Affected query key: ["themes"]
Query data cannot be undefined. Please make sure to return a value other than undefined from your query function. Affected query key: ["current-theme"]
Query data cannot be undefined. Please make sure to return a value other than undefined from your query function. Affected query key: ["themes"]
Query data cannot be undefined. Please make sure to return a value other than undefined from your query function. Affected query key: ["current-theme"]
Query data cannot be undefined. Please make sure to return a value other than undefined from your query function. Affected query key: ["themes"]
Query data cannot be undefined. Please make sure to return a value other than undefined from your query function. Affected query key: ["current-theme"]
Query data cannot be undefined. Please make sure to return a value other than undefined from your query function. Affected query key: ["themes"]
Query data cannot be undefined. Please make sure to return a value other than undefined from your query function. Affected query key: ["current-theme"]
Query data cannot be undefined. Please make sure to return a value other than undefined from your query function. Affected query key: ["themes"]
Query data cannot be undefined. Please make sure to return a value other than undefined from your query function. Affected query key: ["current-theme"]
Query data cannot be undefined. Please make sure to return a value other than undefined from your query function. Affected query key: ["themes"]
Query data cannot be undefined. Please make sure to return a value other than undefined from your query function. Affected query key: ["current-theme"]
Query data cannot be undefined. Please make sure to return a value other than undefined from your query function. Affected query key: ["themes"]
Query data cannot be undefined. Please make sure to return a value other than undefined from your query function. Affected query key: ["current-theme"]
Query data cannot be undefined. Please make sure to return a value other than undefined from your query function. Affected query key: ["themes"]
Query data cannot be undefined. Please make sure to return a value other than undefined from your query function. Affected query key: ["current-theme"]
Query data cannot be undefined. Please make sure to return a value other than undefined from your query function. Affected query key: ["themes"]
Query data cannot be undefined. Please make sure to return a value other than undefined from your query function. Affected query key: ["current-theme"]
Query data cannot be undefined. Please make sure to return a value other than undefined from your query function. Affected query key: ["themes"]
Query data cannot be undefined. Please make sure to return a value other than undefined from your query function. Affected query key: ["current-theme"]
Query data cannot be undefined. Please make sure to return a value other than undefined from your query function. Affected query key: ["themes"]
Query data cannot be undefined. Please make sure to return a value other than undefined from your query function. Affected query key: ["current-theme"]
Query data cannot be undefined. Please make sure to return a value other than undefined from your query function. Affected query key: ["themes"]
Query data cannot be undefined. Please make sure to return a value other than undefined from your query function. Affected query key: ["current-theme"]
Query data cannot be undefined. Please make sure to return a value other than undefined from your query function. Affected query key: ["themes"]
Query data cannot be undefined. Please make sure to return a value other than undefined from your query function. Affected query key: ["current-theme"]
Query data cannot be undefined. Please make sure to return a value other than undefined from your query function. Affected query key: ["themes"]
Query data cannot be undefined. Please make sure to return a value other than undefined from your query function. Affected query key: ["current-theme"]
Query data cannot be undefined. Please make sure to return a value other than undefined from your query function. Affected query key: ["themes"]
Query data cannot be undefined. Please make sure to return a value other than undefined from your query function. Affected query key: ["current-theme"]
Query data cannot be undefined. Please make sure to return a value other than undefined from your query function. Affected query key: ["themes"]
Query data cannot be undefined. Please make sure to return a value other than undefined from your query function. Affected query key: ["current-theme"]
Query data cannot be undefined. Please make sure to return a value other than undefined from your query function. Affected query key: ["themes"]
Query data cannot be undefined. Please make sure to return a value other than undefined from your query function. Affected query key: ["current-theme"]
Query data cannot be undefined. Please make sure to return a value other than undefined from your query function. Affected query key: ["themes"]
Query data cannot be undefined. Please make sure to return a value other than undefined from your query function. Affected query key: ["current-theme"]
Query data cannot be undefined. Please make sure to return a value other than undefined from your query function. Affected query key: ["themes"]
Query data cannot be undefined. Please make sure to return a value other than undefined from your query function. Affected query key: ["current-theme"]
Query data cannot be undefined. Please make sure to return a value other than undefined from your query function. Affected query key: ["themes"]
Query data cannot be undefined. Please make sure to return a value other than undefined from your query function. Affected query key: ["current-theme"]
Query data cannot be undefined. Please make sure to return a value other than undefined from your query function. Affected query key: ["themes"]
Query data cannot be undefined. Please make sure to return a value other than undefined from your query function. Affected query key: ["current-theme"]
Query data cannot be undefined. Please make sure to return a value other than undefined from your query function. Affected query key: ["themes"]
Query data cannot be undefined. Please make sure to return a value other than undefined from your query function. Affected query key: ["current-theme"]
Query data cannot be undefined. Please make sure to return a value other than undefined from your query function. Affected query key: ["themes"]
Query data cannot be undefined. Please make sure to return a value other than undefined from your query function. Affected query key: ["current-theme"]
Query data cannot be undefined. Please make sure to return a value other than undefined from your query function. Affected query key: ["themes"]
Query data cannot be undefined. Please make sure to return a value other than undefined from your query function. Affected query key: ["current-theme"]
Query data cannot be undefined. Please make sure to return a value other than undefined from your query function. Affected query key: ["themes"]
Query data cannot be undefined. Please make sure to return a value other than undefined from your query function. Affected query key: ["current-theme"]
Query data cannot be undefined. Please make sure to return a value other than undefined from your query function. Affected query key: ["themes"]
Query data cannot be undefined. Please make sure to return a value other than undefined from your query function. Affected query key: ["current-theme"]
Query data cannot be undefined. Please make sure to return a value other than undefined from your query function. Affected query key: ["themes"]
Query data cannot be undefined. Please make sure to return a value other than undefined from your query function. Affected query key: ["current-theme"]
Query data cannot be undefined. Please make sure to return a value other than undefined from your query function. Affected query key: ["themes"]
Query data cannot be undefined. Please make sure to return a value other than undefined from your query function. Affected query key: ["current-theme"]
Query data cannot be undefined. Please make sure to return a value other than undefined from your query function. Affected query key: ["themes"]
Query data cannot be undefined. Please make sure to return a value other than undefined from your query function. Affected query key: ["current-theme"]
Query data cannot be undefined. Please make sure to return a value other than undefined from your query function. Affected query key: ["themes"]
Query data cannot be undefined. Please make sure to return a value other than undefined from your query function. Affected query key: ["current-theme"]
Query data cannot be undefined. Please make sure to return a value other than undefined from your query function. Affected query key: ["themes"]
Query data cannot be undefined. Please make sure to return a value other than undefined from your query function. Affected query key: ["current-theme"]
Query data cannot be undefined. Please make sure to return a value other than undefined from your query function. Affected query key: ["themes"]
Query data cannot be undefined. Please make sure to return a value other than undefined from your query function. Affected query key: ["current-theme"]
Query data cannot be undefined. Please make sure to return a value other than undefined from your query function. Affected query key: ["themes"]
Query data cannot be undefined. Please make sure to return a value other than undefined from your query function. Affected query key: ["current-theme"]
Query data cannot be undefined. Please make sure to return a value other than undefined from your query function. Affected query key: ["themes"]
Query data cannot be undefined. Please make sure to return a value other than undefined from your query function. Affected query key: ["current-theme"]
Query data cannot be undefined. Please make sure to return a value other than undefined from your query function. Affected query key: ["themes"]
Query data cannot be undefined. Please make sure to return a value other than undefined from your query function. Affected query key: ["current-theme"]
Query data cannot be undefined. Please make sure to return a value other than undefined from your query function. Affected query key: ["themes"]
Query data cannot be undefined. Please make sure to return a value other than undefined from your query function. Affected query key: ["current-theme"]
Query data cannot be undefined. Please make sure to return a value other than undefined from your query function. Affected query key: ["themes"]
Query data cannot be undefined. Please make sure to return a value other than undefined from your query function. Affected query key: ["current-theme"]
Query data cannot be undefined. Please make sure to return a value other than undefined from your query function. Affected query key: ["themes"]
Query data cannot be undefined. Please make sure to return a value other than undefined from your query function. Affected query key: ["current-theme"]
Query data cannot be undefined. Please make sure to return a value other than undefined from your query function. Affected query key: ["themes"]
Query data cannot be undefined. Please make sure to return a value other than undefined from your query function. Affected query key: ["current-theme"]
Query data cannot be undefined. Please make sure to return a value other than undefined from your query function. Affected query key: ["themes"]
Query data cannot be undefined. Please make sure to return a value other than undefined from your query function. Affected query key: ["current-theme"]
Query data cannot be undefined. Please make sure to return a value other than undefined from your query function. Affected query key: ["themes"]
Query data cannot be undefined. Please make sure to return a value other than undefined from your query function. Affected query key: ["current-theme"]
Query data cannot be undefined. Please make sure to return a value other than undefined from your query function. Affected query key: ["themes"]
Query data cannot be undefined. Please make sure to return a value other than undefined from your query function. Affected query key: ["current-theme"]
Query data cannot be undefined. Please make sure to return a value other than undefined from your query function. Affected query key: ["themes"]
Query data cannot be undefined. Please make sure to return a value other than undefined from your query function. Affected query key: ["current-theme"]
Query data cannot be undefined. Please make sure to return a value other than undefined from your query function. Affected query key: ["themes"]
Query data cannot be undefined. Please make sure to return a value other than undefined from your query function. Affected query key: ["current-theme"]
Query data cannot be undefined. Please make sure to return a value other than undefined from your query function. Affected query key: ["themes"]
Query data cannot be undefined. Please make sure to return a value other than undefined from your query function. Affected query key: ["current-theme"]
Query data cannot be undefined. Please make sure to return a value other than undefined from your query function. Affected query key: ["themes"]
Query data cannot be undefined. Please make sure to return a value other than undefined from your query function. Affected query key: ["current-theme"]
Query data cannot be undefined. Please make sure to return a value other than undefined from your query function. Affected query key: ["themes"]
Query data cannot be undefined. Please make sure to return a value other than undefined from your query function. Affected query key: ["current-theme"]
Query data cannot be undefined. Please make sure to return a value other than undefined from your query function. Affected query key: ["themes"]
Query data cannot be undefined. Please make sure to return a value other than undefined from your query function. Affected query key: ["current-theme"]
Query data cannot be undefined. Please make sure to return a value other than undefined from your query function. Affected query key: ["themes"]
Query data cannot be undefined. Please make sure to return a value other than undefined from your query function. Affected query key: ["current-theme"]
Query data cannot be undefined. Please make sure to return a value other than undefined from your query function. Affected query key: ["themes"]
Query data cannot be undefined. Please make sure to return a value other than undefined from your query function. Affected query key: ["current-theme"]
Query data cannot be undefined. Please make sure to return a value other than undefined from your query function. Affected query key: ["themes"]
Query data cannot be undefined. Please make sure to return a value other than undefined from your query function. Affected query key: ["current-theme"]
Query data cannot be undefined. Please make sure to return a value other than undefined from your query function. Affected query key: ["themes"]
Query data cannot be undefined. Please make sure to return a value other than undefined from your query function. Affected query key: ["current-theme"]
Query data cannot be undefined. Please make sure to return a value other than undefined from your query function. Affected query key: ["themes"]
Query data cannot be undefined. Please make sure to return a value other than undefined from your query function. Affected query key: ["current-theme"]
Query data cannot be undefined. Please make sure to return a value other than undefined from your query function. Affected query key: ["themes"]
Query data cannot be undefined. Please make sure to return a value other than undefined from your query function. Affected query key: ["current-theme"]
Query data cannot be undefined. Please make sure to return a value other than undefined from your query function. Affected query key: ["themes"]
Query data cannot be undefined. Please make sure to return a value other than undefined from your query function. Affected query key: ["current-theme"]
Query data cannot be undefined. Please make sure to return a value other than undefined from your query function. Affected query key: ["themes"]
Query data cannot be undefined. Please make sure to return a value other than undefined from your query function. Affected query key: ["current-theme"]
Query data cannot be undefined. Please make sure to return a value other than undefined from your query function. Affected query key: ["themes"]
Query data cannot be undefined. Please make sure to return a value other than undefined from your query function. Affected query key: ["current-theme"]
Query data cannot be undefined. Please make sure to return a value other than undefined from your query function. Affected query key: ["themes"]
Query data cannot be undefined. Please make sure to return a value other than undefined from your query function. Affected query key: ["current-theme"]
Query data cannot be undefined. Please make sure to return a value other than undefined from your query function. Affected query key: ["themes"]
Query data cannot be undefined. Please make sure to return a value other than undefined from your query function. Affected query key: ["current-theme"]
Query data cannot be undefined. Please make sure to return a value other than undefined from your query function. Affected query key: ["themes"]
Query data cannot be undefined. Please make sure to return a value other than undefined from your query function. Affected query key: ["current-theme"]
Query data cannot be undefined. Please make sure to return a value other than undefined from your query function. Affected query key: ["themes"]
Query data cannot be undefined. Please make sure to return a value other than undefined from your query function. Affected query key: ["current-theme"]
Query data cannot be undefined. Please make sure to return a value other than undefined from your query function. Affected query key: ["themes"]
Query data cannot be undefined. Please make sure to return a value other than undefined from your query function. Affected query key: ["current-theme"]
Query data cannot be undefined. Please make sure to return a value other than undefined from your query function. Affected query key: ["themes"]
Query data cannot be undefined. Please make sure to return a value other than undefined from your query function. Affected query key: ["current-theme"]
Query data cannot be undefined. Please make sure to return a value other than undefined from your query function. Affected query key: ["themes"]
Query data cannot be undefined. Please make sure to return a value other than undefined from your query function. Affected query key: ["current-theme"]
Query data cannot be undefined. Please make sure to return a value other than undefined from your query function. Affected query key: ["themes"]
Query data cannot be undefined. Please make sure to return a value other than undefined from your query function. Affected query key: ["current-theme"]
Query data cannot be undefined. Please make sure to return a value other than undefined from your query function. Affected query key: ["themes"]
Query data cannot be undefined. Please make sure to return a value other than undefined from your query function. Affected query key: ["current-theme"]
Query data cannot be undefined. Please make sure to return a value other than undefined from your query function. Affected query key: ["themes"]
Query data cannot be undefined. Please make sure to return a value other than undefined from your query function. Affected query key: ["current-theme"]
Query data cannot be undefined. Please make sure to return a value other than undefined from your query function. Affected query key: ["themes"]
Query data cannot be undefined. Please make sure to return a value other than undefined from your query function. Affected query key: ["current-theme"]
Query data cannot be undefined. Please make sure to return a value other than undefined from your query function. Affected query key: ["themes"]
Query data cannot be undefined. Please make sure to return a value other than undefined from your query function. Affected query key: ["current-theme"]
Query data cannot be undefined. Please make sure to return a value other than undefined from your query function. Affected query key: ["themes"]
Query data cannot be undefined. Please make sure to return a value other than undefined from your query function. Affected query key: ["current-theme"]
Query data cannot be undefined. Please make sure to return a value other than undefined from your query function. Affected query key: ["themes"]
Query data cannot be undefined. Please make sure to return a value other than undefined from your query function. Affected query key: ["current-theme"]
Query data cannot be undefined. Please make sure to return a value other than undefined from your query function. Affected query key: ["themes"]
Query data cannot be undefined. Please make sure to return a value other than undefined from your query function. Affected query key: ["current-theme"]
Query data cannot be undefined. Please make sure to return a value other than undefined from your query function. Affected query key: ["themes"]
Query data cannot be undefined. Please make sure to return a value other than undefined from your query function. Affected query key: ["current-theme"]
Query data cannot be undefined. Please make sure to return a value other than undefined from your query function. Affected query key: ["themes"]
Query data cannot be undefined. Please make sure to return a value other than undefined from your query function. Affected query key: ["current-theme"]
Query data cannot be undefined. Please make sure to return a value other than undefined from your query function. Affected query key: ["themes"]
Query data cannot be undefined. Please make sure to return a value other than undefined from your query function. Affected query key: ["current-theme"]
Query data cannot be undefined. Please make sure to return a value other than undefined from your query function. Affected query key: ["themes"]
Query data cannot be undefined. Please make sure to return a value other than undefined from your query function. Affected query key: ["current-theme"]
Query data cannot be undefined. Please make sure to return a value other than undefined from your query function. Affected query key: ["themes"]
Query data cannot be undefined. Please make sure to return a value other than undefined from your query function. Affected query key: ["current-theme"]
Query data cannot be undefined. Please make sure to return a value other than undefined from your query function. Affected query key: ["themes"]
Query data cannot be undefined. Please make sure to return a value other than undefined from your query function. Affected query key: ["current-theme"]
Query data cannot be undefined. Please make sure to return a value other than undefined from your query function. Affected query key: ["themes"]
Query data cannot be undefined. Please make sure to return a value other than undefined from your query function. Affected query key: ["current-theme"]
Query data cannot be undefined. Please make sure to return a value other than undefined from your query function. Affected query key: ["themes"]
Query data cannot be undefined. Please make sure to return a value other than undefined from your query function. Affected query key: ["current-theme"]
Query data cannot be undefined. Please make sure to return a value other than undefined from your query function. Affected query key: ["themes"]
Query data cannot be undefined. Please make sure to return a value other than undefined from your query function. Affected query key: ["current-theme"]
Query data cannot be undefined. Please make sure to return a value other than undefined from your query function. Affected query key: ["themes"]
Query data cannot be undefined. Please make sure to return a value other than undefined from your query function. Affected query key: ["current-theme"]
Query data cannot be undefined. Please make sure to return a value other than undefined from your query function. Affected query key: ["themes"]
Query data cannot be undefined. Please make sure to return a value other than undefined from your query function. Affected query key: ["current-theme"]
Query data cannot be undefined. Please make sure to return a value other than undefined from your query function. Affected query key: ["themes"]
Query data cannot be undefined. Please make sure to return a value other than undefined from your query function. Affected query key: ["current-theme"]
Query data cannot be undefined. Please make sure to return a value other than undefined from your query function. Affected query key: ["themes"]
Query data cannot be undefined. Please make sure to return a value other than undefined from your query function. Affected query key: ["current-theme"]
Query data cannot be undefined. Please make sure to return a value other than undefined from your query function. Affected query key: ["themes"]
Query data cannot be undefined. Please make sure to return a value other than undefined from your query function. Affected query key: ["current-theme"]
Query data cannot be undefined. Please make sure to return a value other than undefined from your query function. Affected query key: ["themes"]
Query data cannot be undefined. Please make sure to return a value other than undefined from your query function. Affected query key: ["current-theme"]
Query data cannot be undefined. Please make sure to return a value other than undefined from your query function. Affected query key: ["themes"]
Query data cannot be undefined. Please make sure to return a value other than undefined from your query function. Affected query key: ["current-theme"]
Query data cannot be undefined. Please make sure to return a value other than undefined from your query function. Affected query key: ["themes"]
Query data cannot be undefined. Please make sure to return a value other than undefined from your query function. Affected query key: ["current-theme"]
Query data cannot be undefined. Please make sure to return a value other than undefined from your query function. Affected query key: ["themes"]
Query data cannot be undefined. Please make sure to return a value other than undefined from your query function. Affected query key: ["current-theme"]
Query data cannot be undefined. Please make sure to return a value other than undefined from your query function. Affected query key: ["themes"]
Query data cannot be undefined. Please make sure to return a value other than undefined from your query function. Affected query key: ["current-theme"]
Query data cannot be undefined. Please make sure to return a value other than undefined from your query function. Affected query key: ["themes"]
Query data cannot be undefined. Please make sure to return a value other than undefined from your query function. Affected query key: ["current-theme"]
Query data cannot be undefined. Please make sure to return a value other than undefined from your query function. Affected query key: ["themes"]
Query data cannot be undefined. Please make sure to return a value other than undefined from your query function. Affected query key: ["current-theme"]
Query data cannot be undefined. Please make sure to return a value other than undefined from your query function. Affected query key: ["themes"]
Query data cannot be undefined. Please make sure to return a value other than undefined from your query function. Affected query key: ["current-theme"]
Query data cannot be undefined. Please make sure to return a value other than undefined from your query function. Affected query key: ["themes"]
Query data cannot be undefined. Please make sure to return a value other than undefined from your query function. Affected query key: ["current-theme"]
Query data cannot be undefined. Please make sure to return a value other than undefined from your query function. Affected query key: ["themes"]
Query data cannot be undefined. Please make sure to return a value other than undefined from your query function. Affected query key: ["current-theme"]
Query data cannot be undefined. Please make sure to return a value other than undefined from your query function. Affected query key: ["themes"]
Query data cannot be undefined. Please make sure to return a value other than undefined from your query function. Affected query key: ["current-theme"]
Query data cannot be undefined. Please make sure to return a value other than undefined from your query function. Affected query key: ["themes"]
Query data cannot be undefined. Please make sure to return a value other than undefined from your query function. Affected query key: ["current-theme"]
Query data cannot be undefined. Please make sure to return a value other than undefined from your query function. Affected query key: ["themes"]
Query data cannot be undefined. Please make sure to return a value other than undefined from your query function. Affected query key: ["current-theme"]
Query data cannot be undefined. Please make sure to return a value other than undefined from your query function. Affected query key: ["themes"]
Query data cannot be undefined. Please make sure to return a value other than undefined from your query function. Affected query key: ["current-theme"]
Query data cannot be undefined. Please make sure to return a value other than undefined from your query function. Affected query key: ["themes"]
Query data cannot be undefined. Please make sure to return a value other than undefined from your query function. Affected query key: ["current-theme"]
Query data cannot be undefined. Please make sure to return a value other than undefined from your query function. Affected query key: ["themes"]
Query data cannot be undefined. Please make sure to return a value other than undefined from your query function. Affected query key: ["current-theme"]
Query data cannot be undefined. Please make sure to return a value other than undefined from your query function. Affected query key: ["themes"]
Query data cannot be undefined. Please make sure to return a value other than undefined from your query function. Affected query key: ["current-theme"]
Query data cannot be undefined. Please make sure to return a value other than undefined from your query function. Affected query key: ["themes"]
Query data cannot be undefined. Please make sure to return a value other than undefined from your query function. Affected query key: ["current-theme"]
Query data cannot be undefined. Please make sure to return a value other than undefined from your query function. Affected query key: ["themes"]
Query data cannot be undefined. Please make sure to return a value other than undefined from your query function. Affected query key: ["current-theme"]
Query data cannot be undefined. Please make sure to return a value other than undefined from your query function. Affected query key: ["themes"]
Query data cannot be undefined. Please make sure to return a value other than undefined from your query function. Affected query key: ["current-theme"]
Query data cannot be undefined. Please make sure to return a value other than undefined from your query function. Affected query key: ["themes"]
Query data cannot be undefined. Please make sure to return a value other than undefined from your query function. Affected query key: ["current-theme"]
Query data cannot be undefined. Please make sure to return a value other than undefined from your query function. Affected query key: ["themes"]
Query data cannot be undefined. Please make sure to return a value other than undefined from your query function. Affected query key: ["current-theme"]
Query data cannot be undefined. Please make sure to return a value other than undefined from your query function. Affected query key: ["themes"]
Query data cannot be undefined. Please make sure to return a value other than undefined from your query function. Affected query key: ["current-theme"]
Query data cannot be undefined. Please make sure to return a value other than undefined from your query function. Affected query key: ["themes"]
Query data cannot be undefined. Please make sure to return a value other than undefined from your query function. Affected query key: ["current-theme"]
Query data cannot be undefined. Please make sure to return a value other than undefined from your query function. Affected query key: ["themes"]
Query data cannot be undefined. Please make sure to return a value other than undefined from your query function. Affected query key: ["current-theme"]
Query data cannot be undefined. Please make sure to return a value other than undefined from your query function. Affected query key: ["themes"]
Query data cannot be undefined. Please make sure to return a value other than undefined from your query function. Affected query key: ["current-theme"]
Query data cannot be undefined. Please make sure to return a value other than undefined from your query function. Affected query key: ["themes"]
Query data cannot be undefined. Please make sure to return a value other than undefined from your query function. Affected query key: ["current-theme"]
Query data cannot be undefined. Please make sure to return a value other than undefined from your query function. Affected query key: ["themes"]
Query data cannot be undefined. Please make sure to return a value other than undefined from your query function. Affected query key: ["current-theme"]
Query data cannot be undefined. Please make sure to return a value other than undefined from your query function. Affected query key: ["themes"]
Query data cannot be undefined. Please make sure to return a value other than undefined from your query function. Affected query key: ["current-theme"]
Query data cannot be undefined. Please make sure to return a value other than undefined from your query function. Affected query key: ["themes"]
Query data cannot be undefined. Please make sure to return a value other than undefined from your query function. Affected query key: ["current-theme"]
Query data cannot be undefined. Please make sure to return a value other than undefined from your query function. Affected query key: ["themes"]
Query data cannot be undefined. Please make sure to return a value other than undefined from your query function. Affected query key: ["current-theme"]
Query data cannot be undefined. Please make sure to return a value other than undefined from your query function. Affected query key: ["themes"]
Query data cannot be undefined. Please make sure to return a value other than undefined from your query function. Affected query key: ["current-theme"]
Query data cannot be undefined. Please make sure to return a value other than undefined from your query function. Affected query key: ["themes"]
Query data cannot be undefined. Please make sure to return a value other than undefined from your query function. Affected query key: ["current-theme"]
Query data cannot be undefined. Please make sure to return a value other than undefined from your query function. Affected query key: ["themes"]
Query data cannot be undefined. Please make sure to return a value other than undefined from your query function. Affected query key: ["current-theme"]
Query data cannot be undefined. Please make sure to return a value other than undefined from your query function. Affected query key: ["themes"]
Query data cannot be undefined. Please make sure to return a value other than undefined from your query function. Affected query key: ["current-theme"]
Query data cannot be undefined. Please make sure to return a value other than undefined from your query function. Affected query key: ["themes"]
Query data cannot be undefined. Please make sure to return a value other than undefined from your query function. Affected query key: ["current-theme"]
Query data cannot be undefined. Please make sure to return a value other than undefined from your query function. Affected query key: ["themes"]
Query data cannot be undefined. Please make sure to return a value other than undefined from your query function. Affected query key: ["current-theme"]
Query data cannot be undefined. Please make sure to return a value other than undefined from your query function. Affected query key: ["themes"]
Query data cannot be undefined. Please make sure to return a value other than undefined from your query function. Affected query key: ["current-theme"]
Query data cannot be undefined. Please make sure to return a value other than undefined from your query function. Affected query key: ["themes"]
Query data cannot be undefined. Please make sure to return a value other than undefined from your query function. Affected query key: ["current-theme"]
Query data cannot be undefined. Please make sure to return a value other than undefined from your query function. Affected query key: ["themes"]
Query data cannot be undefined. Please make sure to return a value other than undefined from your query function. Affected query key: ["current-theme"]
Query data cannot be undefined. Please make sure to return a value other than undefined from your query function. Affected query key: ["themes"]
Query data cannot be undefined. Please make sure to return a value other than undefined from your query function. Affected query key: ["current-theme"]
Query data cannot be undefined. Please make sure to return a value other than undefined from your query function. Affected query key: ["themes"]
Query data cannot be undefined. Please make sure to return a value other than undefined from your query function. Affected query key: ["current-theme"]
Query data cannot be undefined. Please make sure to return a value other than undefined from your query function. Affected query key: ["themes"]
Query data cannot be undefined. Please make sure to return a value other than undefined from your query function. Affected query key: ["current-theme"]
Query data cannot be undefined. Please make sure to return a value other than undefined from your query function. Affected query key: ["themes"]
Query data cannot be undefined. Please make sure to return a value other than undefined from your query function. Affected query key: ["current-theme"]
Query data cannot be undefined. Please make sure to return a value other than undefined from your query function. Affected query key: ["themes"]
Query data cannot be undefined. Please make sure to return a value other than undefined from your query function. Affected query key: ["current-theme"]
Query data cannot be undefined. Please make sure to return a value other than undefined from your query function. Affected query key: ["themes"]
Query data cannot be undefined. Please make sure to return a value other than undefined from your query function. Affected query key: ["current-theme"]
Query data cannot be undefined. Please make sure to return a value other than undefined from your query function. Affected query key: ["themes"]
Query data cannot be undefined. Please make sure to return a value other than undefined from your query function. Affected query key: ["current-theme"]
Query data cannot be undefined. Please make sure to return a value other than undefined from your query function. Affected query key: ["themes"]
Query data cannot be undefined. Please make sure to return a value other than undefined from your query function. Affected query key: ["current-theme"]
Query data cannot be undefined. Please make sure to return a value other than undefined from your query function. Affected query key: ["themes"]
Query data cannot be undefined. Please make sure to return a value other than undefined from your query function. Affected query key: ["current-theme"]
Query data cannot be undefined. Please make sure to return a value other than undefined from your query function. Affected query key: ["themes"]
Query data cannot be undefined. Please make sure to return a value other than undefined from your query function. Affected query key: ["current-theme"]
Query data cannot be undefined. Please make sure to return a value other than undefined from your query function. Affected query key: ["themes"]
Query data cannot be undefined. Please make sure to return a value other than undefined from your query function. Affected query key: ["current-theme"]
Query data cannot be undefined. Please make sure to return a value other than undefined from your query function. Affected query key: ["themes"]
Query data cannot be undefined. Please make sure to return a value other than undefined from your query function. Affected query key: ["current-theme"]
Query data cannot be undefined. Please make sure to return a value other than undefined from your query function. Affected query key: ["themes"]
Query data cannot be undefined. Please make sure to return a value other than undefined from your query function. Affected query key: ["current-theme"]
Query data cannot be undefined. Please make sure to return a value other than undefined from your query function. Affected query key: ["themes"]
Query data cannot be undefined. Please make sure to return a value other than undefined from your query function. Affected query key: ["current-theme"]
Query data cannot be undefined. Please make sure to return a value other than undefined from your query function. Affected query key: ["themes"]
Query data cannot be undefined. Please make sure to return a value other than undefined from your query function. Affected query key: ["current-theme"]
Query data cannot be undefined. Please make sure to return a value other than undefined from your query function. Affected query key: ["themes"]
Query data cannot be undefined. Please make sure to return a value other than undefined from your query function. Affected query key: ["current-theme"]
Query data cannot be undefined. Please make sure to return a value other than undefined from your query function. Affected query key: ["themes"]
Query data cannot be undefined. Please make sure to return a value other than undefined from your query function. Affected query key: ["current-theme"]
Query data cannot be undefined. Please make sure to return a value other than undefined from your query function. Affected query key: ["themes"]
Query data cannot be undefined. Please make sure to return a value other than undefined from your query function. Affected query key: ["current-theme"]
Query data cannot be undefined. Please make sure to return a value other than undefined from your query function. Affected query key: ["themes"]
Query data cannot be undefined. Please make sure to return a value other than undefined from your query function. Affected query key: ["current-theme"]
Query data cannot be undefined. Please make sure to return a value other than undefined from your query function. Affected query key: ["themes"]
Query data cannot be undefined. Please make sure to return a value other than undefined from your query function. Affected query key: ["current-theme"]
Query data cannot be undefined. Please make sure to return a value other than undefined from your query function. Affected query key: ["themes"]
Query data cannot be undefined. Please make sure to return a value other than undefined from your query function. Affected query key: ["current-theme"]
Query data cannot be undefined. Please make sure to return a value other than undefined from your query function. Affected query key: ["themes"]
Query data cannot be undefined. Please make sure to return a value other than undefined from your query function. Affected query key: ["current-theme"]
Query data cannot be undefined. Please make sure to return a value other than undefined from your query function. Affected query key: ["themes"]
Query data cannot be undefined. Please make sure to return a value other than undefined from your query function. Affected query key: ["current-theme"]
Query data cannot be undefined. Please make sure to return a value other than undefined from your query function. Affected query key: ["themes"]
Query data cannot be undefined. Please make sure to return a value other than undefined from your query function. Affected query key: ["current-theme"]
Query data cannot be undefined. Please make sure to return a value other than undefined from your query function. Affected query key: ["themes"]
Query data cannot be undefined. Please make sure to return a value other than undefined from your query function. Affected query key: ["current-theme"]
Query data cannot be undefined. Please make sure to return a value other than undefined from your query function. Affected query key: ["themes"]
Query data cannot be undefined. Please make sure to return a value other than undefined from your query function. Affected query key: ["current-theme"]
Query data cannot be undefined. Please make sure to return a value other than undefined from your query function. Affected query key: ["themes"]
Query data cannot be undefined. Please make sure to return a value other than undefined from your query function. Affected query key: ["current-theme"]
Query data cannot be undefined. Please make sure to return a value other than undefined from your query function. Affected query key: ["themes"]
Query data cannot be undefined. Please make sure to return a value other than undefined from your query function. Affected query key: ["current-theme"]
Query data cannot be undefined. Please make sure to return a value other than undefined from your query function. Affected query key: ["themes"]
Query data cannot be undefined. Please make sure to return a value other than undefined from your query function. Affected query key: ["current-theme"]
Query data cannot be undefined. Please make sure to return a value other than undefined from your query function. Affected query key: ["themes"]
Query data cannot be undefined. Please make sure to return a value other than undefined from your query function. Affected query key: ["current-theme"]
Query data cannot be undefined. Please make sure to return a value other than undefined from your query function. Affected query key: ["themes"]
Query data cannot be undefined. Please make sure to return a value other than undefined from your query function. Affected query key: ["current-theme"]
Query data cannot be undefined. Please make sure to return a value other than undefined from your query function. Affected query key: ["themes"]
Query data cannot be undefined. Please make sure to return a value other than undefined from your query function. Affected query key: ["current-theme"]
Query data cannot be undefined. Please make sure to return a value other than undefined from your query function. Affected query key: ["themes"]
Query data cannot be undefined. Please make sure to return a value other than undefined from your query function. Affected query key: ["current-theme"]
Query data cannot be undefined. Please make sure to return a value other than undefined from your query function. Affected query key: ["themes"]
Query data cannot be undefined. Please make sure to return a value other than undefined from your query function. Affected query key: ["current-theme"]
Query data cannot be undefined. Please make sure to return a value other than undefined from your query function. Affected query key: ["themes"]
Query data cannot be undefined. Please make sure to return a value other than undefined from your query function. Affected query key: ["current-theme"]
Query data cannot be undefined. Please make sure to return a value other than undefined from your query function. Affected query key: ["themes"]
Query data cannot be undefined. Please make sure to return a value other than undefined from your query function. Affected query key: ["current-theme"]
Query data cannot be undefined. Please make sure to return a value other than undefined from your query function. Affected query key: ["themes"]
Query data cannot be undefined. Please make sure to return a value other than undefined from your query function. Affected query key: ["current-theme"]
Query data cannot be undefined. Please make sure to return a value other than undefined from your query function. Affected query key: ["themes"]
Query data cannot be undefined. Please make sure to return a value other than undefined from your query function. Affected query key: ["current-theme"]
Query data cannot be undefined. Please make sure to return a value other than undefined from your query function. Affected query key: ["themes"]
Query data cannot be undefined. Please make sure to return a value other than undefined from your query function. Affected query key: ["current-theme"]
Query data cannot be undefined. Please make sure to return a value other than undefined from your query function. Affected query key: ["themes"]
Query data cannot be undefined. Please make sure to return a value other than undefined from your query function. Affected query key: ["current-theme"]
Query data cannot be undefined. Please make sure to return a value other than undefined from your query function. Affected query key: ["themes"]
Query data cannot be undefined. Please make sure to return a value other than undefined from your query function. Affected query key: ["current-theme"]
Query data cannot be undefined. Please make sure to return a value other than undefined from your query function. Affected query key: ["themes"]
Query data cannot be undefined. Please make sure to return a value other than undefined from your query function. Affected query key: ["current-theme"]
Query data cannot be undefined. Please make sure to return a value other than undefined from your query function. Affected query key: ["themes"]
Query data cannot be undefined. Please make sure to return a value other than undefined from your query function. Affected query key: ["current-theme"]
Query data cannot be undefined. Please make sure to return a value other than undefined from your query function. Affected query key: ["themes"]
Query data cannot be undefined. Please make sure to return a value other than undefined from your query function. Affected query key: ["current-theme"]
Query data cannot be undefined. Please make sure to return a value other than undefined from your query function. Affected query key: ["themes"]
Query data cannot be undefined. Please make sure to return a value other than undefined from your query function. Affected query key: ["current-theme"]
Query data cannot be undefined. Please make sure to return a value other than undefined from your query function. Affected query key: ["themes"]
Query data cannot be undefined. Please make sure to return a value other than undefined from your query function. Affected query key: ["current-theme"]
Query data cannot be undefined. Please make sure to return a value other than undefined from your query function. Affected query key: ["themes"]
Query data cannot be undefined. Please make sure to return a value other than undefined from your query function. Affected query key: ["current-theme"]
Query data cannot be undefined. Please make sure to return a value other than undefined from your query function. Affected query key: ["themes"]
Query data cannot be undefined. Please make sure to return a value other than undefined from your query function. Affected query key: ["current-theme"]
Query data cannot be undefined. Please make sure to return a value other than undefined from your query function. Affected query key: ["themes"]
Query data cannot be undefined. Please make sure to return a value other than undefined from your query function. Affected query key: ["current-theme"]
Query data cannot be undefined. Please make sure to return a value other than undefined from your query function. Affected query key: ["themes"]
Query data cannot be undefined. Please make sure to return a value other than undefined from your query function. Affected query key: ["current-theme"]
Query data cannot be undefined. Please make sure to return a value other than undefined from your query function. Affected query key: ["themes"]
Query data cannot be undefined. Please make sure to return a value other than undefined from your query function. Affected query key: ["current-theme"]
Query data cannot be undefined. Please make sure to return a value other than undefined from your query function. Affected query key: ["themes"]
Query data cannot be undefined. Please make sure to return a value other than undefined from your query function. Affected query key: ["current-theme"]
Query data cannot be undefined. Please make sure to return a value other than undefined from your query function. Affected query key: ["themes"]
Query data cannot be undefined. Please make sure to return a value other than undefined from your query function. Affected query key: ["current-theme"]
Query data cannot be undefined. Please make sure to return a value other than undefined from your query function. Affected query key: ["themes"]
Query data cannot be undefined. Please make sure to return a value other than undefined from your query function. Affected query key: ["current-theme"]
Query data cannot be undefined. Please make sure to return a value other than undefined from your query function. Affected query key: ["themes"]
Query data cannot be undefined. Please make sure to return a value other than undefined from your query function. Affected query key: ["current-theme"]
Query data cannot be undefined. Please make sure to return a value other than undefined from your query function. Affected query key: ["themes"]
Query data cannot be undefined. Please make sure to return a value other than undefined from your query function. Affected query key: ["current-theme"]
Query data cannot be undefined. Please make sure to return a value other than undefined from your query function. Affected query key: ["themes"]
Query data cannot be undefined. Please make sure to return a value other than undefined from your query function. Affected query key: ["current-theme"]
Query data cannot be undefined. Please make sure to return a value other than undefined from your query function. Affected query key: ["themes"]
Query data cannot be undefined. Please make sure to return a value other than undefined from your query function. Affected query key: ["current-theme"]
Query data cannot be undefined. Please make sure to return a value other than undefined from your query function. Affected query key: ["themes"]
Query data cannot be undefined. Please make sure to return a value other than undefined from your query function. Affected query key: ["current-theme"]
Query data cannot be undefined. Please make sure to return a value other than undefined from your query function. Affected query key: ["themes"]
Query data cannot be undefined. Please make sure to return a value other than undefined from your query function. Affected query key: ["current-theme"]
Query data cannot be undefined. Please make sure to return a value other than undefined from your query function. Affected query key: ["themes"]
Query data cannot be undefined. Please make sure to return a value other than undefined from your query function. Affected query key: ["current-theme"]
Query data cannot be undefined. Please make sure to return a value other than undefined from your query function. Affected query key: ["themes"]
Query data cannot be undefined. Please make sure to return a value other than undefined from your query function. Affected query key: ["current-theme"]
Query data cannot be undefined. Please make sure to return a value other than undefined from your query function. Affected query key: ["themes"]
Query data cannot be undefined. Please make sure to return a value other than undefined from your query function. Affected query key: ["current-theme"]
Query data cannot be undefined. Please make sure to return a value other than undefined from your query function. Affected query key: ["themes"]
Query data cannot be undefined. Please make sure to return a value other than undefined from your query function. Affected query key: ["current-theme"]
Query data cannot be undefined. Please make sure to return a value other than undefined from your query function. Affected query key: ["themes"]
Query data cannot be undefined. Please make sure to return a value other than undefined from your query function. Affected query key: ["current-theme"]
Query data cannot be undefined. Please make sure to return a value other than undefined from your query function. Affected query key: ["themes"]
Query data cannot be undefined. Please make sure to return a value other than undefined from your query function. Affected query key: ["current-theme"]
Query data cannot be undefined. Please make sure to return a value other than undefined from your query function. Affected query key: ["themes"]
Query data cannot be undefined. Please make sure to return a value other than undefined from your query function. Affected query key: ["current-theme"]
Query data cannot be undefined. Please make sure to return a value other than undefined from your query function. Affected query key: ["themes"]
Query data cannot be undefined. Please make sure to return a value other than undefined from your query function. Affected query key: ["current-theme"]
Query data cannot be undefined. Please make sure to return a value other than undefined from your query function. Affected query key: ["themes"]
Query data cannot be undefined. Please make sure to return a value other than undefined from your query function. Affected query key: ["current-theme"]
Query data cannot be undefined. Please make sure to return a value other than undefined from your query function. Affected query key: ["themes"]
Query data cannot be undefined. Please make sure to return a value other than undefined from your query function. Affected query key: ["current-theme"]
Query data cannot be undefined. Please make sure to return a value other than undefined from your query function. Affected query key: ["themes"]
Query data cannot be undefined. Please make sure to return a value other than undefined from your query function. Affected query key: ["current-theme"]
Query data cannot be undefined. Please make sure to return a value other than undefined from your query function. Affected query key: ["themes"]
Query data cannot be undefined. Please make sure to return a value other than undefined from your query function. Affected query key: ["current-theme"]
Query data cannot be undefined. Please make sure to return a value other than undefined from your query function. Affected query key: ["themes"]
Query data cannot be undefined. Please make sure to return a value other than undefined from your query function. Affected query key: ["current-theme"]
Query data cannot be undefined. Please make sure to return a value other than undefined from your query function. Affected query key: ["themes"]
Query data cannot be undefined. Please make sure to return a value other than undefined from your query function. Affected query key: ["current-theme"]
Query data cannot be undefined. Please make sure to return a value other than undefined from your query function. Affected query key: ["themes"]
Query data cannot be undefined. Please make sure to return a value other than undefined from your query function. Affected query key: ["current-theme"]
Query data cannot be undefined. Please make sure to return a value other than undefined from your query function. Affected query key: ["themes"]
Query data cannot be undefined. Please make sure to return a value other than undefined from your query function. Affected query key: ["current-theme"]
Query data cannot be undefined. Please make sure to return a value other than undefined from your query function. Affected query key: ["themes"]
Query data cannot be undefined. Please make sure to return a value other than undefined from your query function. Affected query key: ["current-theme"]
Query data cannot be undefined. Please make sure to return a value other than undefined from your query function. Affected query key: ["themes"]
Query data cannot be undefined. Please make sure to return a value other than undefined from your query function. Affected query key: ["current-theme"]
Query data cannot be undefined. Please make sure to return a value other than undefined from your query function. Affected query key: ["themes"]
Query data cannot be undefined. Please make sure to return a value other than undefined from your query function. Affected query key: ["current-theme"]
Query data cannot be undefined. Please make sure to return a value other than undefined from your query function. Affected query key: ["themes"]
Query data cannot be undefined. Please make sure to return a value other than undefined from your query function. Affected query key: ["current-theme"]
Query data cannot be undefined. Please make sure to return a value other than undefined from your query function. Affected query key: ["themes"]
Query data cannot be undefined. Please make sure to return a value other than undefined from your query function. Affected query key: ["current-theme"]
Query data cannot be undefined. Please make sure to return a value other than undefined from your query function. Affected query key: ["themes"]
Query data cannot be undefined. Please make sure to return a value other than undefined from your query function. Affected query key: ["current-theme"]
Query data cannot be undefined. Please make sure to return a value other than undefined from your query function. Affected query key: ["themes"]
Query data cannot be undefined. Please make sure to return a value other than undefined from your query function. Affected query key: ["current-theme"]
Query data cannot be undefined. Please make sure to return a value other than undefined from your query function. Affected query key: ["themes"]
Query data cannot be undefined. Please make sure to return a value other than undefined from your query function. Affected query key: ["current-theme"]
Query data cannot be undefined. Please make sure to return a value other than undefined from your query function. Affected query key: ["themes"]
Query data cannot be undefined. Please make sure to return a value other than undefined from your query function. Affected query key: ["current-theme"]
Query data cannot be undefined. Please make sure to return a value other than undefined from your query function. Affected query key: ["themes"]
Query data cannot be undefined. Please make sure to return a value other than undefined from your query function. Affected query key: ["current-theme"]
Query data cannot be undefined. Please make sure to return a value other than undefined from your query function. Affected query key: ["themes"]
Query data cannot be undefined. Please make sure to return a value other than undefined from your query function. Affected query key: ["current-theme"]
Query data cannot be undefined. Please make sure to return a value other than undefined from your query function. Affected query key: ["themes"]
Query data cannot be undefined. Please make sure to return a value other than undefined from your query function. Affected query key: ["current-theme"]
Query data cannot be undefined. Please make sure to return a value other than undefined from your query function. Affected query key: ["themes"]
Query data cannot be undefined. Please make sure to return a value other than undefined from your query function. Affected query key: ["current-theme"]
Query data cannot be undefined. Please make sure to return a value other than undefined from your query function. Affected query key: ["themes"]
Query data cannot be undefined. Please make sure to return a value other than undefined from your query function. Affected query key: ["current-theme"]
Query data cannot be undefined. Please make sure to return a value other than undefined from your query function. Affected query key: ["themes"]
Query data cannot be undefined. Please make sure to return a value other than undefined from your query function. Affected query key: ["current-theme"]
Query data cannot be undefined. Please make sure to return a value other than undefined from your query function. Affected query key: ["themes"]
Query data cannot be undefined. Please make sure to return a value other than undefined from your query function. Affected query key: ["current-theme"]
Query data cannot be undefined. Please make sure to return a value other than undefined from your query function. Affected query key: ["themes"]
Query data cannot be undefined. Please make sure to return a value other than undefined from your query function. Affected query key: ["current-theme"]
Query data cannot be undefined. Please make sure to return a value other than undefined from your query function. Affected query key: ["themes"]
Query data cannot be undefined. Please make sure to return a value other than undefined from your query function. Affected query key: ["current-theme"]
Query data cannot be undefined. Please make sure to return a value other than undefined from your query function. Affected query key: ["themes"]
Query data cannot be undefined. Please make sure to return a value other than undefined from your query function. Affected query key: ["current-theme"]
Query data cannot be undefined. Please make sure to return a value other than undefined from your query function. Affected query key: ["themes"]
Query data cannot be undefined. Please make sure to return a value other than undefined from your query function. Affected query key: ["current-theme"]
Query data cannot be undefined. Please make sure to return a value other than undefined from your query function. Affected query key: ["themes"]
Query data cannot be undefined. Please make sure to return a value other than undefined from your query function. Affected query key: ["current-theme"]
Query data cannot be undefined. Please make sure to return a value other than undefined from your query function. Affected query key: ["themes"]
Query data cannot be undefined. Please make sure to return a value other than undefined from your query function. Affected query key: ["current-theme"]
Query data cannot be undefined. Please make sure to return a value other than undefined from your query function. Affected query key: ["themes"]
Query data cannot be undefined. Please make sure to return a value other than undefined from your query function. Affected query key: ["current-theme"]
Query data cannot be undefined. Please make sure to return a value other than undefined from your query function. Affected query key: ["themes"]
Query data cannot be undefined. Please make sure to return a value other than undefined from your query function. Affected query key: ["current-theme"]
Query data cannot be undefined. Please make sure to return a value other than undefined from your query function. Affected query key: ["themes"]
Query data cannot be undefined. Please make sure to return a value other than undefined from your query function. Affected query key: ["current-theme"]
Query data cannot be undefined. Please make sure to return a value other than undefined from your query function. Affected query key: ["themes"]
Query data cannot be undefined. Please make sure to return a value other than undefined from your query function. Affected query key: ["current-theme"]
Query data cannot be undefined. Please make sure to return a value other than undefined from your query function. Affected query key: ["themes"]
Query data cannot be undefined. Please make sure to return a value other than undefined from your query function. Affected query key: ["current-theme"]
Query data cannot be undefined. Please make sure to return a value other than undefined from your query function. Affected query key: ["themes"]
Query data cannot be undefined. Please make sure to return a value other than undefined from your query function. Affected query key: ["current-theme"]
Query data cannot be undefined. Please make sure to return a value other than undefined from your query function. Affected query key: ["themes"]
Query data cannot be undefined. Please make sure to return a value other than undefined from your query function. Affected query key: ["current-theme"]
Query data cannot be undefined. Please make sure to return a value other than undefined from your query function. Affected query key: ["themes"]
Query data cannot be undefined. Please make sure to return a value other than undefined from your query function. Affected query key: ["current-theme"]
Query data cannot be undefined. Please make sure to return a value other than undefined from your query function. Affected query key: ["themes"]
Query data cannot be undefined. Please make sure to return a value other than undefined from your query function. Affected query key: ["current-theme"]
Query data cannot be undefined. Please make sure to return a value other than undefined from your query function. Affected query key: ["themes"]
Query data cannot be undefined. Please make sure to return a value other than undefined from your query function. Affected query key: ["current-theme"]
Query data cannot be undefined. Please make sure to return a value other than undefined from your query function. Affected query key: ["themes"]
Query data cannot be undefined. Please make sure to return a value other than undefined from your query function. Affected query key: ["current-theme"]
Query data cannot be undefined. Please make sure to return a value other than undefined from your query function. Affected query key: ["themes"]
Query data cannot be undefined. Please make sure to return a value other than undefined from your query function. Affected query key: ["current-theme"]
Query data cannot be undefined. Please make sure to return a value other than undefined from your query function. Affected query key: ["themes"]
Query data cannot be undefined. Please make sure to return a value other than undefined from your query function. Affected query key: ["current-theme"]
Query data cannot be undefined. Please make sure to return a value other than undefined from your query function. Affected query key: ["themes"]
Query data cannot be undefined. Please make sure to return a value other than undefined from your query function. Affected query key: ["current-theme"]
Query data cannot be undefined. Please make sure to return a value other than undefined from your query function. Affected query key: ["themes"]
Query data cannot be undefined. Please make sure to return a value other than undefined from your query function. Affected query key: ["current-theme"]
Query data cannot be undefined. Please make sure to return a value other than undefined from your query function. Affected query key: ["themes"]
Query data cannot be undefined. Please make sure to return a value other than undefined from your query function. Affected query key: ["current-theme"]
Query data cannot be undefined. Please make sure to return a value other than undefined from your query function. Affected query key: ["themes"]
Query data cannot be undefined. Please make sure to return a value other than undefined from your query function. Affected query key: ["current-theme"]
Query data cannot be undefined. Please make sure to return a value other than undefined from your query function. Affected query key: ["themes"]
Query data cannot be undefined. Please make sure to return a value other than undefined from your query function. Affected query key: ["current-theme"]
Query data cannot be undefined. Please make sure to return a value other than undefined from your query function. Affected query key: ["themes"]
Query data cannot be undefined. Please make sure to return a value other than undefined from your query function. Affected query key: ["current-theme"]
Query data cannot be undefined. Please make sure to return a value other than undefined from your query function. Affected query key: ["themes"]
Query data cannot be undefined. Please make sure to return a value other than undefined from your query function. Affected query key: ["current-theme"]
Query data cannot be undefined. Please make sure to return a value other than undefined from your query function. Affected query key: ["themes"]
Query data cannot be undefined. Please make sure to return a value other than undefined from your query function. Affected query key: ["current-theme"]
Query data cannot be undefined. Please make sure to return a value other than undefined from your query function. Affected query key: ["themes"]
Query data cannot be undefined. Please make sure to return a value other than undefined from your query function. Affected query key: ["current-theme"]
Query data cannot be undefined. Please make sure to return a value other than undefined from your query function. Affected query key: ["themes"]
Query data cannot be undefined. Please make sure to return a value other than undefined from your query function. Affected query key: ["current-theme"]
Query data cannot be undefined. Please make sure to return a value other than undefined from your query function. Affected query key: ["themes"]
Query data cannot be undefined. Please make sure to return a value other than undefined from your query function. Affected query key: ["current-theme"]
Query data cannot be undefined. Please make sure to return a value other than undefined from your query function. Affected query key: ["themes"]
Query data cannot be undefined. Please make sure to return a value other than undefined from your query function. Affected query key: ["current-theme"]
Query data cannot be undefined. Please make sure to return a value other than undefined from your query function. Affected query key: ["themes"]
Query data cannot be undefined. Please make sure to return a value other than undefined from your query function. Affected query key: ["current-theme"]
Query data cannot be undefined. Please make sure to return a value other than undefined from your query function. Affected query key: ["themes"]
Query data cannot be undefined. Please make sure to return a value other than undefined from your query function. Affected query key: ["current-theme"]
Query data cannot be undefined. Please make sure to return a value other than undefined from your query function. Affected query key: ["themes"]
Query data cannot be undefined. Please make sure to return a value other than undefined from your query function. Affected query key: ["current-theme"]
Query data cannot be undefined. Please make sure to return a value other than undefined from your query function. Affected query key: ["themes"]
Query data cannot be undefined. Please make sure to return a value other than undefined from your query function. Affected query key: ["current-theme"]
Query data cannot be undefined. Please make sure to return a value other than undefined from your query function. Affected query key: ["themes"]
Query data cannot be undefined. Please make sure to return a value other than undefined from your query function. Affected query key: ["current-theme"]
Query data cannot be undefined. Please make sure to return a value other than undefined from your query function. Affected query key: ["themes"]
Query data cannot be undefined. Please make sure to return a value other than undefined from your query function. Affected query key: ["current-theme"]
Query data cannot be undefined. Please make sure to return a value other than undefined from your query function. Affected query key: ["themes"]
Query data cannot be undefined. Please make sure to return a value other than undefined from your query function. Affected query key: ["current-theme"]
Query data cannot be undefined. Please make sure to return a value other than undefined from your query function. Affected query key: ["themes"]
Query data cannot be undefined. Please make sure to return a value other than undefined from your query function. Affected query key: ["current-theme"]
Query data cannot be undefined. Please make sure to return a value other than undefined from your query function. Affected query key: ["themes"]
Query data cannot be undefined. Please make sure to return a value other than undefined from your query function. Affected query key: ["current-theme"]
Query data cannot be undefined. Please make sure to return a value other than undefined from your query function. Affected query key: ["themes"]
Query data cannot be undefined. Please make sure to return a value other than undefined from your query function. Affected query key: ["current-theme"]
Query data cannot be undefined. Please make sure to return a value other than undefined from your query function. Affected query key: ["themes"]
Query data cannot be undefined. Please make sure to return a value other than undefined from your query function. Affected query key: ["current-theme"]
Query data cannot be undefined. Please make sure to return a value other than undefined from your query function. Affected query key: ["themes"]
Query data cannot be undefined. Please make sure to return a value other than undefined from your query function. Affected query key: ["current-theme"]
Query data cannot be undefined. Please make sure to return a value other than undefined from your query function. Affected query key: ["themes"]
Query data cannot be undefined. Please make sure to return a value other than undefined from your query function. Affected query key: ["current-theme"]
Query data cannot be undefined. Please make sure to return a value other than undefined from your query function. Affected query key: ["themes"]
Query data cannot be undefined. Please make sure to return a value other than undefined from your query function. Affected query key: ["current-theme"]
Query data cannot be undefined. Please make sure to return a value other than undefined from your query function. Affected query key: ["themes"]
Query data cannot be undefined. Please make sure to return a value other than undefined from your query function. Affected query key: ["current-theme"]
Query data cannot be undefined. Please make sure to return a value other than undefined from your query function. Affected query key: ["themes"]
Query data cannot be undefined. Please make sure to return a value other than undefined from your query function. Affected query key: ["current-theme"]
Query data cannot be undefined. Please make sure to return a value other than undefined from your query function. Affected query key: ["themes"]
Query data cannot be undefined. Please make sure to return a value other than undefined from your query function. Affected query key: ["current-theme"]
Query data cannot be undefined. Please make sure to return a value other than undefined from your query function. Affected query key: ["themes"]
Query data cannot be undefined. Please make sure to return a value other than undefined from your query function. Affected query key: ["current-theme"]
Query data cannot be undefined. Please make sure to return a value other than undefined from your query function. Affected query key: ["themes"]
Query data cannot be undefined. Please make sure to return a value other than undefined from your query function. Affected query key: ["current-theme"]
Query data cannot be undefined. Please make sure to return a value other than undefined from your query function. Affected query key: ["themes"]
Query data cannot be undefined. Please make sure to return a value other than undefined from your query function. Affected query key: ["current-theme"]
Query data cannot be undefined. Please make sure to return a value other than undefined from your query function. Affected query key: ["themes"]
Query data cannot be undefined. Please make sure to return a value other than undefined from your query function. Affected query key: ["current-theme"]
Query data cannot be undefined. Please make sure to return a value other than undefined from your query function. Affected query key: ["themes"]
Query data cannot be undefined. Please make sure to return a value other than undefined from your query function. Affected query key: ["current-theme"]
Query data cannot be undefined. Please make sure to return a value other than undefined from your query function. Affected query key: ["themes"]
Query data cannot be undefined. Please make sure to return a value other than undefined from your query function. Affected query key: ["current-theme"]
Query data cannot be undefined. Please make sure to return a value other than undefined from your query function. Affected query key: ["themes"]
Query data cannot be undefined. Please make sure to return a value other than undefined from your query function. Affected query key: ["current-theme"]
Query data cannot be undefined. Please make sure to return a value other than undefined from your query function. Affected query key: ["themes"]
Query data cannot be undefined. Please make sure to return a value other than undefined from your query function. Affected query key: ["current-theme"]
Query data cannot be undefined. Please make sure to return a value other than undefined from your query function. Affected query key: ["themes"]
Query data cannot be undefined. Please make sure to return a value other than undefined from your query function. Affected query key: ["current-theme"]
Query data cannot be undefined. Please make sure to return a value other than undefined from your query function. Affected query key: ["themes"]
Query data cannot be undefined. Please make sure to return a value other than undefined from your query function. Affected query key: ["current-theme"]
Query data cannot be undefined. Please make sure to return a value other than undefined from your query function. Affected query key: ["themes"]
Query data cannot be undefined. Please make sure to return a value other than undefined from your query function. Affected query key: ["current-theme"]
Query data cannot be undefined. Please make sure to return a value other than undefined from your query function. Affected query key: ["themes"]
Query data cannot be undefined. Please make sure to return a value other than undefined from your query function. Affected query key: ["current-theme"]
Query data cannot be undefined. Please make sure to return a value other than undefined from your query function. Affected query key: ["themes"]
Query data cannot be undefined. Please make sure to return a value other than undefined from your query function. Affected query key: ["current-theme"]
Query data cannot be undefined. Please make sure to return a value other than undefined from your query function. Affected query key: ["themes"]
Query data cannot be undefined. Please make sure to return a value other than undefined from your query function. Affected query key: ["current-theme"]
Query data cannot be undefined. Please make sure to return a value other than undefined from your query function. Affected query key: ["themes"]
Query data cannot be undefined. Please make sure to return a value other than undefined from your query function. Affected query key: ["current-theme"]
Query data cannot be undefined. Please make sure to return a value other than undefined from your query function. Affected query key: ["themes"]
Query data cannot be undefined. Please make sure to return a value other than undefined from your query function. Affected query key: ["current-theme"]
Query data cannot be undefined. Please make sure to return a value other than undefined from your query function. Affected query key: ["themes"]
Query data cannot be undefined. Please make sure to return a value other than undefined from your query function. Affected query key: ["current-theme"]
Query data cannot be undefined. Please make sure to return a value other than undefined from your query function. Affected query key: ["themes"]
Query data cannot be undefined. Please make sure to return a value other than undefined from your query function. Affected query key: ["current-theme"]
Query data cannot be undefined. Please make sure to return a value other than undefined from your query function. Affected query key: ["themes"]
Query data cannot be undefined. Please make sure to return a value other than undefined from your query function. Affected query key: ["current-theme"]
Query data cannot be undefined. Please make sure to return a value other than undefined from your query function. Affected query key: ["themes"]
Query data cannot be undefined. Please make sure to return a value other than undefined from your query function. Affected query key: ["current-theme"]
Query data cannot be undefined. Please make sure to return a value other than undefined from your query function. Affected query key: ["themes"]
Query data cannot be undefined. Please make sure to return a value other than undefined from your query function. Affected query key: ["current-theme"]
Query data cannot be undefined. Please make sure to return a value other than undefined from your query function. Affected query key: ["themes"]
Query data cannot be undefined. Please make sure to return a value other than undefined from your query function. Affected query key: ["current-theme"]
Query data cannot be undefined. Please make sure to return a value other than undefined from your query function. Affected query key: ["themes"]
Query data cannot be undefined. Please make sure to return a value other than undefined from your query function. Affected query key: ["current-theme"]
Query data cannot be undefined. Please make sure to return a value other than undefined from your query function. Affected query key: ["themes"]
Query data cannot be undefined. Please make sure to return a value other than undefined from your query function. Affected query key: ["current-theme"]
Query data cannot be undefined. Please make sure to return a value other than undefined from your query function. Affected query key: ["themes"]
Query data cannot be undefined. Please make sure to return a value other than undefined from your query function. Affected query key: ["current-theme"]
Query data cannot be undefined. Please make sure to return a value other than undefined from your query function. Affected query key: ["themes"]
Query data cannot be undefined. Please make sure to return a value other than undefined from your query function. Affected query key: ["current-theme"]
Query data cannot be undefined. Please make sure to return a value other than undefined from your query function. Affected query key: ["themes"]
Query data cannot be undefined. Please make sure to return a value other than undefined from your query function. Affected query key: ["current-theme"]
Query data cannot be undefined. Please make sure to return a value other than undefined from your query function. Affected query key: ["themes"]
Query data cannot be undefined. Please make sure to return a value other than undefined from your query function. Affected query key: ["current-theme"]
Query data cannot be undefined. Please make sure to return a value other than undefined from your query function. Affected query key: ["themes"]
Query data cannot be undefined. Please make sure to return a value other than undefined from your query function. Affected query key: ["current-theme"]
Query data cannot be undefined. Please make sure to return a value other than undefined from your query function. Affected query key: ["themes"]
Query data cannot be undefined. Please make sure to return a value other than undefined from your query function. Affected query key: ["current-theme"]
Query data cannot be undefined. Please make sure to return a value other than undefined from your query function. Affected query key: ["themes"]
Query data cannot be undefined. Please make sure to return a value other than undefined from your query function. Affected query key: ["current-theme"]
Query data cannot be undefined. Please make sure to return a value other than undefined from your query function. Affected query key: ["themes"]
Query data cannot be undefined. Please make sure to return a value other than undefined from your query function. Affected query key: ["current-theme"]
Query data cannot be undefined. Please make sure to return a value other than undefined from your query function. Affected query key: ["themes"]
Query data cannot be undefined. Please make sure to return a value other than undefined from your query function. Affected query key: ["current-theme"]
Query data cannot be undefined. Please make sure to return a value other than undefined from your query function. Affected query key: ["themes"]
Query data cannot be undefined. Please make sure to return a value other than undefined from your query function. Affected query key: ["current-theme"]
Query data cannot be undefined. Please make sure to return a value other than undefined from your query function. Affected query key: ["themes"]
Query data cannot be undefined. Please make sure to return a value other than undefined from your query function. Affected query key: ["current-theme"]
Query data cannot be undefined. Please make sure to return a value other than undefined from your query function. Affected query key: ["themes"]
Query data cannot be undefined. Please make sure to return a value other than undefined from your query function. Affected query key: ["current-theme"]
Query data cannot be undefined. Please make sure to return a value other than undefined from your query function. Affected query key: ["themes"]
Query data cannot be undefined. Please make sure to return a value other than undefined from your query function. Affected query key: ["current-theme"]
Query data cannot be undefined. Please make sure to return a value other than undefined from your query function. Affected query key: ["themes"]
Query data cannot be undefined. Please make sure to return a value other than undefined from your query function. Affected query key: ["current-theme"]
Query data cannot be undefined. Please make sure to return a value other than undefined from your query function. Affected query key: ["themes"]
Query data cannot be undefined. Please make sure to return a value other than undefined from your query function. Affected query key: ["current-theme"]
Query data cannot be undefined. Please make sure to return a value other than undefined from your query function. Affected query key: ["themes"]
Query data cannot be undefined. Please make sure to return a value other than undefined from your query function. Affected query key: ["current-theme"]
Query data cannot be undefined. Please make sure to return a value other than undefined from your query function. Affected query key: ["themes"]
Query data cannot be undefined. Please make sure to return a value other than undefined from your query function. Affected query key: ["current-theme"]
Query data cannot be undefined. Please make sure to return a value other than undefined from your query function. Affected query key: ["themes"]
Query data cannot be undefined. Please make sure to return a value other than undefined from your query function. Affected query key: ["current-theme"]
Query data cannot be undefined. Please make sure to return a value other than undefined from your query function. Affected query key: ["themes"]
Query data cannot be undefined. Please make sure to return a value other than undefined from your query function. Affected query key: ["current-theme"]
Query data cannot be undefined. Please make sure to return a value other than undefined from your query function. Affected query key: ["themes"]
Query data cannot be undefined. Please make sure to return a value other than undefined from your query function. Affected query key: ["current-theme"]
Query data cannot be undefined. Please make sure to return a value other than undefined from your query function. Affected query key: ["themes"]
Query data cannot be undefined. Please make sure to return a value other than undefined from your query function. Affected query key: ["current-theme"]
Query data cannot be undefined. Please make sure to return a value other than undefined from your query function. Affected query key: ["themes"]
Query data cannot be undefined. Please make sure to return a value other than undefined from your query function. Affected query key: ["current-theme"]
Query data cannot be undefined. Please make sure to return a value other than undefined from your query function. Affected query key: ["themes"]
Query data cannot be undefined. Please make sure to return a value other than undefined from your query function. Affected query key: ["current-theme"]
Query data cannot be undefined. Please make sure to return a value other than undefined from your query function. Affected query key: ["themes"]
Query data cannot be undefined. Please make sure to return a value other than undefined from your query function. Affected query key: ["current-theme"]
Query data cannot be undefined. Please make sure to return a value other than undefined from your query function. Affected query key: ["themes"]
Query data cannot be undefined. Please make sure to return a value other than undefined from your query function. Affected query key: ["current-theme"]
Query data cannot be undefined. Please make sure to return a value other than undefined from your query function. Affected query key: ["themes"]
Query data cannot be undefined. Please make sure to return a value other than undefined from your query function. Affected query key: ["current-theme"]
Query data cannot be undefined. Please make sure to return a value other than undefined from your query function. Affected query key: ["themes"]
Query data cannot be undefined. Please make sure to return a value other than undefined from your query function. Affected query key: ["current-theme"]
Query data cannot be undefined. Please make sure to return a value other than undefined from your query function. Affected query key: ["themes"]
Query data cannot be undefined. Please make sure to return a value other than undefined from your query function. Affected query key: ["current-theme"]
Query data cannot be undefined. Please make sure to return a value other than undefined from your query function. Affected query key: ["themes"]
Query data cannot be undefined. Please make sure to return a value other than undefined from your query function. Affected query key: ["current-theme"]
Query data cannot be undefined. Please make sure to return a value other than undefined from your query function. Affected query key: ["themes"]
Query data cannot be undefined. Please make sure to return a value other than undefined from your query function. Affected query key: ["current-theme"]
Query data cannot be undefined. Please make sure to return a value other than undefined from your query function. Affected query key: ["themes"]
Query data cannot be undefined. Please make sure to return a value other than undefined from your query function. Affected query key: ["current-theme"]
Query data cannot be undefined. Please make sure to return a value other than undefined from your query function. Affected query key: ["themes"]
Query data cannot be undefined. Please make sure to return a value other than undefined from your query function. Affected query key: ["current-theme"]
Query data cannot be undefined. Please make sure to return a value other than undefined from your query function. Affected query key: ["themes"]
Query data cannot be undefined. Please make sure to return a value other than undefined from your query function. Affected query key: ["current-theme"]
Query data cannot be undefined. Please make sure to return a value other than undefined from your query function. Affected query key: ["themes"]
Query data cannot be undefined. Please make sure to return a value other than undefined from your query function. Affected query key: ["current-theme"]
Query data cannot be undefined. Please make sure to return a value other than undefined from your query function. Affected query key: ["themes"]
Query data cannot be undefined. Please make sure to return a value other than undefined from your query function. Affected query key: ["current-theme"]
Query data cannot be undefined. Please make sure to return a value other than undefined from your query function. Affected query key: ["themes"]
Query data cannot be undefined. Please make sure to return a value other than undefined from your query function. Affected query key: ["current-theme"]
Query data cannot be undefined. Please make sure to return a value other than undefined from your query function. Affected query key: ["themes"]
Query data cannot be undefined. Please make sure to return a value other than undefined from your query function. Affected query key: ["current-theme"]
Query data cannot be undefined. Please make sure to return a value other than undefined from your query function. Affected query key: ["themes"]
Query data cannot be undefined. Please make sure to return a value other than undefined from your query function. Affected query key: ["current-theme"]
Query data cannot be undefined. Please make sure to return a value other than undefined from your query function. Affected query key: ["themes"]
Query data cannot be undefined. Please make sure to return a value other than undefined from your query function. Affected query key: ["current-theme"]
Query data cannot be undefined. Please make sure to return a value other than undefined from your query function. Affected query key: ["themes"]
Query data cannot be undefined. Please make sure to return a value other than undefined from your query function. Affected query key: ["current-theme"]
Query data cannot be undefined. Please make sure to return a value other than undefined from your query function. Affected query key: ["themes"]
Query data cannot be undefined. Please make sure to return a value other than undefined from your query function. Affected query key: ["current-theme"]
Query data cannot be undefined. Please make sure to return a value other than undefined from your query function. Affected query key: ["themes"]
Query data cannot be undefined. Please make sure to return a value other than undefined from your query function. Affected query key: ["current-theme"]
Query data cannot be undefined. Please make sure to return a value other than undefined from your query function. Affected query key: ["themes"]
Query data cannot be undefined. Please make sure to return a value other than undefined from your query function. Affected query key: ["current-theme"]
Query data cannot be undefined. Please make sure to return a value other than undefined from your query function. Affected query key: ["themes"]
Query data cannot be undefined. Please make sure to return a value other than undefined from your query function. Affected query key: ["current-theme"]
Query data cannot be undefined. Please make sure to return a value other than undefined from your query function. Affected query key: ["themes"]
Query data cannot be undefined. Please make sure to return a value other than undefined from your query function. Affected query key: ["current-theme"]
Query data cannot be undefined. Please make sure to return a value other than undefined from your query function. Affected query key: ["themes"]
Query data cannot be undefined. Please make sure to return a value other than undefined from your query function. Affected query key: ["current-theme"]
Query data cannot be undefined. Please make sure to return a value other than undefined from your query function. Affected query key: ["themes"]
Query data cannot be undefined. Please make sure to return a value other than undefined from your query function. Affected query key: ["current-theme"]
Query data cannot be undefined. Please make sure to return a value other than undefined from your query function. Affected query key: ["themes"]
Query data cannot be undefined. Please make sure to return a value other than undefined from your query function. Affected query key: ["current-theme"]
Query data cannot be undefined. Please make sure to return a value other than undefined from your query function. Affected query key: ["themes"]
Query data cannot be undefined. Please make sure to return a value other than undefined from your query function. Affected query key: ["current-theme"]
Query data cannot be undefined. Please make sure to return a value other than undefined from your query function. Affected query key: ["themes"]
Query data cannot be undefined. Please make sure to return a value other than undefined from your query function. Affected query key: ["current-theme"]
Query data cannot be undefined. Please make sure to return a value other than undefined from your query function. Affected query key: ["themes"]
Query data cannot be undefined. Please make sure to return a value other than undefined from your query function. Affected query key: ["current-theme"]
Query data cannot be undefined. Please make sure to return a value other than undefined from your query function. Affected query key: ["themes"]
Query data cannot be undefined. Please make sure to return a value other than undefined from your query function. Affected query key: ["current-theme"]
Query data cannot be undefined. Please make sure to return a value other than undefined from your query function. Affected query key: ["themes"]
Query data cannot be undefined. Please make sure to return a value other than undefined from your query function. Affected query key: ["current-theme"]
Query data cannot be undefined. Please make sure to return a value other than undefined from your query function. Affected query key: ["themes"]
Query data cannot be undefined. Please make sure to return a value other than undefined from your query function. Affected query key: ["current-theme"]
Query data cannot be undefined. Please make sure to return a value other than undefined from your query function. Affected query key: ["themes"]
Query data cannot be undefined. Please make sure to return a value other than undefined from your query function. Affected query key: ["current-theme"]
Query data cannot be undefined. Please make sure to return a value other than undefined from your query function. Affected query key: ["themes"]
Query data cannot be undefined. Please make sure to return a value other than undefined from your query function. Affected query key: ["current-theme"]
Query data cannot be undefined. Please make sure to return a value other than undefined from your query function. Affected query key: ["themes"]
Query data cannot be undefined. Please make sure to return a value other than undefined from your query function. Affected query key: ["current-theme"]
Query data cannot be undefined. Please make sure to return a value other than undefined from your query function. Affected query key: ["themes"]
Query data cannot be undefined. Please make sure to return a value other than undefined from your query function. Affected query key: ["current-theme"]
Query data cannot be undefined. Please make sure to return a value other than undefined from your query function. Affected query key: ["themes"]
Query data cannot be undefined. Please make sure to return a value other than undefined from your query function. Affected query key: ["current-theme"]
Query data cannot be undefined. Please make sure to return a value other than undefined from your query function. Affected query key: ["themes"]
Query data cannot be undefined. Please make sure to return a value other than undefined from your query function. Affected query key: ["current-theme"]
Query data cannot be undefined. Please make sure to return a value other than undefined from your query function. Affected query key: ["themes"]
Query data cannot be undefined. Please make sure to return a value other than undefined from your query function. Affected query key: ["current-theme"]
Query data cannot be undefined. Please make sure to return a value other than undefined from your query function. Affected query key: ["themes"]
Query data cannot be undefined. Please make sure to return a value other than undefined from your query function. Affected query key: ["current-theme"]
Query data cannot be undefined. Please make sure to return a value other than undefined from your query function. Affected query key: ["themes"]
Query data cannot be undefined. Please make sure to return a value other than undefined from your query function. Affected query key: ["current-theme"]
Query data cannot be undefined. Please make sure to return a value other than undefined from your query function. Affected query key: ["themes"]
Query data cannot be undefined. Please make sure to return a value other than undefined from your query function. Affected query key: ["current-theme"]
Query data cannot be undefined. Please make sure to return a value other than undefined from your query function. Affected query key: ["themes"]
Query data cannot be undefined. Please make sure to return a value other than undefined from your query function. Affected query key: ["current-theme"]
Query data cannot be undefined. Please make sure to return a value other than undefined from your query function. Affected query key: ["themes"]
Query data cannot be undefined. Please make sure to return a value other than undefined from your query function. Affected query key: ["current-theme"]
Query data cannot be undefined. Please make sure to return a value other than undefined from your query function. Affected query key: ["themes"]
Query data cannot be undefined. Please make sure to return a value other than undefined from your query function. Affected query key: ["current-theme"]
Query data cannot be undefined. Please make sure to return a value other than undefined from your query function. Affected query key: ["themes"]
Query data cannot be undefined. Please make sure to return a value other than undefined from your query function. Affected query key: ["current-theme"]
Query data cannot be undefined. Please make sure to return a value other than undefined from your query function. Affected query key: ["themes"]
Query data cannot be undefined. Please make sure to return a value other than undefined from your query function. Affected query key: ["current-theme"]
Query data cannot be undefined. Please make sure to return a value other than undefined from your query function. Affected query key: ["themes"]
Query data cannot be undefined. Please make sure to return a value other than undefined from your query function. Affected query key: ["current-theme"]
Query data cannot be undefined. Please make sure to return a value other than undefined from your query function. Affected query key: ["themes"]
Query data cannot be undefined. Please make sure to return a value other than undefined from your query function. Affected query key: ["current-theme"]
Query data cannot be undefined. Please make sure to return a value other than undefined from your query function. Affected query key: ["themes"]
Query data cannot be undefined. Please make sure to return a value other than undefined from your query function. Affected query key: ["current-theme"]
Query data cannot be undefined. Please make sure to return a value other than undefined from your query function. Affected query key: ["themes"]
Query data cannot be undefined. Please make sure to return a value other than undefined from your query function. Affected query key: ["current-theme"]
Query data cannot be undefined. Please make sure to return a value other than undefined from your query function. Affected query key: ["themes"]
Query data cannot be undefined. Please make sure to return a value other than undefined from your query function. Affected query key: ["current-theme"]
Query data cannot be undefined. Please make sure to return a value other than undefined from your query function. Affected query key: ["themes"]
Query data cannot be undefined. Please make sure to return a value other than undefined from your query function. Affected query key: ["current-theme"]
Query data cannot be undefined. Please make sure to return a value other than undefined from your query function. Affected query key: ["themes"]
Query data cannot be undefined. Please make sure to return a value other than undefined from your query function. Affected query key: ["current-theme"]
Query data cannot be undefined. Please make sure to return a value other than undefined from your query function. Affected query key: ["themes"]
Query data cannot be undefined. Please make sure to return a value other than undefined from your query function. Affected query key: ["current-theme"]
Query data cannot be undefined. Please make sure to return a value other than undefined from your query function. Affected query key: ["themes"]
Query data cannot be undefined. Please make sure to return a value other than undefined from your query function. Affected query key: ["current-theme"]
Query data cannot be undefined. Please make sure to return a value other than undefined from your query function. Affected query key: ["themes"]
Query data cannot be undefined. Please make sure to return a value other than undefined from your query function. Affected query key: ["current-theme"]
Query data cannot be undefined. Please make sure to return a value other than undefined from your query function. Affected query key: ["themes"]
Query data cannot be undefined. Please make sure to return a value other than undefined from your query function. Affected query key: ["current-theme"]
Query data cannot be undefined. Please make sure to return a value other than undefined from your query function. Affected query key: ["themes"]
Query data cannot be undefined. Please make sure to return a value other than undefined from your query function. Affected query key: ["current-theme"]
Query data cannot be undefined. Please make sure to return a value other than undefined from your query function. Affected query key: ["themes"]
Query data cannot be undefined. Please make sure to return a value other than undefined from your query function. Affected query key: ["current-theme"]
Query data cannot be undefined. Please make sure to return a value other than undefined from your query function. Affected query key: ["themes"]
Query data cannot be undefined. Please make sure to return a value other than undefined from your query function. Affected query key: ["current-theme"]
Query data cannot be undefined. Please make sure to return a value other than undefined from your query function. Affected query key: ["themes"]
Query data cannot be undefined. Please make sure to return a value other than undefined from your query function. Affected query key: ["current-theme"]
Query data cannot be undefined. Please make sure to return a value other than undefined from your query function. Affected query key: ["themes"]
Query data cannot be undefined. Please make sure to return a value other than undefined from your query function. Affected query key: ["current-theme"]
Query data cannot be undefined. Please make sure to return a value other than undefined from your query function. Affected query key: ["themes"]
Query data cannot be undefined. Please make sure to return a value other than undefined from your query function. Affected query key: ["current-theme"]
Query data cannot be undefined. Please make sure to return a value other than undefined from your query function. Affected query key: ["themes"]
Query data cannot be undefined. Please make sure to return a value other than undefined from your query function. Affected query key: ["current-theme"]
Query data cannot be undefined. Please make sure to return a value other than undefined from your query function. Affected query key: ["themes"]
Query data cannot be undefined. Please make sure to return a value other than undefined from your query function. Affected query key: ["current-theme"]
Query data cannot be undefined. Please make sure to return a value other than undefined from your query function. Affected query key: ["themes"]
Query data cannot be undefined. Please make sure to return a value other than undefined from your query function. Affected query key: ["current-theme"]
Query data cannot be undefined. Please make sure to return a value other than undefined from your query function. Affected query key: ["themes"]
Query data cannot be undefined. Please make sure to return a value other than undefined from your query function. Affected query key: ["current-theme"]
Query data cannot be undefined. Please make sure to return a value other than undefined from your query function. Affected query key: ["themes"]
Query data cannot be undefined. Please make sure to return a value other than undefined from your query function. Affected query key: ["current-theme"]
Query data cannot be undefined. Please make sure to return a value other than undefined from your query function. Affected query key: ["themes"]
Query data cannot be undefined. Please make sure to return a value other than undefined from your query function. Affected query key: ["current-theme"]
Query data cannot be undefined. Please make sure to return a value other than undefined from your query function. Affected query key: ["themes"]
Query data cannot be undefined. Please make sure to return a value other than undefined from your query function. Affected query key: ["current-theme"]
Query data cannot be undefined. Please make sure to return a value other than undefined from your query function. Affected query key: ["themes"]
Query data cannot be undefined. Please make sure to return a value other than undefined from your query function. Affected query key: ["current-theme"]
Query data cannot be undefined. Please make sure to return a value other than undefined from your query function. Affected query key: ["themes"]
Query data cannot be undefined. Please make sure to return a value other than undefined from your query function. Affected query key: ["current-theme"]
Query data cannot be undefined. Please make sure to return a value other than undefined from your query function. Affected query key: ["themes"]
Query data cannot be undefined. Please make sure to return a value other than undefined from your query function. Affected query key: ["current-theme"]
Query data cannot be undefined. Please make sure to return a value other than undefined from your query function. Affected query key: ["themes"]
Query data cannot be undefined. Please make sure to return a value other than undefined from your query function. Affected query key: ["current-theme"]
Query data cannot be undefined. Please make sure to return a value other than undefined from your query function. Affected query key: ["themes"]
Query data cannot be undefined. Please make sure to return a value other than undefined from your query function. Affected query key: ["current-theme"]
Query data cannot be undefined. Please make sure to return a value other than undefined from your query function. Affected query key: ["themes"]
Query data cannot be undefined. Please make sure to return a value other than undefined from your query function. Affected query key: ["current-theme"]
Query data cannot be undefined. Please make sure to return a value other than undefined from your query function. Affected query key: ["themes"]
Query data cannot be undefined. Please make sure to return a value other than undefined from your query function. Affected query key: ["current-theme"]
Query data cannot be undefined. Please make sure to return a value other than undefined from your query function. Affected query key: ["themes"]
Query data cannot be undefined. Please make sure to return a value other than undefined from your query function. Affected query key: ["current-theme"]
Query data cannot be undefined. Please make sure to return a value other than undefined from your query function. Affected query key: ["themes"]
Query data cannot be undefined. Please make sure to return a value other than undefined from your query function. Affected query key: ["current-theme"]
Query data cannot be undefined. Please make sure to return a value other than undefined from your query function. Affected query key: ["themes"]
Query data cannot be undefined. Please make sure to return a value other than undefined from your query function. Affected query key: ["current-theme"]
Query data cannot be undefined. Please make sure to return a value other than undefined from your query function. Affected query key: ["themes"]
Query data cannot be undefined. Please make sure to return a value other than undefined from your query function. Affected query key: ["current-theme"]
Query data cannot be undefined. Please make sure to return a value other than undefined from your query function. Affected query key: ["themes"]
Query data cannot be undefined. Please make sure to return a value other than undefined from your query function. Affected query key: ["current-theme"]
Query data cannot be undefined. Please make sure to return a value other than undefined from your query function. Affected query key: ["themes"]
Query data cannot be undefined. Please make sure to return a value other than undefined from your query function. Affected query key: ["current-theme"]
Query data cannot be undefined. Please make sure to return a value other than undefined from your query function. Affected query key: ["themes"]
Query data cannot be undefined. Please make sure to return a value other than undefined from your query function. Affected query key: ["current-theme"]
Query data cannot be undefined. Please make sure to return a value other than undefined from your query function. Affected query key: ["themes"]
Query data cannot be undefined. Please make sure to return a value other than undefined from your query function. Affected query key: ["current-theme"]
Query data cannot be undefined. Please make sure to return a value other than undefined from your query function. Affected query key: ["themes"]
Query data cannot be undefined. Please make sure to return a value other than undefined from your query function. Affected query key: ["current-theme"]
Query data cannot be undefined. Please make sure to return a value other than undefined from your query function. Affected query key: ["themes"]
Query data cannot be undefined. Please make sure to return a value other than undefined from your query function. Affected query key: ["current-theme"]
Query data cannot be undefined. Please make sure to return a value other than undefined from your query function. Affected query key: ["themes"]
Query data cannot be undefined. Please make sure to return a value other than undefined from your query function. Affected query key: ["current-theme"]
Query data cannot be undefined. Please make sure to return a value other than undefined from your query function. Affected query key: ["themes"]
Query data cannot be undefined. Please make sure to return a value other than undefined from your query function. Affected query key: ["current-theme"]
Query data cannot be undefined. Please make sure to return a value other than undefined from your query function. Affected query key: ["themes"]
Query data cannot be undefined. Please make sure to return a value other than undefined from your query function. Affected query key: ["current-theme"]
Query data cannot be undefined. Please make sure to return a value other than undefined from your query function. Affected query key: ["themes"]
Query data cannot be undefined. Please make sure to return a value other than undefined from your query function. Affected query key: ["current-theme"]
Query data cannot be undefined. Please make sure to return a value other than undefined from your query function. Affected query key: ["themes"]
Query data cannot be undefined. Please make sure to return a value other than undefined from your query function. Affected query key: ["current-theme"]
Query data cannot be undefined. Please make sure to return a value other than undefined from your query function. Affected query key: ["themes"]
Query data cannot be undefined. Please make sure to return a value other than undefined from your query function. Affected query key: ["current-theme"]
Query data cannot be undefined. Please make sure to return a value other than undefined from your query function. Affected query key: ["themes"]
Query data cannot be undefined. Please make sure to return a value other than undefined from your query function. Affected query key: ["current-theme"]
Query data cannot be undefined. Please make sure to return a value other than undefined from your query function. Affected query key: ["themes"]
Query data cannot be undefined. Please make sure to return a value other than undefined from your query function. Affected query key: ["current-theme"]
Query data cannot be undefined. Please make sure to return a value other than undefined from your query function. Affected query key: ["themes"]
Query data cannot be undefined. Please make sure to return a value other than undefined from your query function. Affected query key: ["current-theme"]
Query data cannot be undefined. Please make sure to return a value other than undefined from your query function. Affected query key: ["themes"]
Query data cannot be undefined. Please make sure to return a value other than undefined from your query function. Affected query key: ["current-theme"]
Query data cannot be undefined. Please make sure to return a value other than undefined from your query function. Affected query key: ["themes"]
Query data cannot be undefined. Please make sure to return a value other than undefined from your query function. Affected query key: ["current-theme"]
Query data cannot be undefined. Please make sure to return a value other than undefined from your query function. Affected query key: ["themes"]
Query data cannot be undefined. Please make sure to return a value other than undefined from your query function. Affected query key: ["current-theme"]
Query data cannot be undefined. Please make sure to return a value other than undefined from your query function. Affected query key: ["themes"]
Query data cannot be undefined. Please make sure to return a value other than undefined from your query function. Affected query key: ["current-theme"]
Query data cannot be undefined. Please make sure to return a value other than undefined from your query function. Affected query key: ["themes"]
Query data cannot be undefined. Please make sure to return a value other than undefined from your query function. Affected query key: ["current-theme"]
Query data cannot be undefined. Please make sure to return a value other than undefined from your query function. Affected query key: ["themes"]
Query data cannot be undefined. Please make sure to return a value other than undefined from your query function. Affected query key: ["current-theme"]
Query data cannot be undefined. Please make sure to return a value other than undefined from your query function. Affected query key: ["themes"]
Query data cannot be undefined. Please make sure to return a value other than undefined from your query function. Affected query key: ["current-theme"]
Query data cannot be undefined. Please make sure to return a value other than undefined from your query function. Affected query key: ["themes"]
Query data cannot be undefined. Please make sure to return a value other than undefined from your query function. Affected query key: ["current-theme"]
Query data cannot be undefined. Please make sure to return a value other than undefined from your query function. Affected query key: ["themes"]
Query data cannot be undefined. Please make sure to return a value other than undefined from your query function. Affected query key: ["current-theme"]
Query data cannot be undefined. Please make sure to return a value other than undefined from your query function. Affected query key: ["themes"]
Query data cannot be undefined. Please make sure to return a value other than undefined from your query function. Affected query key: ["current-theme"]
Query data cannot be undefined. Please make sure to return a value other than undefined from your query function. Affected query key: ["themes"]
Query data cannot be undefined. Please make sure to return a value other than undefined from your query function. Affected query key: ["current-theme"]
Query data cannot be undefined. Please make sure to return a value other than undefined from your query function. Affected query key: ["themes"]
Query data cannot be undefined. Please make sure to return a value other than undefined from your query function. Affected query key: ["current-theme"]
Query data cannot be undefined. Please make sure to return a value other than undefined from your query function. Affected query key: ["themes"]
Query data cannot be undefined. Please make sure to return a value other than undefined from your query function. Affected query key: ["current-theme"]
Query data cannot be undefined. Please make sure to return a value other than undefined from your query function. Affected query key: ["themes"]
Query data cannot be undefined. Please make sure to return a value other than undefined from your query function. Affected query key: ["current-theme"]
Query data cannot be undefined. Please make sure to return a value other than undefined from your query function. Affected query key: ["themes"]
Query data cannot be undefined. Please make sure to return a value other than undefined from your query function. Affected query key: ["current-theme"]
Query data cannot be undefined. Please make sure to return a value other than undefined from your query function. Affected query key: ["themes"]
Query data cannot be undefined. Please make sure to return a value other than undefined from your query function. Affected query key: ["current-theme"]
Query data cannot be undefined. Please make sure to return a value other than undefined from your query function. Affected query key: ["themes"]
Query data cannot be undefined. Please make sure to return a value other than undefined from your query function. Affected query key: ["current-theme"]
Query data cannot be undefined. Please make sure to return a value other than undefined from your query function. Affected query key: ["themes"]
Query data cannot be undefined. Please make sure to return a value other than undefined from your query function. Affected query key: ["current-theme"]
Query data cannot be undefined. Please make sure to return a value other than undefined from your query function. Affected query key: ["themes"]
Query data cannot be undefined. Please make sure to return a value other than undefined from your query function. Affected query key: ["current-theme"]
Query data cannot be undefined. Please make sure to return a value other than undefined from your query function. Affected query key: ["themes"]
Query data cannot be undefined. Please make sure to return a value other than undefined from your query function. Affected query key: ["current-theme"]
Query data cannot be undefined. Please make sure to return a value other than undefined from your query function. Affected query key: ["themes"]
Query data cannot be undefined. Please make sure to return a value other than undefined from your query function. Affected query key: ["current-theme"]
Query data cannot be undefined. Please make sure to return a value other than undefined from your query function. Affected query key: ["themes"]
Query data cannot be undefined. Please make sure to return a value other than undefined from your query function. Affected query key: ["current-theme"]
Query data cannot be undefined. Please make sure to return a value other than undefined from your query function. Affected query key: ["themes"]
Query data cannot be undefined. Please make sure to return a value other than undefined from your query function. Affected query key: ["current-theme"]
Query data cannot be undefined. Please make sure to return a value other than undefined from your query function. Affected query key: ["themes"]
Query data cannot be undefined. Please make sure to return a value other than undefined from your query function. Affected query key: ["current-theme"]
Query data cannot be undefined. Please make sure to return a value other than undefined from your query function. Affected query key: ["themes"]
Query data cannot be undefined. Please make sure to return a value other than undefined from your query function. Affected query key: ["current-theme"]
Query data cannot be undefined. Please make sure to return a value other than undefined from your query function. Affected query key: ["themes"]
Query data cannot be undefined. Please make sure to return a value other than undefined from your query function. Affected query key: ["current-theme"]
Query data cannot be undefined. Please make sure to return a value other than undefined from your query function. Affected query key: ["themes"]
Query data cannot be undefined. Please make sure to return a value other than undefined from your query function. Affected query key: ["current-theme"]
Query data cannot be undefined. Please make sure to return a value other than undefined from your query function. Affected query key: ["themes"]
Query data cannot be undefined. Please make sure to return a value other than undefined from your query function. Affected query key: ["current-theme"]
Query data cannot be undefined. Please make sure to return a value other than undefined from your query function. Affected query key: ["themes"]
Query data cannot be undefined. Please make sure to return a value other than undefined from your query function. Affected query key: ["current-theme"]
Query data cannot be undefined. Please make sure to return a value other than undefined from your query function. Affected query key: ["themes"]
Query data cannot be undefined. Please make sure to return a value other than undefined from your query function. Affected query key: ["current-theme"]
Query data cannot be undefined. Please make sure to return a value other than undefined from your query function. Affected query key: ["themes"]
Query data cannot be undefined. Please make sure to return a value other than undefined from your query function. Affected query key: ["current-theme"]
Query data cannot be undefined. Please make sure to return a value other than undefined from your query function. Affected query key: ["themes"]
Query data cannot be undefined. Please make sure to return a value other than undefined from your query function. Affected query key: ["current-theme"]
Query data cannot be undefined. Please make sure to return a value other than undefined from your query function. Affected query key: ["themes"]
Query data cannot be undefined. Please make sure to return a value other than undefined from your query function. Affected query key: ["current-theme"]
Query data cannot be undefined. Please make sure to return a value other than undefined from your query function. Affected query key: ["themes"]
Query data cannot be undefined. Please make sure to return a value other than undefined from your query function. Affected query key: ["current-theme"]
Query data cannot be undefined. Please make sure to return a value other than undefined from your query function. Affected query key: ["themes"]
Query data cannot be undefined. Please make sure to return a value other than undefined from your query function. Affected query key: ["current-theme"]
Query data cannot be undefined. Please make sure to return a value other than undefined from your query function. Affected query key: ["themes"]
Query data cannot be undefined. Please make sure to return a value other than undefined from your query function. Affected query key: ["current-theme"]
Query data cannot be undefined. Please make sure to return a value other than undefined from your query function. Affected query key: ["themes"]
Query data cannot be undefined. Please make sure to return a value other than undefined from your query function. Affected query key: ["current-theme"]
Query data cannot be undefined. Please make sure to return a value other than undefined from your query function. Affected query key: ["themes"]
Query data cannot be undefined. Please make sure to return a value other than undefined from your query function. Affected query key: ["current-theme"]
Query data cannot be undefined. Please make sure to return a value other than undefined from your query function. Affected query key: ["themes"]
Query data cannot be undefined. Please make sure to return a value other than undefined from your query function. Affected query key: ["current-theme"]
Query data cannot be undefined. Please make sure to return a value other than undefined from your query function. Affected query key: ["themes"]
Query data cannot be undefined. Please make sure to return a value other than undefined from your query function. Affected query key: ["current-theme"]
Query data cannot be undefined. Please make sure to return a value other than undefined from your query function. Affected query key: ["themes"]
Query data cannot be undefined. Please make sure to return a value other than undefined from your query function. Affected query key: ["current-theme"]
Query data cannot be undefined. Please make sure to return a value other than undefined from your query function. Affected query key: ["themes"]
Query data cannot be undefined. Please make sure to return a value other than undefined from your query function. Affected query key: ["current-theme"]
Query data cannot be undefined. Please make sure to return a value other than undefined from your query function. Affected query key: ["themes"]
Query data cannot be undefined. Please make sure to return a value other than undefined from your query function. Affected query key: ["current-theme"]
Query data cannot be undefined. Please make sure to return a value other than undefined from your query function. Affected query key: ["themes"]
Query data cannot be undefined. Please make sure to return a value other than undefined from your query function. Affected query key: ["current-theme"]
Query data cannot be undefined. Please make sure to return a value other than undefined from your query function. Affected query key: ["themes"]
Query data cannot be undefined. Please make sure to return a value other than undefined from your query function. Affected query key: ["current-theme"]
Query data cannot be undefined. Please make sure to return a value other than undefined from your query function. Affected query key: ["themes"]
Query data cannot be undefined. Please make sure to return a value other than undefined from your query function. Affected query key: ["current-theme"]
Query data cannot be undefined. Please make sure to return a value other than undefined from your query function. Affected query key: ["themes"]
Query data cannot be undefined. Please make sure to return a value other than undefined from your query function. Affected query key: ["current-theme"]
Query data cannot be undefined. Please make sure to return a value other than undefined from your query function. Affected query key: ["themes"]
Query data cannot be undefined. Please make sure to return a value other than undefined from your query function. Affected query key: ["current-theme"]
Query data cannot be undefined. Please make sure to return a value other than undefined from your query function. Affected query key: ["themes"]
Query data cannot be undefined. Please make sure to return a value other than undefined from your query function. Affected query key: ["current-theme"]
Query data cannot be undefined. Please make sure to return a value other than undefined from your query function. Affected query key: ["themes"]
Query data cannot be undefined. Please make sure to return a value other than undefined from your query function. Affected query key: ["current-theme"]
Query data cannot be undefined. Please make sure to return a value other than undefined from your query function. Affected query key: ["themes"]
Query data cannot be undefined. Please make sure to return a value other than undefined from your query function. Affected query key: ["current-theme"]
Query data cannot be undefined. Please make sure to return a value other than undefined from your query function. Affected query key: ["themes"]
Query data cannot be undefined. Please make sure to return a value other than undefined from your query function. Affected query key: ["current-theme"]
Query data cannot be undefined. Please make sure to return a value other than undefined from your query function. Affected query key: ["themes"]
Query data cannot be undefined. Please make sure to return a value other than undefined from your query function. Affected query key: ["current-theme"]
Query data cannot be undefined. Please make sure to return a value other than undefined from your query function. Affected query key: ["themes"]
Query data cannot be undefined. Please make sure to return a value other than undefined from your query function. Affected query key: ["current-theme"]
Query data cannot be undefined. Please make sure to return a value other than undefined from your query function. Affected query key: ["themes"]
Query data cannot be undefined. Please make sure to return a value other than undefined from your query function. Affected query key: ["current-theme"]
Query data cannot be undefined. Please make sure to return a value other than undefined from your query function. Affected query key: ["themes"]
Query data cannot be undefined. Please make sure to return a value other than undefined from your query function. Affected query key: ["current-theme"]
Query data cannot be undefined. Please make sure to return a value other than undefined from your query function. Affected query key: ["themes"]
Query data cannot be undefined. Please make sure to return a value other than undefined from your query function. Affected query key: ["current-theme"]
Query data cannot be undefined. Please make sure to return a value other than undefined from your query function. Affected query key: ["themes"]
Query data cannot be undefined. Please make sure to return a value other than undefined from your query function. Affected query key: ["current-theme"]
Query data cannot be undefined. Please make sure to return a value other than undefined from your query function. Affected query key: ["themes"]
Query data cannot be undefined. Please make sure to return a value other than undefined from your query function. Affected query key: ["current-theme"]
Query data cannot be undefined. Please make sure to return a value other than undefined from your query function. Affected query key: ["themes"]
Query data cannot be undefined. Please make sure to return a value other than undefined from your query function. Affected query key: ["current-theme"]
Query data cannot be undefined. Please make sure to return a value other than undefined from your query function. Affected query key: ["themes"]
Query data cannot be undefined. Please make sure to return a value other than undefined from your query function. Affected query key: ["current-theme"]
Query data cannot be undefined. Please make sure to return a value other than undefined from your query function. Affected query key: ["themes"]
Query data cannot be undefined. Please make sure to return a value other than undefined from your query function. Affected query key: ["current-theme"]
Query data cannot be undefined. Please make sure to return a value other than undefined from your query function. Affected query key: ["themes"]
Query data cannot be undefined. Please make sure to return a value other than undefined from your query function. Affected query key: ["current-theme"]
Query data cannot be undefined. Please make sure to return a value other than undefined from your query function. Affected query key: ["themes"]
Query data cannot be undefined. Please make sure to return a value other than undefined from your query function. Affected query key: ["current-theme"]
Query data cannot be undefined. Please make sure to return a value other than undefined from your query function. Affected query key: ["themes"]
Query data cannot be undefined. Please make sure to return a value other than undefined from your query function. Affected query key: ["current-theme"]
Query data cannot be undefined. Please make sure to return a value other than undefined from your query function. Affected query key: ["themes"]
Query data cannot be undefined. Please make sure to return a value other than undefined from your query function. Affected query key: ["current-theme"]
Query data cannot be undefined. Please make sure to return a value other than undefined from your query function. Affected query key: ["themes"]
Query data cannot be undefined. Please make sure to return a value other than undefined from your query function. Affected query key: ["current-theme"]
Query data cannot be undefined. Please make sure to return a value other than undefined from your query function. Affected query key: ["themes"]
Query data cannot be undefined. Please make sure to return a value other than undefined from your query function. Affected query key: ["current-theme"]
Query data cannot be undefined. Please make sure to return a value other than undefined from your query function. Affected query key: ["themes"]
Query data cannot be undefined. Please make sure to return a value other than undefined from your query function. Affected query key: ["current-theme"]
Query data cannot be undefined. Please make sure to return a value other than undefined from your query function. Affected query key: ["themes"]
Query data cannot be undefined. Please make sure to return a value other than undefined from your query function. Affected query key: ["current-theme"]
Query data cannot be undefined. Please make sure to return a value other than undefined from your query function. Affected query key: ["themes"]
Query data cannot be undefined. Please make sure to return a value other than undefined from your query function. Affected query key: ["current-theme"]
Query data cannot be undefined. Please make sure to return a value other than undefined from your query function. Affected query key: ["themes"]
Query data cannot be undefined. Please make sure to return a value other than undefined from your query function. Affected query key: ["current-theme"]
Query data cannot be undefined. Please make sure to return a value other than undefined from your query function. Affected query key: ["themes"]
Query data cannot be undefined. Please make sure to return a value other than undefined from your query function. Affected query key: ["current-theme"]
Query data cannot be undefined. Please make sure to return a value other than undefined from your query function. Affected query key: ["themes"]
Query data cannot be undefined. Please make sure to return a value other than undefined from your query function. Affected query key: ["current-theme"]
Query data cannot be undefined. Please make sure to return a value other than undefined from your query function. Affected query key: ["themes"]
Query data cannot be undefined. Please make sure to return a value other than undefined from your query function. Affected query key: ["current-theme"]
Query data cannot be undefined. Please make sure to return a value other than undefined from your query function. Affected query key: ["themes"]
Query data cannot be undefined. Please make sure to return a value other than undefined from your query function. Affected query key: ["current-theme"]
Query data cannot be undefined. Please make sure to return a value other than undefined from your query function. Affected query key: ["themes"]
Query data cannot be undefined. Please make sure to return a value other than undefined from your query function. Affected query key: ["current-theme"]
Query data cannot be undefined. Please make sure to return a value other than undefined from your query function. Affected query key: ["themes"]
Query data cannot be undefined. Please make sure to return a value other than undefined from your query function. Affected query key: ["current-theme"]
Query data cannot be undefined. Please make sure to return a value other than undefined from your query function. Affected query key: ["themes"]
Query data cannot be undefined. Please make sure to return a value other than undefined from your query function. Affected query key: ["current-theme"]
Query data cannot be undefined. Please make sure to return a value other than undefined from your query function. Affected query key: ["themes"]
Query data cannot be undefined. Please make sure to return a value other than undefined from your query function. Affected query key: ["current-theme"]
Query data cannot be undefined. Please make sure to return a value other than undefined from your query function. Affected query key: ["themes"]
Query data cannot be undefined. Please make sure to return a value other than undefined from your query function. Affected query key: ["current-theme"]
Query data cannot be undefined. Please make sure to return a value other than undefined from your query function. Affected query key: ["themes"]
Query data cannot be undefined. Please make sure to return a value other than undefined from your query function. Affected query key: ["current-theme"]
Query data cannot be undefined. Please make sure to return a value other than undefined from your query function. Affected query key: ["themes"]
Query data cannot be undefined. Please make sure to return a value other than undefined from your query function. Affected query key: ["current-theme"]
Query data cannot be undefined. Please make sure to return a value other than undefined from your query function. Affected query key: ["themes"]
Query data cannot be undefined. Please make sure to return a value other than undefined from your query function. Affected query key: ["current-theme"]
Query data cannot be undefined. Please make sure to return a value other than undefined from your query function. Affected query key: ["themes"]
Query data cannot be undefined. Please make sure to return a value other than undefined from your query function. Affected query key: ["current-theme"]
Query data cannot be undefined. Please make sure to return a value other than undefined from your query function. Affected query key: ["themes"]
Query data cannot be undefined. Please make sure to return a value other than undefined from your query function. Affected query key: ["current-theme"]
Query data cannot be undefined. Please make sure to return a value other than undefined from your query function. Affected query key: ["themes"]
Query data cannot be undefined. Please make sure to return a value other than undefined from your query function. Affected query key: ["current-theme"]
Query data cannot be undefined. Please make sure to return a value other than undefined from your query function. Affected query key: ["themes"]
Query data cannot be undefined. Please make sure to return a value other than undefined from your query function. Affected query key: ["current-theme"]
Query data cannot be undefined. Please make sure to return a value other than undefined from your query function. Affected query key: ["themes"]
Query data cannot be undefined. Please make sure to return a value other than undefined from your query function. Affected query key: ["current-theme"]
Query data cannot be undefined. Please make sure to return a value other than undefined from your query function. Affected query key: ["themes"]
Query data cannot be undefined. Please make sure to return a value other than undefined from your query function. Affected query key: ["current-theme"]
Query data cannot be undefined. Please make sure to return a value other than undefined from your query function. Affected query key: ["themes"]
Query data cannot be undefined. Please make sure to return a value other than undefined from your query function. Affected query key: ["current-theme"]
Query data cannot be undefined. Please make sure to return a value other than undefined from your query function. Affected query key: ["themes"]
Query data cannot be undefined. Please make sure to return a value other than undefined from your query function. Affected query key: ["current-theme"]
Query data cannot be undefined. Please make sure to return a value other than undefined from your query function. Affected query key: ["themes"]
Query data cannot be undefined. Please make sure to return a value other than undefined from your query function. Affected query key: ["current-theme"]
Query data cannot be undefined. Please make sure to return a value other than undefined from your query function. Affected query key: ["themes"]
Query data cannot be undefined. Please make sure to return a value other than undefined from your query function. Affected query key: ["current-theme"]
Query data cannot be undefined. Please make sure to return a value other than undefined from your query function. Affected query key: ["themes"]
Query data cannot be undefined. Please make sure to return a value other than undefined from your query function. Affected query key: ["current-theme"]
Query data cannot be undefined. Please make sure to return a value other than undefined from your query function. Affected query key: ["themes"]
Query data cannot be undefined. Please make sure to return a value other than undefined from your query function. Affected query key: ["current-theme"]
Query data cannot be undefined. Please make sure to return a value other than undefined from your query function. Affected query key: ["themes"]
Query data cannot be undefined. Please make sure to return a value other than undefined from your query function. Affected query key: ["current-theme"]
Query data cannot be undefined. Please make sure to return a value other than undefined from your query function. Affected query key: ["themes"]
Query data cannot be undefined. Please make sure to return a value other than undefined from your query function. Affected query key: ["current-theme"]
Query data cannot be undefined. Please make sure to return a value other than undefined from your query function. Affected query key: ["themes"]
Query data cannot be undefined. Please make sure to return a value other than undefined from your query function. Affected query key: ["current-theme"]
Query data cannot be undefined. Please make sure to return a value other than undefined from your query function. Affected query key: ["themes"]
Query data cannot be undefined. Please make sure to return a value other than undefined from your query function. Affected query key: ["current-theme"]
Query data cannot be undefined. Please make sure to return a value other than undefined from your query function. Affected query key: ["themes"]
Query data cannot be undefined. Please make sure to return a value other than undefined from your query function. Affected query key: ["current-theme"]
Query data cannot be undefined. Please make sure to return a value other than undefined from your query function. Affected query key: ["themes"]
Query data cannot be undefined. Please make sure to return a value other than undefined from your query function. Affected query key: ["current-theme"]
Query data cannot be undefined. Please make sure to return a value other than undefined from your query function. Affected query key: ["themes"]
Query data cannot be undefined. Please make sure to return a value other than undefined from your query function. Affected query key: ["current-theme"]
Query data cannot be undefined. Please make sure to return a value other than undefined from your query function. Affected query key: ["themes"]
Query data cannot be undefined. Please make sure to return a value other than undefined from your query function. Affected query key: ["current-theme"]
Query data cannot be undefined. Please make sure to return a value other than undefined from your query function. Affected query key: ["themes"]
Query data cannot be undefined. Please make sure to return a value other than undefined from your query function. Affected query key: ["current-theme"]
Query data cannot be undefined. Please make sure to return a value other than undefined from your query function. Affected query key: ["themes"]
Query data cannot be undefined. Please make sure to return a value other than undefined from your query function. Affected query key: ["current-theme"]
Query data cannot be undefined. Please make sure to return a value other than undefined from your query function. Affected query key: ["themes"]
Query data cannot be undefined. Please make sure to return a value other than undefined from your query function. Affected query key: ["current-theme"]
Query data cannot be undefined. Please make sure to return a value other than undefined from your query function. Affected query key: ["themes"]
Query data cannot be undefined. Please make sure to return a value other than undefined from your query function. Affected query key: ["current-theme"]
Query data cannot be undefined. Please make sure to return a value other than undefined from your query function. Affected query key: ["themes"]
Query data cannot be undefined. Please make sure to return a value other than undefined from your query function. Affected query key: ["current-theme"]
Query data cannot be undefined. Please make sure to return a value other than undefined from your query function. Affected query key: ["themes"]
Query data cannot be undefined. Please make sure to return a value other than undefined from your query function. Affected query key: ["current-theme"]
Query data cannot be undefined. Please make sure to return a value other than undefined from your query function. Affected query key: ["themes"]
Query data cannot be undefined. Please make sure to return a value other than undefined from your query function. Affected query key: ["current-theme"]
Query data cannot be undefined. Please make sure to return a value other than undefined from your query function. Affected query key: ["themes"]
Query data cannot be undefined. Please make sure to return a value other than undefined from your query function. Affected query key: ["current-theme"]
Query data cannot be undefined. Please make sure to return a value other than undefined from your query function. Affected query key: ["themes"]
Query data cannot be undefined. Please make sure to return a value other than undefined from your query function. Affected query key: ["current-theme"]
Query data cannot be undefined. Please make sure to return a value other than undefined from your query function. Affected query key: ["themes"]
Query data cannot be undefined. Please make sure to return a value other than undefined from your query function. Affected query key: ["current-theme"]
Query data cannot be undefined. Please make sure to return a value other than undefined from your query function. Affected query key: ["themes"]
Query data cannot be undefined. Please make sure to return a value other than undefined from your query function. Affected query key: ["current-theme"]
Query data cannot be undefined. Please make sure to return a value other than undefined from your query function. Affected query key: ["themes"]
Query data cannot be undefined. Please make sure to return a value other than undefined from your query function. Affected query key: ["current-theme"]
Query data cannot be undefined. Please make sure to return a value other than undefined from your query function. Affected query key: ["themes"]
Query data cannot be undefined. Please make sure to return a value other than undefined from your query function. Affected query key: ["current-theme"]
Query data cannot be undefined. Please make sure to return a value other than undefined from your query function. Affected query key: ["themes"]
Query data cannot be undefined. Please make sure to return a value other than undefined from your query function. Affected query key: ["current-theme"]
Query data cannot be undefined. Please make sure to return a value other than undefined from your query function. Affected query key: ["themes"]
Query data cannot be undefined. Please make sure to return a value other than undefined from your query function. Affected query key: ["current-theme"]
Query data cannot be undefined. Please make sure to return a value other than undefined from your query function. Affected query key: ["themes"]
Query data cannot be undefined. Please make sure to return a value other than undefined from your query function. Affected query key: ["current-theme"]
Query data cannot be undefined. Please make sure to return a value other than undefined from your query function. Affected query key: ["themes"]
Query data cannot be undefined. Please make sure to return a value other than undefined from your query function. Affected query key: ["current-theme"]
Query data cannot be undefined. Please make sure to return a value other than undefined from your query function. Affected query key: ["themes"]
Query data cannot be undefined. Please make sure to return a value other than undefined from your query function. Affected query key: ["current-theme"]
Query data cannot be undefined. Please make sure to return a value other than undefined from your query function. Affected query key: ["themes"]
Query data cannot be undefined. Please make sure to return a value other than undefined from your query function. Affected query key: ["current-theme"]
Query data cannot be undefined. Please make sure to return a value other than undefined from your query function. Affected query key: ["themes"]
Query data cannot be undefined. Please make sure to return a value other than undefined from your query function. Affected query key: ["current-theme"]
Query data cannot be undefined. Please make sure to return a value other than undefined from your query function. Affected query key: ["themes"]
Query data cannot be undefined. Please make sure to return a value other than undefined from your query function. Affected query key: ["current-theme"]
Query data cannot be undefined. Please make sure to return a value other than undefined from your query function. Affected query key: ["themes"]
Query data cannot be undefined. Please make sure to return a value other than undefined from your query function. Affected query key: ["current-theme"]
Query data cannot be undefined. Please make sure to return a value other than undefined from your query function. Affected query key: ["themes"]
Query data cannot be undefined. Please make sure to return a value other than undefined from your query function. Affected query key: ["current-theme"]
Query data cannot be undefined. Please make sure to return a value other than undefined from your query function. Affected query key: ["themes"]
Query data cannot be undefined. Please make sure to return a value other than undefined from your query function. Affected query key: ["current-theme"]
Query data cannot be undefined. Please make sure to return a value other than undefined from your query function. Affected query key: ["themes"]
Query data cannot be undefined. Please make sure to return a value other than undefined from your query function. Affected query key: ["current-theme"]
Query data cannot be undefined. Please make sure to return a value other than undefined from your query function. Affected query key: ["themes"]
Query data cannot be undefined. Please make sure to return a value other than undefined from your query function. Affected query key: ["current-theme"]
Query data cannot be undefined. Please make sure to return a value other than undefined from your query function. Affected query key: ["themes"]
Query data cannot be undefined. Please make sure to return a value other than undefined from your query function. Affected query key: ["current-theme"]
Query data cannot be undefined. Please make sure to return a value other than undefined from your query function. Affected query key: ["themes"]
Query data cannot be undefined. Please make sure to return a value other than undefined from your query function. Affected query key: ["current-theme"]
Query data cannot be undefined. Please make sure to return a value other than undefined from your query function. Affected query key: ["themes"]
Query data cannot be undefined. Please make sure to return a value other than undefined from your query function. Affected query key: ["current-theme"]
Query data cannot be undefined. Please make sure to return a value other than undefined from your query function. Affected query key: ["themes"]
Query data cannot be undefined. Please make sure to return a value other than undefined from your query function. Affected query key: ["current-theme"]
Query data cannot be undefined. Please make sure to return a value other than undefined from your query function. Affected query key: ["themes"]
Query data cannot be undefined. Please make sure to return a value other than undefined from your query function. Affected query key: ["current-theme"]
Query data cannot be undefined. Please make sure to return a value other than undefined from your query function. Affected query key: ["themes"]
Query data cannot be undefined. Please make sure to return a value other than undefined from your query function. Affected query key: ["current-theme"]
Query data cannot be undefined. Please make sure to return a value other than undefined from your query function. Affected query key: ["themes"]
Query data cannot be undefined. Please make sure to return a value other than undefined from your query function. Affected query key: ["current-theme"]
Query data cannot be undefined. Please make sure to return a value other than undefined from your query function. Affected query key: ["themes"]
Query data cannot be undefined. Please make sure to return a value other than undefined from your query function. Affected query key: ["current-theme"]
Query data cannot be undefined. Please make sure to return a value other than undefined from your query function. Affected query key: ["themes"]
Query data cannot be undefined. Please make sure to return a value other than undefined from your query function. Affected query key: ["current-theme"]
Query data cannot be undefined. Please make sure to return a value other than undefined from your query function. Affected query key: ["themes"]
Query data cannot be undefined. Please make sure to return a value other than undefined from your query function. Affected query key: ["current-theme"]
Query data cannot be undefined. Please make sure to return a value other than undefined from your query function. Affected query key: ["themes"]
Query data cannot be undefined. Please make sure to return a value other than undefined from your query function. Affected query key: ["current-theme"]
Query data cannot be undefined. Please make sure to return a value other than undefined from your query function. Affected query key: ["themes"]
Query data cannot be undefined. Please make sure to return a value other than undefined from your query function. Affected query key: ["current-theme"]
Query data cannot be undefined. Please make sure to return a value other than undefined from your query function. Affected query key: ["themes"]
Query data cannot be undefined. Please make sure to return a value other than undefined from your query function. Affected query key: ["current-theme"]
Query data cannot be undefined. Please make sure to return a value other than undefined from your query function. Affected query key: ["themes"]
Query data cannot be undefined. Please make sure to return a value other than undefined from your query function. Affected query key: ["current-theme"]
Query data cannot be undefined. Please make sure to return a value other than undefined from your query function. Affected query key: ["themes"]
Query data cannot be undefined. Please make sure to return a value other than undefined from your query function. Affected query key: ["current-theme"]
Query data cannot be undefined. Please make sure to return a value other than undefined from your query function. Affected query key: ["themes"]
Query data cannot be undefined. Please make sure to return a value other than undefined from your query function. Affected query key: ["current-theme"]
Query data cannot be undefined. Please make sure to return a value other than undefined from your query function. Affected query key: ["themes"]
Query data cannot be undefined. Please make sure to return a value other than undefined from your query function. Affected query key: ["current-theme"]
Query data cannot be undefined. Please make sure to return a value other than undefined from your query function. Affected query key: ["themes"]
Query data cannot be undefined. Please make sure to return a value other than undefined from your query function. Affected query key: ["current-theme"]
Query data cannot be undefined. Please make sure to return a value other than undefined from your query function. Affected query key: ["themes"]
Query data cannot be undefined. Please make sure to return a value other than undefined from your query function. Affected query key: ["current-theme"]
Query data cannot be undefined. Please make sure to return a value other than undefined from your query function. Affected query key: ["themes"]
Query data cannot be undefined. Please make sure to return a value other than undefined from your query function. Affected query key: ["current-theme"]
Query data cannot be undefined. Please make sure to return a value other than undefined from your query function. Affected query key: ["themes"]
Query data cannot be undefined. Please make sure to return a value other than undefined from your query function. Affected query key: ["current-theme"]
Query data cannot be undefined. Please make sure to return a value other than undefined from your query function. Affected query key: ["themes"]
Query data cannot be undefined. Please make sure to return a value other than undefined from your query function. Affected query key: ["current-theme"]
Query data cannot be undefined. Please make sure to return a value other than undefined from your query function. Affected query key: ["themes"]
Query data cannot be undefined. Please make sure to return a value other than undefined from your query function. Affected query key: ["current-theme"]
Query data cannot be undefined. Please make sure to return a value other than undefined from your query function. Affected query key: ["themes"]
Query data cannot be undefined. Please make sure to return a value other than undefined from your query function. Affected query key: ["current-theme"]
Query data cannot be undefined. Please make sure to return a value other than undefined from your query function. Affected query key: ["themes"]
Query data cannot be undefined. Please make sure to return a value other than undefined from your query function. Affected query key: ["current-theme"]
Query data cannot be undefined. Please make sure to return a value other than undefined from your query function. Affected query key: ["themes"]
Query data cannot be undefined. Please make sure to return a value other than undefined from your query function. Affected query key: ["current-theme"]
Query data cannot be undefined. Please make sure to return a value other than undefined from your query function. Affected query key: ["themes"]
Query data cannot be undefined. Please make sure to return a value other than undefined from your query function. Affected query key: ["current-theme"]
Query data cannot be undefined. Please make sure to return a value other than undefined from your query function. Affected query key: ["themes"]
Query data cannot be undefined. Please make sure to return a value other than undefined from your query function. Affected query key: ["current-theme"]
Query data cannot be undefined. Please make sure to return a value other than undefined from your query function. Affected query key: ["themes"]
Query data cannot be undefined. Please make sure to return a value other than undefined from your query function. Affected query key: ["current-theme"]
Query data cannot be undefined. Please make sure to return a value other than undefined from your query function. Affected query key: ["themes"]
Query data cannot be undefined. Please make sure to return a value other than undefined from your query function. Affected query key: ["current-theme"]
Query data cannot be undefined. Please make sure to return a value other than undefined from your query function. Affected query key: ["themes"]
Query data cannot be undefined. Please make sure to return a value other than undefined from your query function. Affected query key: ["current-theme"]
Query data cannot be undefined. Please make sure to return a value other than undefined from your query function. Affected query key: ["themes"]
Query data cannot be undefined. Please make sure to return a value other than undefined from your query function. Affected query key: ["current-theme"]
Query data cannot be undefined. Please make sure to return a value other than undefined from your query function. Affected query key: ["themes"]
Query data cannot be undefined. Please make sure to return a value other than undefined from your query function. Affected query key: ["current-theme"]
Query data cannot be undefined. Please make sure to return a value other than undefined from your query function. Affected query key: ["themes"]
Query data cannot be undefined. Please make sure to return a value other than undefined from your query function. Affected query key: ["current-theme"]
Query data cannot be undefined. Please make sure to return a value other than undefined from your query function. Affected query key: ["themes"]
Query data cannot be undefined. Please make sure to return a value other than undefined from your query function. Affected query key: ["current-theme"]
Query data cannot be undefined. Please make sure to return a value other than undefined from your query function. Affected query key: ["themes"]
Query data cannot be undefined. Please make sure to return a value other than undefined from your query function. Affected query key: ["current-theme"]
Query data cannot be undefined. Please make sure to return a value other than undefined from your query function. Affected query key: ["themes"]
Query data cannot be undefined. Please make sure to return a value other than undefined from your query function. Affected query key: ["current-theme"]
Query data cannot be undefined. Please make sure to return a value other than undefined from your query function. Affected query key: ["themes"]
Query data cannot be undefined. Please make sure to return a value other than undefined from your query function. Affected query key: ["current-theme"]
Query data cannot be undefined. Please make sure to return a value other than undefined from your query function. Affected query key: ["themes"]
Query data cannot be undefined. Please make sure to return a value other than undefined from your query function. Affected query key: ["current-theme"]
Query data cannot be undefined. Please make sure to return a value other than undefined from your query function. Affected query key: ["themes"]
Query data cannot be undefined. Please make sure to return a value other than undefined from your query function. Affected query key: ["current-theme"]
Query data cannot be undefined. Please make sure to return a value other than undefined from your query function. Affected query key: ["themes"]
Query data cannot be undefined. Please make sure to return a value other than undefined from your query function. Affected query key: ["current-theme"]
Query data cannot be undefined. Please make sure to return a value other than undefined from your query function. Affected query key: ["themes"]
Query data cannot be undefined. Please make sure to return a value other than undefined from your query function. Affected query key: ["current-theme"]
Query data cannot be undefined. Please make sure to return a value other than undefined from your query function. Affected query key: ["themes"]
Query data cannot be undefined. Please make sure to return a value other than undefined from your query function. Affected query key: ["current-theme"]
Query data cannot be undefined. Please make sure to return a value other than undefined from your query function. Affected query key: ["themes"]
Query data cannot be undefined. Please make sure to return a value other than undefined from your query function. Affected query key: ["current-theme"]
Query data cannot be undefined. Please make sure to return a value other than undefined from your query function. Affected query key: ["themes"]
Query data cannot be undefined. Please make sure to return a value other than undefined from your query function. Affected query key: ["current-theme"]
Query data cannot be undefined. Please make sure to return a value other than undefined from your query function. Affected query key: ["themes"]
Query data cannot be undefined. Please make sure to return a value other than undefined from your query function. Affected query key: ["current-theme"]
Query data cannot be undefined. Please make sure to return a value other than undefined from your query function. Affected query key: ["themes"]
Query data cannot be undefined. Please make sure to return a value other than undefined from your query function. Affected query key: ["current-theme"]
Query data cannot be undefined. Please make sure to return a value other than undefined from your query function. Affected query key: ["themes"]
Query data cannot be undefined. Please make sure to return a value other than undefined from your query function. Affected query key: ["current-theme"]
Query data cannot be undefined. Please make sure to return a value other than undefined from your query function. Affected query key: ["themes"]
Query data cannot be undefined. Please make sure to return a value other than undefined from your query function. Affected query key: ["current-theme"]
Query data cannot be undefined. Please make sure to return a value other than undefined from your query function. Affected query key: ["themes"]
Query data cannot be undefined. Please make sure to return a value other than undefined from your query function. Affected query key: ["current-theme"]
Query data cannot be undefined. Please make sure to return a value other than undefined from your query function. Affected query key: ["themes"]
Query data cannot be undefined. Please make sure to return a value other than undefined from your query function. Affected query key: ["current-theme"]
Query data cannot be undefined. Please make sure to return a value other than undefined from your query function. Affected query key: ["themes"]
Query data cannot be undefined. Please make sure to return a value other than undefined from your query function. Affected query key: ["current-theme"]
Query data cannot be undefined. Please make sure to return a value other than undefined from your query function. Affected query key: ["themes"]
Query data cannot be undefined. Please make sure to return a value other than undefined from your query function. Affected query key: ["current-theme"]
Query data cannot be undefined. Please make sure to return a value other than undefined from your query function. Affected query key: ["themes"]
Query data cannot be undefined. Please make sure to return a value other than undefined from your query function. Affected query key: ["current-theme"]
Query data cannot be undefined. Please make sure to return a value other than undefined from your query function. Affected query key: ["themes"]
Query data cannot be undefined. Please make sure to return a value other than undefined from your query function. Affected query key: ["current-theme"]
Query data cannot be undefined. Please make sure to return a value other than undefined from your query function. Affected query key: ["themes"]
Query data cannot be undefined. Please make sure to return a value other than undefined from your query function. Affected query key: ["current-theme"]
Query data cannot be undefined. Please make sure to return a value other than undefined from your query function. Affected query key: ["themes"]
Query data cannot be undefined. Please make sure to return a value other than undefined from your query function. Affected query key: ["current-theme"]
Query data cannot be undefined. Please make sure to return a value other than undefined from your query function. Affected query key: ["themes"]
Query data cannot be undefined. Please make sure to return a value other than undefined from your query function. Affected query key: ["current-theme"]
Query data cannot be undefined. Please make sure to return a value other than undefined from your query function. Affected query key: ["themes"]
Query data cannot be undefined. Please make sure to return a value other than undefined from your query function. Affected query key: ["current-theme"]
Query data cannot be undefined. Please make sure to return a value other than undefined from your query function. Affected query key: ["themes"]
Query data cannot be undefined. Please make sure to return a value other than undefined from your query function. Affected query key: ["current-theme"]
Query data cannot be undefined. Please make sure to return a value other than undefined from your query function. Affected query key: ["themes"]
Query data cannot be undefined. Please make sure to return a value other than undefined from your query function. Affected query key: ["current-theme"]
Query data cannot be undefined. Please make sure to return a value other than undefined from your query function. Affected query key: ["themes"]
Query data cannot be undefined. Please make sure to return a value other than undefined from your query function. Affected query key: ["current-theme"]
Query data cannot be undefined. Please make sure to return a value other than undefined from your query function. Affected query key: ["themes"]
Query data cannot be undefined. Please make sure to return a value other than undefined from your query function. Affected query key: ["current-theme"]
Query data cannot be undefined. Please make sure to return a value other than undefined from your query function. Affected query key: ["themes"]
Query data cannot be undefined. Please make sure to return a value other than undefined from your query function. Affected query key: ["current-theme"]
Query data cannot be undefined. Please make sure to return a value other than undefined from your query function. Affected query key: ["themes"]
Query data cannot be undefined. Please make sure to return a value other than undefined from your query function. Affected query key: ["current-theme"]
Query data cannot be undefined. Please make sure to return a value other than undefined from your query function. Affected query key: ["themes"]
Query data cannot be undefined. Please make sure to return a value other than undefined from your query function. Affected query key: ["current-theme"]
Query data cannot be undefined. Please make sure to return a value other than undefined from your query function. Affected query key: ["themes"]
Query data cannot be undefined. Please make sure to return a value other than undefined from your query function. Affected query key: ["current-theme"]
Query data cannot be undefined. Please make sure to return a value other than undefined from your query function. Affected query key: ["themes"]
Query data cannot be undefined. Please make sure to return a value other than undefined from your query function. Affected query key: ["current-theme"]
Query data cannot be undefined. Please make sure to return a value other than undefined from your query function. Affected query key: ["themes"]
Query data cannot be undefined. Please make sure to return a value other than undefined from your query function. Affected query key: ["current-theme"]
Query data cannot be undefined. Please make sure to return a value other than undefined from your query function. Affected query key: ["themes"]
Query data cannot be undefined. Please make sure to return a value other than undefined from your query function. Affected query key: ["current-theme"]
Query data cannot be undefined. Please make sure to return a value other than undefined from your query function. Affected query key: ["themes"]
Query data cannot be undefined. Please make sure to return a value other than undefined from your query function. Affected query key: ["current-theme"]
Query data cannot be undefined. Please make sure to return a value other than undefined from your query function. Affected query key: ["themes"]
Query data cannot be undefined. Please make sure to return a value other than undefined from your query function. Affected query key: ["current-theme"]
Query data cannot be undefined. Please make sure to return a value other than undefined from your query function. Affected query key: ["themes"]
Query data cannot be undefined. Please make sure to return a value other than undefined from your query function. Affected query key: ["current-theme"]
Query data cannot be undefined. Please make sure to return a value other than undefined from your query function. Affected query key: ["themes"]
Query data cannot be undefined. Please make sure to return a value other than undefined from your query function. Affected query key: ["current-theme"]
Query data cannot be undefined. Please make sure to return a value other than undefined from your query function. Affected query key: ["themes"]
Query data cannot be undefined. Please make sure to return a value other than undefined from your query function. Affected query key: ["current-theme"]
Query data cannot be undefined. Please make sure to return a value other than undefined from your query function. Affected query key: ["themes"]
Query data cannot be undefined. Please make sure to return a value other than undefined from your query function. Affected query key: ["current-theme"]
Query data cannot be undefined. Please make sure to return a value other than undefined from your query function. Affected query key: ["themes"]
Query data cannot be undefined. Please make sure to return a value other than undefined from your query function. Affected query key: ["current-theme"]
Query data cannot be undefined. Please make sure to return a value other than undefined from your query function. Affected query key: ["themes"]
Query data cannot be undefined. Please make sure to return a value other than undefined from your query function. Affected query key: ["current-theme"]
Query data cannot be undefined. Please make sure to return a value other than undefined from your query function. Affected query key: ["themes"]
Query data cannot be undefined. Please make sure to return a value other than undefined from your query function. Affected query key: ["current-theme"]
Query data cannot be undefined. Please make sure to return a value other than undefined from your query function. Affected query key: ["themes"]
Query data cannot be undefined. Please make sure to return a value other than undefined from your query function. Affected query key: ["current-theme"]
Query data cannot be undefined. Please make sure to return a value other than undefined from your query function. Affected query key: ["themes"]
Query data cannot be undefined. Please make sure to return a value other than undefined from your query function. Affected query key: ["current-theme"]
Query data cannot be undefined. Please make sure to return a value other than undefined from your query function. Affected query key: ["themes"]
Query data cannot be undefined. Please make sure to return a value other than undefined from your query function. Affected query key: ["current-theme"]
Query data cannot be undefined. Please make sure to return a value other than undefined from your query function. Affected query key: ["themes"]
Query data cannot be undefined. Please make sure to return a value other than undefined from your query function. Affected query key: ["current-theme"]
Query data cannot be undefined. Please make sure to return a value other than undefined from your query function. Affected query key: ["themes"]
Query data cannot be undefined. Please make sure to return a value other than undefined from your query function. Affected query key: ["current-theme"]
Query data cannot be undefined. Please make sure to return a value other than undefined from your query function. Affected query key: ["themes"]
Query data cannot be undefined. Please make sure to return a value other than undefined from your query function. Affected query key: ["current-theme"]
Query data cannot be undefined. Please make sure to return a value other than undefined from your query function. Affected query key: ["themes"]
Query data cannot be undefined. Please make sure to return a value other than undefined from your query function. Affected query key: ["current-theme"]
Query data cannot be undefined. Please make sure to return a value other than undefined from your query function. Affected query key: ["themes"]
Query data cannot be undefined. Please make sure to return a value other than undefined from your query function. Affected query key: ["current-theme"]
Query data cannot be undefined. Please make sure to return a value other than undefined from your query function. Affected query key: ["themes"]
Query data cannot be undefined. Please make sure to return a value other than undefined from your query function. Affected query key: ["current-theme"]
Query data cannot be undefined. Please make sure to return a value other than undefined from your query function. Affected query key: ["themes"]
Query data cannot be undefined. Please make sure to return a value other than undefined from your query function. Affected query key: ["current-theme"]
Query data cannot be undefined. Please make sure to return a value other than undefined from your query function. Affected query key: ["themes"]
Query data cannot be undefined. Please make sure to return a value other than undefined from your query function. Affected query key: ["current-theme"]
Query data cannot be undefined. Please make sure to return a value other than undefined from your query function. Affected query key: ["themes"]
Query data cannot be undefined. Please make sure to return a value other than undefined from your query function. Affected query key: ["current-theme"]
Query data cannot be undefined. Please make sure to return a value other than undefined from your query function. Affected query key: ["themes"]
Query data cannot be undefined. Please make sure to return a value other than undefined from your query function. Affected query key: ["current-theme"]
Query data cannot be undefined. Please make sure to return a value other than undefined from your query function. Affected query key: ["themes"]
Query data cannot be undefined. Please make sure to return a value other than undefined from your query function. Affected query key: ["current-theme"]
Query data cannot be undefined. Please make sure to return a value other than undefined from your query function. Affected query key: ["themes"]
Query data cannot be undefined. Please make sure to return a value other than undefined from your query function. Affected query key: ["current-theme"]
Query data cannot be undefined. Please make sure to return a value other than undefined from your query function. Affected query key: ["themes"]
Query data cannot be undefined. Please make sure to return a value other than undefined from your query function. Affected query key: ["current-theme"]
Query data cannot be undefined. Please make sure to return a value other than undefined from your query function. Affected query key: ["themes"]
Query data cannot be undefined. Please make sure to return a value other than undefined from your query function. Affected query key: ["current-theme"]
Query data cannot be undefined. Please make sure to return a value other than undefined from your query function. Affected query key: ["themes"]
Query data cannot be undefined. Please make sure to return a value other than undefined from your query function. Affected query key: ["current-theme"]
Query data cannot be undefined. Please make sure to return a value other than undefined from your query function. Affected query key: ["themes"]
Query data cannot be undefined. Please make sure to return a value other than undefined from your query function. Affected query key: ["current-theme"]
Query data cannot be undefined. Please make sure to return a value other than undefined from your query function. Affected query key: ["themes"]
Query data cannot be undefined. Please make sure to return a value other than undefined from your query function. Affected query key: ["current-theme"]
Query data cannot be undefined. Please make sure to return a value other than undefined from your query function. Affected query key: ["themes"]
Query data cannot be undefined. Please make sure to return a value other than undefined from your query function. Affected query key: ["current-theme"]
Query data cannot be undefined. Please make sure to return a value other than undefined from your query function. Affected query key: ["themes"]
Query data cannot be undefined. Please make sure to return a value other than undefined from your query function. Affected query key: ["current-theme"]
Query data cannot be undefined. Please make sure to return a value other than undefined from your query function. Affected query key: ["themes"]
Query data cannot be undefined. Please make sure to return a value other than undefined from your query function. Affected query key: ["current-theme"]
Query data cannot be undefined. Please make sure to return a value other than undefined from your query function. Affected query key: ["themes"]
Query data cannot be undefined. Please make sure to return a value other than undefined from your query function. Affected query key: ["current-theme"]
Query data cannot be undefined. Please make sure to return a value other than undefined from your query function. Affected query key: ["themes"]
Query data cannot be undefined. Please make sure to return a value other than undefined from your query function. Affected query key: ["current-theme"]
Query data cannot be undefined. Please make sure to return a value other than undefined from your query function. Affected query key: ["themes"]
Query data cannot be undefined. Please make sure to return a value other than undefined from your query function. Affected query key: ["current-theme"]
Query data cannot be undefined. Please make sure to return a value other than undefined from your query function. Affected query key: ["themes"]
Query data cannot be undefined. Please make sure to return a value other than undefined from your query function. Affected query key: ["current-theme"]
Query data cannot be undefined. Please make sure to return a value other than undefined from your query function. Affected query key: ["themes"]
Query data cannot be undefined. Please make sure to return a value other than undefined from your query function. Affected query key: ["current-theme"]
Query data cannot be undefined. Please make sure to return a value other than undefined from your query function. Affected query key: ["themes"]
Query data cannot be undefined. Please make sure to return a value other than undefined from your query function. Affected query key: ["current-theme"]
Query data cannot be undefined. Please make sure to return a value other than undefined from your query function. Affected query key: ["themes"]
Query data cannot be undefined. Please make sure to return a value other than undefined from your query function. Affected query key: ["current-theme"]
Query data cannot be undefined. Please make sure to return a value other than undefined from your query function. Affected query key: ["themes"]
Query data cannot be undefined. Please make sure to return a value other than undefined from your query function. Affected query key: ["current-theme"]
Query data cannot be undefined. Please make sure to return a value other than undefined from your query function. Affected query key: ["themes"]
Query data cannot be undefined. Please make sure to return a value other than undefined from your query function. Affected query key: ["current-theme"]
Query data cannot be undefined. Please make sure to return a value other than undefined from your query function. Affected query key: ["themes"]
Query data cannot be undefined. Please make sure to return a value other than undefined from your query function. Affected query key: ["current-theme"]
Query data cannot be undefined. Please make sure to return a value other than undefined from your query function. Affected query key: ["themes"]
Query data cannot be undefined. Please make sure to return a value other than undefined from your query function. Affected query key: ["current-theme"]
Query data cannot be undefined. Please make sure to return a value other than undefined from your query function. Affected query key: ["themes"]
Query data cannot be undefined. Please make sure to return a value other than undefined from your query function. Affected query key: ["current-theme"]
Query data cannot be undefined. Please make sure to return a value other than undefined from your query function. Affected query key: ["themes"]
Query data cannot be undefined. Please make sure to return a value other than undefined from your query function. Affected query key: ["current-theme"]
Query data cannot be undefined. Please make sure to return a value other than undefined from your query function. Affected query key: ["themes"]
Query data cannot be undefined. Please make sure to return a value other than undefined from your query function. Affected query key: ["current-theme"]
Query data cannot be undefined. Please make sure to return a value other than undefined from your query function. Affected query key: ["themes"]
Query data cannot be undefined. Please make sure to return a value other than undefined from your query function. Affected query key: ["current-theme"]
Query data cannot be undefined. Please make sure to return a value other than undefined from your query function. Affected query key: ["themes"]
Query data cannot be undefined. Please make sure to return a value other than undefined from your query function. Affected query key: ["current-theme"]
Query data cannot be undefined. Please make sure to return a value other than undefined from your query function. Affected query key: ["themes"]
Query data cannot be undefined. Please make sure to return a value other than undefined from your query function. Affected query key: ["current-theme"]
Query data cannot be undefined. Please make sure to return a value other than undefined from your query function. Affected query key: ["themes"]
Query data cannot be undefined. Please make sure to return a value other than undefined from your query function. Affected query key: ["current-theme"]
Query data cannot be undefined. Please make sure to return a value other than undefined from your query function. Affected query key: ["themes"]
Query data cannot be undefined. Please make sure to return a value other than undefined from your query function. Affected query key: ["current-theme"]
Query data cannot be undefined. Please make sure to return a value other than undefined from your query function. Affected query key: ["themes"]
Query data cannot be undefined. Please make sure to return a value other than undefined from your query function. Affected query key: ["current-theme"]
Query data cannot be undefined. Please make sure to return a value other than undefined from your query function. Affected query key: ["themes"]
Query data cannot be undefined. Please make sure to return a value other than undefined from your query function. Affected query key: ["current-theme"]
Query data cannot be undefined. Please make sure to return a value other than undefined from your query function. Affected query key: ["themes"]
Query data cannot be undefined. Please make sure to return a value other than undefined from your query function. Affected query key: ["current-theme"]
Query data cannot be undefined. Please make sure to return a value other than undefined from your query function. Affected query key: ["themes"]
Query data cannot be undefined. Please make sure to return a value other than undefined from your query function. Affected query key: ["current-theme"]
Query data cannot be undefined. Please make sure to return a value other than undefined from your query function. Affected query key: ["themes"]
Query data cannot be undefined. Please make sure to return a value other than undefined from your query function. Affected query key: ["current-theme"]
Query data cannot be undefined. Please make sure to return a value other than undefined from your query function. Affected query key: ["themes"]
Query data cannot be undefined. Please make sure to return a value other than undefined from your query function. Affected query key: ["current-theme"]
Query data cannot be undefined. Please make sure to return a value other than undefined from your query function. Affected query key: ["themes"]
Query data cannot be undefined. Please make sure to return a value other than undefined from your query function. Affected query key: ["current-theme"]
Query data cannot be undefined. Please make sure to return a value other than undefined from your query function. Affected query key: ["themes"]
Query data cannot be undefined. Please make sure to return a value other than undefined from your query function. Affected query key: ["current-theme"]
Query data cannot be undefined. Please make sure to return a value other than undefined from your query function. Affected query key: ["themes"]
Query data cannot be undefined. Please make sure to return a value other than undefined from your query function. Affected query key: ["current-theme"]
Query data cannot be undefined. Please make sure to return a value other than undefined from your query function. Affected query key: ["themes"]
Query data cannot be undefined. Please make sure to return a value other than undefined from your query function. Affected query key: ["current-theme"]
Query data cannot be undefined. Please make sure to return a value other than undefined from your query function. Affected query key: ["themes"]
Query data cannot be undefined. Please make sure to return a value other than undefined from your query function. Affected query key: ["current-theme"]
Query data cannot be undefined. Please make sure to return a value other than undefined from your query function. Affected query key: ["themes"]
Query data cannot be undefined. Please make sure to return a value other than undefined from your query function. Affected query key: ["current-theme"]
Query data cannot be undefined. Please make sure to return a value other than undefined from your query function. Affected query key: ["themes"]
Query data cannot be undefined. Please make sure to return a value other than undefined from your query function. Affected query key: ["current-theme"]
Query data cannot be undefined. Please make sure to return a value other than undefined from your query function. Affected query key: ["themes"]
Query data cannot be undefined. Please make sure to return a value other than undefined from your query function. Affected query key: ["current-theme"]
Query data cannot be undefined. Please make sure to return a value other than undefined from your query function. Affected query key: ["themes"]
Query data cannot be undefined. Please make sure to return a value other than undefined from your query function. Affected query key: ["current-theme"]
Query data cannot be undefined. Please make sure to return a value other than undefined from your query function. Affected query key: ["themes"]
Query data cannot be undefined. Please make sure to return a value other than undefined from your query function. Affected query key: ["current-theme"]
Query data cannot be undefined. Please make sure to return a value other than undefined from your query function. Affected query key: ["themes"]
Query data cannot be undefined. Please make sure to return a value other than undefined from your query function. Affected query key: ["current-theme"]
Query data cannot be undefined. Please make sure to return a value other than undefined from your query function. Affected query key: ["themes"]
Query data cannot be undefined. Please make sure to return a value other than undefined from your query function. Affected query key: ["current-theme"]
Query data cannot be undefined. Please make sure to return a value other than undefined from your query function. Affected query key: ["themes"]
Query data cannot be undefined. Please make sure to return a value other than undefined from your query function. Affected query key: ["current-theme"]
Query data cannot be undefined. Please make sure to return a value other than undefined from your query function. Affected query key: ["themes"]
Query data cannot be undefined. Please make sure to return a value other than undefined from your query function. Affected query key: ["current-theme"]
Query data cannot be undefined. Please make sure to return a value other than undefined from your query function. Affected query key: ["themes"]
Query data cannot be undefined. Please make sure to return a value other than undefined from your query function. Affected query key: ["current-theme"]
Query data cannot be undefined. Please make sure to return a value other than undefined from your query function. Affected query key: ["themes"]
Query data cannot be undefined. Please make sure to return a value other than undefined from your query function. Affected query key: ["current-theme"]
Query data cannot be undefined. Please make sure to return a value other than undefined from your query function. Affected query key: ["themes"]
Query data cannot be undefined. Please make sure to return a value other than undefined from your query function. Affected query key: ["current-theme"]
Query data cannot be undefined. Please make sure to return a value other than undefined from your query function. Affected query key: ["themes"]
Query data cannot be undefined. Please make sure to return a value other than undefined from your query function. Affected query key: ["current-theme"]
Query data cannot be undefined. Please make sure to return a value other than undefined from your query function. Affected query key: ["themes"]
Query data cannot be undefined. Please make sure to return a value other than undefined from your query function. Affected query key: ["current-theme"]
Query data cannot be undefined. Please make sure to return a value other than undefined from your query function. Affected query key: ["themes"]
Query data cannot be undefined. Please make sure to return a value other than undefined from your query function. Affected query key: ["current-theme"]
Query data cannot be undefined. Please make sure to return a value other than undefined from your query function. Affected query key: ["themes"]
Query data cannot be undefined. Please make sure to return a value other than undefined from your query function. Affected query key: ["current-theme"]
Query data cannot be undefined. Please make sure to return a value other than undefined from your query function. Affected query key: ["themes"]
Query data cannot be undefined. Please make sure to return a value other than undefined from your query function. Affected query key: ["current-theme"]
Query data cannot be undefined. Please make sure to return a value other than undefined from your query function. Affected query key: ["themes"]
Query data cannot be undefined. Please make sure to return a value other than undefined from your query function. Affected query key: ["current-theme"]
Query data cannot be undefined. Please make sure to return a value other than undefined from your query function. Affected query key: ["themes"]
Query data cannot be undefined. Please make sure to return a value other than undefined from your query function. Affected query key: ["current-theme"]
Query data cannot be undefined. Please make sure to return a value other than undefined from your query function. Affected query key: ["themes"]
Query data cannot be undefined. Please make sure to return a value other than undefined from your query function. Affected query key: ["current-theme"]
Query data cannot be undefined. Please make sure to return a value other than undefined from your query function. Affected query key: ["themes"]
Query data cannot be undefined. Please make sure to return a value other than undefined from your query function. Affected query key: ["current-theme"]
Query data cannot be undefined. Please make sure to return a value other than undefined from your query function. Affected query key: ["themes"]
Query data cannot be undefined. Please make sure to return a value other than undefined from your query function. Affected query key: ["current-theme"]
Query data cannot be undefined. Please make sure to return a value other than undefined from your query function. Affected query key: ["themes"]
Query data cannot be undefined. Please make sure to return a value other than undefined from your query function. Affected query key: ["current-theme"]
Query data cannot be undefined. Please make sure to return a value other than undefined from your query function. Affected query key: ["themes"]
Query data cannot be undefined. Please make sure to return a value other than undefined from your query function. Affected query key: ["current-theme"]
Query data cannot be undefined. Please make sure to return a value other than undefined from your query function. Affected query key: ["themes"]
Query data cannot be undefined. Please make sure to return a value other than undefined from your query function. Affected query key: ["current-theme"]
Query data cannot be undefined. Please make sure to return a value other than undefined from your query function. Affected query key: ["themes"]
Query data cannot be undefined. Please make sure to return a value other than undefined from your query function. Affected query key: ["current-theme"]
Query data cannot be undefined. Please make sure to return a value other than undefined from your query function. Affected query key: ["themes"]
Query data cannot be undefined. Please make sure to return a value other than undefined from your query function. Affected query key: ["current-theme"]
Query data cannot be undefined. Please make sure to return a value other than undefined from your query function. Affected query key: ["themes"]
Query data cannot be undefined. Please make sure to return a value other than undefined from your query function. Affected query key: ["current-theme"]
Query data cannot be undefined. Please make sure to return a value other than undefined from your query function. Affected query key: ["themes"]
Query data cannot be undefined. Please make sure to return a value other than undefined from your query function. Affected query key: ["current-theme"]
Query data cannot be undefined. Please make sure to return a value other than undefined from your query function. Affected query key: ["themes"]
Query data cannot be undefined. Please make sure to return a value other than undefined from your query function. Affected query key: ["current-theme"]
Query data cannot be undefined. Please make sure to return a value other than undefined from your query function. Affected query key: ["themes"]
Query data cannot be undefined. Please make sure to return a value other than undefined from your query function. Affected query key: ["current-theme"]
Query data cannot be undefined. Please make sure to return a value other than undefined from your query function. Affected query key: ["themes"]
Query data cannot be undefined. Please make sure to return a value other than undefined from your query function. Affected query key: ["current-theme"]
Query data cannot be undefined. Please make sure to return a value other than undefined from your query function. Affected query key: ["themes"]
Query data cannot be undefined. Please make sure to return a value other than undefined from your query function. Affected query key: ["current-theme"]
Query data cannot be undefined. Please make sure to return a value other than undefined from your query function. Affected query key: ["themes"]
Query data cannot be undefined. Please make sure to return a value other than undefined from your query function. Affected query key: ["current-theme"]
Query data cannot be undefined. Please make sure to return a value other than undefined from your query function. Affected query key: ["themes"]
Query data cannot be undefined. Please make sure to return a value other than undefined from your query function. Affected query key: ["current-theme"]
Query data cannot be undefined. Please make sure to return a value other than undefined from your query function. Affected query key: ["themes"]
Query data cannot be undefined. Please make sure to return a value other than undefined from your query function. Affected query key: ["current-theme"]
Query data cannot be undefined. Please make sure to return a value other than undefined from your query function. Affected query key: ["themes"]
Query data cannot be undefined. Please make sure to return a value other than undefined from your query function. Affected query key: ["current-theme"]
Query data cannot be undefined. Please make sure to return a value other than undefined from your query function. Affected query key: ["themes"]
Query data cannot be undefined. Please make sure to return a value other than undefined from your query function. Affected query key: ["current-theme"]
Query data cannot be undefined. Please make sure to return a value other than undefined from your query function. Affected query key: ["themes"]
Query data cannot be undefined. Please make sure to return a value other than undefined from your query function. Affected query key: ["current-theme"]
Query data cannot be undefined. Please make sure to return a value other than undefined from your query function. Affected query key: ["themes"]
Query data cannot be undefined. Please make sure to return a value other than undefined from your query function. Affected query key: ["current-theme"]
Query data cannot be undefined. Please make sure to return a value other than undefined from your query function. Affected query key: ["themes"]
Query data cannot be undefined. Please make sure to return a value other than undefined from your query function. Affected query key: ["current-theme"]
Query data cannot be undefined. Please make sure to return a value other than undefined from your query function. Affected query key: ["themes"]
Query data cannot be undefined. Please make sure to return a value other than undefined from your query function. Affected query key: ["current-theme"]
Query data cannot be undefined. Please make sure to return a value other than undefined from your query function. Affected query key: ["themes"]
Query data cannot be undefined. Please make sure to return a value other than undefined from your query function. Affected query key: ["current-theme"]
Query data cannot be undefined. Please make sure to return a value other than undefined from your query function. Affected query key: ["themes"]
Query data cannot be undefined. Please make sure to return a value other than undefined from your query function. Affected query key: ["current-theme"]
Query data cannot be undefined. Please make sure to return a value other than undefined from your query function. Affected query key: ["themes"]
Query data cannot be undefined. Please make sure to return a value other than undefined from your query function. Affected query key: ["current-theme"]
Query data cannot be undefined. Please make sure to return a value other than undefined from your query function. Affected query key: ["themes"]
Query data cannot be undefined. Please make sure to return a value other than undefined from your query function. Affected query key: ["current-theme"]
Query data cannot be undefined. Please make sure to return a value other than undefined from your query function. Affected query key: ["themes"]
Query data cannot be undefined. Please make sure to return a value other than undefined from your query function. Affected query key: ["current-theme"]
Query data cannot be undefined. Please make sure to return a value other than undefined from your query function. Affected query key: ["themes"]
Query data cannot be undefined. Please make sure to return a value other than undefined from your query function. Affected query key: ["current-theme"]
Query data cannot be undefined. Please make sure to return a value other than undefined from your query function. Affected query key: ["themes"]
Query data cannot be undefined. Please make sure to return a value other than undefined from your query function. Affected query key: ["current-theme"]
Query data cannot be undefined. Please make sure to return a value other than undefined from your query function. Affected query key: ["themes"]
Query data cannot be undefined. Please make sure to return a value other than undefined from your query function. Affected query key: ["current-theme"]
Query data cannot be undefined. Please make sure to return a value other than undefined from your query function. Affected query key: ["themes"]
Query data cannot be undefined. Please make sure to return a value other than undefined from your query function. Affected query key: ["current-theme"]
Query data cannot be undefined. Please make sure to return a value other than undefined from your query function. Affected query key: ["themes"]
Query data cannot be undefined. Please make sure to return a value other than undefined from your query function. Affected query key: ["current-theme"]
Query data cannot be undefined. Please make sure to return a value other than undefined from your query function. Affected query key: ["themes"]
Query data cannot be undefined. Please make sure to return a value other than undefined from your query function. Affected query key: ["current-theme"]
Query data cannot be undefined. Please make sure to return a value other than undefined from your query function. Affected query key: ["themes"]
Query data cannot be undefined. Please make sure to return a value other than undefined from your query function. Affected query key: ["current-theme"]
Query data cannot be undefined. Please make sure to return a value other than undefined from your query function. Affected query key: ["themes"]
Query data cannot be undefined. Please make sure to return a value other than undefined from your query function. Affected query key: ["current-theme"]
Query data cannot be undefined. Please make sure to return a value other than undefined from your query function. Affected query key: ["themes"]
Query data cannot be undefined. Please make sure to return a value other than undefined from your query function. Affected query key: ["current-theme"]
Query data cannot be undefined. Please make sure to return a value other than undefined from your query function. Affected query key: ["themes"]
Query data cannot be undefined. Please make sure to return a value other than undefined from your query function. Affected query key: ["current-theme"]
Query data cannot be undefined. Please make sure to return a value other than undefined from your query function. Affected query key: ["themes"]
Query data cannot be undefined. Please make sure to return a value other than undefined from your query function. Affected query key: ["current-theme"]
Query data cannot be undefined. Please make sure to return a value other than undefined from your query function. Affected query key: ["themes"]
Query data cannot be undefined. Please make sure to return a value other than undefined from your query function. Affected query key: ["current-theme"]
Query data cannot be undefined. Please make sure to return a value other than undefined from your query function. Affected query key: ["themes"]
Query data cannot be undefined. Please make sure to return a value other than undefined from your query function. Affected query key: ["current-theme"]
Query data cannot be undefined. Please make sure to return a value other than undefined from your query function. Affected query key: ["themes"]
Query data cannot be undefined. Please make sure to return a value other than undefined from your query function. Affected query key: ["current-theme"]
Query data cannot be undefined. Please make sure to return a value other than undefined from your query function. Affected query key: ["themes"]
Query data cannot be undefined. Please make sure to return a value other than undefined from your query function. Affected query key: ["current-theme"]
Query data cannot be undefined. Please make sure to return a value other than undefined from your query function. Affected query key: ["themes"]
Query data cannot be undefined. Please make sure to return a value other than undefined from your query function. Affected query key: ["current-theme"]
Query data cannot be undefined. Please make sure to return a value other than undefined from your query function. Affected query key: ["themes"]
Query data cannot be undefined. Please make sure to return a value other than undefined from your query function. Affected query key: ["current-theme"]
Query data cannot be undefined. Please make sure to return a value other than undefined from your query function. Affected query key: ["themes"]
Query data cannot be undefined. Please make sure to return a value other than undefined from your query function. Affected query key: ["current-theme"]
Query data cannot be undefined. Please make sure to return a value other than undefined from your query function. Affected query key: ["themes"]
Query data cannot be undefined. Please make sure to return a value other than undefined from your query function. Affected query key: ["current-theme"]
Query data cannot be undefined. Please make sure to return a value other than undefined from your query function. Affected query key: ["themes"]
Query data cannot be undefined. Please make sure to return a value other than undefined from your query function. Affected query key: ["current-theme"]
Query data cannot be undefined. Please make sure to return a value other than undefined from your query function. Affected query key: ["themes"]
Query data cannot be undefined. Please make sure to return a value other than undefined from your query function. Affected query key: ["current-theme"]
Query data cannot be undefined. Please make sure to return a value other than undefined from your query function. Affected query key: ["themes"]
Query data cannot be undefined. Please make sure to return a value other than undefined from your query function. Affected query key: ["current-theme"]
Query data cannot be undefined. Please make sure to return a value other than undefined from your query function. Affected query key: ["themes"]
Query data cannot be undefined. Please make sure to return a value other than undefined from your query function. Affected query key: ["current-theme"]
Query data cannot be undefined. Please make sure to return a value other than undefined from your query function. Affected query key: ["themes"]
Query data cannot be undefined. Please make sure to return a value other than undefined from your query function. Affected query key: ["current-theme"]
Query data cannot be undefined. Please make sure to return a value other than undefined from your query function. Affected query key: ["themes"]
Query data cannot be undefined. Please make sure to return a value other than undefined from your query function. Affected query key: ["current-theme"]
Query data cannot be undefined. Please make sure to return a value other than undefined from your query function. Affected query key: ["themes"]
Query data cannot be undefined. Please make sure to return a value other than undefined from your query function. Affected query key: ["current-theme"]
Query data cannot be undefined. Please make sure to return a value other than undefined from your query function. Affected query key: ["themes"]
Query data cannot be undefined. Please make sure to return a value other than undefined from your query function. Affected query key: ["current-theme"]
Query data cannot be undefined. Please make sure to return a value other than undefined from your query function. Affected query key: ["themes"]
Query data cannot be undefined. Please make sure to return a value other than undefined from your query function. Affected query key: ["current-theme"]
Query data cannot be undefined. Please make sure to return a value other than undefined from your query function. Affected query key: ["themes"]
Query data cannot be undefined. Please make sure to return a value other than undefined from your query function. Affected query key: ["current-theme"]
Query data cannot be undefined. Please make sure to return a value other than undefined from your query function. Affected query key: ["themes"]
Query data cannot be undefined. Please make sure to return a value other than undefined from your query function. Affected query key: ["current-theme"]
Query data cannot be undefined. Please make sure to return a value other than undefined from your query function. Affected query key: ["themes"]
Query data cannot be undefined. Please make sure to return a value other than undefined from your query function. Affected query key: ["current-theme"]
Query data cannot be undefined. Please make sure to return a value other than undefined from your query function. Affected query key: ["themes"]
Query data cannot be undefined. Please make sure to return a value other than undefined from your query function. Affected query key: ["current-theme"]
Query data cannot be undefined. Please make sure to return a value other than undefined from your query function. Affected query key: ["themes"]
Query data cannot be undefined. Please make sure to return a value other than undefined from your query function. Affected query key: ["current-theme"]
Query data cannot be undefined. Please make sure to return a value other than undefined from your query function. Affected query key: ["themes"]
Query data cannot be undefined. Please make sure to return a value other than undefined from your query function. Affected query key: ["current-theme"]
Query data cannot be undefined. Please make sure to return a value other than undefined from your query function. Affected query key: ["themes"]
Query data cannot be undefined. Please make sure to return a value other than undefined from your query function. Affected query key: ["current-theme"]
Query data cannot be undefined. Please make sure to return a value other than undefined from your query function. Affected query key: ["themes"]
Query data cannot be undefined. Please make sure to return a value other than undefined from your query function. Affected query key: ["current-theme"]
Query data cannot be undefined. Please make sure to return a value other than undefined from your query function. Affected query key: ["themes"]
Query data cannot be undefined. Please make sure to return a value other than undefined from your query function. Affected query key: ["current-theme"]
Query data cannot be undefined. Please make sure to return a value other than undefined from your query function. Affected query key: ["themes"]
Query data cannot be undefined. Please make sure to return a value other than undefined from your query function. Affected query key: ["current-theme"]
Query data cannot be undefined. Please make sure to return a value other than undefined from your query function. Affected query key: ["themes"]
Query data cannot be undefined. Please make sure to return a value other than undefined from your query function. Affected query key: ["current-theme"]
Query data cannot be undefined. Please make sure to return a value other than undefined from your query function. Affected query key: ["themes"]
Query data cannot be undefined. Please make sure to return a value other than undefined from your query function. Affected query key: ["current-theme"]
Query data cannot be undefined. Please make sure to return a value other than undefined from your query function. Affected query key: ["themes"]
Query data cannot be undefined. Please make sure to return a value other than undefined from your query function. Affected query key: ["current-theme"]
Query data cannot be undefined. Please make sure to return a value other than undefined from your query function. Affected query key: ["themes"]
Query data cannot be undefined. Please make sure to return a value other than undefined from your query function. Affected query key: ["current-theme"]
Query data cannot be undefined. Please make sure to return a value other than undefined from your query function. Affected query key: ["themes"]
Query data cannot be undefined. Please make sure to return a value other than undefined from your query function. Affected query key: ["current-theme"]
Query data cannot be undefined. Please make sure to return a value other than undefined from your query function. Affected query key: ["themes"]
Query data cannot be undefined. Please make sure to return a value other than undefined from your query function. Affected query key: ["current-theme"]
Query data cannot be undefined. Please make sure to return a value other than undefined from your query function. Affected query key: ["themes"]
Query data cannot be undefined. Please make sure to return a value other than undefined from your query function. Affected query key: ["current-theme"]
Query data cannot be undefined. Please make sure to return a value other than undefined from your query function. Affected query key: ["themes"]
Query data cannot be undefined. Please make sure to return a value other than undefined from your query function. Affected query key: ["current-theme"]
Query data cannot be undefined. Please make sure to return a value other than undefined from your query function. Affected query key: ["themes"]
Query data cannot be undefined. Please make sure to return a value other than undefined from your query function. Affected query key: ["current-theme"]
Query data cannot be undefined. Please make sure to return a value other than undefined from your query function. Affected query key: ["themes"]
Query data cannot be undefined. Please make sure to return a value other than undefined from your query function. Affected query key: ["current-theme"]
Query data cannot be undefined. Please make sure to return a value other than undefined from your query function. Affected query key: ["themes"]
Query data cannot be undefined. Please make sure to return a value other than undefined from your query function. Affected query key: ["current-theme"]
Query data cannot be undefined. Please make sure to return a value other than undefined from your query function. Affected query key: ["themes"]
Query data cannot be undefined. Please make sure to return a value other than undefined from your query function. Affected query key: ["current-theme"]
Query data cannot be undefined. Please make sure to return a value other than undefined from your query function. Affected query key: ["themes"]
Query data cannot be undefined. Please make sure to return a value other than undefined from your query function. Affected query key: ["current-theme"]
Query data cannot be undefined. Please make sure to return a value other than undefined from your query function. Affected query key: ["themes"]
Query data cannot be undefined. Please make sure to return a value other than undefined from your query function. Affected query key: ["current-theme"]
Query data cannot be undefined. Please make sure to return a value other than undefined from your query function. Affected query key: ["themes"]
Query data cannot be undefined. Please make sure to return a value other than undefined from your query function. Affected query key: ["current-theme"]
Query data cannot be undefined. Please make sure to return a value other than undefined from your query function. Affected query key: ["themes"]
Query data cannot be undefined. Please make sure to return a value other than undefined from your query function. Affected query key: ["current-theme"]
Query data cannot be undefined. Please make sure to return a value other than undefined from your query function. Affected query key: ["themes"]
Query data cannot be undefined. Please make sure to return a value other than undefined from your query function. Affected query key: ["current-theme"]
Query data cannot be undefined. Please make sure to return a value other than undefined from your query function. Affected query key: ["themes"]
Query data cannot be undefined. Please make sure to return a value other than undefined from your query function. Affected query key: ["current-theme"]
Query data cannot be undefined. Please make sure to return a value other than undefined from your query function. Affected query key: ["themes"]
Query data cannot be undefined. Please make sure to return a value other than undefined from your query function. Affected query key: ["current-theme"]
Query data cannot be undefined. Please make sure to return a value other than undefined from your query function. Affected query key: ["themes"]
Query data cannot be undefined. Please make sure to return a value other than undefined from your query function. Affected query key: ["current-theme"]
Query data cannot be undefined. Please make sure to return a value other than undefined from your query function. Affected query key: ["themes"]
Query data cannot be undefined. Please make sure to return a value other than undefined from your query function. Affected query key: ["current-theme"]
Query data cannot be undefined. Please make sure to return a value other than undefined from your query function. Affected query key: ["themes"]
Query data cannot be undefined. Please make sure to return a value other than undefined from your query function. Affected query key: ["current-theme"]
Query data cannot be undefined. Please make sure to return a value other than undefined from your query function. Affected query key: ["themes"]
Query data cannot be undefined. Please make sure to return a value other than undefined from your query function. Affected query key: ["current-theme"]
Query data cannot be undefined. Please make sure to return a value other than undefined from your query function. Affected query key: ["themes"]
Query data cannot be undefined. Please make sure to return a value other than undefined from your query function. Affected query key: ["current-theme"]
Query data cannot be undefined. Please make sure to return a value other than undefined from your query function. Affected query key: ["themes"]
Query data cannot be undefined. Please make sure to return a value other than undefined from your query function. Affected query key: ["current-theme"]
Query data cannot be undefined. Please make sure to return a value other than undefined from your query function. Affected query key: ["themes"]
Query data cannot be undefined. Please make sure to return a value other than undefined from your query function. Affected query key: ["current-theme"]
Query data cannot be undefined. Please make sure to return a value other than undefined from your query function. Affected query key: ["themes"]
Query data cannot be undefined. Please make sure to return a value other than undefined from your query function. Affected query key: ["current-theme"]
Query data cannot be undefined. Please make sure to return a value other than undefined from your query function. Affected query key: ["themes"]
Query data cannot be undefined. Please make sure to return a value other than undefined from your query function. Affected query key: ["current-theme"]
Query data cannot be undefined. Please make sure to return a value other than undefined from your query function. Affected query key: ["themes"]
Query data cannot be undefined. Please make sure to return a value other than undefined from your query function. Affected query key: ["current-theme"]
Query data cannot be undefined. Please make sure to return a value other than undefined from your query function. Affected query key: ["themes"]
Query data cannot be undefined. Please make sure to return a value other than undefined from your query function. Affected query key: ["current-theme"]
Query data cannot be undefined. Please make sure to return a value other than undefined from your query function. Affected query key: ["themes"]
Query data cannot be undefined. Please make sure to return a value other than undefined from your query function. Affected query key: ["current-theme"]
Query data cannot be undefined. Please make sure to return a value other than undefined from your query function. Affected query key: ["themes"]
Query data cannot be undefined. Please make sure to return a value other than undefined from your query function. Affected query key: ["current-theme"]
Query data cannot be undefined. Please make sure to return a value other than undefined from your query function. Affected query key: ["themes"]
Query data cannot be undefined. Please make sure to return a value other than undefined from your query function. Affected query key: ["current-theme"]
Query data cannot be undefined. Please make sure to return a value other than undefined from your query function. Affected query key: ["themes"]
Query data cannot be undefined. Please make sure to return a value other than undefined from your query function. Affected query key: ["current-theme"]
Query data cannot be undefined. Please make sure to return a value other than undefined from your query function. Affected query key: ["themes"]
Query data cannot be undefined. Please make sure to return a value other than undefined from your query function. Affected query key: ["current-theme"]
Query data cannot be undefined. Please make sure to return a value other than undefined from your query function. Affected query key: ["themes"]
Query data cannot be undefined. Please make sure to return a value other than undefined from your query function. Affected query key: ["current-theme"]
Query data cannot be undefined. Please make sure to return a value other than undefined from your query function. Affected query key: ["themes"]
Query data cannot be undefined. Please make sure to return a value other than undefined from your query function. Affected query key: ["current-theme"]
Query data cannot be undefined. Please make sure to return a value other than undefined from your query function. Affected query key: ["themes"]
Query data cannot be undefined. Please make sure to return a value other than undefined from your query function. Affected query key: ["current-theme"]
Query data cannot be undefined. Please make sure to return a value other than undefined from your query function. Affected query key: ["themes"]
Query data cannot be undefined. Please make sure to return a value other than undefined from your query function. Affected query key: ["current-theme"]
Query data cannot be undefined. Please make sure to return a value other than undefined from your query function. Affected query key: ["themes"]
Query data cannot be undefined. Please make sure to return a value other than undefined from your query function. Affected query key: ["current-theme"]
Query data cannot be undefined. Please make sure to return a value other than undefined from your query function. Affected query key: ["themes"]
Query data cannot be undefined. Please make sure to return a value other than undefined from your query function. Affected query key: ["current-theme"]
Query data cannot be undefined. Please make sure to return a value other than undefined from your query function. Affected query key: ["themes"]
Query data cannot be undefined. Please make sure to return a value other than undefined from your query function. Affected query key: ["current-theme"]
Query data cannot be undefined. Please make sure to return a value other than undefined from your query function. Affected query key: ["themes"]
Query data cannot be undefined. Please make sure to return a value other than undefined from your query function. Affected query key: ["current-theme"]
Query data cannot be undefined. Please make sure to return a value other than undefined from your query function. Affected query key: ["themes"]
Query data cannot be undefined. Please make sure to return a value other than undefined from your query function. Affected query key: ["current-theme"]
Query data cannot be undefined. Please make sure to return a value other than undefined from your query function. Affected query key: ["themes"]
Query data cannot be undefined. Please make sure to return a value other than undefined from your query function. Affected query key: ["current-theme"]
Query data cannot be undefined. Please make sure to return a value other than undefined from your query function. Affected query key: ["themes"]
Query data cannot be undefined. Please make sure to return a value other than undefined from your query function. Affected query key: ["current-theme"]
Query data cannot be undefined. Please make sure to return a value other than undefined from your query function. Affected query key: ["themes"]
Query data cannot be undefined. Please make sure to return a value other than undefined from your query function. Affected query key: ["current-theme"]
Query data cannot be undefined. Please make sure to return a value other than undefined from your query function. Affected query key: ["themes"]
Query data cannot be undefined. Please make sure to return a value other than undefined from your query function. Affected query key: ["current-theme"]
Query data cannot be undefined. Please make sure to return a value other than undefined from your query function. Affected query key: ["themes"]
Query data cannot be undefined. Please make sure to return a value other than undefined from your query function. Affected query key: ["current-theme"]
Query data cannot be undefined. Please make sure to return a value other than undefined from your query function. Affected query key: ["themes"]
Query data cannot be undefined. Please make sure to return a value other than undefined from your query function. Affected query key: ["current-theme"]
Query data cannot be undefined. Please make sure to return a value other than undefined from your query function. Affected query key: ["themes"]
Query data cannot be undefined. Please make sure to return a value other than undefined from your query function. Affected query key: ["current-theme"]
Query data cannot be undefined. Please make sure to return a value other than undefined from your query function. Affected query key: ["themes"]
Query data cannot be undefined. Please make sure to return a value other than undefined from your query function. Affected query key: ["current-theme"]
Query data cannot be undefined. Please make sure to return a value other than undefined from your query function. Affected query key: ["themes"]
Query data cannot be undefined. Please make sure to return a value other than undefined from your query function. Affected query key: ["current-theme"]
Query data cannot be undefined. Please make sure to return a value other than undefined from your query function. Affected query key: ["themes"]
Query data cannot be undefined. Please make sure to return a value other than undefined from your query function. Affected query key: ["current-theme"]
Query data cannot be undefined. Please make sure to return a value other than undefined from your query function. Affected query key: ["themes"]
Query data cannot be undefined. Please make sure to return a value other than undefined from your query function. Affected query key: ["current-theme"]
Query data cannot be undefined. Please make sure to return a value other than undefined from your query function. Affected query key: ["themes"]
Query data cannot be undefined. Please make sure to return a value other than undefined from your query function. Affected query key: ["current-theme"]
Query data cannot be undefined. Please make sure to return a value other than undefined from your query function. Affected query key: ["themes"]
Query data cannot be undefined. Please make sure to return a value other than undefined from your query function. Affected query key: ["current-theme"]
Query data cannot be undefined. Please make sure to return a value other than undefined from your query function. Affected query key: ["themes"]
Query data cannot be undefined. Please make sure to return a value other than undefined from your query function. Affected query key: ["current-theme"]
Query data cannot be undefined. Please make sure to return a value other than undefined from your query function. Affected query key: ["themes"]
Query data cannot be undefined. Please make sure to return a value other than undefined from your query function. Affected query key: ["current-theme"]
Query data cannot be undefined. Please make sure to return a value other than undefined from your query function. Affected query key: ["themes"]
Query data cannot be undefined. Please make sure to return a value other than undefined from your query function. Affected query key: ["current-theme"]
Query data cannot be undefined. Please make sure to return a value other than undefined from your query function. Affected query key: ["themes"]
Query data cannot be undefined. Please make sure to return a value other than undefined from your query function. Affected query key: ["current-theme"]
Query data cannot be undefined. Please make sure to return a value other than undefined from your query function. Affected query key: ["themes"]
Query data cannot be undefined. Please make sure to return a value other than undefined from your query function. Affected query key: ["current-theme"]
Query data cannot be undefined. Please make sure to return a value other than undefined from your query function. Affected query key: ["themes"]
Query data cannot be undefined. Please make sure to return a value other than undefined from your query function. Affected query key: ["current-theme"]
Query data cannot be undefined. Please make sure to return a value other than undefined from your query function. Affected query key: ["themes"]
Query data cannot be undefined. Please make sure to return a value other than undefined from your query function. Affected query key: ["current-theme"]
Query data cannot be undefined. Please make sure to return a value other than undefined from your query function. Affected query key: ["themes"]
Query data cannot be undefined. Please make sure to return a value other than undefined from your query function. Affected query key: ["current-theme"]
Query data cannot be undefined. Please make sure to return a value other than undefined from your query function. Affected query key: ["themes"]
Query data cannot be undefined. Please make sure to return a value other than undefined from your query function. Affected query key: ["current-theme"]
Query data cannot be undefined. Please make sure to return a value other than undefined from your query function. Affected query key: ["themes"]
Query data cannot be undefined. Please make sure to return a value other than undefined from your query function. Affected query key: ["current-theme"]
Query data cannot be undefined. Please make sure to return a value other than undefined from your query function. Affected query key: ["themes"]
Query data cannot be undefined. Please make sure to return a value other than undefined from your query function. Affected query key: ["current-theme"]
Query data cannot be undefined. Please make sure to return a value other than undefined from your query function. Affected query key: ["themes"]
Query data cannot be undefined. Please make sure to return a value other than undefined from your query function. Affected query key: ["current-theme"]
Query data cannot be undefined. Please make sure to return a value other than undefined from your query function. Affected query key: ["themes"]
Query data cannot be undefined. Please make sure to return a value other than undefined from your query function. Affected query key: ["current-theme"]
Query data cannot be undefined. Please make sure to return a value other than undefined from your query function. Affected query key: ["themes"]
Query data cannot be undefined. Please make sure to return a value other than undefined from your query function. Affected query key: ["current-theme"]
Query data cannot be undefined. Please make sure to return a value other than undefined from your query function. Affected query key: ["themes"]
Query data cannot be undefined. Please make sure to return a value other than undefined from your query function. Affected query key: ["current-theme"]
Query data cannot be undefined. Please make sure to return a value other than undefined from your query function. Affected query key: ["themes"]
Query data cannot be undefined. Please make sure to return a value other than undefined from your query function. Affected query key: ["current-theme"]
Query data cannot be undefined. Please make sure to return a value other than undefined from your query function. Affected query key: ["themes"]
Query data cannot be undefined. Please make sure to return a value other than undefined from your query function. Affected query key: ["current-theme"]
Query data cannot be undefined. Please make sure to return a value other than undefined from your query function. Affected query key: ["themes"]
Query data cannot be undefined. Please make sure to return a value other than undefined from your query function. Affected query key: ["current-theme"]
Query data cannot be undefined. Please make sure to return a value other than undefined from your query function. Affected query key: ["themes"]
Query data cannot be undefined. Please make sure to return a value other than undefined from your query function. Affected query key: ["current-theme"]
Query data cannot be undefined. Please make sure to return a value other than undefined from your query function. Affected query key: ["themes"]
Query data cannot be undefined. Please make sure to return a value other than undefined from your query function. Affected query key: ["current-theme"]
Query data cannot be undefined. Please make sure to return a value other than undefined from your query function. Affected query key: ["themes"]
Query data cannot be undefined. Please make sure to return a value other than undefined from your query function. Affected query key: ["current-theme"]
Query data cannot be undefined. Please make sure to return a value other than undefined from your query function. Affected query key: ["themes"]
Query data cannot be undefined. Please make sure to return a value other than undefined from your query function. Affected query key: ["current-theme"]
Query data cannot be undefined. Please make sure to return a value other than undefined from your query function. Affected query key: ["themes"]
Query data cannot be undefined. Please make sure to return a value other than undefined from your query function. Affected query key: ["current-theme"]
Query data cannot be undefined. Please make sure to return a value other than undefined from your query function. Affected query key: ["themes"]
Query data cannot be undefined. Please make sure to return a value other than undefined from your query function. Affected query key: ["current-theme"]
Query data cannot be undefined. Please make sure to return a value other than undefined from your query function. Affected query key: ["themes"]
Query data cannot be undefined. Please make sure to return a value other than undefined from your query function. Affected query key: ["current-theme"]
Query data cannot be undefined. Please make sure to return a value other than undefined from your query function. Affected query key: ["themes"]
Query data cannot be undefined. Please make sure to return a value other than undefined from your query function. Affected query key: ["current-theme"]
Query data cannot be undefined. Please make sure to return a value other than undefined from your query function. Affected query key: ["themes"]
Query data cannot be undefined. Please make sure to return a value other than undefined from your query function. Affected query key: ["current-theme"]
Query data cannot be undefined. Please make sure to return a value other than undefined from your query function. Affected query key: ["themes"]
Query data cannot be undefined. Please make sure to return a value other than undefined from your query function. Affected query key: ["current-theme"]
Query data cannot be undefined. Please make sure to return a value other than undefined from your query function. Affected query key: ["themes"]
Query data cannot be undefined. Please make sure to return a value other than undefined from your query function. Affected query key: ["current-theme"]
Query data cannot be undefined. Please make sure to return a value other than undefined from your query function. Affected query key: ["themes"]
Query data cannot be undefined. Please make sure to return a value other than undefined from your query function. Affected query key: ["current-theme"]
Query data cannot be undefined. Please make sure to return a value other than undefined from your query function. Affected query key: ["themes"]
Query data cannot be undefined. Please make sure to return a value other than undefined from your query function. Affected query key: ["current-theme"]
Query data cannot be undefined. Please make sure to return a value other than undefined from your query function. Affected query key: ["themes"]
Query data cannot be undefined. Please make sure to return a value other than undefined from your query function. Affected query key: ["current-theme"]
Query data cannot be undefined. Please make sure to return a value other than undefined from your query function. Affected query key: ["themes"]
Query data cannot be undefined. Please make sure to return a value other than undefined from your query function. Affected query key: ["current-theme"]
Query data cannot be undefined. Please make sure to return a value other than undefined from your query function. Affected query key: ["themes"]
Query data cannot be undefined. Please make sure to return a value other than undefined from your query function. Affected query key: ["current-theme"]
Query data cannot be undefined. Please make sure to return a value other than undefined from your query function. Affected query key: ["themes"]
Query data cannot be undefined. Please make sure to return a value other than undefined from your query function. Affected query key: ["current-theme"]
Query data cannot be undefined. Please make sure to return a value other than undefined from your query function. Affected query key: ["themes"]
Query data cannot be undefined. Please make sure to return a value other than undefined from your query function. Affected query key: ["current-theme"]
Query data cannot be undefined. Please make sure to return a value other than undefined from your query function. Affected query key: ["themes"]
Query data cannot be undefined. Please make sure to return a value other than undefined from your query function. Affected query key: ["current-theme"]
Query data cannot be undefined. Please make sure to return a value other than undefined from your query function. Affected query key: ["themes"]
Query data cannot be undefined. Please make sure to return a value other than undefined from your query function. Affected query key: ["current-theme"]
Query data cannot be undefined. Please make sure to return a value other than undefined from your query function. Affected query key: ["themes"]
Query data cannot be undefined. Please make sure to return a value other than undefined from your query function. Affected query key: ["current-theme"]
Query data cannot be undefined. Please make sure to return a value other than undefined from your query function. Affected query key: ["themes"]
Query data cannot be undefined. Please make sure to return a value other than undefined from your query function. Affected query key: ["current-theme"]
Query data cannot be undefined. Please make sure to return a value other than undefined from your query function. Affected query key: ["themes"]
Query data cannot be undefined. Please make sure to return a value other than undefined from your query function. Affected query key: ["current-theme"]
Query data cannot be undefined. Please make sure to return a value other than undefined from your query function. Affected query key: ["themes"]
Query data cannot be undefined. Please make sure to return a value other than undefined from your query function. Affected query key: ["current-theme"]
Query data cannot be undefined. Please make sure to return a value other than undefined from your query function. Affected query key: ["themes"]
Query data cannot be undefined. Please make sure to return a value other than undefined from your query function. Affected query key: ["current-theme"]
Query data cannot be undefined. Please make sure to return a value other than undefined from your query function. Affected query key: ["themes"]
Query data cannot be undefined. Please make sure to return a value other than undefined from your query function. Affected query key: ["current-theme"]
Query data cannot be undefined. Please make sure to return a value other than undefined from your query function. Affected query key: ["themes"]
Query data cannot be undefined. Please make sure to return a value other than undefined from your query function. Affected query key: ["current-theme"]
Query data cannot be undefined. Please make sure to return a value other than undefined from your query function. Affected query key: ["themes"]
Query data cannot be undefined. Please make sure to return a value other than undefined from your query function. Affected query key: ["current-theme"]
Query data cannot be undefined. Please make sure to return a value other than undefined from your query function. Affected query key: ["themes"]
Query data cannot be undefined. Please make sure to return a value other than undefined from your query function. Affected query key: ["current-theme"]
Query data cannot be undefined. Please make sure to return a value other than undefined from your query function. Affected query key: ["themes"]
Query data cannot be undefined. Please make sure to return a value other than undefined from your query function. Affected query key: ["current-theme"]
Query data cannot be undefined. Please make sure to return a value other than undefined from your query function. Affected query key: ["themes"]
Query data cannot be undefined. Please make sure to return a value other than undefined from your query function. Affected query key: ["current-theme"]
Query data cannot be undefined. Please make sure to return a value other than undefined from your query function. Affected query key: ["themes"]
Query data cannot be undefined. Please make sure to return a value other than undefined from your query function. Affected query key: ["current-theme"]
Query data cannot be undefined. Please make sure to return a value other than undefined from your query function. Affected query key: ["themes"]
Query data cannot be undefined. Please make sure to return a value other than undefined from your query function. Affected query key: ["current-theme"]
Query data cannot be undefined. Please make sure to return a value other than undefined from your query function. Affected query key: ["themes"]
Query data cannot be undefined. Please make sure to return a value other than undefined from your query function. Affected query key: ["current-theme"]
Query data cannot be undefined. Please make sure to return a value other than undefined from your query function. Affected query key: ["themes"]
Query data cannot be undefined. Please make sure to return a value other than undefined from your query function. Affected query key: ["current-theme"]
Query data cannot be undefined. Please make sure to return a value other than undefined from your query function. Affected query key: ["themes"]
Query data cannot be undefined. Please make sure to return a value other than undefined from your query function. Affected query key: ["current-theme"]
Query data cannot be undefined. Please make sure to return a value other than undefined from your query function. Affected query key: ["themes"]
Query data cannot be undefined. Please make sure to return a value other than undefined from your query function. Affected query key: ["current-theme"]
Query data cannot be undefined. Please make sure to return a value other than undefined from your query function. Affected query key: ["themes"]
Query data cannot be undefined. Please make sure to return a value other than undefined from your query function. Affected query key: ["current-theme"]
Query data cannot be undefined. Please make sure to return a value other than undefined from your query function. Affected query key: ["themes"]
Query data cannot be undefined. Please make sure to return a value other than undefined from your query function. Affected query key: ["current-theme"]
Query data cannot be undefined. Please make sure to return a value other than undefined from your query function. Affected query key: ["themes"]
Query data cannot be undefined. Please make sure to return a value other than undefined from your query function. Affected query key: ["current-theme"]
Query data cannot be undefined. Please make sure to return a value other than undefined from your query function. Affected query key: ["themes"]
Query data cannot be undefined. Please make sure to return a value other than undefined from your query function. Affected query key: ["current-theme"]
Query data cannot be undefined. Please make sure to return a value other than undefined from your query function. Affected query key: ["themes"]
Query data cannot be undefined. Please make sure to return a value other than undefined from your query function. Affected query key: ["current-theme"]
Query data cannot be undefined. Please make sure to return a value other than undefined from your query function. Affected query key: ["themes"]
Query data cannot be undefined. Please make sure to return a value other than undefined from your query function. Affected query key: ["current-theme"]
Query data cannot be undefined. Please make sure to return a value other than undefined from your query function. Affected query key: ["themes"]
Query data cannot be undefined. Please make sure to return a value other than undefined from your query function. Affected query key: ["current-theme"]
Query data cannot be undefined. Please make sure to return a value other than undefined from your query function. Affected query key: ["themes"]
Query data cannot be undefined. Please make sure to return a value other than undefined from your query function. Affected query key: ["current-theme"]
Query data cannot be undefined. Please make sure to return a value other than undefined from your query function. Affected query key: ["themes"]
Query data cannot be undefined. Please make sure to return a value other than undefined from your query function. Affected query key: ["current-theme"]
Query data cannot be undefined. Please make sure to return a value other than undefined from your query function. Affected query key: ["themes"]
Query data cannot be undefined. Please make sure to return a value other than undefined from your query function. Affected query key: ["current-theme"]
Query data cannot be undefined. Please make sure to return a value other than undefined from your query function. Affected query key: ["themes"]
Query data cannot be undefined. Please make sure to return a value other than undefined from your query function. Affected query key: ["current-theme"]
Query data cannot be undefined. Please make sure to return a value other than undefined from your query function. Affected query key: ["themes"]
Query data cannot be undefined. Please make sure to return a value other than undefined from your query function. Affected query key: ["current-theme"]
Query data cannot be undefined. Please make sure to return a value other than undefined from your query function. Affected query key: ["themes"]
Query data cannot be undefined. Please make sure to return a value other than undefined from your query function. Affected query key: ["current-theme"]
Query data cannot be undefined. Please make sure to return a value other than undefined from your query function. Affected query key: ["themes"]
Query data cannot be undefined. Please make sure to return a value other than undefined from your query function. Affected query key: ["current-theme"]
Query data cannot be undefined. Please make sure to return a value other than undefined from your query function. Affected query key: ["themes"]
Query data cannot be undefined. Please make sure to return a value other than undefined from your query function. Affected query key: ["current-theme"]
Query data cannot be undefined. Please make sure to return a value other than undefined from your query function. Affected query key: ["themes"]
Query data cannot be undefined. Please make sure to return a value other than undefined from your query function. Affected query key: ["current-theme"]
Query data cannot be undefined. Please make sure to return a value other than undefined from your query function. Affected query key: ["themes"]
Query data cannot be undefined. Please make sure to return a value other than undefined from your query function. Affected query key: ["current-theme"]
Query data cannot be undefined. Please make sure to return a value other than undefined from your query function. Affected query key: ["themes"]
Query data cannot be undefined. Please make sure to return a value other than undefined from your query function. Affected query key: ["current-theme"]
Query data cannot be undefined. Please make sure to return a value other than undefined from your query function. Affected query key: ["themes"]
Query data cannot be undefined. Please make sure to return a value other than undefined from your query function. Affected query key: ["current-theme"]
Query data cannot be undefined. Please make sure to return a value other than undefined from your query function. Affected query key: ["themes"]
Query data cannot be undefined. Please make sure to return a value other than undefined from your query function. Affected query key: ["current-theme"]
Query data cannot be undefined. Please make sure to return a value other than undefined from your query function. Affected query key: ["themes"]
Query data cannot be undefined. Please make sure to return a value other than undefined from your query function. Affected query key: ["current-theme"]
Query data cannot be undefined. Please make sure to return a value other than undefined from your query function. Affected query key: ["themes"]
Query data cannot be undefined. Please make sure to return a value other than undefined from your query function. Affected query key: ["current-theme"]
Query data cannot be undefined. Please make sure to return a value other than undefined from your query function. Affected query key: ["themes"]
Query data cannot be undefined. Please make sure to return a value other than undefined from your query function. Affected query key: ["current-theme"]
Query data cannot be undefined. Please make sure to return a value other than undefined from your query function. Affected query key: ["themes"]
Query data cannot be undefined. Please make sure to return a value other than undefined from your query function. Affected query key: ["current-theme"]
Query data cannot be undefined. Please make sure to return a value other than undefined from your query function. Affected query key: ["themes"]
Query data cannot be undefined. Please make sure to return a value other than undefined from your query function. Affected query key: ["current-theme"]
Query data cannot be undefined. Please make sure to return a value other than undefined from your query function. Affected query key: ["themes"]
Query data cannot be undefined. Please make sure to return a value other than undefined from your query function. Affected query key: ["current-theme"]
Query data cannot be undefined. Please make sure to return a value other than undefined from your query function. Affected query key: ["themes"]
Query data cannot be undefined. Please make sure to return a value other than undefined from your query function. Affected query key: ["current-theme"]
Query data cannot be undefined. Please make sure to return a value other than undefined from your query function. Affected query key: ["themes"]
Query data cannot be undefined. Please make sure to return a value other than undefined from your query function. Affected query key: ["current-theme"]
Query data cannot be undefined. Please make sure to return a value other than undefined from your query function. Affected query key: ["themes"]
Query data cannot be undefined. Please make sure to return a value other than undefined from your query function. Affected query key: ["current-theme"]
Query data cannot be undefined. Please make sure to return a value other than undefined from your query function. Affected query key: ["themes"]
Query data cannot be undefined. Please make sure to return a value other than undefined from your query function. Affected query key: ["current-theme"]
Query data cannot be undefined. Please make sure to return a value other than undefined from your query function. Affected query key: ["themes"]
Query data cannot be undefined. Please make sure to return a value other than undefined from your query function. Affected query key: ["current-theme"]
Query data cannot be undefined. Please make sure to return a value other than undefined from your query function. Affected query key: ["themes"]
Query data cannot be undefined. Please make sure to return a value other than undefined from your query function. Affected query key: ["current-theme"]
Query data cannot be undefined. Please make sure to return a value other than undefined from your query function. Affected query key: ["themes"]
Query data cannot be undefined. Please make sure to return a value other than undefined from your query function. Affected query key: ["current-theme"]
Query data cannot be undefined. Please make sure to return a value other than undefined from your query function. Affected query key: ["themes"]
Query data cannot be undefined. Please make sure to return a value other than undefined from your query function. Affected query key: ["current-theme"]
Query data cannot be undefined. Please make sure to return a value other than undefined from your query function. Affected query key: ["themes"]
Query data cannot be undefined. Please make sure to return a value other than undefined from your query function. Affected query key: ["current-theme"]
Query data cannot be undefined. Please make sure to return a value other than undefined from your query function. Affected query key: ["themes"]
Query data cannot be undefined. Please make sure to return a value other than undefined from your query function. Affected query key: ["current-theme"]
Query data cannot be undefined. Please make sure to return a value other than undefined from your query function. Affected query key: ["themes"]
Query data cannot be undefined. Please make sure to return a value other than undefined from your query function. Affected query key: ["current-theme"]
Query data cannot be undefined. Please make sure to return a value other than undefined from your query function. Affected query key: ["themes"]
Query data cannot be undefined. Please make sure to return a value other than undefined from your query function. Affected query key: ["current-theme"]
Query data cannot be undefined. Please make sure to return a value other than undefined from your query function. Affected query key: ["themes"]
Query data cannot be undefined. Please make sure to return a value other than undefined from your query function. Affected query key: ["current-theme"]
Query data cannot be undefined. Please make sure to return a value other than undefined from your query function. Affected query key: ["themes"]
Query data cannot be undefined. Please make sure to return a value other than undefined from your query function. Affected query key: ["current-theme"]
Query data cannot be undefined. Please make sure to return a value other than undefined from your query function. Affected query key: ["themes"]
Query data cannot be undefined. Please make sure to return a value other than undefined from your query function. Affected query key: ["current-theme"]
Query data cannot be undefined. Please make sure to return a value other than undefined from your query function. Affected query key: ["themes"]
Query data cannot be undefined. Please make sure to return a value other than undefined from your query function. Affected query key: ["current-theme"]
Query data cannot be undefined. Please make sure to return a value other than undefined from your query function. Affected query key: ["themes"]
Query data cannot be undefined. Please make sure to return a value other than undefined from your query function. Affected query key: ["current-theme"]
Query data cannot be undefined. Please make sure to return a value other than undefined from your query function. Affected query key: ["themes"]
Query data cannot be undefined. Please make sure to return a value other than undefined from your query function. Affected query key: ["current-theme"]
Query data cannot be undefined. Please make sure to return a value other than undefined from your query function. Affected query key: ["themes"]
Query data cannot be undefined. Please make sure to return a value other than undefined from your query function. Affected query key: ["current-theme"]
Query data cannot be undefined. Please make sure to return a value other than undefined from your query function. Affected query key: ["themes"]
Query data cannot be undefined. Please make sure to return a value other than undefined from your query function. Affected query key: ["current-theme"]
Query data cannot be undefined. Please make sure to return a value other than undefined from your query function. Affected query key: ["themes"]
Query data cannot be undefined. Please make sure to return a value other than undefined from your query function. Affected query key: ["current-theme"]
Query data cannot be undefined. Please make sure to return a value other than undefined from your query function. Affected query key: ["themes"]
Query data cannot be undefined. Please make sure to return a value other than undefined from your query function. Affected query key: ["current-theme"]
Query data cannot be undefined. Please make sure to return a value other than undefined from your query function. Affected query key: ["themes"]
Query data cannot be undefined. Please make sure to return a value other than undefined from your query function. Affected query key: ["current-theme"]
Query data cannot be undefined. Please make sure to return a value other than undefined from your query function. Affected query key: ["themes"]
Query data cannot be undefined. Please make sure to return a value other than undefined from your query function. Affected query key: ["current-theme"]
Query data cannot be undefined. Please make sure to return a value other than undefined from your query function. Affected query key: ["themes"]
Query data cannot be undefined. Please make sure to return a value other than undefined from your query function. Affected query key: ["current-theme"]
Query data cannot be undefined. Please make sure to return a value other than undefined from your query function. Affected query key: ["themes"]
Query data cannot be undefined. Please make sure to return a value other than undefined from your query function. Affected query key: ["current-theme"]
Query data cannot be undefined. Please make sure to return a value other than undefined from your query function. Affected query key: ["themes"]
Query data cannot be undefined. Please make sure to return a value other than undefined from your query function. Affected query key: ["current-theme"]
Query data cannot be undefined. Please make sure to return a value other than undefined from your query function. Affected query key: ["themes"]
Query data cannot be undefined. Please make sure to return a value other than undefined from your query function. Affected query key: ["current-theme"]
Query data cannot be undefined. Please make sure to return a value other than undefined from your query function. Affected query key: ["themes"]
Query data cannot be undefined. Please make sure to return a value other than undefined from your query function. Affected query key: ["current-theme"]
Query data cannot be undefined. Please make sure to return a value other than undefined from your query function. Affected query key: ["themes"]
Query data cannot be undefined. Please make sure to return a value other than undefined from your query function. Affected query key: ["current-theme"]
Query data cannot be undefined. Please make sure to return a value other than undefined from your query function. Affected query key: ["themes"]
Query data cannot be undefined. Please make sure to return a value other than undefined from your query function. Affected query key: ["current-theme"]
Query data cannot be undefined. Please make sure to return a value other than undefined from your query function. Affected query key: ["themes"]
Query data cannot be undefined. Please make sure to return a value other than undefined from your query function. Affected query key: ["current-theme"]
Query data cannot be undefined. Please make sure to return a value other than undefined from your query function. Affected query key: ["themes"]
Query data cannot be undefined. Please make sure to return a value other than undefined from your query function. Affected query key: ["current-theme"]
Query data cannot be undefined. Please make sure to return a value other than undefined from your query function. Affected query key: ["themes"]
Query data cannot be undefined. Please make sure to return a value other than undefined from your query function. Affected query key: ["current-theme"]
Query data cannot be undefined. Please make sure to return a value other than undefined from your query function. Affected query key: ["themes"]
Query data cannot be undefined. Please make sure to return a value other than undefined from your query function. Affected query key: ["current-theme"]
Query data cannot be undefined. Please make sure to return a value other than undefined from your query function. Affected query key: ["themes"]
Query data cannot be undefined. Please make sure to return a value other than undefined from your query function. Affected query key: ["current-theme"]
Query data cannot be undefined. Please make sure to return a value other than undefined from your query function. Affected query key: ["themes"]
Query data cannot be undefined. Please make sure to return a value other than undefined from your query function. Affected query key: ["current-theme"]
Query data cannot be undefined. Please make sure to return a value other than undefined from your query function. Affected query key: ["themes"]
Query data cannot be undefined. Please make sure to return a value other than undefined from your query function. Affected query key: ["current-theme"]
Query data cannot be undefined. Please make sure to return a value other than undefined from your query function. Affected query key: ["themes"]
Query data cannot be undefined. Please make sure to return a value other than undefined from your query function. Affected query key: ["current-theme"]
Query data cannot be undefined. Please make sure to return a value other than undefined from your query function. Affected query key: ["themes"]
Query data cannot be undefined. Please make sure to return a value other than undefined from your query function. Affected query key: ["current-theme"]
Query data cannot be undefined. Please make sure to return a value other than undefined from your query function. Affected query key: ["themes"]
Query data cannot be undefined. Please make sure to return a value other than undefined from your query function. Affected query key: ["current-theme"]
Query data cannot be undefined. Please make sure to return a value other than undefined from your query function. Affected query key: ["themes"]
Query data cannot be undefined. Please make sure to return a value other than undefined from your query function. Affected query key: ["current-theme"]
Query data cannot be undefined. Please make sure to return a value other than undefined from your query function. Affected query key: ["themes"]
Query data cannot be undefined. Please make sure to return a value other than undefined from your query function. Affected query key: ["current-theme"]
Query data cannot be undefined. Please make sure to return a value other than undefined from your query function. Affected query key: ["themes"]
Query data cannot be undefined. Please make sure to return a value other than undefined from your query function. Affected query key: ["current-theme"]
Query data cannot be undefined. Please make sure to return a value other than undefined from your query function. Affected query key: ["themes"]
Query data cannot be undefined. Please make sure to return a value other than undefined from your query function. Affected query key: ["current-theme"]
Query data cannot be undefined. Please make sure to return a value other than undefined from your query function. Affected query key: ["themes"]
Query data cannot be undefined. Please make sure to return a value other than undefined from your query function. Affected query key: ["current-theme"]
Query data cannot be undefined. Please make sure to return a value other than undefined from your query function. Affected query key: ["themes"]
Query data cannot be undefined. Please make sure to return a value other than undefined from your query function. Affected query key: ["current-theme"]
Query data cannot be undefined. Please make sure to return a value other than undefined from your query function. Affected query key: ["themes"]
Query data cannot be undefined. Please make sure to return a value other than undefined from your query function. Affected query key: ["current-theme"]
Query data cannot be undefined. Please make sure to return a value other than undefined from your query function. Affected query key: ["themes"]
Query data cannot be undefined. Please make sure to return a value other than undefined from your query function. Affected query key: ["current-theme"]
Query data cannot be undefined. Please make sure to return a value other than undefined from your query function. Affected query key: ["themes"]
Query data cannot be undefined. Please make sure to return a value other than undefined from your query function. Affected query key: ["current-theme"]
Query data cannot be undefined. Please make sure to return a value other than undefined from your query function. Affected query key: ["themes"]
Query data cannot be undefined. Please make sure to return a value other than undefined from your query function. Affected query key: ["current-theme"]
Query data cannot be undefined. Please make sure to return a value other than undefined from your query function. Affected query key: ["themes"]
Query data cannot be undefined. Please make sure to return a value other than undefined from your query function. Affected query key: ["current-theme"]
Query data cannot be undefined. Please make sure to return a value other than undefined from your query function. Affected query key: ["themes"]
Query data cannot be undefined. Please make sure to return a value other than undefined from your query function. Affected query key: ["current-theme"]
Query data cannot be undefined. Please make sure to return a value other than undefined from your query function. Affected query key: ["themes"]
Query data cannot be undefined. Please make sure to return a value other than undefined from your query function. Affected query key: ["current-theme"]
Query data cannot be undefined. Please make sure to return a value other than undefined from your query function. Affected query key: ["themes"]
Query data cannot be undefined. Please make sure to return a value other than undefined from your query function. Affected query key: ["current-theme"]
Query data cannot be undefined. Please make sure to return a value other than undefined from your query function. Affected query key: ["themes"]
Query data cannot be undefined. Please make sure to return a value other than undefined from your query function. Affected query key: ["current-theme"]
Query data cannot be undefined. Please make sure to return a value other than undefined from your query function. Affected query key: ["themes"]
Query data cannot be undefined. Please make sure to return a value other than undefined from your query function. Affected query key: ["current-theme"]
Query data cannot be undefined. Please make sure to return a value other than undefined from your query function. Affected query key: ["themes"]
Query data cannot be undefined. Please make sure to return a value other than undefined from your query function. Affected query key: ["current-theme"]
Query data cannot be undefined. Please make sure to return a value other than undefined from your query function. Affected query key: ["themes"]
Query data cannot be undefined. Please make sure to return a value other than undefined from your query function. Affected query key: ["current-theme"]
Query data cannot be undefined. Please make sure to return a value other than undefined from your query function. Affected query key: ["themes"]
Query data cannot be undefined. Please make sure to return a value other than undefined from your query function. Affected query key: ["current-theme"]
Query data cannot be undefined. Please make sure to return a value other than undefined from your query function. Affected query key: ["themes"]
Query data cannot be undefined. Please make sure to return a value other than undefined from your query function. Affected query key: ["current-theme"]
Query data cannot be undefined. Please make sure to return a value other than undefined from your query function. Affected query key: ["themes"]
Query data cannot be undefined. Please make sure to return a value other than undefined from your query function. Affected query key: ["current-theme"]
Query data cannot be undefined. Please make sure to return a value other than undefined from your query function. Affected query key: ["themes"]
Query data cannot be undefined. Please make sure to return a value other than undefined from your query function. Affected query key: ["current-theme"]
Query data cannot be undefined. Please make sure to return a value other than undefined from your query function. Affected query key: ["themes"]
Query data cannot be undefined. Please make sure to return a value other than undefined from your query function. Affected query key: ["current-theme"]
Query data cannot be undefined. Please make sure to return a value other than undefined from your query function. Affected query key: ["themes"]
Query data cannot be undefined. Please make sure to return a value other than undefined from your query function. Affected query key: ["current-theme"]
Query data cannot be undefined. Please make sure to return a value other than undefined from your query function. Affected query key: ["themes"]
Query data cannot be undefined. Please make sure to return a value other than undefined from your query function. Affected query key: ["current-theme"]
Query data cannot be undefined. Please make sure to return a value other than undefined from your query function. Affected query key: ["themes"]
Query data cannot be undefined. Please make sure to return a value other than undefined from your query function. Affected query key: ["current-theme"]
Query data cannot be undefined. Please make sure to return a value other than undefined from your query function. Affected query key: ["themes"]
Query data cannot be undefined. Please make sure to return a value other than undefined from your query function. Affected query key: ["current-theme"]
Query data cannot be undefined. Please make sure to return a value other than undefined from your query function. Affected query key: ["themes"]
Query data cannot be undefined. Please make sure to return a value other than undefined from your query function. Affected query key: ["current-theme"]
Query data cannot be undefined. Please make sure to return a value other than undefined from your query function. Affected query key: ["themes"]
Query data cannot be undefined. Please make sure to return a value other than undefined from your query function. Affected query key: ["current-theme"]
Query data cannot be undefined. Please make sure to return a value other than undefined from your query function. Affected query key: ["themes"]
Query data cannot be undefined. Please make sure to return a value other than undefined from your query function. Affected query key: ["current-theme"]
Query data cannot be undefined. Please make sure to return a value other than undefined from your query function. Affected query key: ["themes"]
Query data cannot be undefined. Please make sure to return a value other than undefined from your query function. Affected query key: ["current-theme"]
Query data cannot be undefined. Please make sure to return a value other than undefined from your query function. Affected query key: ["themes"]
Query data cannot be undefined. Please make sure to return a value other than undefined from your query function. Affected query key: ["current-theme"]
Query data cannot be undefined. Please make sure to return a value other than undefined from your query function. Affected query key: ["themes"]
Query data cannot be undefined. Please make sure to return a value other than undefined from your query function. Affected query key: ["current-theme"]
Query data cannot be undefined. Please make sure to return a value other than undefined from your query function. Affected query key: ["themes"]
Query data cannot be undefined. Please make sure to return a value other than undefined from your query function. Affected query key: ["current-theme"]
Query data cannot be undefined. Please make sure to return a value other than undefined from your query function. Affected query key: ["themes"]
Query data cannot be undefined. Please make sure to return a value other than undefined from your query function. Affected query key: ["current-theme"]
Query data cannot be undefined. Please make sure to return a value other than undefined from your query function. Affected query key: ["themes"]
Query data cannot be undefined. Please make sure to return a value other than undefined from your query function. Affected query key: ["current-theme"]
Query data cannot be undefined. Please make sure to return a value other than undefined from your query function. Affected query key: ["themes"]
Query data cannot be undefined. Please make sure to return a value other than undefined from your query function. Affected query key: ["current-theme"]
Query data cannot be undefined. Please make sure to return a value other than undefined from your query function. Affected query key: ["themes"]
Query data cannot be undefined. Please make sure to return a value other than undefined from your query function. Affected query key: ["current-theme"]
Query data cannot be undefined. Please make sure to return a value other than undefined from your query function. Affected query key: ["themes"]
Query data cannot be undefined. Please make sure to return a value other than undefined from your query function. Affected query key: ["current-theme"]
Query data cannot be undefined. Please make sure to return a value other than undefined from your query function. Affected query key: ["themes"]
Query data cannot be undefined. Please make sure to return a value other than undefined from your query function. Affected query key: ["current-theme"]
Query data cannot be undefined. Please make sure to return a value other than undefined from your query function. Affected query key: ["themes"]
Query data cannot be undefined. Please make sure to return a value other than undefined from your query function. Affected query key: ["current-theme"]
Query data cannot be undefined. Please make sure to return a value other than undefined from your query function. Affected query key: ["themes"]
Query data cannot be undefined. Please make sure to return a value other than undefined from your query function. Affected query key: ["current-theme"]
Query data cannot be undefined. Please make sure to return a value other than undefined from your query function. Affected query key: ["themes"]
Query data cannot be undefined. Please make sure to return a value other than undefined from your query function. Affected query key: ["current-theme"]
Query data cannot be undefined. Please make sure to return a value other than undefined from your query function. Affected query key: ["themes"]
Query data cannot be undefined. Please make sure to return a value other than undefined from your query function. Affected query key: ["current-theme"]
Query data cannot be undefined. Please make sure to return a value other than undefined from your query function. Affected query key: ["themes"]
Query data cannot be undefined. Please make sure to return a value other than undefined from your query function. Affected query key: ["current-theme"]
Query data cannot be undefined. Please make sure to return a value other than undefined from your query function. Affected query key: ["themes"]
Query data cannot be undefined. Please make sure to return a value other than undefined from your query function. Affected query key: ["current-theme"]
Query data cannot be undefined. Please make sure to return a value other than undefined from your query function. Affected query key: ["themes"]
Query data cannot be undefined. Please make sure to return a value other than undefined from your query function. Affected query key: ["current-theme"]
Query data cannot be undefined. Please make sure to return a value other than undefined from your query function. Affected query key: ["themes"]
Query data cannot be undefined. Please make sure to return a value other than undefined from your query function. Affected query key: ["current-theme"]
Query data cannot be undefined. Please make sure to return a value other than undefined from your query function. Affected query key: ["themes"]
Query data cannot be undefined. Please make sure to return a value other than undefined from your query function. Affected query key: ["current-theme"]
Query data cannot be undefined. Please make sure to return a value other than undefined from your query function. Affected query key: ["themes"]
Query data cannot be undefined. Please make sure to return a value other than undefined from your query function. Affected query key: ["current-theme"]
Query data cannot be undefined. Please make sure to return a value other than undefined from your query function. Affected query key: ["themes"]
Query data cannot be undefined. Please make sure to return a value other than undefined from your query function. Affected query key: ["current-theme"]
Query data cannot be undefined. Please make sure to return a value other than undefined from your query function. Affected query key: ["themes"]
Query data cannot be undefined. Please make sure to return a value other than undefined from your query function. Affected query key: ["current-theme"]
Query data cannot be undefined. Please make sure to return a value other than undefined from your query function. Affected query key: ["themes"]
Query data cannot be undefined. Please make sure to return a value other than undefined from your query function. Affected query key: ["current-theme"]
Query data cannot be undefined. Please make sure to return a value other than undefined from your query function. Affected query key: ["themes"]
Query data cannot be undefined. Please make sure to return a value other than undefined from your query function. Affected query key: ["current-theme"]
Query data cannot be undefined. Please make sure to return a value other than undefined from your query function. Affected query key: ["themes"]
Query data cannot be undefined. Please make sure to return a value other than undefined from your query function. Affected query key: ["current-theme"]
Query data cannot be undefined. Please make sure to return a value other than undefined from your query function. Affected query key: ["themes"]
Query data cannot be undefined. Please make sure to return a value other than undefined from your query function. Affected query key: ["current-theme"]
Query data cannot be undefined. Please make sure to return a value other than undefined from your query function. Affected query key: ["themes"]
Query data cannot be undefined. Please make sure to return a value other than undefined from your query function. Affected query key: ["current-theme"]
Query data cannot be undefined. Please make sure to return a value other than undefined from your query function. Affected query key: ["themes"]
Query data cannot be undefined. Please make sure to return a value other than undefined from your query function. Affected query key: ["current-theme"]
Query data cannot be undefined. Please make sure to return a value other than undefined from your query function. Affected query key: ["themes"]
Query data cannot be undefined. Please make sure to return a value other than undefined from your query function. Affected query key: ["current-theme"]
Query data cannot be undefined. Please make sure to return a value other than undefined from your query function. Affected query key: ["themes"]
Query data cannot be undefined. Please make sure to return a value other than undefined from your query function. Affected query key: ["current-theme"]
Query data cannot be undefined. Please make sure to return a value other than undefined from your query function. Affected query key: ["themes"]
Query data cannot be undefined. Please make sure to return a value other than undefined from your query function. Affected query key: ["current-theme"]
Query data cannot be undefined. Please make sure to return a value other than undefined from your query function. Affected query key: ["themes"]
Query data cannot be undefined. Please make sure to return a value other than undefined from your query function. Affected query key: ["current-theme"]
Query data cannot be undefined. Please make sure to return a value other than undefined from your query function. Affected query key: ["themes"]
Query data cannot be undefined. Please make sure to return a value other than undefined from your query function. Affected query key: ["current-theme"]
Query data cannot be undefined. Please make sure to return a value other than undefined from your query function. Affected query key: ["themes"]
Query data cannot be undefined. Please make sure to return a value other than undefined from your query function. Affected query key: ["current-theme"]
Query data cannot be undefined. Please make sure to return a value other than undefined from your query function. Affected query key: ["themes"]
Query data cannot be undefined. Please make sure to return a value other than undefined from your query function. Affected query key: ["current-theme"]
Query data cannot be undefined. Please make sure to return a value other than undefined from your query function. Affected query key: ["themes"]
Query data cannot be undefined. Please make sure to return a value other than undefined from your query function. Affected query key: ["current-theme"]
Query data cannot be undefined. Please make sure to return a value other than undefined from your query function. Affected query key: ["themes"]
Query data cannot be undefined. Please make sure to return a value other than undefined from your query function. Affected query key: ["current-theme"]
Query data cannot be undefined. Please make sure to return a value other than undefined from your query function. Affected query key: ["themes"]
Query data cannot be undefined. Please make sure to return a value other than undefined from your query function. Affected query key: ["current-theme"]
Query data cannot be undefined. Please make sure to return a value other than undefined from your query function. Affected query key: ["themes"]
Query data cannot be undefined. Please make sure to return a value other than undefined from your query function. Affected query key: ["current-theme"]
Query data cannot be undefined. Please make sure to return a value other than undefined from your query function. Affected query key: ["themes"]
Query data cannot be undefined. Please make sure to return a value other than undefined from your query function. Affected query key: ["current-theme"]
Query data cannot be undefined. Please make sure to return a value other than undefined from your query function. Affected query key: ["themes"]
Query data cannot be undefined. Please make sure to return a value other than undefined from your query function. Affected query key: ["current-theme"]
Query data cannot be undefined. Please make sure to return a value other than undefined from your query function. Affected query key: ["themes"]
Query data cannot be undefined. Please make sure to return a value other than undefined from your query function. Affected query key: ["current-theme"]
Query data cannot be undefined. Please make sure to return a value other than undefined from your query function. Affected query key: ["themes"]
Query data cannot be undefined. Please make sure to return a value other than undefined from your query function. Affected query key: ["current-theme"]
Query data cannot be undefined. Please make sure to return a value other than undefined from your query function. Affected query key: ["themes"]
Query data cannot be undefined. Please make sure to return a value other than undefined from your query function. Affected query key: ["current-theme"]
Query data cannot be undefined. Please make sure to return a value other than undefined from your query function. Affected query key: ["themes"]
Query data cannot be undefined. Please make sure to return a value other than undefined from your query function. Affected query key: ["current-theme"]
Query data cannot be undefined. Please make sure to return a value other than undefined from your query function. Affected query key: ["themes"]
Query data cannot be undefined. Please make sure to return a value other than undefined from your query function. Affected query key: ["current-theme"]
Query data cannot be undefined. Please make sure to return a value other than undefined from your query function. Affected query key: ["themes"]
Query data cannot be undefined. Please make sure to return a value other than undefined from your query function. Affected query key: ["current-theme"]
Query data cannot be undefined. Please make sure to return a value other than undefined from your query function. Affected query key: ["themes"]
Query data cannot be undefined. Please make sure to return a value other than undefined from your query function. Affected query key: ["current-theme"]
Query data cannot be undefined. Please make sure to return a value other than undefined from your query function. Affected query key: ["themes"]
Query data cannot be undefined. Please make sure to return a value other than undefined from your query function. Affected query key: ["current-theme"]
Query data cannot be undefined. Please make sure to return a value other than undefined from your query function. Affected query key: ["themes"]
Query data cannot be undefined. Please make sure to return a value other than undefined from your query function. Affected query key: ["current-theme"]
Query data cannot be undefined. Please make sure to return a value other than undefined from your query function. Affected query key: ["themes"]
Query data cannot be undefined. Please make sure to return a value other than undefined from your query function. Affected query key: ["current-theme"]
Query data cannot be undefined. Please make sure to return a value other than undefined from your query function. Affected query key: ["themes"]
Query data cannot be undefined. Please make sure to return a value other than undefined from your query function. Affected query key: ["current-theme"]
Query data cannot be undefined. Please make sure to return a value other than undefined from your query function. Affected query key: ["themes"]
Query data cannot be undefined. Please make sure to return a value other than undefined from your query function. Affected query key: ["current-theme"]
Query data cannot be undefined. Please make sure to return a value other than undefined from your query function. Affected query key: ["themes"]
Query data cannot be undefined. Please make sure to return a value other than undefined from your query function. Affected query key: ["current-theme"]
Query data cannot be undefined. Please make sure to return a value other than undefined from your query function. Affected query key: ["themes"]
Query data cannot be undefined. Please make sure to return a value other than undefined from your query function. Affected query key: ["current-theme"]
Query data cannot be undefined. Please make sure to return a value other than undefined from your query function. Affected query key: ["themes"]
Query data cannot be undefined. Please make sure to return a value other than undefined from your query function. Affected query key: ["current-theme"]
Query data cannot be undefined. Please make sure to return a value other than undefined from your query function. Affected query key: ["themes"]
Query data cannot be undefined. Please make sure to return a value other than undefined from your query function. Affected query key: ["current-theme"]
Query data cannot be undefined. Please make sure to return a value other than undefined from your query function. Affected query key: ["themes"]
Query data cannot be undefined. Please make sure to return a value other than undefined from your query function. Affected query key: ["current-theme"]
Query data cannot be undefined. Please make sure to return a value other than undefined from your query function. Affected query key: ["themes"]
Query data cannot be undefined. Please make sure to return a value other than undefined from your query function. Affected query key: ["current-theme"]
Query data cannot be undefined. Please make sure to return a value other than undefined from your query function. Affected query key: ["themes"]
Query data cannot be undefined. Please make sure to return a value other than undefined from your query function. Affected query key: ["current-theme"]
Query data cannot be undefined. Please make sure to return a value other than undefined from your query function. Affected query key: ["themes"]
Query data cannot be undefined. Please make sure to return a value other than undefined from your query function. Affected query key: ["current-theme"]
Query data cannot be undefined. Please make sure to return a value other than undefined from your query function. Affected query key: ["themes"]
Query data cannot be undefined. Please make sure to return a value other than undefined from your query function. Affected query key: ["current-theme"]
Query data cannot be undefined. Please make sure to return a value other than undefined from your query function. Affected query key: ["themes"]
Query data cannot be undefined. Please make sure to return a value other than undefined from your query function. Affected query key: ["current-theme"]
Query data cannot be undefined. Please make sure to return a value other than undefined from your query function. Affected query key: ["themes"]
Query data cannot be undefined. Please make sure to return a value other than undefined from your query function. Affected query key: ["current-theme"]
Query data cannot be undefined. Please make sure to return a value other than undefined from your query function. Affected query key: ["themes"]
Query data cannot be undefined. Please make sure to return a value other than undefined from your query function. Affected query key: ["current-theme"]
Query data cannot be undefined. Please make sure to return a value other than undefined from your query function. Affected query key: ["themes"]
Query data cannot be undefined. Please make sure to return a value other than undefined from your query function. Affected query key: ["current-theme"]
Query data cannot be undefined. Please make sure to return a value other than undefined from your query function. Affected query key: ["themes"]
Query data cannot be undefined. Please make sure to return a value other than undefined from your query function. Affected query key: ["current-theme"]
Query data cannot be undefined. Please make sure to return a value other than undefined from your query function. Affected query key: ["themes"]
Query data cannot be undefined. Please make sure to return a value other than undefined from your query function. Affected query key: ["current-theme"]
Query data cannot be undefined. Please make sure to return a value other than undefined from your query function. Affected query key: ["themes"]
Query data cannot be undefined. Please make sure to return a value other than undefined from your query function. Affected query key: ["current-theme"]
Query data cannot be undefined. Please make sure to return a value other than undefined from your query function. Affected query key: ["themes"]
Query data cannot be undefined. Please make sure to return a value other than undefined from your query function. Affected query key: ["current-theme"]
Query data cannot be undefined. Please make sure to return a value other than undefined from your query function. Affected query key: ["themes"]
Query data cannot be undefined. Please make sure to return a value other than undefined from your query function. Affected query key: ["current-theme"]
Query data cannot be undefined. Please make sure to return a value other than undefined from your query function. Affected query key: ["themes"]
Query data cannot be undefined. Please make sure to return a value other than undefined from your query function. Affected query key: ["current-theme"]
Query data cannot be undefined. Please make sure to return a value other than undefined from your query function. Affected query key: ["themes"]
Query data cannot be undefined. Please make sure to return a value other than undefined from your query function. Affected query key: ["current-theme"]
Query data cannot be undefined. Please make sure to return a value other than undefined from your query function. Affected query key: ["themes"]
Query data cannot be undefined. Please make sure to return a value other than undefined from your query function. Affected query key: ["current-theme"]
Query data cannot be undefined. Please make sure to return a value other than undefined from your query function. Affected query key: ["themes"]
Query data cannot be undefined. Please make sure to return a value other than undefined from your query function. Affected query key: ["current-theme"]
Query data cannot be undefined. Please make sure to return a value other than undefined from your query function. Affected query key: ["themes"]
Query data cannot be undefined. Please make sure to return a value other than undefined from your query function. Affected query key: ["current-theme"]
Query data cannot be undefined. Please make sure to return a value other than undefined from your query function. Affected query key: ["themes"]
Query data cannot be undefined. Please make sure to return a value other than undefined from your query function. Affected query key: ["current-theme"]
Query data cannot be undefined. Please make sure to return a value other than undefined from your query function. Affected query key: ["themes"]
Query data cannot be undefined. Please make sure to return a value other than undefined from your query function. Affected query key: ["current-theme"]
Query data cannot be undefined. Please make sure to return a value other than undefined from your query function. Affected query key: ["themes"]
Query data cannot be undefined. Please make sure to return a value other than undefined from your query function. Affected query key: ["current-theme"]
Query data cannot be undefined. Please make sure to return a value other than undefined from your query function. Affected query key: ["themes"]
Query data cannot be undefined. Please make sure to return a value other than undefined from your query function. Affected query key: ["current-theme"]
Query data cannot be undefined. Please make sure to return a value other than undefined from your query function. Affected query key: ["themes"]
Query data cannot be undefined. Please make sure to return a value other than undefined from your query function. Affected query key: ["current-theme"]
Query data cannot be undefined. Please make sure to return a value other than undefined from your query function. Affected query key: ["themes"]
Query data cannot be undefined. Please make sure to return a value other than undefined from your query function. Affected query key: ["current-theme"]
Query data cannot be undefined. Please make sure to return a value other than undefined from your query function. Affected query key: ["themes"]
Query data cannot be undefined. Please make sure to return a value other than undefined from your query function. Affected query key: ["current-theme"]
Query data cannot be undefined. Please make sure to return a value other than undefined from your query function. Affected query key: ["themes"]
Query data cannot be undefined. Please make sure to return a value other than undefined from your query function. Affected query key: ["current-theme"]
Query data cannot be undefined. Please make sure to return a value other than undefined from your query function. Affected query key: ["themes"]
Query data cannot be undefined. Please make sure to return a value other than undefined from your query function. Affected query key: ["current-theme"]
Query data cannot be undefined. Please make sure to return a value other than undefined from your query function. Affected query key: ["themes"]
Query data cannot be undefined. Please make sure to return a value other than undefined from your query function. Affected query key: ["current-theme"]
Query data cannot be undefined. Please make sure to return a value other than undefined from your query function. Affected query key: ["themes"]
Query data cannot be undefined. Please make sure to return a value other than undefined from your query function. Affected query key: ["current-theme"]
Query data cannot be undefined. Please make sure to return a value other than undefined from your query function. Affected query key: ["themes"]
Query data cannot be undefined. Please make sure to return a value other than undefined from your query function. Affected query key: ["current-theme"]
Query data cannot be undefined. Please make sure to return a value other than undefined from your query function. Affected query key: ["themes"]
Query data cannot be undefined. Please make sure to return a value other than undefined from your query function. Affected query key: ["current-theme"]
Query data cannot be undefined. Please make sure to return a value other than undefined from your query function. Affected query key: ["themes"]
Query data cannot be undefined. Please make sure to return a value other than undefined from your query function. Affected query key: ["current-theme"]
Query data cannot be undefined. Please make sure to return a value other than undefined from your query function. Affected query key: ["themes"]
Query data cannot be undefined. Please make sure to return a value other than undefined from your query function. Affected query key: ["current-theme"]
Query data cannot be undefined. Please make sure to return a value other than undefined from your query function. Affected query key: ["themes"]
Query data cannot be undefined. Please make sure to return a value other than undefined from your query function. Affected query key: ["current-theme"]
Query data cannot be undefined. Please make sure to return a value other than undefined from your query function. Affected query key: ["themes"]
Query data cannot be undefined. Please make sure to return a value other than undefined from your query function. Affected query key: ["current-theme"]
Query data cannot be undefined. Please make sure to return a value other than undefined from your query function. Affected query key: ["themes"]
Query data cannot be undefined. Please make sure to return a value other than undefined from your query function. Affected query key: ["current-theme"]
Query data cannot be undefined. Please make sure to return a value other than undefined from your query function. Affected query key: ["themes"]
Query data cannot be undefined. Please make sure to return a value other than undefined from your query function. Affected query key: ["current-theme"]
Query data cannot be undefined. Please make sure to return a value other than undefined from your query function. Affected query key: ["themes"]
Query data cannot be undefined. Please make sure to return a value other than undefined from your query function. Affected query key: ["current-theme"]
Query data cannot be undefined. Please make sure to return a value other than undefined from your query function. Affected query key: ["themes"]
Query data cannot be undefined. Please make sure to return a value other than undefined from your query function. Affected query key: ["current-theme"]
Query data cannot be undefined. Please make sure to return a value other than undefined from your query function. Affected query key: ["themes"]
Query data cannot be undefined. Please make sure to return a value other than undefined from your query function. Affected query key: ["current-theme"]
Query data cannot be undefined. Please make sure to return a value other than undefined from your query function. Affected query key: ["themes"]
Query data cannot be undefined. Please make sure to return a value other than undefined from your query function. Affected query key: ["current-theme"]
Query data cannot be undefined. Please make sure to return a value other than undefined from your query function. Affected query key: ["themes"]
Query data cannot be undefined. Please make sure to return a value other than undefined from your query function. Affected query key: ["current-theme"]
Query data cannot be undefined. Please make sure to return a value other than undefined from your query function. Affected query key: ["themes"]
Query data cannot be undefined. Please make sure to return a value other than undefined from your query function. Affected query key: ["current-theme"]
Query data cannot be undefined. Please make sure to return a value other than undefined from your query function. Affected query key: ["themes"]
Query data cannot be undefined. Please make sure to return a value other than undefined from your query function. Affected query key: ["current-theme"]
Query data cannot be undefined. Please make sure to return a value other than undefined from your query function. Affected query key: ["themes"]
Query data cannot be undefined. Please make sure to return a value other than undefined from your query function. Affected query key: ["current-theme"]

stderr | src/__tests__/AppTitle.test.jsx > App Title > updates displayed title after save
Query data cannot be undefined. Please make sure to return a value other than undefined from your query function. Affected query key: ["current-theme"]

stderr | src/__tests__/AppTitle.test.jsx > App Title > updates displayed title after save
Query data cannot be undefined. Please make sure to return a value other than undefined from your query function. Affected query key: ["themes"]
Query data cannot be undefined. Please make sure to return a value other than undefined from your query function. Affected query key: ["current-theme"]
Query data cannot be undefined. Please make sure to return a value other than undefined from your query function. Affected query key: ["themes"]
Query data cannot be undefined. Please make sure to return a value other than undefined from your query function. Affected query key: ["current-theme"]
Query data cannot be undefined. Please make sure to return a value other than undefined from your query function. Affected query key: ["themes"]
Query data cannot be undefined. Please make sure to return a value other than undefined from your query function. Affected query key: ["current-theme"]
Query data cannot be undefined. Please make sure to return a value other than undefined from your query function. Affected query key: ["themes"]
Query data cannot be undefined. Please make sure to return a value other than undefined from your query function. Affected query key: ["current-theme"]
Query data cannot be undefined. Please make sure to return a value other than undefined from your query function. Affected query key: ["themes"]
Query data cannot be undefined. Please make sure to return a value other than undefined from your query function. Affected query key: ["current-theme"]
Query data cannot be undefined. Please make sure to return a value other than undefined from your query function. Affected query key: ["themes"]
Query data cannot be undefined. Please make sure to return a value other than undefined from your query function. Affected query key: ["current-theme"]
Query data cannot be undefined. Please make sure to return a value other than undefined from your query function. Affected query key: ["themes"]
Query data cannot be undefined. Please make sure to return a value other than undefined from your query function. Affected query key: ["current-theme"]
Query data cannot be undefined. Please make sure to return a value other than undefined from your query function. Affected query key: ["themes"]
Query data cannot be undefined. Please make sure to return a value other than undefined from your query function. Affected query key: ["current-theme"]
Query data cannot be undefined. Please make sure to return a value other than undefined from your query function. Affected query key: ["themes"]
Query data cannot be undefined. Please make sure to return a value other than undefined from your query function. Affected query key: ["current-theme"]
Query data cannot be undefined. Please make sure to return a value other than undefined from your query function. Affected query key: ["themes"]
Query data cannot be undefined. Please make sure to return a value other than undefined from your query function. Affected query key: ["current-theme"]
Query data cannot be undefined. Please make sure to return a value other than undefined from your query function. Affected query key: ["themes"]
Query data cannot be undefined. Please make sure to return a value other than undefined from your query function. Affected query key: ["current-theme"]
Query data cannot be undefined. Please make sure to return a value other than undefined from your query function. Affected query key: ["themes"]
Query data cannot be undefined. Please make sure to return a value other than undefined from your query function. Affected query key: ["current-theme"]
Query data cannot be undefined. Please make sure to return a value other than undefined from your query function. Affected query key: ["themes"]
Query data cannot be undefined. Please make sure to return a value other than undefined from your query function. Affected query key: ["current-theme"]
Query data cannot be undefined. Please make sure to return a value other than undefined from your query function. Affected query key: ["themes"]
Query data cannot be undefined. Please make sure to return a value other than undefined from your query function. Affected query key: ["current-theme"]
Query data cannot be undefined. Please make sure to return a value other than undefined from your query function. Affected query key: ["themes"]
Query data cannot be undefined. Please make sure to return a value other than undefined from your query function. Affected query key: ["current-theme"]
Query data cannot be undefined. Please make sure to return a value other than undefined from your query function. Affected query key: ["themes"]
Query data cannot be undefined. Please make sure to return a value other than undefined from your query function. Affected query key: ["current-theme"]
Query data cannot be undefined. Please make sure to return a value other than undefined from your query function. Affected query key: ["themes"]
Query data cannot be undefined. Please make sure to return a value other than undefined from your query function. Affected query key: ["current-theme"]
Query data cannot be undefined. Please make sure to return a value other than undefined from your query function. Affected query key: ["themes"]
Query data cannot be undefined. Please make sure to return a value other than undefined from your query function. Affected query key: ["current-theme"]
Query data cannot be undefined. Please make sure to return a value other than undefined from your query function. Affected query key: ["themes"]
Query data cannot be undefined. Please make sure to return a value other than undefined from your query function. Affected query key: ["current-theme"]
Query data cannot be undefined. Please make sure to return a value other than undefined from your query function. Affected query key: ["themes"]
Query data cannot be undefined. Please make sure to return a value other than undefined from your query function. Affected query key: ["current-theme"]
Query data cannot be undefined. Please make sure to return a value other than undefined from your query function. Affected query key: ["themes"]
Query data cannot be undefined. Please make sure to return a value other than undefined from your query function. Affected query key: ["current-theme"]
Query data cannot be undefined. Please make sure to return a value other than undefined from your query function. Affected query key: ["themes"]
Query data cannot be undefined. Please make sure to return a value other than undefined from your query function. Affected query key: ["current-theme"]
Query data cannot be undefined. Please make sure to return a value other than undefined from your query function. Affected query key: ["themes"]
Query data cannot be undefined. Please make sure to return a value other than undefined from your query function. Affected query key: ["current-theme"]
Query data cannot be undefined. Please make sure to return a value other than undefined from your query function. Affected query key: ["themes"]
Query data cannot be undefined. Please make sure to return a value other than undefined from your query function. Affected query key: ["current-theme"]
Query data cannot be undefined. Please make sure to return a value other than undefined from your query function. Affected query key: ["themes"]
Query data cannot be undefined. Please make sure to return a value other than undefined from your query function. Affected query key: ["current-theme"]
Query data cannot be undefined. Please make sure to return a value other than undefined from your query function. Affected query key: ["themes"]
Query data cannot be undefined. Please make sure to return a value other than undefined from your query function. Affected query key: ["current-theme"]
Query data cannot be undefined. Please make sure to return a value other than undefined from your query function. Affected query key: ["themes"]
Query data cannot be undefined. Please make sure to return a value other than undefined from your query function. Affected query key: ["current-theme"]
Query data cannot be undefined. Please make sure to return a value other than undefined from your query function. Affected query key: ["themes"]
Query data cannot be undefined. Please make sure to return a value other than undefined from your query function. Affected query key: ["current-theme"]
Query data cannot be undefined. Please make sure to return a value other than undefined from your query function. Affected query key: ["themes"]
Query data cannot be undefined. Please make sure to return a value other than undefined from your query function. Affected query key: ["current-theme"]
Query data cannot be undefined. Please make sure to return a value other than undefined from your query function. Affected query key: ["themes"]
Query data cannot be undefined. Please make sure to return a value other than undefined from your query function. Affected query key: ["current-theme"]
Query data cannot be undefined. Please make sure to return a value other than undefined from your query function. Affected query key: ["themes"]
Query data cannot be undefined. Please make sure to return a value other than undefined from your query function. Affected query key: ["current-theme"]
Query data cannot be undefined. Please make sure to return a value other than undefined from your query function. Affected query key: ["themes"]
Query data cannot be undefined. Please make sure to return a value other than undefined from your query function. Affected query key: ["current-theme"]
Query data cannot be undefined. Please make sure to return a value other than undefined from your query function. Affected query key: ["themes"]
Query data cannot be undefined. Please make sure to return a value other than undefined from your query function. Affected query key: ["current-theme"]
Query data cannot be undefined. Please make sure to return a value other than undefined from your query function. Affected query key: ["themes"]
Query data cannot be undefined. Please make sure to return a value other than undefined from your query function. Affected query key: ["current-theme"]
Query data cannot be undefined. Please make sure to return a value other than undefined from your query function. Affected query key: ["themes"]
Query data cannot be undefined. Please make sure to return a value other than undefined from your query function. Affected query key: ["current-theme"]
Query data cannot be undefined. Please make sure to return a value other than undefined from your query function. Affected query key: ["themes"]
Query data cannot be undefined. Please make sure to return a value other than undefined from your query function. Affected query key: ["current-theme"]
Query data cannot be undefined. Please make sure to return a value other than undefined from your query function. Affected query key: ["themes"]
Query data cannot be undefined. Please make sure to return a value other than undefined from your query function. Affected query key: ["current-theme"]
Query data cannot be undefined. Please make sure to return a value other than undefined from your query function. Affected query key: ["themes"]
Query data cannot be undefined. Please make sure to return a value other than undefined from your query function. Affected query key: ["current-theme"]
Query data cannot be undefined. Please make sure to return a value other than undefined from your query function. Affected query key: ["themes"]
Query data cannot be undefined. Please make sure to return a value other than undefined from your query function. Affected query key: ["current-theme"]
Query data cannot be undefined. Please make sure to return a value other than undefined from your query function. Affected query key: ["themes"]
Query data cannot be undefined. Please make sure to return a value other than undefined from your query function. Affected query key: ["current-theme"]
Query data cannot be undefined. Please make sure to return a value other than undefined from your query function. Affected query key: ["themes"]
Query data cannot be undefined. Please make sure to return a value other than undefined from your query function. Affected query key: ["current-theme"]
Query data cannot be undefined. Please make sure to return a value other than undefined from your query function. Affected query key: ["themes"]
Query data cannot be undefined. Please make sure to return a value other than undefined from your query function. Affected query key: ["current-theme"]
Query data cannot be undefined. Please make sure to return a value other than undefined from your query function. Affected query key: ["themes"]
Query data cannot be undefined. Please make sure to return a value other than undefined from your query function. Affected query key: ["current-theme"]
Query data cannot be undefined. Please make sure to return a value other than undefined from your query function. Affected query key: ["themes"]
Query data cannot be undefined. Please make sure to return a value other than undefined from your query function. Affected query key: ["current-theme"]
Query data cannot be undefined. Please make sure to return a value other than undefined from your query function. Affected query key: ["themes"]
Query data cannot be undefined. Please make sure to return a value other than undefined from your query function. Affected query key: ["current-theme"]
Query data cannot be undefined. Please make sure to return a value other than undefined from your query function. Affected query key: ["themes"]
Query data cannot be undefined. Please make sure to return a value other than undefined from your query function. Affected query key: ["current-theme"]
Query data cannot be undefined. Please make sure to return a value other than undefined from your query function. Affected query key: ["themes"]
Query data cannot be undefined. Please make sure to return a value other than undefined from your query function. Affected query key: ["current-theme"]
Query data cannot be undefined. Please make sure to return a value other than undefined from your query function. Affected query key: ["themes"]
Query data cannot be undefined. Please make sure to return a value other than undefined from your query function. Affected query key: ["current-theme"]
Query data cannot be undefined. Please make sure to return a value other than undefined from your query function. Affected query key: ["themes"]
Query data cannot be undefined. Please make sure to return a value other than undefined from your query function. Affected query key: ["current-theme"]
Query data cannot be undefined. Please make sure to return a value other than undefined from your query function. Affected query key: ["themes"]
Query data cannot be undefined. Please make sure to return a value other than undefined from your query function. Affected query key: ["current-theme"]
Query data cannot be undefined. Please make sure to return a value other than undefined from your query function. Affected query key: ["themes"]
Query data cannot be undefined. Please make sure to return a value other than undefined from your query function. Affected query key: ["current-theme"]
Query data cannot be undefined. Please make sure to return a value other than undefined from your query function. Affected query key: ["themes"]
Query data cannot be undefined. Please make sure to return a value other than undefined from your query function. Affected query key: ["current-theme"]
Query data cannot be undefined. Please make sure to return a value other than undefined from your query function. Affected query key: ["themes"]
Query data cannot be undefined. Please make sure to return a value other than undefined from your query function. Affected query key: ["current-theme"]
Query data cannot be undefined. Please make sure to return a value other than undefined from your query function. Affected query key: ["themes"]
Query data cannot be undefined. Please make sure to return a value other than undefined from your query function. Affected query key: ["current-theme"]
Query data cannot be undefined. Please make sure to return a value other than undefined from your query function. Affected query key: ["themes"]
Query data cannot be undefined. Please make sure to return a value other than undefined from your query function. Affected query key: ["current-theme"]
Query data cannot be undefined. Please make sure to return a value other than undefined from your query function. Affected query key: ["themes"]
Query data cannot be undefined. Please make sure to return a value other than undefined from your query function. Affected query key: ["current-theme"]
Query data cannot be undefined. Please make sure to return a value other than undefined from your query function. Affected query key: ["themes"]
Query data cannot be undefined. Please make sure to return a value other than undefined from your query function. Affected query key: ["current-theme"]
Query data cannot be undefined. Please make sure to return a value other than undefined from your query function. Affected query key: ["themes"]
Query data cannot be undefined. Please make sure to return a value other than undefined from your query function. Affected query key: ["current-theme"]
Query data cannot be undefined. Please make sure to return a value other than undefined from your query function. Affected query key: ["themes"]
Query data cannot be undefined. Please make sure to return a value other than undefined from your query function. Affected query key: ["current-theme"]
Query data cannot be undefined. Please make sure to return a value other than undefined from your query function. Affected query key: ["themes"]
Query data cannot be undefined. Please make sure to return a value other than undefined from your query function. Affected query key: ["current-theme"]
Query data cannot be undefined. Please make sure to return a value other than undefined from your query function. Affected query key: ["themes"]
Query data cannot be undefined. Please make sure to return a value other than undefined from your query function. Affected query key: ["current-theme"]
Query data cannot be undefined. Please make sure to return a value other than undefined from your query function. Affected query key: ["themes"]
Query data cannot be undefined. Please make sure to return a value other than undefined from your query function. Affected query key: ["current-theme"]
Query data cannot be undefined. Please make sure to return a value other than undefined from your query function. Affected query key: ["themes"]
Query data cannot be undefined. Please make sure to return a value other than undefined from your query function. Affected query key: ["current-theme"]
Query data cannot be undefined. Please make sure to return a value other than undefined from your query function. Affected query key: ["themes"]
Query data cannot be undefined. Please make sure to return a value other than undefined from your query function. Affected query key: ["current-theme"]
Query data cannot be undefined. Please make sure to return a value other than undefined from your query function. Affected query key: ["themes"]
Query data cannot be undefined. Please make sure to return a value other than undefined from your query function. Affected query key: ["current-theme"]
Query data cannot be undefined. Please make sure to return a value other than undefined from your query function. Affected query key: ["themes"]
Query data cannot be undefined. Please make sure to return a value other than undefined from your query function. Affected query key: ["current-theme"]
Query data cannot be undefined. Please make sure to return a value other than undefined from your query function. Affected query key: ["themes"]
Query data cannot be undefined. Please make sure to return a value other than undefined from your query function. Affected query key: ["current-theme"]
Query data cannot be undefined. Please make sure to return a value other than undefined from your query function. Affected query key: ["themes"]
Query data cannot be undefined. Please make sure to return a value other than undefined from your query function. Affected query key: ["current-theme"]
Query data cannot be undefined. Please make sure to return a value other than undefined from your query function. Affected query key: ["themes"]
Query data cannot be undefined. Please make sure to return a value other than undefined from your query function. Affected query key: ["current-theme"]
Query data cannot be undefined. Please make sure to return a value other than undefined from your query function. Affected query key: ["themes"]
Query data cannot be undefined. Please make sure to return a value other than undefined from your query function. Affected query key: ["current-theme"]
Query data cannot be undefined. Please make sure to return a value other than undefined from your query function. Affected query key: ["themes"]
Query data cannot be undefined. Please make sure to return a value other than undefined from your query function. Affected query key: ["current-theme"]
Query data cannot be undefined. Please make sure to return a value other than undefined from your query function. Affected query key: ["themes"]
Query data cannot be undefined. Please make sure to return a value other than undefined from your query function. Affected query key: ["current-theme"]
Query data cannot be undefined. Please make sure to return a value other than undefined from your query function. Affected query key: ["themes"]
Query data cannot be undefined. Please make sure to return a value other than undefined from your query function. Affected query key: ["current-theme"]
Query data cannot be undefined. Please make sure to return a value other than undefined from your query function. Affected query key: ["themes"]
Query data cannot be undefined. Please make sure to return a value other than undefined from your query function. Affected query key: ["current-theme"]
Query data cannot be undefined. Please make sure to return a value other than undefined from your query function. Affected query key: ["themes"]
Query data cannot be undefined. Please make sure to return a value other than undefined from your query function. Affected query key: ["current-theme"]
Query data cannot be undefined. Please make sure to return a value other than undefined from your query function. Affected query key: ["themes"]
Query data cannot be undefined. Please make sure to return a value other than undefined from your query function. Affected query key: ["current-theme"]
Query data cannot be undefined. Please make sure to return a value other than undefined from your query function. Affected query key: ["themes"]
Query data cannot be undefined. Please make sure to return a value other than undefined from your query function. Affected query key: ["current-theme"]
Query data cannot be undefined. Please make sure to return a value other than undefined from your query function. Affected query key: ["themes"]
Query data cannot be undefined. Please make sure to return a value other than undefined from your query function. Affected query key: ["current-theme"]
Query data cannot be undefined. Please make sure to return a value other than undefined from your query function. Affected query key: ["themes"]
Query data cannot be undefined. Please make sure to return a value other than undefined from your query function. Affected query key: ["current-theme"]
Query data cannot be undefined. Please make sure to return a value other than undefined from your query function. Affected query key: ["themes"]
Query data cannot be undefined. Please make sure to return a value other than undefined from your query function. Affected query key: ["current-theme"]
Query data cannot be undefined. Please make sure to return a value other than undefined from your query function. Affected query key: ["themes"]
Query data cannot be undefined. Please make sure to return a value other than undefined from your query function. Affected query key: ["current-theme"]
Query data cannot be undefined. Please make sure to return a value other than undefined from your query function. Affected query key: ["themes"]
Query data cannot be undefined. Please make sure to return a value other than undefined from your query function. Affected query key: ["current-theme"]
Query data cannot be undefined. Please make sure to return a value other than undefined from your query function. Affected query key: ["themes"]
Query data cannot be undefined. Please make sure to return a value other than undefined from your query function. Affected query key: ["current-theme"]
Query data cannot be undefined. Please make sure to return a value other than undefined from your query function. Affected query key: ["themes"]
Query data cannot be undefined. Please make sure to return a value other than undefined from your query function. Affected query key: ["current-theme"]
Query data cannot be undefined. Please make sure to return a value other than undefined from your query function. Affected query key: ["themes"]
Query data cannot be undefined. Please make sure to return a value other than undefined from your query function. Affected query key: ["current-theme"]
Query data cannot be undefined. Please make sure to return a value other than undefined from your query function. Affected query key: ["themes"]
Query data cannot be undefined. Please make sure to return a value other than undefined from your query function. Affected query key: ["current-theme"]
Query data cannot be undefined. Please make sure to return a value other than undefined from your query function. Affected query key: ["themes"]
Query data cannot be undefined. Please make sure to return a value other than undefined from your query function. Affected query key: ["current-theme"]
Query data cannot be undefined. Please make sure to return a value other than undefined from your query function. Affected query key: ["themes"]
Query data cannot be undefined. Please make sure to return a value other than undefined from your query function. Affected query key: ["current-theme"]
Query data cannot be undefined. Please make sure to return a value other than undefined from your query function. Affected query key: ["themes"]
Query data cannot be undefined. Please make sure to return a value other than undefined from your query function. Affected query key: ["current-theme"]
Query data cannot be undefined. Please make sure to return a value other than undefined from your query function. Affected query key: ["themes"]
Query data cannot be undefined. Please make sure to return a value other than undefined from your query function. Affected query key: ["current-theme"]
Query data cannot be undefined. Please make sure to return a value other than undefined from your query function. Affected query key: ["themes"]
Query data cannot be undefined. Please make sure to return a value other than undefined from your query function. Affected query key: ["current-theme"]
Query data cannot be undefined. Please make sure to return a value other than undefined from your query function. Affected query key: ["themes"]
Query data cannot be undefined. Please make sure to return a value other than undefined from your query function. Affected query key: ["current-theme"]
Query data cannot be undefined. Please make sure to return a value other than undefined from your query function. Affected query key: ["themes"]
Query data cannot be undefined. Please make sure to return a value other than undefined from your query function. Affected query key: ["current-theme"]
Query data cannot be undefined. Please make sure to return a value other than undefined from your query function. Affected query key: ["themes"]
Query data cannot be undefined. Please make sure to return a value other than undefined from your query function. Affected query key: ["current-theme"]
Query data cannot be undefined. Please make sure to return a value other than undefined from your query function. Affected query key: ["themes"]
Query data cannot be undefined. Please make sure to return a value other than undefined from your query function. Affected query key: ["current-theme"]
Query data cannot be undefined. Please make sure to return a value other than undefined from your query function. Affected query key: ["themes"]
Query data cannot be undefined. Please make sure to return a value other than undefined from your query function. Affected query key: ["current-theme"]
Query data cannot be undefined. Please make sure to return a value other than undefined from your query function. Affected query key: ["themes"]
Query data cannot be undefined. Please make sure to return a value other than undefined from your query function. Affected query key: ["current-theme"]
Query data cannot be undefined. Please make sure to return a value other than undefined from your query function. Affected query key: ["themes"]
Query data cannot be undefined. Please make sure to return a value other than undefined from your query function. Affected query key: ["current-theme"]
Query data cannot be undefined. Please make sure to return a value other than undefined from your query function. Affected query key: ["themes"]
Query data cannot be undefined. Please make sure to return a value other than undefined from your query function. Affected query key: ["current-theme"]
Query data cannot be undefined. Please make sure to return a value other than undefined from your query function. Affected query key: ["themes"]
Query data cannot be undefined. Please make sure to return a value other than undefined from your query function. Affected query key: ["current-theme"]
Query data cannot be undefined. Please make sure to return a value other than undefined from your query function. Affected query key: ["themes"]
Query data cannot be undefined. Please make sure to return a value other than undefined from your query function. Affected query key: ["current-theme"]
Query data cannot be undefined. Please make sure to return a value other than undefined from your query function. Affected query key: ["themes"]
Query data cannot be undefined. Please make sure to return a value other than undefined from your query function. Affected query key: ["current-theme"]
Query data cannot be undefined. Please make sure to return a value other than undefined from your query function. Affected query key: ["themes"]
Query data cannot be undefined. Please make sure to return a value other than undefined from your query function. Affected query key: ["current-theme"]
Query data cannot be undefined. Please make sure to return a value other than undefined from your query function. Affected query key: ["themes"]
Query data cannot be undefined. Please make sure to return a value other than undefined from your query function. Affected query key: ["current-theme"]
Query data cannot be undefined. Please make sure to return a value other than undefined from your query function. Affected query key: ["themes"]
Query data cannot be undefined. Please make sure to return a value other than undefined from your query function. Affected query key: ["current-theme"]
Query data cannot be undefined. Please make sure to return a value other than undefined from your query function. Affected query key: ["themes"]
Query data cannot be undefined. Please make sure to return a value other than undefined from your query function. Affected query key: ["current-theme"]
Query data cannot be undefined. Please make sure to return a value other than undefined from your query function. Affected query key: ["themes"]
Query data cannot be undefined. Please make sure to return a value other than undefined from your query function. Affected query key: ["current-theme"]
Query data cannot be undefined. Please make sure to return a value other than undefined from your query function. Affected query key: ["themes"]
Query data cannot be undefined. Please make sure to return a value other than undefined from your query function. Affected query key: ["current-theme"]
Query data cannot be undefined. Please make sure to return a value other than undefined from your query function. Affected query key: ["themes"]
Query data cannot be undefined. Please make sure to return a value other than undefined from your query function. Affected query key: ["current-theme"]
Query data cannot be undefined. Please make sure to return a value other than undefined from your query function. Affected query key: ["themes"]
Query data cannot be undefined. Please make sure to return a value other than undefined from your query function. Affected query key: ["current-theme"]
Query data cannot be undefined. Please make sure to return a value other than undefined from your query function. Affected query key: ["themes"]
Query data cannot be undefined. Please make sure to return a value other than undefined from your query function. Affected query key: ["current-theme"]
Query data cannot be undefined. Please make sure to return a value other than undefined from your query function. Affected query key: ["themes"]
Query data cannot be undefined. Please make sure to return a value other than undefined from your query function. Affected query key: ["current-theme"]
Query data cannot be undefined. Please make sure to return a value other than undefined from your query function. Affected query key: ["themes"]
Query data cannot be undefined. Please make sure to return a value other than undefined from your query function. Affected query key: ["current-theme"]
Query data cannot be undefined. Please make sure to return a value other than undefined from your query function. Affected query key: ["themes"]
Query data cannot be undefined. Please make sure to return a value other than undefined from your query function. Affected query key: ["current-theme"]
Query data cannot be undefined. Please make sure to return a value other than undefined from your query function. Affected query key: ["themes"]
Query data cannot be undefined. Please make sure to return a value other than undefined from your query function. Affected query key: ["current-theme"]
Query data cannot be undefined. Please make sure to return a value other than undefined from your query function. Affected query key: ["themes"]
Query data cannot be undefined. Please make sure to return a value other than undefined from your query function. Affected query key: ["current-theme"]
Query data cannot be undefined. Please make sure to return a value other than undefined from your query function. Affected query key: ["themes"]
Query data cannot be undefined. Please make sure to return a value other than undefined from your query function. Affected query key: ["current-theme"]
Query data cannot be undefined. Please make sure to return a value other than undefined from your query function. Affected query key: ["themes"]
Query data cannot be undefined. Please make sure to return a value other than undefined from your query function. Affected query key: ["current-theme"]
Query data cannot be undefined. Please make sure to return a value other than undefined from your query function. Affected query key: ["themes"]
Query data cannot be undefined. Please make sure to return a value other than undefined from your query function. Affected query key: ["current-theme"]
Query data cannot be undefined. Please make sure to return a value other than undefined from your query function. Affected query key: ["themes"]
Query data cannot be undefined. Please make sure to return a value other than undefined from your query function. Affected query key: ["current-theme"]
Query data cannot be undefined. Please make sure to return a value other than undefined from your query function. Affected query key: ["themes"]
Query data cannot be undefined. Please make sure to return a value other than undefined from your query function. Affected query key: ["current-theme"]
Query data cannot be undefined. Please make sure to return a value other than undefined from your query function. Affected query key: ["themes"]
Query data cannot be undefined. Please make sure to return a value other than undefined from your query function. Affected query key: ["current-theme"]
Query data cannot be undefined. Please make sure to return a value other than undefined from your query function. Affected query key: ["themes"]
Query data cannot be undefined. Please make sure to return a value other than undefined from your query function. Affected query key: ["current-theme"]
Query data cannot be undefined. Please make sure to return a value other than undefined from your query function. Affected query key: ["themes"]
Query data cannot be undefined. Please make sure to return a value other than undefined from your query function. Affected query key: ["current-theme"]
Query data cannot be undefined. Please make sure to return a value other than undefined from your query function. Affected query key: ["themes"]
Query data cannot be undefined. Please make sure to return a value other than undefined from your query function. Affected query key: ["current-theme"]
Query data cannot be undefined. Please make sure to return a value other than undefined from your query function. Affected query key: ["themes"]
Query data cannot be undefined. Please make sure to return a value other than undefined from your query function. Affected query key: ["current-theme"]
Query data cannot be undefined. Please make sure to return a value other than undefined from your query function. Affected query key: ["themes"]
Query data cannot be undefined. Please make sure to return a value other than undefined from your query function. Affected query key: ["current-theme"]
Query data cannot be undefined. Please make sure to return a value other than undefined from your query function. Affected query key: ["themes"]
Query data cannot be undefined. Please make sure to return a value other than undefined from your query function. Affected query key: ["current-theme"]
Query data cannot be undefined. Please make sure to return a value other than undefined from your query function. Affected query key: ["themes"]
Query data cannot be undefined. Please make sure to return a value other than undefined from your query function. Affected query key: ["current-theme"]
Query data cannot be undefined. Please make sure to return a value other than undefined from your query function. Affected query key: ["themes"]
Query data cannot be undefined. Please make sure to return a value other than undefined from your query function. Affected query key: ["current-theme"]
Query data cannot be undefined. Please make sure to return a value other than undefined from your query function. Affected query key: ["themes"]
Query data cannot be undefined. Please make sure to return a value other than undefined from your query function. Affected query key: ["current-theme"]
Query data cannot be undefined. Please make sure to return a value other than undefined from your query function. Affected query key: ["themes"]
Query data cannot be undefined. Please make sure to return a value other than undefined from your query function. Affected query key: ["current-theme"]
Query data cannot be undefined. Please make sure to return a value other than undefined from your query function. Affected query key: ["themes"]
Query data cannot be undefined. Please make sure to return a value other than undefined from your query function. Affected query key: ["current-theme"]
Query data cannot be undefined. Please make sure to return a value other than undefined from your query function. Affected query key: ["themes"]
Query data cannot be undefined. Please make sure to return a value other than undefined from your query function. Affected query key: ["current-theme"]
Query data cannot be undefined. Please make sure to return a value other than undefined from your query function. Affected query key: ["themes"]
Query data cannot be undefined. Please make sure to return a value other than undefined from your query function. Affected query key: ["current-theme"]
Query data cannot be undefined. Please make sure to return a value other than undefined from your query function. Affected query key: ["themes"]
Query data cannot be undefined. Please make sure to return a value other than undefined from your query function. Affected query key: ["current-theme"]
Query data cannot be undefined. Please make sure to return a value other than undefined from your query function. Affected query key: ["themes"]
Query data cannot be undefined. Please make sure to return a value other than undefined from your query function. Affected query key: ["current-theme"]
Query data cannot be undefined. Please make sure to return a value other than undefined from your query function. Affected query key: ["themes"]
Query data cannot be undefined. Please make sure to return a value other than undefined from your query function. Affected query key: ["current-theme"]
Query data cannot be undefined. Please make sure to return a value other than undefined from your query function. Affected query key: ["themes"]
Query data cannot be undefined. Please make sure to return a value other than undefined from your query function. Affected query key: ["current-theme"]
Query data cannot be undefined. Please make sure to return a value other than undefined from your query function. Affected query key: ["themes"]
Query data cannot be undefined. Please make sure to return a value other than undefined from your query function. Affected query key: ["current-theme"]
Query data cannot be undefined. Please make sure to return a value other than undefined from your query function. Affected query key: ["themes"]
Query data cannot be undefined. Please make sure to return a value other than undefined from your query function. Affected query key: ["current-theme"]
Query data cannot be undefined. Please make sure to return a value other than undefined from your query function. Affected query key: ["themes"]
Query data cannot be undefined. Please make sure to return a value other than undefined from your query function. Affected query key: ["current-theme"]
Query data cannot be undefined. Please make sure to return a value other than undefined from your query function. Affected query key: ["themes"]
Query data cannot be undefined. Please make sure to return a value other than undefined from your query function. Affected query key: ["current-theme"]
Query data cannot be undefined. Please make sure to return a value other than undefined from your query function. Affected query key: ["themes"]
Query data cannot be undefined. Please make sure to return a value other than undefined from your query function. Affected query key: ["current-theme"]
Query data cannot be undefined. Please make sure to return a value other than undefined from your query function. Affected query key: ["themes"]
Query data cannot be undefined. Please make sure to return a value other than undefined from your query function. Affected query key: ["current-theme"]
Query data cannot be undefined. Please make sure to return a value other than undefined from your query function. Affected query key: ["themes"]
Query data cannot be undefined. Please make sure to return a value other than undefined from your query function. Affected query key: ["current-theme"]
Query data cannot be undefined. Please make sure to return a value other than undefined from your query function. Affected query key: ["themes"]
Query data cannot be undefined. Please make sure to return a value other than undefined from your query function. Affected query key: ["current-theme"]
Query data cannot be undefined. Please make sure to return a value other than undefined from your query function. Affected query key: ["themes"]
Query data cannot be undefined. Please make sure to return a value other than undefined from your query function. Affected query key: ["current-theme"]
Query data cannot be undefined. Please make sure to return a value other than undefined from your query function. Affected query key: ["themes"]
Query data cannot be undefined. Please make sure to return a value other than undefined from your query function. Affected query key: ["current-theme"]
Query data cannot be undefined. Please make sure to return a value other than undefined from your query function. Affected query key: ["themes"]
Query data cannot be undefined. Please make sure to return a value other than undefined from your query function. Affected query key: ["current-theme"]
Query data cannot be undefined. Please make sure to return a value other than undefined from your query function. Affected query key: ["themes"]
Query data cannot be undefined. Please make sure to return a value other than undefined from your query function. Affected query key: ["current-theme"]
Query data cannot be undefined. Please make sure to return a value other than undefined from your query function. Affected query key: ["themes"]
Query data cannot be undefined. Please make sure to return a value other than undefined from your query function. Affected query key: ["current-theme"]
Query data cannot be undefined. Please make sure to return a value other than undefined from your query function. Affected query key: ["themes"]
Query data cannot be undefined. Please make sure to return a value other than undefined from your query function. Affected query key: ["current-theme"]
Query data cannot be undefined. Please make sure to return a value other than undefined from your query function. Affected query key: ["themes"]
Query data cannot be undefined. Please make sure to return a value other than undefined from your query function. Affected query key: ["current-theme"]
Query data cannot be undefined. Please make sure to return a value other than undefined from your query function. Affected query key: ["themes"]
Query data cannot be undefined. Please make sure to return a value other than undefined from your query function. Affected query key: ["current-theme"]
Query data cannot be undefined. Please make sure to return a value other than undefined from your query function. Affected query key: ["themes"]
Query data cannot be undefined. Please make sure to return a value other than undefined from your query function. Affected query key: ["current-theme"]
Query data cannot be undefined. Please make sure to return a value other than undefined from your query function. Affected query key: ["themes"]
Query data cannot be undefined. Please make sure to return a value other than undefined from your query function. Affected query key: ["current-theme"]
Query data cannot be undefined. Please make sure to return a value other than undefined from your query function. Affected query key: ["themes"]
Query data cannot be undefined. Please make sure to return a value other than undefined from your query function. Affected query key: ["current-theme"]
Query data cannot be undefined. Please make sure to return a value other than undefined from your query function. Affected query key: ["themes"]
Query data cannot be undefined. Please make sure to return a value other than undefined from your query function. Affected query key: ["current-theme"]
Query data cannot be undefined. Please make sure to return a value other than undefined from your query function. Affected query key: ["themes"]
Query data cannot be undefined. Please make sure to return a value other than undefined from your query function. Affected query key: ["current-theme"]
Query data cannot be undefined. Please make sure to return a value other than undefined from your query function. Affected query key: ["themes"]
Query data cannot be undefined. Please make sure to return a value other than undefined from your query function. Affected query key: ["current-theme"]
Query data cannot be undefined. Please make sure to return a value other than undefined from your query function. Affected query key: ["themes"]
Query data cannot be undefined. Please make sure to return a value other than undefined from your query function. Affected query key: ["current-theme"]
Query data cannot be undefined. Please make sure to return a value other than undefined from your query function. Affected query key: ["themes"]
Query data cannot be undefined. Please make sure to return a value other than undefined from your query function. Affected query key: ["current-theme"]
Query data cannot be undefined. Please make sure to return a value other than undefined from your query function. Affected query key: ["themes"]
Query data cannot be undefined. Please make sure to return a value other than undefined from your query function. Affected query key: ["current-theme"]
Query data cannot be undefined. Please make sure to return a value other than undefined from your query function. Affected query key: ["themes"]
Query data cannot be undefined. Please make sure to return a value other than undefined from your query function. Affected query key: ["current-theme"]
Query data cannot be undefined. Please make sure to return a value other than undefined from your query function. Affected query key: ["themes"]
Query data cannot be undefined. Please make sure to return a value other than undefined from your query function. Affected query key: ["current-theme"]
Query data cannot be undefined. Please make sure to return a value other than undefined from your query function. Affected query key: ["themes"]
Query data cannot be undefined. Please make sure to return a value other than undefined from your query function. Affected query key: ["current-theme"]
Query data cannot be undefined. Please make sure to return a value other than undefined from your query function. Affected query key: ["themes"]
Query data cannot be undefined. Please make sure to return a value other than undefined from your query function. Affected query key: ["current-theme"]
Query data cannot be undefined. Please make sure to return a value other than undefined from your query function. Affected query key: ["themes"]
Query data cannot be undefined. Please make sure to return a value other than undefined from your query function. Affected query key: ["current-theme"]
Query data cannot be undefined. Please make sure to return a value other than undefined from your query function. Affected query key: ["themes"]
Query data cannot be undefined. Please make sure to return a value other than undefined from your query function. Affected query key: ["current-theme"]
Query data cannot be undefined. Please make sure to return a value other than undefined from your query function. Affected query key: ["themes"]
Query data cannot be undefined. Please make sure to return a value other than undefined from your query function. Affected query key: ["current-theme"]
Query data cannot be undefined. Please make sure to return a value other than undefined from your query function. Affected query key: ["themes"]
Query data cannot be undefined. Please make sure to return a value other than undefined from your query function. Affected query key: ["current-theme"]
Query data cannot be undefined. Please make sure to return a value other than undefined from your query function. Affected query key: ["themes"]
Query data cannot be undefined. Please make sure to return a value other than undefined from your query function. Affected query key: ["current-theme"]
Query data cannot be undefined. Please make sure to return a value other than undefined from your query function. Affected query key: ["themes"]
Query data cannot be undefined. Please make sure to return a value other than undefined from your query function. Affected query key: ["current-theme"]
Query data cannot be undefined. Please make sure to return a value other than undefined from your query function. Affected query key: ["themes"]
Query data cannot be undefined. Please make sure to return a value other than undefined from your query function. Affected query key: ["current-theme"]
Query data cannot be undefined. Please make sure to return a value other than undefined from your query function. Affected query key: ["themes"]
Query data cannot be undefined. Please make sure to return a value other than undefined from your query function. Affected query key: ["current-theme"]
Query data cannot be undefined. Please make sure to return a value other than undefined from your query function. Affected query key: ["themes"]
Query data cannot be undefined. Please make sure to return a value other than undefined from your query function. Affected query key: ["current-theme"]
Query data cannot be undefined. Please make sure to return a value other than undefined from your query function. Affected query key: ["themes"]
Query data cannot be undefined. Please make sure to return a value other than undefined from your query function. Affected query key: ["current-theme"]
Query data cannot be undefined. Please make sure to return a value other than undefined from your query function. Affected query key: ["themes"]
Query data cannot be undefined. Please make sure to return a value other than undefined from your query function. Affected query key: ["current-theme"]
Query data cannot be undefined. Please make sure to return a value other than undefined from your query function. Affected query key: ["themes"]
Query data cannot be undefined. Please make sure to return a value other than undefined from your query function. Affected query key: ["current-theme"]
Query data cannot be undefined. Please make sure to return a value other than undefined from your query function. Affected query key: ["themes"]
Query data cannot be undefined. Please make sure to return a value other than undefined from your query function. Affected query key: ["current-theme"]
Query data cannot be undefined. Please make sure to return a value other than undefined from your query function. Affected query key: ["themes"]
Query data cannot be undefined. Please make sure to return a value other than undefined from your query function. Affected query key: ["current-theme"]
Query data cannot be undefined. Please make sure to return a value other than undefined from your query function. Affected query key: ["themes"]
Query data cannot be undefined. Please make sure to return a value other than undefined from your query function. Affected query key: ["current-theme"]
Query data cannot be undefined. Please make sure to return a value other than undefined from your query function. Affected query key: ["themes"]
Query data cannot be undefined. Please make sure to return a value other than undefined from your query function. Affected query key: ["current-theme"]
Query data cannot be undefined. Please make sure to return a value other than undefined from your query function. Affected query key: ["themes"]
Query data cannot be undefined. Please make sure to return a value other than undefined from your query function. Affected query key: ["current-theme"]
Query data cannot be undefined. Please make sure to return a value other than undefined from your query function. Affected query key: ["themes"]
Query data cannot be undefined. Please make sure to return a value other than undefined from your query function. Affected query key: ["current-theme"]
Query data cannot be undefined. Please make sure to return a value other than undefined from your query function. Affected query key: ["themes"]
Query data cannot be undefined. Please make sure to return a value other than undefined from your query function. Affected query key: ["current-theme"]
Query data cannot be undefined. Please make sure to return a value other than undefined from your query function. Affected query key: ["themes"]
Query data cannot be undefined. Please make sure to return a value other than undefined from your query function. Affected query key: ["current-theme"]
Query data cannot be undefined. Please make sure to return a value other than undefined from your query function. Affected query key: ["themes"]
Query data cannot be undefined. Please make sure to return a value other than undefined from your query function. Affected query key: ["current-theme"]
Query data cannot be undefined. Please make sure to return a value other than undefined from your query function. Affected query key: ["themes"]
Query data cannot be undefined. Please make sure to return a value other than undefined from your query function. Affected query key: ["current-theme"]
Query data cannot be undefined. Please make sure to return a value other than undefined from your query function. Affected query key: ["themes"]
Query data cannot be undefined. Please make sure to return a value other than undefined from your query function. Affected query key: ["current-theme"]
Query data cannot be undefined. Please make sure to return a value other than undefined from your query function. Affected query key: ["themes"]
Query data cannot be undefined. Please make sure to return a value other than undefined from your query function. Affected query key: ["current-theme"]
Query data cannot be undefined. Please make sure to return a value other than undefined from your query function. Affected query key: ["themes"]
Query data cannot be undefined. Please make sure to return a value other than undefined from your query function. Affected query key: ["current-theme"]
Query data cannot be undefined. Please make sure to return a value other than undefined from your query function. Affected query key: ["themes"]
Query data cannot be undefined. Please make sure to return a value other than undefined from your query function. Affected query key: ["current-theme"]
Query data cannot be undefined. Please make sure to return a value other than undefined from your query function. Affected query key: ["themes"]
Query data cannot be undefined. Please make sure to return a value other than undefined from your query function. Affected query key: ["current-theme"]
Query data cannot be undefined. Please make sure to return a value other than undefined from your query function. Affected query key: ["themes"]
Query data cannot be undefined. Please make sure to return a value other than undefined from your query function. Affected query key: ["current-theme"]
Query data cannot be undefined. Please make sure to return a value other than undefined from your query function. Affected query key: ["themes"]
Query data cannot be undefined. Please make sure to return a value other than undefined from your query function. Affected query key: ["current-theme"]
Query data cannot be undefined. Please make sure to return a value other than undefined from your query function. Affected query key: ["themes"]
Query data cannot be undefined. Please make sure to return a value other than undefined from your query function. Affected query key: ["current-theme"]
Query data cannot be undefined. Please make sure to return a value other than undefined from your query function. Affected query key: ["themes"]
Query data cannot be undefined. Please make sure to return a value other than undefined from your query function. Affected query key: ["current-theme"]
Query data cannot be undefined. Please make sure to return a value other than undefined from your query function. Affected query key: ["themes"]
Query data cannot be undefined. Please make sure to return a value other than undefined from your query function. Affected query key: ["current-theme"]
Query data cannot be undefined. Please make sure to return a value other than undefined from your query function. Affected query key: ["themes"]
Query data cannot be undefined. Please make sure to return a value other than undefined from your query function. Affected query key: ["current-theme"]
Query data cannot be undefined. Please make sure to return a value other than undefined from your query function. Affected query key: ["themes"]
Query data cannot be undefined. Please make sure to return a value other than undefined from your query function. Affected query key: ["current-theme"]
Query data cannot be undefined. Please make sure to return a value other than undefined from your query function. Affected query key: ["themes"]
Query data cannot be undefined. Please make sure to return a value other than undefined from your query function. Affected query key: ["current-theme"]
Query data cannot be undefined. Please make sure to return a value other than undefined from your query function. Affected query key: ["themes"]
Query data cannot be undefined. Please make sure to return a value other than undefined from your query function. Affected query key: ["current-theme"]
Query data cannot be undefined. Please make sure to return a value other than undefined from your query function. Affected query key: ["themes"]
Query data cannot be undefined. Please make sure to return a value other than undefined from your query function. Affected query key: ["current-theme"]
Query data cannot be undefined. Please make sure to return a value other than undefined from your query function. Affected query key: ["themes"]
Query data cannot be undefined. Please make sure to return a value other than undefined from your query function. Affected query key: ["current-theme"]
Query data cannot be undefined. Please make sure to return a value other than undefined from your query function. Affected query key: ["themes"]
Query data cannot be undefined. Please make sure to return a value other than undefined from your query function. Affected query key: ["current-theme"]
Query data cannot be undefined. Please make sure to return a value other than undefined from your query function. Affected query key: ["themes"]
Query data cannot be undefined. Please make sure to return a value other than undefined from your query function. Affected query key: ["current-theme"]
Query data cannot be undefined. Please make sure to return a value other than undefined from your query function. Affected query key: ["themes"]
Query data cannot be undefined. Please make sure to return a value other than undefined from your query function. Affected query key: ["current-theme"]
Query data cannot be undefined. Please make sure to return a value other than undefined from your query function. Affected query key: ["themes"]
Query data cannot be undefined. Please make sure to return a value other than undefined from your query function. Affected query key: ["current-theme"]
Query data cannot be undefined. Please make sure to return a value other than undefined from your query function. Affected query key: ["themes"]
Query data cannot be undefined. Please make sure to return a value other than undefined from your query function. Affected query key: ["current-theme"]
Query data cannot be undefined. Please make sure to return a value other than undefined from your query function. Affected query key: ["themes"]
Query data cannot be undefined. Please make sure to return a value other than undefined from your query function. Affected query key: ["current-theme"]
Query data cannot be undefined. Please make sure to return a value other than undefined from your query function. Affected query key: ["themes"]
Query data cannot be undefined. Please make sure to return a value other than undefined from your query function. Affected query key: ["current-theme"]
Query data cannot be undefined. Please make sure to return a value other than undefined from your query function. Affected query key: ["themes"]
Query data cannot be undefined. Please make sure to return a value other than undefined from your query function. Affected query key: ["current-theme"]
Query data cannot be undefined. Please make sure to return a value other than undefined from your query function. Affected query key: ["themes"]
Query data cannot be undefined. Please make sure to return a value other than undefined from your query function. Affected query key: ["current-theme"]
Query data cannot be undefined. Please make sure to return a value other than undefined from your query function. Affected query key: ["themes"]
Query data cannot be undefined. Please make sure to return a value other than undefined from your query function. Affected query key: ["current-theme"]
Query data cannot be undefined. Please make sure to return a value other than undefined from your query function. Affected query key: ["themes"]
Query data cannot be undefined. Please make sure to return a value other than undefined from your query function. Affected query key: ["current-theme"]
Query data cannot be undefined. Please make sure to return a value other than undefined from your query function. Affected query key: ["themes"]
Query data cannot be undefined. Please make sure to return a value other than undefined from your query function. Affected query key: ["current-theme"]
Query data cannot be undefined. Please make sure to return a value other than undefined from your query function. Affected query key: ["themes"]
Query data cannot be undefined. Please make sure to return a value other than undefined from your query function. Affected query key: ["current-theme"]
Query data cannot be undefined. Please make sure to return a value other than undefined from your query function. Affected query key: ["themes"]
Query data cannot be undefined. Please make sure to return a value other than undefined from your query function. Affected query key: ["current-theme"]
Query data cannot be undefined. Please make sure to return a value other than undefined from your query function. Affected query key: ["themes"]
Query data cannot be undefined. Please make sure to return a value other than undefined from your query function. Affected query key: ["current-theme"]
Query data cannot be undefined. Please make sure to return a value other than undefined from your query function. Affected query key: ["themes"]
Query data cannot be undefined. Please make sure to return a value other than undefined from your query function. Affected query key: ["current-theme"]
Query data cannot be undefined. Please make sure to return a value other than undefined from your query function. Affected query key: ["themes"]
Query data cannot be undefined. Please make sure to return a value other than undefined from your query function. Affected query key: ["current-theme"]
Query data cannot be undefined. Please make sure to return a value other than undefined from your query function. Affected query key: ["themes"]
Query data cannot be undefined. Please make sure to return a value other than undefined from your query function. Affected query key: ["current-theme"]
Query data cannot be undefined. Please make sure to return a value other than undefined from your query function. Affected query key: ["themes"]
Query data cannot be undefined. Please make sure to return a value other than undefined from your query function. Affected query key: ["current-theme"]
Query data cannot be undefined. Please make sure to return a value other than undefined from your query function. Affected query key: ["themes"]
Query data cannot be undefined. Please make sure to return a value other than undefined from your query function. Affected query key: ["current-theme"]
Query data cannot be undefined. Please make sure to return a value other than undefined from your query function. Affected query key: ["themes"]
Query data cannot be undefined. Please make sure to return a value other than undefined from your query function. Affected query key: ["current-theme"]
Query data cannot be undefined. Please make sure to return a value other than undefined from your query function. Affected query key: ["themes"]
Query data cannot be undefined. Please make sure to return a value other than undefined from your query function. Affected query key: ["current-theme"]
Query data cannot be undefined. Please make sure to return a value other than undefined from your query function. Affected query key: ["themes"]
Query data cannot be undefined. Please make sure to return a value other than undefined from your query function. Affected query key: ["current-theme"]
Query data cannot be undefined. Please make sure to return a value other than undefined from your query function. Affected query key: ["themes"]
Query data cannot be undefined. Please make sure to return a value other than undefined from your query function. Affected query key: ["current-theme"]
Query data cannot be undefined. Please make sure to return a value other than undefined from your query function. Affected query key: ["themes"]
Query data cannot be undefined. Please make sure to return a value other than undefined from your query function. Affected query key: ["current-theme"]
Query data cannot be undefined. Please make sure to return a value other than undefined from your query function. Affected query key: ["themes"]
Query data cannot be undefined. Please make sure to return a value other than undefined from your query function. Affected query key: ["current-theme"]
Query data cannot be undefined. Please make sure to return a value other than undefined from your query function. Affected query key: ["themes"]
Query data cannot be undefined. Please make sure to return a value other than undefined from your query function. Affected query key: ["current-theme"]
Query data cannot be undefined. Please make sure to return a value other than undefined from your query function. Affected query key: ["themes"]
Query data cannot be undefined. Please make sure to return a value other than undefined from your query function. Affected query key: ["current-theme"]
Query data cannot be undefined. Please make sure to return a value other than undefined from your query function. Affected query key: ["themes"]
Query data cannot be undefined. Please make sure to return a value other than undefined from your query function. Affected query key: ["current-theme"]
Query data cannot be undefined. Please make sure to return a value other than undefined from your query function. Affected query key: ["themes"]
Query data cannot be undefined. Please make sure to return a value other than undefined from your query function. Affected query key: ["current-theme"]
Query data cannot be undefined. Please make sure to return a value other than undefined from your query function. Affected query key: ["themes"]
Query data cannot be undefined. Please make sure to return a value other than undefined from your query function. Affected query key: ["current-theme"]
Query data cannot be undefined. Please make sure to return a value other than undefined from your query function. Affected query key: ["themes"]
Query data cannot be undefined. Please make sure to return a value other than undefined from your query function. Affected query key: ["current-theme"]
Query data cannot be undefined. Please make sure to return a value other than undefined from your query function. Affected query key: ["themes"]
Query data cannot be undefined. Please make sure to return a value other than undefined from your query function. Affected query key: ["current-theme"]
Query data cannot be undefined. Please make sure to return a value other than undefined from your query function. Affected query key: ["themes"]
Query data cannot be undefined. Please make sure to return a value other than undefined from your query function. Affected query key: ["current-theme"]
Query data cannot be undefined. Please make sure to return a value other than undefined from your query function. Affected query key: ["themes"]
Query data cannot be undefined. Please make sure to return a value other than undefined from your query function. Affected query key: ["current-theme"]
Query data cannot be undefined. Please make sure to return a value other than undefined from your query function. Affected query key: ["themes"]
Query data cannot be undefined. Please make sure to return a value other than undefined from your query function. Affected query key: ["current-theme"]
Query data cannot be undefined. Please make sure to return a value other than undefined from your query function. Affected query key: ["themes"]
Query data cannot be undefined. Please make sure to return a value other than undefined from your query function. Affected query key: ["current-theme"]
Query data cannot be undefined. Please make sure to return a value other than undefined from your query function. Affected query key: ["themes"]
Query data cannot be undefined. Please make sure to return a value other than undefined from your query function. Affected query key: ["current-theme"]
Query data cannot be undefined. Please make sure to return a value other than undefined from your query function. Affected query key: ["themes"]
Query data cannot be undefined. Please make sure to return a value other than undefined from your query function. Affected query key: ["current-theme"]
Query data cannot be undefined. Please make sure to return a value other than undefined from your query function. Affected query key: ["themes"]
Query data cannot be undefined. Please make sure to return a value other than undefined from your query function. Affected query key: ["current-theme"]
Query data cannot be undefined. Please make sure to return a value other than undefined from your query function. Affected query key: ["themes"]
Query data cannot be undefined. Please make sure to return a value other than undefined from your query function. Affected query key: ["current-theme"]
Query data cannot be undefined. Please make sure to return a value other than undefined from your query function. Affected query key: ["themes"]
Query data cannot be undefined. Please make sure to return a value other than undefined from your query function. Affected query key: ["current-theme"]
Query data cannot be undefined. Please make sure to return a value other than undefined from your query function. Affected query key: ["themes"]
Query data cannot be undefined. Please make sure to return a value other than undefined from your query function. Affected query key: ["current-theme"]
Query data cannot be undefined. Please make sure to return a value other than undefined from your query function. Affected query key: ["themes"]
Query data cannot be undefined. Please make sure to return a value other than undefined from your query function. Affected query key: ["current-theme"]
Query data cannot be undefined. Please make sure to return a value other than undefined from your query function. Affected query key: ["themes"]
Query data cannot be undefined. Please make sure to return a value other than undefined from your query function. Affected query key: ["current-theme"]
Query data cannot be undefined. Please make sure to return a value other than undefined from your query function. Affected query key: ["themes"]
Query data cannot be undefined. Please make sure to return a value other than undefined from your query function. Affected query key: ["current-theme"]
Query data cannot be undefined. Please make sure to return a value other than undefined from your query function. Affected query key: ["themes"]
Query data cannot be undefined. Please make sure to return a value other than undefined from your query function. Affected query key: ["current-theme"]
Query data cannot be undefined. Please make sure to return a value other than undefined from your query function. Affected query key: ["themes"]
Query data cannot be undefined. Please make sure to return a value other than undefined from your query function. Affected query key: ["current-theme"]
Query data cannot be undefined. Please make sure to return a value other than undefined from your query function. Affected query key: ["themes"]
Query data cannot be undefined. Please make sure to return a value other than undefined from your query function. Affected query key: ["current-theme"]
Query data cannot be undefined. Please make sure to return a value other than undefined from your query function. Affected query key: ["themes"]
Query data cannot be undefined. Please make sure to return a value other than undefined from your query function. Affected query key: ["current-theme"]
Query data cannot be undefined. Please make sure to return a value other than undefined from your query function. Affected query key: ["themes"]
Query data cannot be undefined. Please make sure to return a value other than undefined from your query function. Affected query key: ["current-theme"]
Query data cannot be undefined. Please make sure to return a value other than undefined from your query function. Affected query key: ["themes"]
Query data cannot be undefined. Please make sure to return a value other than undefined from your query function. Affected query key: ["current-theme"]
Query data cannot be undefined. Please make sure to return a value other than undefined from your query function. Affected query key: ["themes"]
Query data cannot be undefined. Please make sure to return a value other than undefined from your query function. Affected query key: ["current-theme"]
Query data cannot be undefined. Please make sure to return a value other than undefined from your query function. Affected query key: ["themes"]
Query data cannot be undefined. Please make sure to return a value other than undefined from your query function. Affected query key: ["current-theme"]
Query data cannot be undefined. Please make sure to return a value other than undefined from your query function. Affected query key: ["themes"]
Query data cannot be undefined. Please make sure to return a value other than undefined from your query function. Affected query key: ["current-theme"]
Query data cannot be undefined. Please make sure to return a value other than undefined from your query function. Affected query key: ["themes"]
Query data cannot be undefined. Please make sure to return a value other than undefined from your query function. Affected query key: ["current-theme"]
Query data cannot be undefined. Please make sure to return a value other than undefined from your query function. Affected query key: ["themes"]
Query data cannot be undefined. Please make sure to return a value other than undefined from your query function. Affected query key: ["current-theme"]
Query data cannot be undefined. Please make sure to return a value other than undefined from your query function. Affected query key: ["themes"]
Query data cannot be undefined. Please make sure to return a value other than undefined from your query function. Affected query key: ["current-theme"]
Query data cannot be undefined. Please make sure to return a value other than undefined from your query function. Affected query key: ["themes"]
Query data cannot be undefined. Please make sure to return a value other than undefined from your query function. Affected query key: ["current-theme"]
Query data cannot be undefined. Please make sure to return a value other than undefined from your query function. Affected query key: ["themes"]
Query data cannot be undefined. Please make sure to return a value other than undefined from your query function. Affected query key: ["current-theme"]
Query data cannot be undefined. Please make sure to return a value other than undefined from your query function. Affected query key: ["themes"]
Query data cannot be undefined. Please make sure to return a value other than undefined from your query function. Affected query key: ["current-theme"]
Query data cannot be undefined. Please make sure to return a value other than undefined from your query function. Affected query key: ["themes"]
Query data cannot be undefined. Please make sure to return a value other than undefined from your query function. Affected query key: ["current-theme"]
Query data cannot be undefined. Please make sure to return a value other than undefined from your query function. Affected query key: ["themes"]
Query data cannot be undefined. Please make sure to return a value other than undefined from your query function. Affected query key: ["current-theme"]
Query data cannot be undefined. Please make sure to return a value other than undefined from your query function. Affected query key: ["themes"]
Query data cannot be undefined. Please make sure to return a value other than undefined from your query function. Affected query key: ["current-theme"]
Query data cannot be undefined. Please make sure to return a value other than undefined from your query function. Affected query key: ["themes"]
Query data cannot be undefined. Please make sure to return a value other than undefined from your query function. Affected query key: ["current-theme"]
Query data cannot be undefined. Please make sure to return a value other than undefined from your query function. Affected query key: ["themes"]
Query data cannot be undefined. Please make sure to return a value other than undefined from your query function. Affected query key: ["current-theme"]
Query data cannot be undefined. Please make sure to return a value other than undefined from your query function. Affected query key: ["themes"]
Query data cannot be undefined. Please make sure to return a value other than undefined from your query function. Affected query key: ["current-theme"]
Query data cannot be undefined. Please make sure to return a value other than undefined from your query function. Affected query key: ["themes"]
Query data cannot be undefined. Please make sure to return a value other than undefined from your query function. Affected query key: ["current-theme"]
Query data cannot be undefined. Please make sure to return a value other than undefined from your query function. Affected query key: ["themes"]
Query data cannot be undefined. Please make sure to return a value other than undefined from your query function. Affected query key: ["current-theme"]
Query data cannot be undefined. Please make sure to return a value other than undefined from your query function. Affected query key: ["themes"]
Query data cannot be undefined. Please make sure to return a value other than undefined from your query function. Affected query key: ["current-theme"]
Query data cannot be undefined. Please make sure to return a value other than undefined from your query function. Affected query key: ["themes"]
Query data cannot be undefined. Please make sure to return a value other than undefined from your query function. Affected query key: ["current-theme"]
Query data cannot be undefined. Please make sure to return a value other than undefined from your query function. Affected query key: ["themes"]
Query data cannot be undefined. Please make sure to return a value other than undefined from your query function. Affected query key: ["current-theme"]
Query data cannot be undefined. Please make sure to return a value other than undefined from your query function. Affected query key: ["themes"]
Query data cannot be undefined. Please make sure to return a value other than undefined from your query function. Affected query key: ["current-theme"]
Query data cannot be undefined. Please make sure to return a value other than undefined from your query function. Affected query key: ["themes"]
Query data cannot be undefined. Please make sure to return a value other than undefined from your query function. Affected query key: ["current-theme"]
Query data cannot be undefined. Please make sure to return a value other than undefined from your query function. Affected query key: ["themes"]
Query data cannot be undefined. Please make sure to return a value other than undefined from your query function. Affected query key: ["current-theme"]
Query data cannot be undefined. Please make sure to return a value other than undefined from your query function. Affected query key: ["themes"]
Query data cannot be undefined. Please make sure to return a value other than undefined from your query function. Affected query key: ["current-theme"]
Query data cannot be undefined. Please make sure to return a value other than undefined from your query function. Affected query key: ["themes"]
Query data cannot be undefined. Please make sure to return a value other than undefined from your query function. Affected query key: ["current-theme"]
Query data cannot be undefined. Please make sure to return a value other than undefined from your query function. Affected query key: ["themes"]
Query data cannot be undefined. Please make sure to return a value other than undefined from your query function. Affected query key: ["current-theme"]
Query data cannot be undefined. Please make sure to return a value other than undefined from your query function. Affected query key: ["themes"]
Query data cannot be undefined. Please make sure to return a value other than undefined from your query function. Affected query key: ["current-theme"]
Query data cannot be undefined. Please make sure to return a value other than undefined from your query function. Affected query key: ["themes"]
Query data cannot be undefined. Please make sure to return a value other than undefined from your query function. Affected query key: ["current-theme"]
Query data cannot be undefined. Please make sure to return a value other than undefined from your query function. Affected query key: ["themes"]
Query data cannot be undefined. Please make sure to return a value other than undefined from your query function. Affected query key: ["current-theme"]
Query data cannot be undefined. Please make sure to return a value other than undefined from your query function. Affected query key: ["themes"]
Query data cannot be undefined. Please make sure to return a value other than undefined from your query function. Affected query key: ["current-theme"]
Query data cannot be undefined. Please make sure to return a value other than undefined from your query function. Affected query key: ["themes"]
Query data cannot be undefined. Please make sure to return a value other than undefined from your query function. Affected query key: ["current-theme"]
Query data cannot be undefined. Please make sure to return a value other than undefined from your query function. Affected query key: ["themes"]
Query data cannot be undefined. Please make sure to return a value other than undefined from your query function. Affected query key: ["current-theme"]
Query data cannot be undefined. Please make sure to return a value other than undefined from your query function. Affected query key: ["themes"]
Query data cannot be undefined. Please make sure to return a value other than undefined from your query function. Affected query key: ["current-theme"]
Query data cannot be undefined. Please make sure to return a value other than undefined from your query function. Affected query key: ["themes"]
Query data cannot be undefined. Please make sure to return a value other than undefined from your query function. Affected query key: ["current-theme"]
Query data cannot be undefined. Please make sure to return a value other than undefined from your query function. Affected query key: ["themes"]
Query data cannot be undefined. Please make sure to return a value other than undefined from your query function. Affected query key: ["current-theme"]
Query data cannot be undefined. Please make sure to return a value other than undefined from your query function. Affected query key: ["themes"]
Query data cannot be undefined. Please make sure to return a value other than undefined from your query function. Affected query key: ["current-theme"]
Query data cannot be undefined. Please make sure to return a value other than undefined from your query function. Affected query key: ["themes"]
Query data cannot be undefined. Please make sure to return a value other than undefined from your query function. Affected query key: ["current-theme"]
Query data cannot be undefined. Please make sure to return a value other than undefined from your query function. Affected query key: ["themes"]
Query data cannot be undefined. Please make sure to return a value other than undefined from your query function. Affected query key: ["current-theme"]
Query data cannot be undefined. Please make sure to return a value other than undefined from your query function. Affected query key: ["themes"]
Query data cannot be undefined. Please make sure to return a value other than undefined from your query function. Affected query key: ["current-theme"]
Query data cannot be undefined. Please make sure to return a value other than undefined from your query function. Affected query key: ["themes"]
Query data cannot be undefined. Please make sure to return a value other than undefined from your query function. Affected query key: ["current-theme"]
Query data cannot be undefined. Please make sure to return a value other than undefined from your query function. Affected query key: ["themes"]
Query data cannot be undefined. Please make sure to return a value other than undefined from your query function. Affected query key: ["current-theme"]
Query data cannot be undefined. Please make sure to return a value other than undefined from your query function. Affected query key: ["themes"]
Query data cannot be undefined. Please make sure to return a value other than undefined from your query function. Affected query key: ["current-theme"]
Query data cannot be undefined. Please make sure to return a value other than undefined from your query function. Affected query key: ["themes"]
Query data cannot be undefined. Please make sure to return a value other than undefined from your query function. Affected query key: ["current-theme"]
Query data cannot be undefined. Please make sure to return a value other than undefined from your query function. Affected query key: ["themes"]
Query data cannot be undefined. Please make sure to return a value other than undefined from your query function. Affected query key: ["current-theme"]
Query data cannot be undefined. Please make sure to return a value other than undefined from your query function. Affected query key: ["themes"]
Query data cannot be undefined. Please make sure to return a value other than undefined from your query function. Affected query key: ["current-theme"]
Query data cannot be undefined. Please make sure to return a value other than undefined from your query function. Affected query key: ["themes"]
Query data cannot be undefined. Please make sure to return a value other than undefined from your query function. Affected query key: ["current-theme"]
Query data cannot be undefined. Please make sure to return a value other than undefined from your query function. Affected query key: ["themes"]
Query data cannot be undefined. Please make sure to return a value other than undefined from your query function. Affected query key: ["current-theme"]
Query data cannot be undefined. Please make sure to return a value other than undefined from your query function. Affected query key: ["themes"]
Query data cannot be undefined. Please make sure to return a value other than undefined from your query function. Affected query key: ["current-theme"]
Query data cannot be undefined. Please make sure to return a value other than undefined from your query function. Affected query key: ["themes"]
Query data cannot be undefined. Please make sure to return a value other than undefined from your query function. Affected query key: ["current-theme"]
Query data cannot be undefined. Please make sure to return a value other than undefined from your query function. Affected query key: ["themes"]
Query data cannot be undefined. Please make sure to return a value other than undefined from your query function. Affected query key: ["current-theme"]
Query data cannot be undefined. Please make sure to return a value other than undefined from your query function. Affected query key: ["themes"]
Query data cannot be undefined. Please make sure to return a value other than undefined from your query function. Affected query key: ["current-theme"]
Query data cannot be undefined. Please make sure to return a value other than undefined from your query function. Affected query key: ["themes"]
Query data cannot be undefined. Please make sure to return a value other than undefined from your query function. Affected query key: ["current-theme"]
Query data cannot be undefined. Please make sure to return a value other than undefined from your query function. Affected query key: ["themes"]
Query data cannot be undefined. Please make sure to return a value other than undefined from your query function. Affected query key: ["current-theme"]
Query data cannot be undefined. Please make sure to return a value other than undefined from your query function. Affected query key: ["themes"]
Query data cannot be undefined. Please make sure to return a value other than undefined from your query function. Affected query key: ["current-theme"]
Query data cannot be undefined. Please make sure to return a value other than undefined from your query function. Affected query key: ["themes"]
Query data cannot be undefined. Please make sure to return a value other than undefined from your query function. Affected query key: ["current-theme"]
Query data cannot be undefined. Please make sure to return a value other than undefined from your query function. Affected query key: ["themes"]
Query data cannot be undefined. Please make sure to return a value other than undefined from your query function. Affected query key: ["current-theme"]
Query data cannot be undefined. Please make sure to return a value other than undefined from your query function. Affected query key: ["themes"]
Query data cannot be undefined. Please make sure to return a value other than undefined from your query function. Affected query key: ["current-theme"]
Query data cannot be undefined. Please make sure to return a value other than undefined from your query function. Affected query key: ["themes"]
Query data cannot be undefined. Please make sure to return a value other than undefined from your query function. Affected query key: ["current-theme"]
Query data cannot be undefined. Please make sure to return a value other than undefined from your query function. Affected query key: ["themes"]
Query data cannot be undefined. Please make sure to return a value other than undefined from your query function. Affected query key: ["current-theme"]
Query data cannot be undefined. Please make sure to return a value other than undefined from your query function. Affected query key: ["themes"]
Query data cannot be undefined. Please make sure to return a value other than undefined from your query function. Affected query key: ["current-theme"]
Query data cannot be undefined. Please make sure to return a value other than undefined from your query function. Affected query key: ["themes"]
Query data cannot be undefined. Please make sure to return a value other than undefined from your query function. Affected query key: ["current-theme"]
Query data cannot be undefined. Please make sure to return a value other than undefined from your query function. Affected query key: ["themes"]
Query data cannot be undefined. Please make sure to return a value other than undefined from your query function. Affected query key: ["current-theme"]
Query data cannot be undefined. Please make sure to return a value other than undefined from your query function. Affected query key: ["themes"]
Query data cannot be undefined. Please make sure to return a value other than undefined from your query function. Affected query key: ["current-theme"]
Query data cannot be undefined. Please make sure to return a value other than undefined from your query function. Affected query key: ["themes"]
Query data cannot be undefined. Please make sure to return a value other than undefined from your query function. Affected query key: ["current-theme"]
Query data cannot be undefined. Please make sure to return a value other than undefined from your query function. Affected query key: ["themes"]
Query data cannot be undefined. Please make sure to return a value other than undefined from your query function. Affected query key: ["current-theme"]
Query data cannot be undefined. Please make sure to return a value other than undefined from your query function. Affected query key: ["themes"]
Query data cannot be undefined. Please make sure to return a value other than undefined from your query function. Affected query key: ["current-theme"]
Query data cannot be undefined. Please make sure to return a value other than undefined from your query function. Affected query key: ["themes"]
Query data cannot be undefined. Please make sure to return a value other than undefined from your query function. Affected query key: ["current-theme"]
Query data cannot be undefined. Please make sure to return a value other than undefined from your query function. Affected query key: ["themes"]
Query data cannot be undefined. Please make sure to return a value other than undefined from your query function. Affected query key: ["current-theme"]
Query data cannot be undefined. Please make sure to return a value other than undefined from your query function. Affected query key: ["themes"]
Query data cannot be undefined. Please make sure to return a value other than undefined from your query function. Affected query key: ["current-theme"]
Query data cannot be undefined. Please make sure to return a value other than undefined from your query function. Affected query key: ["themes"]
Query data cannot be undefined. Please make sure to return a value other than undefined from your query function. Affected query key: ["current-theme"]
Query data cannot be undefined. Please make sure to return a value other than undefined from your query function. Affected query key: ["themes"]
Query data cannot be undefined. Please make sure to return a value other than undefined from your query function. Affected query key: ["current-theme"]
Query data cannot be undefined. Please make sure to return a value other than undefined from your query function. Affected query key: ["themes"]
Query data cannot be undefined. Please make sure to return a value other than undefined from your query function. Affected query key: ["current-theme"]
Query data cannot be undefined. Please make sure to return a value other than undefined from your query function. Affected query key: ["themes"]
Query data cannot be undefined. Please make sure to return a value other than undefined from your query function. Affected query key: ["current-theme"]
Query data cannot be undefined. Please make sure to return a value other than undefined from your query function. Affected query key: ["themes"]
Query data cannot be undefined. Please make sure to return a value other than undefined from your query function. Affected query key: ["current-theme"]
Query data cannot be undefined. Please make sure to return a value other than undefined from your query function. Affected query key: ["themes"]
Query data cannot be undefined. Please make sure to return a value other than undefined from your query function. Affected query key: ["current-theme"]
Query data cannot be undefined. Please make sure to return a value other than undefined from your query function. Affected query key: ["themes"]
Query data cannot be undefined. Please make sure to return a value other than undefined from your query function. Affected query key: ["current-theme"]
Query data cannot be undefined. Please make sure to return a value other than undefined from your query function. Affected query key: ["themes"]
Query data cannot be undefined. Please make sure to return a value other than undefined from your query function. Affected query key: ["current-theme"]
Query data cannot be undefined. Please make sure to return a value other than undefined from your query function. Affected query key: ["themes"]
Query data cannot be undefined. Please make sure to return a value other than undefined from your query function. Affected query key: ["current-theme"]
Query data cannot be undefined. Please make sure to return a value other than undefined from your query function. Affected query key: ["themes"]
Query data cannot be undefined. Please make sure to return a value other than undefined from your query function. Affected query key: ["current-theme"]
Query data cannot be undefined. Please make sure to return a value other than undefined from your query function. Affected query key: ["themes"]
Query data cannot be undefined. Please make sure to return a value other than undefined from your query function. Affected query key: ["current-theme"]
Query data cannot be undefined. Please make sure to return a value other than undefined from your query function. Affected query key: ["themes"]
Query data cannot be undefined. Please make sure to return a value other than undefined from your query function. Affected query key: ["current-theme"]
Query data cannot be undefined. Please make sure to return a value other than undefined from your query function. Affected query key: ["themes"]
Query data cannot be undefined. Please make sure to return a value other than undefined from your query function. Affected query key: ["current-theme"]
Query data cannot be undefined. Please make sure to return a value other than undefined from your query function. Affected query key: ["themes"]
Query data cannot be undefined. Please make sure to return a value other than undefined from your query function. Affected query key: ["current-theme"]
Query data cannot be undefined. Please make sure to return a value other than undefined from your query function. Affected query key: ["themes"]
Query data cannot be undefined. Please make sure to return a value other than undefined from your query function. Affected query key: ["current-theme"]
Query data cannot be undefined. Please make sure to return a value other than undefined from your query function. Affected query key: ["themes"]
Query data cannot be undefined. Please make sure to return a value other than undefined from your query function. Affected query key: ["current-theme"]
Query data cannot be undefined. Please make sure to return a value other than undefined from your query function. Affected query key: ["themes"]
Query data cannot be undefined. Please make sure to return a value other than undefined from your query function. Affected query key: ["current-theme"]
Query data cannot be undefined. Please make sure to return a value other than undefined from your query function. Affected query key: ["themes"]
Query data cannot be undefined. Please make sure to return a value other than undefined from your query function. Affected query key: ["current-theme"]
Query data cannot be undefined. Please make sure to return a value other than undefined from your query function. Affected query key: ["themes"]
Query data cannot be undefined. Please make sure to return a value other than undefined from your query function. Affected query key: ["current-theme"]
Query data cannot be undefined. Please make sure to return a value other than undefined from your query function. Affected query key: ["themes"]
Query data cannot be undefined. Please make sure to return a value other than undefined from your query function. Affected query key: ["current-theme"]
Query data cannot be undefined. Please make sure to return a value other than undefined from your query function. Affected query key: ["themes"]
Query data cannot be undefined. Please make sure to return a value other than undefined from your query function. Affected query key: ["current-theme"]
Query data cannot be undefined. Please make sure to return a value other than undefined from your query function. Affected query key: ["themes"]
Query data cannot be undefined. Please make sure to return a value other than undefined from your query function. Affected query key: ["current-theme"]
Query data cannot be undefined. Please make sure to return a value other than undefined from your query function. Affected query key: ["themes"]
Query data cannot be undefined. Please make sure to return a value other than undefined from your query function. Affected query key: ["current-theme"]
Query data cannot be undefined. Please make sure to return a value other than undefined from your query function. Affected query key: ["themes"]
Query data cannot be undefined. Please make sure to return a value other than undefined from your query function. Affected query key: ["current-theme"]
Query data cannot be undefined. Please make sure to return a value other than undefined from your query function. Affected query key: ["themes"]
Query data cannot be undefined. Please make sure to return a value other than undefined from your query function. Affected query key: ["current-theme"]
Query data cannot be undefined. Please make sure to return a value other than undefined from your query function. Affected query key: ["themes"]
Query data cannot be undefined. Please make sure to return a value other than undefined from your query function. Affected query key: ["current-theme"]
Query data cannot be undefined. Please make sure to return a value other than undefined from your query function. Affected query key: ["themes"]
Query data cannot be undefined. Please make sure to return a value other than undefined from your query function. Affected query key: ["current-theme"]
Query data cannot be undefined. Please make sure to return a value other than undefined from your query function. Affected query key: ["themes"]
Query data cannot be undefined. Please make sure to return a value other than undefined from your query function. Affected query key: ["current-theme"]
Query data cannot be undefined. Please make sure to return a value other than undefined from your query function. Affected query key: ["themes"]
Query data cannot be undefined. Please make sure to return a value other than undefined from your query function. Affected query key: ["current-theme"]
Query data cannot be undefined. Please make sure to return a value other than undefined from your query function. Affected query key: ["themes"]
Query data cannot be undefined. Please make sure to return a value other than undefined from your query function. Affected query key: ["current-theme"]
Query data cannot be undefined. Please make sure to return a value other than undefined from your query function. Affected query key: ["themes"]
Query data cannot be undefined. Please make sure to return a value other than undefined from your query function. Affected query key: ["current-theme"]
Query data cannot be undefined. Please make sure to return a value other than undefined from your query function. Affected query key: ["themes"]
Query data cannot be undefined. Please make sure to return a value other than undefined from your query function. Affected query key: ["current-theme"]
Query data cannot be undefined. Please make sure to return a value other than undefined from your query function. Affected query key: ["themes"]
Query data cannot be undefined. Please make sure to return a value other than undefined from your query function. Affected query key: ["current-theme"]
Query data cannot be undefined. Please make sure to return a value other than undefined from your query function. Affected query key: ["themes"]
Query data cannot be undefined. Please make sure to return a value other than undefined from your query function. Affected query key: ["current-theme"]
Query data cannot be undefined. Please make sure to return a value other than undefined from your query function. Affected query key: ["themes"]
Query data cannot be undefined. Please make sure to return a value other than undefined from your query function. Affected query key: ["current-theme"]
Query data cannot be undefined. Please make sure to return a value other than undefined from your query function. Affected query key: ["themes"]
Query data cannot be undefined. Please make sure to return a value other than undefined from your query function. Affected query key: ["current-theme"]
Query data cannot be undefined. Please make sure to return a value other than undefined from your query function. Affected query key: ["themes"]
Query data cannot be undefined. Please make sure to return a value other than undefined from your query function. Affected query key: ["current-theme"]
Query data cannot be undefined. Please make sure to return a value other than undefined from your query function. Affected query key: ["themes"]
Query data cannot be undefined. Please make sure to return a value other than undefined from your query function. Affected query key: ["current-theme"]
Query data cannot be undefined. Please make sure to return a value other than undefined from your query function. Affected query key: ["themes"]
Query data cannot be undefined. Please make sure to return a value other than undefined from your query function. Affected query key: ["current-theme"]
Query data cannot be undefined. Please make sure to return a value other than undefined from your query function. Affected query key: ["themes"]
Query data cannot be undefined. Please make sure to return a value other than undefined from your query function. Affected query key: ["current-theme"]
Query data cannot be undefined. Please make sure to return a value other than undefined from your query function. Affected query key: ["themes"]
Query data cannot be undefined. Please make sure to return a value other than undefined from your query function. Affected query key: ["current-theme"]
Query data cannot be undefined. Please make sure to return a value other than undefined from your query function. Affected query key: ["themes"]
Query data cannot be undefined. Please make sure to return a value other than undefined from your query function. Affected query key: ["current-theme"]
Query data cannot be undefined. Please make sure to return a value other than undefined from your query function. Affected query key: ["themes"]
Query data cannot be undefined. Please make sure to return a value other than undefined from your query function. Affected query key: ["current-theme"]
Query data cannot be undefined. Please make sure to return a value other than undefined from your query function. Affected query key: ["themes"]
Query data cannot be undefined. Please make sure to return a value other than undefined from your query function. Affected query key: ["current-theme"]
Query data cannot be undefined. Please make sure to return a value other than undefined from your query function. Affected query key: ["themes"]
Query data cannot be undefined. Please make sure to return a value other than undefined from your query function. Affected query key: ["current-theme"]
Query data cannot be undefined. Please make sure to return a value other than undefined from your query function. Affected query key: ["themes"]
Query data cannot be undefined. Please make sure to return a value other than undefined from your query function. Affected query key: ["current-theme"]
Query data cannot be undefined. Please make sure to return a value other than undefined from your query function. Affected query key: ["themes"]
Query data cannot be undefined. Please make sure to return a value other than undefined from your query function. Affected query key: ["current-theme"]
Query data cannot be undefined. Please make sure to return a value other than undefined from your query function. Affected query key: ["themes"]
Query data cannot be undefined. Please make sure to return a value other than undefined from your query function. Affected query key: ["current-theme"]
Query data cannot be undefined. Please make sure to return a value other than undefined from your query function. Affected query key: ["themes"]
Query data cannot be undefined. Please make sure to return a value other than undefined from your query function. Affected query key: ["current-theme"]
Query data cannot be undefined. Please make sure to return a value other than undefined from your query function. Affected query key: ["themes"]
Query data cannot be undefined. Please make sure to return a value other than undefined from your query function. Affected query key: ["current-theme"]
Query data cannot be undefined. Please make sure to return a value other than undefined from your query function. Affected query key: ["themes"]
Query data cannot be undefined. Please make sure to return a value other than undefined from your query function. Affected query key: ["current-theme"]
Query data cannot be undefined. Please make sure to return a value other than undefined from your query function. Affected query key: ["themes"]
Query data cannot be undefined. Please make sure to return a value other than undefined from your query function. Affected query key: ["current-theme"]
Query data cannot be undefined. Please make sure to return a value other than undefined from your query function. Affected query key: ["themes"]
Query data cannot be undefined. Please make sure to return a value other than undefined from your query function. Affected query key: ["current-theme"]
Query data cannot be undefined. Please make sure to return a value other than undefined from your query function. Affected query key: ["themes"]
Query data cannot be undefined. Please make sure to return a value other than undefined from your query function. Affected query key: ["current-theme"]
Query data cannot be undefined. Please make sure to return a value other than undefined from your query function. Affected query key: ["themes"]
Query data cannot be undefined. Please make sure to return a value other than undefined from your query function. Affected query key: ["current-theme"]
Query data cannot be undefined. Please make sure to return a value other than undefined from your query function. Affected query key: ["themes"]
Query data cannot be undefined. Please make sure to return a value other than undefined from your query function. Affected query key: ["current-theme"]
Query data cannot be undefined. Please make sure to return a value other than undefined from your query function. Affected query key: ["themes"]
Query data cannot be undefined. Please make sure to return a value other than undefined from your query function. Affected query key: ["current-theme"]
Query data cannot be undefined. Please make sure to return a value other than undefined from your query function. Affected query key: ["themes"]
Query data cannot be undefined. Please make sure to return a value other than undefined from your query function. Affected query key: ["current-theme"]
Query data cannot be undefined. Please make sure to return a value other than undefined from your query function. Affected query key: ["themes"]
Query data cannot be undefined. Please make sure to return a value other than undefined from your query function. Affected query key: ["current-theme"]
Query data cannot be undefined. Please make sure to return a value other than undefined from your query function. Affected query key: ["themes"]
Query data cannot be undefined. Please make sure to return a value other than undefined from your query function. Affected query key: ["current-theme"]
Query data cannot be undefined. Please make sure to return a value other than undefined from your query function. Affected query key: ["themes"]
Query data cannot be undefined. Please make sure to return a value other than undefined from your query function. Affected query key: ["current-theme"]
Query data cannot be undefined. Please make sure to return a value other than undefined from your query function. Affected query key: ["themes"]
Query data cannot be undefined. Please make sure to return a value other than undefined from your query function. Affected query key: ["current-theme"]
Query data cannot be undefined. Please make sure to return a value other than undefined from your query function. Affected query key: ["themes"]
Query data cannot be undefined. Please make sure to return a value other than undefined from your query function. Affected query key: ["current-theme"]
Query data cannot be undefined. Please make sure to return a value other than undefined from your query function. Affected query key: ["themes"]
Query data cannot be undefined. Please make sure to return a value other than undefined from your query function. Affected query key: ["current-theme"]
Query data cannot be undefined. Please make sure to return a value other than undefined from your query function. Affected query key: ["themes"]
Query data cannot be undefined. Please make sure to return a value other than undefined from your query function. Affected query key: ["current-theme"]
Query data cannot be undefined. Please make sure to return a value other than undefined from your query function. Affected query key: ["themes"]
Query data cannot be undefined. Please make sure to return a value other than undefined from your query function. Affected query key: ["current-theme"]
Query data cannot be undefined. Please make sure to return a value other than undefined from your query function. Affected query key: ["themes"]
Query data cannot be undefined. Please make sure to return a value other than undefined from your query function. Affected query key: ["current-theme"]
Query data cannot be undefined. Please make sure to return a value other than undefined from your query function. Affected query key: ["themes"]
Query data cannot be undefined. Please make sure to return a value other than undefined from your query function. Affected query key: ["current-theme"]
Query data cannot be undefined. Please make sure to return a value other than undefined from your query function. Affected query key: ["themes"]
Query data cannot be undefined. Please make sure to return a value other than undefined from your query function. Affected query key: ["current-theme"]
Query data cannot be undefined. Please make sure to return a value other than undefined from your query function. Affected query key: ["themes"]
Query data cannot be undefined. Please make sure to return a value other than undefined from your query function. Affected query key: ["current-theme"]
Query data cannot be undefined. Please make sure to return a value other than undefined from your query function. Affected query key: ["themes"]
Query data cannot be undefined. Please make sure to return a value other than undefined from your query function. Affected query key: ["current-theme"]
Query data cannot be undefined. Please make sure to return a value other than undefined from your query function. Affected query key: ["themes"]
Query data cannot be undefined. Please make sure to return a value other than undefined from your query function. Affected query key: ["current-theme"]
Query data cannot be undefined. Please make sure to return a value other than undefined from your query function. Affected query key: ["themes"]
Query data cannot be undefined. Please make sure to return a value other than undefined from your query function. Affected query key: ["current-theme"]
Query data cannot be undefined. Please make sure to return a value other than undefined from your query function. Affected query key: ["themes"]
Query data cannot be undefined. Please make sure to return a value other than undefined from your query function. Affected query key: ["current-theme"]
Query data cannot be undefined. Please make sure to return a value other than undefined from your query function. Affected query key: ["themes"]
Query data cannot be undefined. Please make sure to return a value other than undefined from your query function. Affected query key: ["current-theme"]
Query data cannot be undefined. Please make sure to return a value other than undefined from your query function. Affected query key: ["themes"]
Query data cannot be undefined. Please make sure to return a value other than undefined from your query function. Affected query key: ["current-theme"]
Query data cannot be undefined. Please make sure to return a value other than undefined from your query function. Affected query key: ["themes"]
Query data cannot be undefined. Please make sure to return a value other than undefined from your query function. Affected query key: ["current-theme"]
Query data cannot be undefined. Please make sure to return a value other than undefined from your query function. Affected query key: ["themes"]
Query data cannot be undefined. Please make sure to return a value other than undefined from your query function. Affected query key: ["current-theme"]
Query data cannot be undefined. Please make sure to return a value other than undefined from your query function. Affected query key: ["themes"]
Query data cannot be undefined. Please make sure to return a value other than undefined from your query function. Affected query key: ["current-theme"]
Query data cannot be undefined. Please make sure to return a value other than undefined from your query function. Affected query key: ["themes"]
Query data cannot be undefined. Please make sure to return a value other than undefined from your query function. Affected query key: ["current-theme"]
Query data cannot be undefined. Please make sure to return a value other than undefined from your query function. Affected query key: ["themes"]
Query data cannot be undefined. Please make sure to return a value other than undefined from your query function. Affected query key: ["current-theme"]
Query data cannot be undefined. Please make sure to return a value other than undefined from your query function. Affected query key: ["themes"]
Query data cannot be undefined. Please make sure to return a value other than undefined from your query function. Affected query key: ["current-theme"]
Query data cannot be undefined. Please make sure to return a value other than undefined from your query function. Affected query key: ["themes"]
Query data cannot be undefined. Please make sure to return a value other than undefined from your query function. Affected query key: ["current-theme"]
Query data cannot be undefined. Please make sure to return a value other than undefined from your query function. Affected query key: ["themes"]
Query data cannot be undefined. Please make sure to return a value other than undefined from your query function. Affected query key: ["current-theme"]
Query data cannot be undefined. Please make sure to return a value other than undefined from your query function. Affected query key: ["themes"]
Query data cannot be undefined. Please make sure to return a value other than undefined from your query function. Affected query key: ["current-theme"]
Query data cannot be undefined. Please make sure to return a value other than undefined from your query function. Affected query key: ["themes"]
Query data cannot be undefined. Please make sure to return a value other than undefined from your query function. Affected query key: ["current-theme"]
Query data cannot be undefined. Please make sure to return a value other than undefined from your query function. Affected query key: ["themes"]
Query data cannot be undefined. Please make sure to return a value other than undefined from your query function. Affected query key: ["current-theme"]
Query data cannot be undefined. Please make sure to return a value other than undefined from your query function. Affected query key: ["themes"]
Query data cannot be undefined. Please make sure to return a value other than undefined from your query function. Affected query key: ["current-theme"]
Query data cannot be undefined. Please make sure to return a value other than undefined from your query function. Affected query key: ["themes"]
Query data cannot be undefined. Please make sure to return a value other than undefined from your query function. Affected query key: ["current-theme"]
Query data cannot be undefined. Please make sure to return a value other than undefined from your query function. Affected query key: ["themes"]
Query data cannot be undefined. Please make sure to return a value other than undefined from your query function. Affected query key: ["current-theme"]
Query data cannot be undefined. Please make sure to return a value other than undefined from your query function. Affected query key: ["themes"]
Query data cannot be undefined. Please make sure to return a value other than undefined from your query function. Affected query key: ["current-theme"]
Query data cannot be undefined. Please make sure to return a value other than undefined from your query function. Affected query key: ["themes"]
Query data cannot be undefined. Please make sure to return a value other than undefined from your query function. Affected query key: ["current-theme"]
Query data cannot be undefined. Please make sure to return a value other than undefined from your query function. Affected query key: ["themes"]
Query data cannot be undefined. Please make sure to return a value other than undefined from your query function. Affected query key: ["current-theme"]
Query data cannot be undefined. Please make sure to return a value other than undefined from your query function. Affected query key: ["themes"]
Query data cannot be undefined. Please make sure to return a value other than undefined from your query function. Affected query key: ["current-theme"]
Query data cannot be undefined. Please make sure to return a value other than undefined from your query function. Affected query key: ["themes"]
Query data cannot be undefined. Please make sure to return a value other than undefined from your query function. Affected query key: ["current-theme"]
Query data cannot be undefined. Please make sure to return a value other than undefined from your query function. Affected query key: ["themes"]
Query data cannot be undefined. Please make sure to return a value other than undefined from your query function. Affected query key: ["current-theme"]
Query data cannot be undefined. Please make sure to return a value other than undefined from your query function. Affected query key: ["themes"]
Query data cannot be undefined. Please make sure to return a value other than undefined from your query function. Affected query key: ["current-theme"]
Query data cannot be undefined. Please make sure to return a value other than undefined from your query function. Affected query key: ["themes"]
Query data cannot be undefined. Please make sure to return a value other than undefined from your query function. Affected query key: ["current-theme"]
Query data cannot be undefined. Please make sure to return a value other than undefined from your query function. Affected query key: ["themes"]
Query data cannot be undefined. Please make sure to return a value other than undefined from your query function. Affected query key: ["current-theme"]
Query data cannot be undefined. Please make sure to return a value other than undefined from your query function. Affected query key: ["themes"]
Query data cannot be undefined. Please make sure to return a value other than undefined from your query function. Affected query key: ["current-theme"]
Query data cannot be undefined. Please make sure to return a value other than undefined from your query function. Affected query key: ["themes"]
Query data cannot be undefined. Please make sure to return a value other than undefined from your query function. Affected query key: ["current-theme"]
Query data cannot be undefined. Please make sure to return a value other than undefined from your query function. Affected query key: ["themes"]
Query data cannot be undefined. Please make sure to return a value other than undefined from your query function. Affected query key: ["current-theme"]
Query data cannot be undefined. Please make sure to return a value other than undefined from your query function. Affected query key: ["themes"]
Query data cannot be undefined. Please make sure to return a value other than undefined from your query function. Affected query key: ["current-theme"]
Query data cannot be undefined. Please make sure to return a value other than undefined from your query function. Affected query key: ["themes"]
Query data cannot be undefined. Please make sure to return a value other than undefined from your query function. Affected query key: ["current-theme"]
Query data cannot be undefined. Please make sure to return a value other than undefined from your query function. Affected query key: ["themes"]
Query data cannot be undefined. Please make sure to return a value other than undefined from your query function. Affected query key: ["current-theme"]
Query data cannot be undefined. Please make sure to return a value other than undefined from your query function. Affected query key: ["themes"]
Query data cannot be undefined. Please make sure to return a value other than undefined from your query function. Affected query key: ["current-theme"]
Query data cannot be undefined. Please make sure to return a value other than undefined from your query function. Affected query key: ["themes"]
Query data cannot be undefined. Please make sure to return a value other than undefined from your query function. Affected query key: ["current-theme"]
Query data cannot be undefined. Please make sure to return a value other than undefined from your query function. Affected query key: ["themes"]
Query data cannot be undefined. Please make sure to return a value other than undefined from your query function. Affected query key: ["current-theme"]
Query data cannot be undefined. Please make sure to return a value other than undefined from your query function. Affected query key: ["themes"]
Query data cannot be undefined. Please make sure to return a value other than undefined from your query function. Affected query key: ["current-theme"]
Query data cannot be undefined. Please make sure to return a value other than undefined from your query function. Affected query key: ["themes"]
Query data cannot be undefined. Please make sure to return a value other than undefined from your query function. Affected query key: ["current-theme"]
Query data cannot be undefined. Please make sure to return a value other than undefined from your query function. Affected query key: ["themes"]
Query data cannot be undefined. Please make sure to return a value other than undefined from your query function. Affected query key: ["current-theme"]
Query data cannot be undefined. Please make sure to return a value other than undefined from your query function. Affected query key: ["themes"]
Query data cannot be undefined. Please make sure to return a value other than undefined from your query function. Affected query key: ["current-theme"]
Query data cannot be undefined. Please make sure to return a value other than undefined from your query function. Affected query key: ["themes"]
Query data cannot be undefined. Please make sure to return a value other than undefined from your query function. Affected query key: ["current-theme"]
Query data cannot be undefined. Please make sure to return a value other than undefined from your query function. Affected query key: ["themes"]
Query data cannot be undefined. Please make sure to return a value other than undefined from your query function. Affected query key: ["current-theme"]
Query data cannot be undefined. Please make sure to return a value other than undefined from your query function. Affected query key: ["themes"]
Query data cannot be undefined. Please make sure to return a value other than undefined from your query function. Affected query key: ["current-theme"]
Query data cannot be undefined. Please make sure to return a value other than undefined from your query function. Affected query key: ["themes"]
Query data cannot be undefined. Please make sure to return a value other than undefined from your query function. Affected query key: ["current-theme"]
Query data cannot be undefined. Please make sure to return a value other than undefined from your query function. Affected query key: ["themes"]
Query data cannot be undefined. Please make sure to return a value other than undefined from your query function. Affected query key: ["current-theme"]
Query data cannot be undefined. Please make sure to return a value other than undefined from your query function. Affected query key: ["themes"]
Query data cannot be undefined. Please make sure to return a value other than undefined from your query function. Affected query key: ["current-theme"]
Query data cannot be undefined. Please make sure to return a value other than undefined from your query function. Affected query key: ["themes"]
Query data cannot be undefined. Please make sure to return a value other than undefined from your query function. Affected query key: ["current-theme"]
Query data cannot be undefined. Please make sure to return a value other than undefined from your query function. Affected query key: ["themes"]
Query data cannot be undefined. Please make sure to return a value other than undefined from your query function. Affected query key: ["current-theme"]
Query data cannot be undefined. Please make sure to return a value other than undefined from your query function. Affected query key: ["themes"]
Query data cannot be undefined. Please make sure to return a value other than undefined from your query function. Affected query key: ["current-theme"]
Query data cannot be undefined. Please make sure to return a value other than undefined from your query function. Affected query key: ["themes"]
Query data cannot be undefined. Please make sure to return a value other than undefined from your query function. Affected query key: ["current-theme"]
Query data cannot be undefined. Please make sure to return a value other than undefined from your query function. Affected query key: ["themes"]
Query data cannot be undefined. Please make sure to return a value other than undefined from your query function. Affected query key: ["current-theme"]
Query data cannot be undefined. Please make sure to return a value other than undefined from your query function. Affected query key: ["themes"]
Query data cannot be undefined. Please make sure to return a value other than undefined from your query function. Affected query key: ["current-theme"]
Query data cannot be undefined. Please make sure to return a value other than undefined from your query function. Affected query key: ["themes"]
Query data cannot be undefined. Please make sure to return a value other than undefined from your query function. Affected query key: ["current-theme"]
Query data cannot be undefined. Please make sure to return a value other than undefined from your query function. Affected query key: ["themes"]
Query data cannot be undefined. Please make sure to return a value other than undefined from your query function. Affected query key: ["current-theme"]
Query data cannot be undefined. Please make sure to return a value other than undefined from your query function. Affected query key: ["themes"]
Query data cannot be undefined. Please make sure to return a value other than undefined from your query function. Affected query key: ["current-theme"]
Query data cannot be undefined. Please make sure to return a value other than undefined from your query function. Affected query key: ["themes"]
Query data cannot be undefined. Please make sure to return a value other than undefined from your query function. Affected query key: ["current-theme"]
Query data cannot be undefined. Please make sure to return a value other than undefined from your query function. Affected query key: ["themes"]
Query data cannot be undefined. Please make sure to return a value other than undefined from your query function. Affected query key: ["current-theme"]
Query data cannot be undefined. Please make sure to return a value other than undefined from your query function. Affected query key: ["themes"]
Query data cannot be undefined. Please make sure to return a value other than undefined from your query function. Affected query key: ["current-theme"]
Query data cannot be undefined. Please make sure to return a value other than undefined from your query function. Affected query key: ["themes"]
Query data cannot be undefined. Please make sure to return a value other than undefined from your query function. Affected query key: ["current-theme"]
Query data cannot be undefined. Please make sure to return a value other than undefined from your query function. Affected query key: ["themes"]
Query data cannot be undefined. Please make sure to return a value other than undefined from your query function. Affected query key: ["current-theme"]
Query data cannot be undefined. Please make sure to return a value other than undefined from your query function. Affected query key: ["themes"]
Query data cannot be undefined. Please make sure to return a value other than undefined from your query function. Affected query key: ["current-theme"]
Query data cannot be undefined. Please make sure to return a value other than undefined from your query function. Affected query key: ["themes"]
Query data cannot be undefined. Please make sure to return a value other than undefined from your query function. Affected query key: ["current-theme"]
Query data cannot be undefined. Please make sure to return a value other than undefined from your query function. Affected query key: ["themes"]
Query data cannot be undefined. Please make sure to return a value other than undefined from your query function. Affected query key: ["current-theme"]
Query data cannot be undefined. Please make sure to return a value other than undefined from your query function. Affected query key: ["themes"]
Query data cannot be undefined. Please make sure to return a value other than undefined from your query function. Affected query key: ["current-theme"]
Query data cannot be undefined. Please make sure to return a value other than undefined from your query function. Affected query key: ["themes"]
Query data cannot be undefined. Please make sure to return a value other than undefined from your query function. Affected query key: ["current-theme"]
Query data cannot be undefined. Please make sure to return a value other than undefined from your query function. Affected query key: ["themes"]
Query data cannot be undefined. Please make sure to return a value other than undefined from your query function. Affected query key: ["current-theme"]
Query data cannot be undefined. Please make sure to return a value other than undefined from your query function. Affected query key: ["themes"]
Query data cannot be undefined. Please make sure to return a value other than undefined from your query function. Affected query key: ["current-theme"]
Query data cannot be undefined. Please make sure to return a value other than undefined from your query function. Affected query key: ["themes"]
Query data cannot be undefined. Please make sure to return a value other than undefined from your query function. Affected query key: ["current-theme"]
Query data cannot be undefined. Please make sure to return a value other than undefined from your query function. Affected query key: ["themes"]
Query data cannot be undefined. Please make sure to return a value other than undefined from your query function. Affected query key: ["current-theme"]
Query data cannot be undefined. Please make sure to return a value other than undefined from your query function. Affected query key: ["themes"]
Query data cannot be undefined. Please make sure to return a value other than undefined from your query function. Affected query key: ["current-theme"]
Query data cannot be undefined. Please make sure to return a value other than undefined from your query function. Affected query key: ["themes"]
Query data cannot be undefined. Please make sure to return a value other than undefined from your query function. Affected query key: ["current-theme"]
Query data cannot be undefined. Please make sure to return a value other than undefined from your query function. Affected query key: ["themes"]
Query data cannot be undefined. Please make sure to return a value other than undefined from your query function. Affected query key: ["current-theme"]
Query data cannot be undefined. Please make sure to return a value other than undefined from your query function. Affected query key: ["themes"]
Query data cannot be undefined. Please make sure to return a value other than undefined from your query function. Affected query key: ["current-theme"]
Query data cannot be undefined. Please make sure to return a value other than undefined from your query function. Affected query key: ["themes"]
Query data cannot be undefined. Please make sure to return a value other than undefined from your query function. Affected query key: ["current-theme"]
Query data cannot be undefined. Please make sure to return a value other than undefined from your query function. Affected query key: ["themes"]
Query data cannot be undefined. Please make sure to return a value other than undefined from your query function. Affected query key: ["current-theme"]
Query data cannot be undefined. Please make sure to return a value other than undefined from your query function. Affected query key: ["themes"]
Query data cannot be undefined. Please make sure to return a value other than undefined from your query function. Affected query key: ["current-theme"]
Query data cannot be undefined. Please make sure to return a value other than undefined from your query function. Affected query key: ["themes"]
Query data cannot be undefined. Please make sure to return a value other than undefined from your query function. Affected query key: ["current-theme"]
Query data cannot be undefined. Please make sure to return a value other than undefined from your query function. Affected query key: ["themes"]
Query data cannot be undefined. Please make sure to return a value other than undefined from your query function. Affected query key: ["current-theme"]
Query data cannot be undefined. Please make sure to return a value other than undefined from your query function. Affected query key: ["themes"]
Query data cannot be undefined. Please make sure to return a value other than undefined from your query function. Affected query key: ["current-theme"]
Query data cannot be undefined. Please make sure to return a value other than undefined from your query function. Affected query key: ["themes"]
Query data cannot be undefined. Please make sure to return a value other than undefined from your query function. Affected query key: ["current-theme"]
Query data cannot be undefined. Please make sure to return a value other than undefined from your query function. Affected query key: ["themes"]
Query data cannot be undefined. Please make sure to return a value other than undefined from your query function. Affected query key: ["current-theme"]
Query data cannot be undefined. Please make sure to return a value other than undefined from your query function. Affected query key: ["themes"]
Query data cannot be undefined. Please make sure to return a value other than undefined from your query function. Affected query key: ["current-theme"]
Query data cannot be undefined. Please make sure to return a value other than undefined from your query function. Affected query key: ["themes"]
Query data cannot be undefined. Please make sure to return a value other than undefined from your query function. Affected query key: ["current-theme"]
Query data cannot be undefined. Please make sure to return a value other than undefined from your query function. Affected query key: ["themes"]
Query data cannot be undefined. Please make sure to return a value other than undefined from your query function. Affected query key: ["current-theme"]
Query data cannot be undefined. Please make sure to return a value other than undefined from your query function. Affected query key: ["themes"]
Query data cannot be undefined. Please make sure to return a value other than undefined from your query function. Affected query key: ["current-theme"]
Query data cannot be undefined. Please make sure to return a value other than undefined from your query function. Affected query key: ["themes"]
Query data cannot be undefined. Please make sure to return a value other than undefined from your query function. Affected query key: ["current-theme"]
Query data cannot be undefined. Please make sure to return a value other than undefined from your query function. Affected query key: ["themes"]
Query data cannot be undefined. Please make sure to return a value other than undefined from your query function. Affected query key: ["current-theme"]
Query data cannot be undefined. Please make sure to return a value other than undefined from your query function. Affected query key: ["themes"]
Query data cannot be undefined. Please make sure to return a value other than undefined from your query function. Affected query key: ["current-theme"]
Query data cannot be undefined. Please make sure to return a value other than undefined from your query function. Affected query key: ["themes"]
Query data cannot be undefined. Please make sure to return a value other than undefined from your query function. Affected query key: ["current-theme"]
Query data cannot be undefined. Please make sure to return a value other than undefined from your query function. Affected query key: ["themes"]
Query data cannot be undefined. Please make sure to return a value other than undefined from your query function. Affected query key: ["current-theme"]
Query data cannot be undefined. Please make sure to return a value other than undefined from your query function. Affected query key: ["themes"]
Query data cannot be undefined. Please make sure to return a value other than undefined from your query function. Affected query key: ["current-theme"]
Query data cannot be undefined. Please make sure to return a value other than undefined from your query function. Affected query key: ["themes"]
Query data cannot be undefined. Please make sure to return a value other than undefined from your query function. Affected query key: ["current-theme"]
Query data cannot be undefined. Please make sure to return a value other than undefined from your query function. Affected query key: ["themes"]
Query data cannot be undefined. Please make sure to return a value other than undefined from your query function. Affected query key: ["current-theme"]
Query data cannot be undefined. Please make sure to return a value other than undefined from your query function. Affected query key: ["themes"]
Query data cannot be undefined. Please make sure to return a value other than undefined from your query function. Affected query key: ["current-theme"]
Query data cannot be undefined. Please make sure to return a value other than undefined from your query function. Affected query key: ["themes"]
Query data cannot be undefined. Please make sure to return a value other than undefined from your query function. Affected query key: ["current-theme"]
Query data cannot be undefined. Please make sure to return a value other than undefined from your query function. Affected query key: ["themes"]
Query data cannot be undefined. Please make sure to return a value other than undefined from your query function. Affected query key: ["current-theme"]
Query data cannot be undefined. Please make sure to return a value other than undefined from your query function. Affected query key: ["themes"]
Query data cannot be undefined. Please make sure to return a value other than undefined from your query function. Affected query key: ["current-theme"]
Query data cannot be undefined. Please make sure to return a value other than undefined from your query function. Affected query key: ["themes"]
Query data cannot be undefined. Please make sure to return a value other than undefined from your query function. Affected query key: ["current-theme"]
Query data cannot be undefined. Please make sure to return a value other than undefined from your query function. Affected query key: ["themes"]
Query data cannot be undefined. Please make sure to return a value other than undefined from your query function. Affected query key: ["current-theme"]
Query data cannot be undefined. Please make sure to return a value other than undefined from your query function. Affected query key: ["themes"]
Query data cannot be undefined. Please make sure to return a value other than undefined from your query function. Affected query key: ["current-theme"]
Query data cannot be undefined. Please make sure to return a value other than undefined from your query function. Affected query key: ["themes"]
Query data cannot be undefined. Please make sure to return a value other than undefined from your query function. Affected query key: ["current-theme"]
Query data cannot be undefined. Please make sure to return a value other than undefined from your query function. Affected query key: ["themes"]
Query data cannot be undefined. Please make sure to return a value other than undefined from your query function. Affected query key: ["current-theme"]
Query data cannot be undefined. Please make sure to return a value other than undefined from your query function. Affected query key: ["themes"]
Query data cannot be undefined. Please make sure to return a value other than undefined from your query function. Affected query key: ["current-theme"]
Query data cannot be undefined. Please make sure to return a value other than undefined from your query function. Affected query key: ["themes"]
Query data cannot be undefined. Please make sure to return a value other than undefined from your query function. Affected query key: ["current-theme"]
Query data cannot be undefined. Please make sure to return a value other than undefined from your query function. Affected query key: ["themes"]
Query data cannot be undefined. Please make sure to return a value other than undefined from your query function. Affected query key: ["current-theme"]
Query data cannot be undefined. Please make sure to return a value other than undefined from your query function. Affected query key: ["themes"]
Query data cannot be undefined. Please make sure to return a value other than undefined from your query function. Affected query key: ["current-theme"]
Query data cannot be undefined. Please make sure to return a value other than undefined from your query function. Affected query key: ["themes"]
Query data cannot be undefined. Please make sure to return a value other than undefined from your query function. Affected query key: ["current-theme"]
Query data cannot be undefined. Please make sure to return a value other than undefined from your query function. Affected query key: ["themes"]
Query data cannot be undefined. Please make sure to return a value other than undefined from your query function. Affected query key: ["current-theme"]
Query data cannot be undefined. Please make sure to return a value other than undefined from your query function. Affected query key: ["themes"]
Query data cannot be undefined. Please make sure to return a value other than undefined from your query function. Affected query key: ["current-theme"]
Query data cannot be undefined. Please make sure to return a value other than undefined from your query function. Affected query key: ["themes"]
Query data cannot be undefined. Please make sure to return a value other than undefined from your query function. Affected query key: ["current-theme"]
Query data cannot be undefined. Please make sure to return a value other than undefined from your query function. Affected query key: ["themes"]
Query data cannot be undefined. Please make sure to return a value other than undefined from your query function. Affected query key: ["current-theme"]
Query data cannot be undefined. Please make sure to return a value other than undefined from your query function. Affected query key: ["themes"]
Query data cannot be undefined. Please make sure to return a value other than undefined from your query function. Affected query key: ["current-theme"]
Query data cannot be undefined. Please make sure to return a value other than undefined from your query function. Affected query key: ["themes"]
Query data cannot be undefined. Please make sure to return a value other than undefined from your query function. Affected query key: ["current-theme"]
Query data cannot be undefined. Please make sure to return a value other than undefined from your query function. Affected query key: ["themes"]
Query data cannot be undefined. Please make sure to return a value other than undefined from your query function. Affected query key: ["current-theme"]
Query data cannot be undefined. Please make sure to return a value other than undefined from your query function. Affected query key: ["themes"]
Query data cannot be undefined. Please make sure to return a value other than undefined from your query function. Affected query key: ["current-theme"]
Query data cannot be undefined. Please make sure to return a value other than undefined from your query function. Affected query key: ["themes"]
Query data cannot be undefined. Please make sure to return a value other than undefined from your query function. Affected query key: ["current-theme"]
Query data cannot be undefined. Please make sure to return a value other than undefined from your query function. Affected query key: ["themes"]
Query data cannot be undefined. Please make sure to return a value other than undefined from your query function. Affected query key: ["current-theme"]
Query data cannot be undefined. Please make sure to return a value other than undefined from your query function. Affected query key: ["themes"]
Query data cannot be undefined. Please make sure to return a value other than undefined from your query function. Affected query key: ["current-theme"]
Query data cannot be undefined. Please make sure to return a value other than undefined from your query function. Affected query key: ["themes"]
Query data cannot be undefined. Please make sure to return a value other than undefined from your query function. Affected query key: ["current-theme"]
Query data cannot be undefined. Please make sure to return a value other than undefined from your query function. Affected query key: ["themes"]
Query data cannot be undefined. Please make sure to return a value other than undefined from your query function. Affected query key: ["current-theme"]
Query data cannot be undefined. Please make sure to return a value other than undefined from your query function. Affected query key: ["themes"]
Query data cannot be undefined. Please make sure to return a value other than undefined from your query function. Affected query key: ["current-theme"]
Query data cannot be undefined. Please make sure to return a value other than undefined from your query function. Affected query key: ["themes"]
Query data cannot be undefined. Please make sure to return a value other than undefined from your query function. Affected query key: ["current-theme"]
Query data cannot be undefined. Please make sure to return a value other than undefined from your query function. Affected query key: ["themes"]
Query data cannot be undefined. Please make sure to return a value other than undefined from your query function. Affected query key: ["current-theme"]
Query data cannot be undefined. Please make sure to return a value other than undefined from your query function. Affected query key: ["themes"]
Query data cannot be undefined. Please make sure to return a value other than undefined from your query function. Affected query key: ["current-theme"]
Query data cannot be undefined. Please make sure to return a value other than undefined from your query function. Affected query key: ["themes"]
Query data cannot be undefined. Please make sure to return a value other than undefined from your query function. Affected query key: ["current-theme"]
Query data cannot be undefined. Please make sure to return a value other than undefined from your query function. Affected query key: ["themes"]
Query data cannot be undefined. Please make sure to return a value other than undefined from your query function. Affected query key: ["current-theme"]
Query data cannot be undefined. Please make sure to return a value other than undefined from your query function. Affected query key: ["themes"]
Query data cannot be undefined. Please make sure to return a value other than undefined from your query function. Affected query key: ["current-theme"]
Query data cannot be undefined. Please make sure to return a value other than undefined from your query function. Affected query key: ["themes"]
Query data cannot be undefined. Please make sure to return a value other than undefined from your query function. Affected query key: ["current-theme"]
Query data cannot be undefined. Please make sure to return a value other than undefined from your query function. Affected query key: ["themes"]
Query data cannot be undefined. Please make sure to return a value other than undefined from your query function. Affected query key: ["current-theme"]
Query data cannot be undefined. Please make sure to return a value other than undefined from your query function. Affected query key: ["themes"]
Query data cannot be undefined. Please make sure to return a value other than undefined from your query function. Affected query key: ["current-theme"]
Query data cannot be undefined. Please make sure to return a value other than undefined from your query function. Affected query key: ["themes"]
Query data cannot be undefined. Please make sure to return a value other than undefined from your query function. Affected query key: ["current-theme"]
Query data cannot be undefined. Please make sure to return a value other than undefined from your query function. Affected query key: ["themes"]
Query data cannot be undefined. Please make sure to return a value other than undefined from your query function. Affected query key: ["current-theme"]
Query data cannot be undefined. Please make sure to return a value other than undefined from your query function. Affected query key: ["themes"]
Query data cannot be undefined. Please make sure to return a value other than undefined from your query function. Affected query key: ["current-theme"]
Query data cannot be undefined. Please make sure to return a value other than undefined from your query function. Affected query key: ["themes"]
Query data cannot be undefined. Please make sure to return a value other than undefined from your query function. Affected query key: ["current-theme"]
Query data cannot be undefined. Please make sure to return a value other than undefined from your query function. Affected query key: ["themes"]
Query data cannot be undefined. Please make sure to return a value other than undefined from your query function. Affected query key: ["current-theme"]
Query data cannot be undefined. Please make sure to return a value other than undefined from your query function. Affected query key: ["themes"]
Query data cannot be undefined. Please make sure to return a value other than undefined from your query function. Affected query key: ["current-theme"]
Query data cannot be undefined. Please make sure to return a value other than undefined from your query function. Affected query key: ["themes"]
Query data cannot be undefined. Please make sure to return a value other than undefined from your query function. Affected query key: ["current-theme"]
Query data cannot be undefined. Please make sure to return a value other than undefined from your query function. Affected query key: ["themes"]
Query data cannot be undefined. Please make sure to return a value other than undefined from your query function. Affected query key: ["current-theme"]
Query data cannot be undefined. Please make sure to return a value other than undefined from your query function. Affected query key: ["themes"]
Query data cannot be undefined. Please make sure to return a value other than undefined from your query function. Affected query key: ["current-theme"]
Query data cannot be undefined. Please make sure to return a value other than undefined from your query function. Affected query key: ["themes"]
Query data cannot be undefined. Please make sure to return a value other than undefined from your query function. Affected query key: ["current-theme"]
Query data cannot be undefined. Please make sure to return a value other than undefined from your query function. Affected query key: ["themes"]
Query data cannot be undefined. Please make sure to return a value other than undefined from your query function. Affected query key: ["current-theme"]
Query data cannot be undefined. Please make sure to return a value other than undefined from your query function. Affected query key: ["themes"]
Query data cannot be undefined. Please make sure to return a value other than undefined from your query function. Affected query key: ["current-theme"]
Query data cannot be undefined. Please make sure to return a value other than undefined from your query function. Affected query key: ["themes"]
Query data cannot be undefined. Please make sure to return a value other than undefined from your query function. Affected query key: ["current-theme"]
Query data cannot be undefined. Please make sure to return a value other than undefined from your query function. Affected query key: ["themes"]
Query data cannot be undefined. Please make sure to return a value other than undefined from your query function. Affected query key: ["current-theme"]
Query data cannot be undefined. Please make sure to return a value other than undefined from your query function. Affected query key: ["themes"]
Query data cannot be undefined. Please make sure to return a value other than undefined from your query function. Affected query key: ["current-theme"]
Query data cannot be undefined. Please make sure to return a value other than undefined from your query function. Affected query key: ["themes"]
Query data cannot be undefined. Please make sure to return a value other than undefined from your query function. Affected query key: ["current-theme"]
Query data cannot be undefined. Please make sure to return a value other than undefined from your query function. Affected query key: ["themes"]
Query data cannot be undefined. Please make sure to return a value other than undefined from your query function. Affected query key: ["current-theme"]
Query data cannot be undefined. Please make sure to return a value other than undefined from your query function. Affected query key: ["themes"]
Query data cannot be undefined. Please make sure to return a value other than undefined from your query function. Affected query key: ["current-theme"]
Query data cannot be undefined. Please make sure to return a value other than undefined from your query function. Affected query key: ["themes"]
Query data cannot be undefined. Please make sure to return a value other than undefined from your query function. Affected query key: ["current-theme"]
Query data cannot be undefined. Please make sure to return a value other than undefined from your query function. Affected query key: ["themes"]
Query data cannot be undefined. Please make sure to return a value other than undefined from your query function. Affected query key: ["current-theme"]
Query data cannot be undefined. Please make sure to return a value other than undefined from your query function. Affected query key: ["themes"]
Query data cannot be undefined. Please make sure to return a value other than undefined from your query function. Affected query key: ["current-theme"]
Query data cannot be undefined. Please make sure to return a value other than undefined from your query function. Affected query key: ["themes"]
Query data cannot be undefined. Please make sure to return a value other than undefined from your query function. Affected query key: ["current-theme"]
Query data cannot be undefined. Please make sure to return a value other than undefined from your query function. Affected query key: ["themes"]
Query data cannot be undefined. Please make sure to return a value other than undefined from your query function. Affected query key: ["current-theme"]
Query data cannot be undefined. Please make sure to return a value other than undefined from your query function. Affected query key: ["themes"]
Query data cannot be undefined. Please make sure to return a value other than undefined from your query function. Affected query key: ["current-theme"]
Query data cannot be undefined. Please make sure to return a value other than undefined from your query function. Affected query key: ["themes"]
Query data cannot be undefined. Please make sure to return a value other than undefined from your query function. Affected query key: ["current-theme"]
Query data cannot be undefined. Please make sure to return a value other than undefined from your query function. Affected query key: ["themes"]
Query data cannot be undefined. Please make sure to return a value other than undefined from your query function. Affected query key: ["current-theme"]
Query data cannot be undefined. Please make sure to return a value other than undefined from your query function. Affected query key: ["themes"]
Query data cannot be undefined. Please make sure to return a value other than undefined from your query function. Affected query key: ["current-theme"]
Query data cannot be undefined. Please make sure to return a value other than undefined from your query function. Affected query key: ["themes"]
Query data cannot be undefined. Please make sure to return a value other than undefined from your query function. Affected query key: ["current-theme"]
Query data cannot be undefined. Please make sure to return a value other than undefined from your query function. Affected query key: ["themes"]
Query data cannot be undefined. Please make sure to return a value other than undefined from your query function. Affected query key: ["current-theme"]
Query data cannot be undefined. Please make sure to return a value other than undefined from your query function. Affected query key: ["themes"]
Query data cannot be undefined. Please make sure to return a value other than undefined from your query function. Affected query key: ["current-theme"]
Query data cannot be undefined. Please make sure to return a value other than undefined from your query function. Affected query key: ["themes"]
Query data cannot be undefined. Please make sure to return a value other than undefined from your query function. Affected query key: ["current-theme"]
Query data cannot be undefined. Please make sure to return a value other than undefined from your query function. Affected query key: ["themes"]
Query data cannot be undefined. Please make sure to return a value other than undefined from your query function. Affected query key: ["current-theme"]
Query data cannot be undefined. Please make sure to return a value other than undefined from your query function. Affected query key: ["themes"]
Query data cannot be undefined. Please make sure to return a value other than undefined from your query function. Affected query key: ["current-theme"]
Query data cannot be undefined. Please make sure to return a value other than undefined from your query function. Affected query key: ["themes"]
Query data cannot be undefined. Please make sure to return a value other than undefined from your query function. Affected query key: ["current-theme"]
Query data cannot be undefined. Please make sure to return a value other than undefined from your query function. Affected query key: ["themes"]
Query data cannot be undefined. Please make sure to return a value other than undefined from your query function. Affected query key: ["current-theme"]
Query data cannot be undefined. Please make sure to return a value other than undefined from your query function. Affected query key: ["themes"]
Query data cannot be undefined. Please make sure to return a value other than undefined from your query function. Affected query key: ["current-theme"]
Query data cannot be undefined. Please make sure to return a value other than undefined from your query function. Affected query key: ["themes"]
Query data cannot be undefined. Please make sure to return a value other than undefined from your query function. Affected query key: ["current-theme"]
Query data cannot be undefined. Please make sure to return a value other than undefined from your query function. Affected query key: ["themes"]
Query data cannot be undefined. Please make sure to return a value other than undefined from your query function. Affected query key: ["current-theme"]
Query data cannot be undefined. Please make sure to return a value other than undefined from your query function. Affected query key: ["themes"]
Query data cannot be undefined. Please make sure to return a value other than undefined from your query function. Affected query key: ["current-theme"]
Query data cannot be undefined. Please make sure to return a value other than undefined from your query function. Affected query key: ["themes"]
Query data cannot be undefined. Please make sure to return a value other than undefined from your query function. Affected query key: ["current-theme"]
Query data cannot be undefined. Please make sure to return a value other than undefined from your query function. Affected query key: ["themes"]
Query data cannot be undefined. Please make sure to return a value other than undefined from your query function. Affected query key: ["current-theme"]
Query data cannot be undefined. Please make sure to return a value other than undefined from your query function. Affected query key: ["themes"]
Query data cannot be undefined. Please make sure to return a value other than undefined from your query function. Affected query key: ["current-theme"]
Query data cannot be undefined. Please make sure to return a value other than undefined from your query function. Affected query key: ["themes"]
Query data cannot be undefined. Please make sure to return a value other than undefined from your query function. Affected query key: ["current-theme"]
Query data cannot be undefined. Please make sure to return a value other than undefined from your query function. Affected query key: ["themes"]
Query data cannot be undefined. Please make sure to return a value other than undefined from your query function. Affected query key: ["current-theme"]
Query data cannot be undefined. Please make sure to return a value other than undefined from your query function. Affected query key: ["themes"]
Query data cannot be undefined. Please make sure to return a value other than undefined from your query function. Affected query key: ["current-theme"]
Query data cannot be undefined. Please make sure to return a value other than undefined from your query function. Affected query key: ["themes"]
Query data cannot be undefined. Please make sure to return a value other than undefined from your query function. Affected query key: ["current-theme"]
Query data cannot be undefined. Please make sure to return a value other than undefined from your query function. Affected query key: ["themes"]
Query data cannot be undefined. Please make sure to return a value other than undefined from your query function. Affected query key: ["current-theme"]
Query data cannot be undefined. Please make sure to return a value other than undefined from your query function. Affected query key: ["themes"]
Query data cannot be undefined. Please make sure to return a value other than undefined from your query function. Affected query key: ["current-theme"]
Query data cannot be undefined. Please make sure to return a value other than undefined from your query function. Affected query key: ["themes"]
Query data cannot be undefined. Please make sure to return a value other than undefined from your query function. Affected query key: ["current-theme"]
Query data cannot be undefined. Please make sure to return a value other than undefined from your query function. Affected query key: ["themes"]
Query data cannot be undefined. Please make sure to return a value other than undefined from your query function. Affected query key: ["current-theme"]
Query data cannot be undefined. Please make sure to return a value other than undefined from your query function. Affected query key: ["themes"]
Query data cannot be undefined. Please make sure to return a value other than undefined from your query function. Affected query key: ["current-theme"]
Query data cannot be undefined. Please make sure to return a value other than undefined from your query function. Affected query key: ["themes"]
Query data cannot be undefined. Please make sure to return a value other than undefined from your query function. Affected query key: ["current-theme"]
Query data cannot be undefined. Please make sure to return a value other than undefined from your query function. Affected query key: ["themes"]
Query data cannot be undefined. Please make sure to return a value other than undefined from your query function. Affected query key: ["current-theme"]
Query data cannot be undefined. Please make sure to return a value other than undefined from your query function. Affected query key: ["themes"]
Query data cannot be undefined. Please make sure to return a value other than undefined from your query function. Affected query key: ["current-theme"]
Query data cannot be undefined. Please make sure to return a value other than undefined from your query function. Affected query key: ["themes"]
Query data cannot be undefined. Please make sure to return a value other than undefined from your query function. Affected query key: ["current-theme"]
Query data cannot be undefined. Please make sure to return a value other than undefined from your query function. Affected query key: ["themes"]
Query data cannot be undefined. Please make sure to return a value other than undefined from your query function. Affected query key: ["current-theme"]
Query data cannot be undefined. Please make sure to return a value other than undefined from your query function. Affected query key: ["themes"]
Query data cannot be undefined. Please make sure to return a value other than undefined from your query function. Affected query key: ["current-theme"]
Query data cannot be undefined. Please make sure to return a value other than undefined from your query function. Affected query key: ["themes"]
Query data cannot be undefined. Please make sure to return a value other than undefined from your query function. Affected query key: ["current-theme"]
Query data cannot be undefined. Please make sure to return a value other than undefined from your query function. Affected query key: ["themes"]
Query data cannot be undefined. Please make sure to return a value other than undefined from your query function. Affected query key: ["current-theme"]
Query data cannot be undefined. Please make sure to return a value other than undefined from your query function. Affected query key: ["themes"]
Query data cannot be undefined. Please make sure to return a value other than undefined from your query function. Affected query key: ["current-theme"]
Query data cannot be undefined. Please make sure to return a value other than undefined from your query function. Affected query key: ["themes"]
Query data cannot be undefined. Please make sure to return a value other than undefined from your query function. Affected query key: ["current-theme"]
Query data cannot be undefined. Please make sure to return a value other than undefined from your query function. Affected query key: ["themes"]
Query data cannot be undefined. Please make sure to return a value other than undefined from your query function. Affected query key: ["current-theme"]
Query data cannot be undefined. Please make sure to return a value other than undefined from your query function. Affected query key: ["themes"]
Query data cannot be undefined. Please make sure to return a value other than undefined from your query function. Affected query key: ["current-theme"]
Query data cannot be undefined. Please make sure to return a value other than undefined from your query function. Affected query key: ["themes"]
Query data cannot be undefined. Please make sure to return a value other than undefined from your query function. Affected query key: ["current-theme"]
Query data cannot be undefined. Please make sure to return a value other than undefined from your query function. Affected query key: ["themes"]
Query data cannot be undefined. Please make sure to return a value other than undefined from your query function. Affected query key: ["current-theme"]
Query data cannot be undefined. Please make sure to return a value other than undefined from your query function. Affected query key: ["themes"]
Query data cannot be undefined. Please make sure to return a value other than undefined from your query function. Affected query key: ["current-theme"]
Query data cannot be undefined. Please make sure to return a value other than undefined from your query function. Affected query key: ["themes"]
Query data cannot be undefined. Please make sure to return a value other than undefined from your query function. Affected query key: ["current-theme"]
Query data cannot be undefined. Please make sure to return a value other than undefined from your query function. Affected query key: ["themes"]
Query data cannot be undefined. Please make sure to return a value other than undefined from your query function. Affected query key: ["current-theme"]
Query data cannot be undefined. Please make sure to return a value other than undefined from your query function. Affected query key: ["themes"]
Query data cannot be undefined. Please make sure to return a value other than undefined from your query function. Affected query key: ["current-theme"]
Query data cannot be undefined. Please make sure to return a value other than undefined from your query function. Affected query key: ["themes"]
Query data cannot be undefined. Please make sure to return a value other than undefined from your query function. Affected query key: ["current-theme"]
Query data cannot be undefined. Please make sure to return a value other than undefined from your query function. Affected query key: ["themes"]
Query data cannot be undefined. Please make sure to return a value other than undefined from your query function. Affected query key: ["current-theme"]
Query data cannot be undefined. Please make sure to return a value other than undefined from your query function. Affected query key: ["themes"]
Query data cannot be undefined. Please make sure to return a value other than undefined from your query function. Affected query key: ["current-theme"]
Query data cannot be undefined. Please make sure to return a value other than undefined from your query function. Affected query key: ["themes"]
Query data cannot be undefined. Please make sure to return a value other than undefined from your query function. Affected query key: ["current-theme"]
Query data cannot be undefined. Please make sure to return a value other than undefined from your query function. Affected query key: ["themes"]
Query data cannot be undefined. Please make sure to return a value other than undefined from your query function. Affected query key: ["current-theme"]
Query data cannot be undefined. Please make sure to return a value other than undefined from your query function. Affected query key: ["themes"]
Query data cannot be undefined. Please make sure to return a value other than undefined from your query function. Affected query key: ["current-theme"]
Query data cannot be undefined. Please make sure to return a value other than undefined from your query function. Affected query key: ["themes"]
Query data cannot be undefined. Please make sure to return a value other than undefined from your query function. Affected query key: ["current-theme"]
Query data cannot be undefined. Please make sure to return a value other than undefined from your query function. Affected query key: ["themes"]
Query data cannot be undefined. Please make sure to return a value other than undefined from your query function. Affected query key: ["current-theme"]
Query data cannot be undefined. Please make sure to return a value other than undefined from your query function. Affected query key: ["themes"]
Query data cannot be undefined. Please make sure to return a value other than undefined from your query function. Affected query key: ["current-theme"]
Query data cannot be undefined. Please make sure to return a value other than undefined from your query function. Affected query key: ["themes"]
Query data cannot be undefined. Please make sure to return a value other than undefined from your query function. Affected query key: ["current-theme"]
Query data cannot be undefined. Please make sure to return a value other than undefined from your query function. Affected query key: ["themes"]
Query data cannot be undefined. Please make sure to return a value other than undefined from your query function. Affected query key: ["current-theme"]
Query data cannot be undefined. Please make sure to return a value other than undefined from your query function. Affected query key: ["themes"]
Query data cannot be undefined. Please make sure to return a value other than undefined from your query function. Affected query key: ["current-theme"]
Query data cannot be undefined. Please make sure to return a value other than undefined from your query function. Affected query key: ["themes"]
Query data cannot be undefined. Please make sure to return a value other than undefined from your query function. Affected query key: ["current-theme"]
Query data cannot be undefined. Please make sure to return a value other than undefined from your query function. Affected query key: ["themes"]
Query data cannot be undefined. Please make sure to return a value other than undefined from your query function. Affected query key: ["current-theme"]
Query data cannot be undefined. Please make sure to return a value other than undefined from your query function. Affected query key: ["themes"]
Query data cannot be undefined. Please make sure to return a value other than undefined from your query function. Affected query key: ["current-theme"]
Query data cannot be undefined. Please make sure to return a value other than undefined from your query function. Affected query key: ["themes"]
Query data cannot be undefined. Please make sure to return a value other than undefined from your query function. Affected query key: ["current-theme"]
Query data cannot be undefined. Please make sure to return a value other than undefined from your query function. Affected query key: ["themes"]
Query data cannot be undefined. Please make sure to return a value other than undefined from your query function. Affected query key: ["current-theme"]
Query data cannot be undefined. Please make sure to return a value other than undefined from your query function. Affected query key: ["themes"]
Query data cannot be undefined. Please make sure to return a value other than undefined from your query function. Affected query key: ["current-theme"]
Query data cannot be undefined. Please make sure to return a value other than undefined from your query function. Affected query key: ["themes"]
Query data cannot be undefined. Please make sure to return a value other than undefined from your query function. Affected query key: ["current-theme"]
Query data cannot be undefined. Please make sure to return a value other than undefined from your query function. Affected query key: ["themes"]
Query data cannot be undefined. Please make sure to return a value other than undefined from your query function. Affected query key: ["current-theme"]
Query data cannot be undefined. Please make sure to return a value other than undefined from your query function. Affected query key: ["themes"]
Query data cannot be undefined. Please make sure to return a value other than undefined from your query function. Affected query key: ["current-theme"]
Query data cannot be undefined. Please make sure to return a value other than undefined from your query function. Affected query key: ["themes"]
Query data cannot be undefined. Please make sure to return a value other than undefined from your query function. Affected query key: ["current-theme"]
Query data cannot be undefined. Please make sure to return a value other than undefined from your query function. Affected query key: ["themes"]
Query data cannot be undefined. Please make sure to return a value other than undefined from your query function. Affected query key: ["current-theme"]
Query data cannot be undefined. Please make sure to return a value other than undefined from your query function. Affected query key: ["themes"]
Query data cannot be undefined. Please make sure to return a value other than undefined from your query function. Affected query key: ["current-theme"]
Query data cannot be undefined. Please make sure to return a value other than undefined from your query function. Affected query key: ["themes"]
Query data cannot be undefined. Please make sure to return a value other than undefined from your query function. Affected query key: ["current-theme"]
Query data cannot be undefined. Please make sure to return a value other than undefined from your query function. Affected query key: ["themes"]
Query data cannot be undefined. Please make sure to return a value other than undefined from your query function. Affected query key: ["current-theme"]
Query data cannot be undefined. Please make sure to return a value other than undefined from your query function. Affected query key: ["themes"]
Query data cannot be undefined. Please make sure to return a value other than undefined from your query function. Affected query key: ["current-theme"]
Query data cannot be undefined. Please make sure to return a value other than undefined from your query function. Affected query key: ["themes"]
Query data cannot be undefined. Please make sure to return a value other than undefined from your query function. Affected query key: ["current-theme"]
Query data cannot be undefined. Please make sure to return a value other than undefined from your query function. Affected query key: ["themes"]
Query data cannot be undefined. Please make sure to return a value other than undefined from your query function. Affected query key: ["current-theme"]
Query data cannot be undefined. Please make sure to return a value other than undefined from your query function. Affected query key: ["themes"]
Query data cannot be undefined. Please make sure to return a value other than undefined from your query function. Affected query key: ["current-theme"]
Query data cannot be undefined. Please make sure to return a value other than undefined from your query function. Affected query key: ["themes"]
Query data cannot be undefined. Please make sure to return a value other than undefined from your query function. Affected query key: ["current-theme"]
Query data cannot be undefined. Please make sure to return a value other than undefined from your query function. Affected query key: ["themes"]
Query data cannot be undefined. Please make sure to return a value other than undefined from your query function. Affected query key: ["current-theme"]
Query data cannot be undefined. Please make sure to return a value other than undefined from your query function. Affected query key: ["themes"]
Query data cannot be undefined. Please make sure to return a value other than undefined from your query function. Affected query key: ["current-theme"]
Query data cannot be undefined. Please make sure to return a value other than undefined from your query function. Affected query key: ["themes"]
Query data cannot be undefined. Please make sure to return a value other than undefined from your query function. Affected query key: ["current-theme"]
Query data cannot be undefined. Please make sure to return a value other than undefined from your query function. Affected query key: ["themes"]
Query data cannot be undefined. Please make sure to return a value other than undefined from your query function. Affected query key: ["current-theme"]
Query data cannot be undefined. Please make sure to return a value other than undefined from your query function. Affected query key: ["themes"]
Query data cannot be undefined. Please make sure to return a value other than undefined from your query function. Affected query key: ["current-theme"]
Query data cannot be undefined. Please make sure to return a value other than undefined from your query function. Affected query key: ["themes"]
Query data cannot be undefined. Please make sure to return a value other than undefined from your query function. Affected query key: ["current-theme"]
Query data cannot be undefined. Please make sure to return a value other than undefined from your query function. Affected query key: ["themes"]
Query data cannot be undefined. Please make sure to return a value other than undefined from your query function. Affected query key: ["current-theme"]
Query data cannot be undefined. Please make sure to return a value other than undefined from your query function. Affected query key: ["themes"]
Query data cannot be undefined. Please make sure to return a value other than undefined from your query function. Affected query key: ["current-theme"]
Query data cannot be undefined. Please make sure to return a value other than undefined from your query function. Affected query key: ["themes"]
Query data cannot be undefined. Please make sure to return a value other than undefined from your query function. Affected query key: ["current-theme"]
Query data cannot be undefined. Please make sure to return a value other than undefined from your query function. Affected query key: ["themes"]
Query data cannot be undefined. Please make sure to return a value other than undefined from your query function. Affected query key: ["current-theme"]
Query data cannot be undefined. Please make sure to return a value other than undefined from your query function. Affected query key: ["themes"]
Query data cannot be undefined. Please make sure to return a value other than undefined from your query function. Affected query key: ["current-theme"]
Query data cannot be undefined. Please make sure to return a value other than undefined from your query function. Affected query key: ["themes"]
Query data cannot be undefined. Please make sure to return a value other than undefined from your query function. Affected query key: ["current-theme"]
Query data cannot be undefined. Please make sure to return a value other than undefined from your query function. Affected query key: ["themes"]
Query data cannot be undefined. Please make sure to return a value other than undefined from your query function. Affected query key: ["current-theme"]
Query data cannot be undefined. Please make sure to return a value other than undefined from your query function. Affected query key: ["themes"]
Query data cannot be undefined. Please make sure to return a value other than undefined from your query function. Affected query key: ["current-theme"]
Query data cannot be undefined. Please make sure to return a value other than undefined from your query function. Affected query key: ["themes"]
Query data cannot be undefined. Please make sure to return a value other than undefined from your query function. Affected query key: ["current-theme"]
Query data cannot be undefined. Please make sure to return a value other than undefined from your query function. Affected query key: ["themes"]
Query data cannot be undefined. Please make sure to return a value other than undefined from your query function. Affected query key: ["current-theme"]
Query data cannot be undefined. Please make sure to return a value other than undefined from your query function. Affected query key: ["themes"]
Query data cannot be undefined. Please make sure to return a value other than undefined from your query function. Affected query key: ["current-theme"]
Query data cannot be undefined. Please make sure to return a value other than undefined from your query function. Affected query key: ["themes"]
Query data cannot be undefined. Please make sure to return a value other than undefined from your query function. Affected query key: ["current-theme"]
Query data cannot be undefined. Please make sure to return a value other than undefined from your query function. Affected query key: ["themes"]
Query data cannot be undefined. Please make sure to return a value other than undefined from your query function. Affected query key: ["current-theme"]
Query data cannot be undefined. Please make sure to return a value other than undefined from your query function. Affected query key: ["themes"]
Query data cannot be undefined. Please make sure to return a value other than undefined from your query function. Affected query key: ["current-theme"]
Query data cannot be undefined. Please make sure to return a value other than undefined from your query function. Affected query key: ["themes"]
Query data cannot be undefined. Please make sure to return a value other than undefined from your query function. Affected query key: ["current-theme"]
Query data cannot be undefined. Please make sure to return a value other than undefined from your query function. Affected query key: ["themes"]
Query data cannot be undefined. Please make sure to return a value other than undefined from your query function. Affected query key: ["current-theme"]
Query data cannot be undefined. Please make sure to return a value other than undefined from your query function. Affected query key: ["themes"]
Query data cannot be undefined. Please make sure to return a value other than undefined from your query function. Affected query key: ["current-theme"]
Query data cannot be undefined. Please make sure to return a value other than undefined from your query function. Affected query key: ["themes"]
Query data cannot be undefined. Please make sure to return a value other than undefined from your query function. Affected query key: ["current-theme"]
Query data cannot be undefined. Please make sure to return a value other than undefined from your query function. Affected query key: ["themes"]
Query data cannot be undefined. Please make sure to return a value other than undefined from your query function. Affected query key: ["current-theme"]
Query data cannot be undefined. Please make sure to return a value other than undefined from your query function. Affected query key: ["themes"]
Query data cannot be undefined. Please make sure to return a value other than undefined from your query function. Affected query key: ["current-theme"]
Query data cannot be undefined. Please make sure to return a value other than undefined from your query function. Affected query key: ["themes"]
Query data cannot be undefined. Please make sure to return a value other than undefined from your query function. Affected query key: ["current-theme"]
Query data cannot be undefined. Please make sure to return a value other than undefined from your query function. Affected query key: ["themes"]
Query data cannot be undefined. Please make sure to return a value other than undefined from your query function. Affected query key: ["current-theme"]
Query data cannot be undefined. Please make sure to return a value other than undefined from your query function. Affected query key: ["themes"]
Query data cannot be undefined. Please make sure to return a value other than undefined from your query function. Affected query key: ["current-theme"]
Query data cannot be undefined. Please make sure to return a value other than undefined from your query function. Affected query key: ["themes"]
Query data cannot be undefined. Please make sure to return a value other than undefined from your query function. Affected query key: ["current-theme"]
Query data cannot be undefined. Please make sure to return a value other than undefined from your query function. Affected query key: ["themes"]
Query data cannot be undefined. Please make sure to return a value other than undefined from your query function. Affected query key: ["current-theme"]
Query data cannot be undefined. Please make sure to return a value other than undefined from your query function. Affected query key: ["themes"]
Query data cannot be undefined. Please make sure to return a value other than undefined from your query function. Affected query key: ["current-theme"]
Query data cannot be undefined. Please make sure to return a value other than undefined from your query function. Affected query key: ["themes"]
Query data cannot be undefined. Please make sure to return a value other than undefined from your query function. Affected query key: ["current-theme"]
Query data cannot be undefined. Please make sure to return a value other than undefined from your query function. Affected query key: ["themes"]
Query data cannot be undefined. Please make sure to return a value other than undefined from your query function. Affected query key: ["current-theme"]
Query data cannot be undefined. Please make sure to return a value other than undefined from your query function. Affected query key: ["themes"]
Query data cannot be undefined. Please make sure to return a value other than undefined from your query function. Affected query key: ["current-theme"]
Query data cannot be undefined. Please make sure to return a value other than undefined from your query function. Affected query key: ["themes"]
Query data cannot be undefined. Please make sure to return a value other than undefined from your query function. Affected query key: ["current-theme"]
Query data cannot be undefined. Please make sure to return a value other than undefined from your query function. Affected query key: ["themes"]
Query data cannot be undefined. Please make sure to return a value other than undefined from your query function. Affected query key: ["current-theme"]
Query data cannot be undefined. Please make sure to return a value other than undefined from your query function. Affected query key: ["themes"]
Query data cannot be undefined. Please make sure to return a value other than undefined from your query function. Affected query key: ["current-theme"]
Query data cannot be undefined. Please make sure to return a value other than undefined from your query function. Affected query key: ["themes"]
Query data cannot be undefined. Please make sure to return a value other than undefined from your query function. Affected query key: ["current-theme"]
Query data cannot be undefined. Please make sure to return a value other than undefined from your query function. Affected query key: ["themes"]
Query data cannot be undefined. Please make sure to return a value other than undefined from your query function. Affected query key: ["current-theme"]
Query data cannot be undefined. Please make sure to return a value other than undefined from your query function. Affected query key: ["themes"]
Query data cannot be undefined. Please make sure to return a value other than undefined from your query function. Affected query key: ["current-theme"]
Query data cannot be undefined. Please make sure to return a value other than undefined from your query function. Affected query key: ["themes"]
Query data cannot be undefined. Please make sure to return a value other than undefined from your query function. Affected query key: ["current-theme"]
Query data cannot be undefined. Please make sure to return a value other than undefined from your query function. Affected query key: ["themes"]
Query data cannot be undefined. Please make sure to return a value other than undefined from your query function. Affected query key: ["current-theme"]
Query data cannot be undefined. Please make sure to return a value other than undefined from your query function. Affected query key: ["themes"]
Query data cannot be undefined. Please make sure to return a value other than undefined from your query function. Affected query key: ["current-theme"]
Query data cannot be undefined. Please make sure to return a value other than undefined from your query function. Affected query key: ["themes"]
Query data cannot be undefined. Please make sure to return a value other than undefined from your query function. Affected query key: ["current-theme"]
Query data cannot be undefined. Please make sure to return a value other than undefined from your query function. Affected query key: ["themes"]
Query data cannot be undefined. Please make sure to return a value other than undefined from your query function. Affected query key: ["current-theme"]
Query data cannot be undefined. Please make sure to return a value other than undefined from your query function. Affected query key: ["themes"]
Query data cannot be undefined. Please make sure to return a value other than undefined from your query function. Affected query key: ["current-theme"]
Query data cannot be undefined. Please make sure to return a value other than undefined from your query function. Affected query key: ["themes"]
Query data cannot be undefined. Please make sure to return a value other than undefined from your query function. Affected query key: ["current-theme"]
Query data cannot be undefined. Please make sure to return a value other than undefined from your query function. Affected query key: ["themes"]
Query data cannot be undefined. Please make sure to return a value other than undefined from your query function. Affected query key: ["current-theme"]
Query data cannot be undefined. Please make sure to return a value other than undefined from your query function. Affected query key: ["themes"]
Query data cannot be undefined. Please make sure to return a value other than undefined from your query function. Affected query key: ["current-theme"]
Query data cannot be undefined. Please make sure to return a value other than undefined from your query function. Affected query key: ["themes"]
Query data cannot be undefined. Please make sure to return a value other than undefined from your query function. Affected query key: ["current-theme"]
Query data cannot be undefined. Please make sure to return a value other than undefined from your query function. Affected query key: ["themes"]
Query data cannot be undefined. Please make sure to return a value other than undefined from your query function. Affected query key: ["current-theme"]
Query data cannot be undefined. Please make sure to return a value other than undefined from your query function. Affected query key: ["themes"]
Query data cannot be undefined. Please make sure to return a value other than undefined from your query function. Affected query key: ["current-theme"]
Query data cannot be undefined. Please make sure to return a value other than undefined from your query function. Affected query key: ["themes"]
Query data cannot be undefined. Please make sure to return a value other than undefined from your query function. Affected query key: ["current-theme"]
Query data cannot be undefined. Please make sure to return a value other than undefined from your query function. Affected query key: ["themes"]
Query data cannot be undefined. Please make sure to return a value other than undefined from your query function. Affected query key: ["current-theme"]
Query data cannot be undefined. Please make sure to return a value other than undefined from your query function. Affected query key: ["themes"]
Query data cannot be undefined. Please make sure to return a value other than undefined from your query function. Affected query key: ["current-theme"]
Query data cannot be undefined. Please make sure to return a value other than undefined from your query function. Affected query key: ["themes"]
Query data cannot be undefined. Please make sure to return a value other than undefined from your query function. Affected query key: ["current-theme"]
Query data cannot be undefined. Please make sure to return a value other than undefined from your query function. Affected query key: ["themes"]
Query data cannot be undefined. Please make sure to return a value other than undefined from your query function. Affected query key: ["current-theme"]
Query data cannot be undefined. Please make sure to return a value other than undefined from your query function. Affected query key: ["themes"]
Query data cannot be undefined. Please make sure to return a value other than undefined from your query function. Affected query key: ["current-theme"]
Query data cannot be undefined. Please make sure to return a value other than undefined from your query function. Affected query key: ["themes"]
Query data cannot be undefined. Please make sure to return a value other than undefined from your query function. Affected query key: ["current-theme"]
Query data cannot be undefined. Please make sure to return a value other than undefined from your query function. Affected query key: ["themes"]
Query data cannot be undefined. Please make sure to return a value other than undefined from your query function. Affected query key: ["current-theme"]
Query data cannot be undefined. Please make sure to return a value other than undefined from your query function. Affected query key: ["themes"]
Query data cannot be undefined. Please make sure to return a value other than undefined from your query function. Affected query key: ["current-theme"]
Query data cannot be undefined. Please make sure to return a value other than undefined from your query function. Affected query key: ["themes"]
Query data cannot be undefined. Please make sure to return a value other than undefined from your query function. Affected query key: ["current-theme"]
Query data cannot be undefined. Please make sure to return a value other than undefined from your query function. Affected query key: ["themes"]
Query data cannot be undefined. Please make sure to return a value other than undefined from your query function. Affected query key: ["current-theme"]
Query data cannot be undefined. Please make sure to return a value other than undefined from your query function. Affected query key: ["themes"]
Query data cannot be undefined. Please make sure to return a value other than undefined from your query function. Affected query key: ["current-theme"]
Query data cannot be undefined. Please make sure to return a value other than undefined from your query function. Affected query key: ["themes"]
Query data cannot be undefined. Please make sure to return a value other than undefined from your query function. Affected query key: ["current-theme"]
Query data cannot be undefined. Please make sure to return a value other than undefined from your query function. Affected query key: ["themes"]
Query data cannot be undefined. Please make sure to return a value other than undefined from your query function. Affected query key: ["current-theme"]
Query data cannot be undefined. Please make sure to return a value other than undefined from your query function. Affected query key: ["themes"]
Query data cannot be undefined. Please make sure to return a value other than undefined from your query function. Affected query key: ["current-theme"]
Query data cannot be undefined. Please make sure to return a value other than undefined from your query function. Affected query key: ["themes"]
Query data cannot be undefined. Please make sure to return a value other than undefined from your query function. Affected query key: ["current-theme"]
Query data cannot be undefined. Please make sure to return a value other than undefined from your query function. Affected query key: ["themes"]
Query data cannot be undefined. Please make sure to return a value other than undefined from your query function. Affected query key: ["current-theme"]
Query data cannot be undefined. Please make sure to return a value other than undefined from your query function. Affected query key: ["themes"]
Query data cannot be undefined. Please make sure to return a value other than undefined from your query function. Affected query key: ["current-theme"]
Query data cannot be undefined. Please make sure to return a value other than undefined from your query function. Affected query key: ["themes"]
Query data cannot be undefined. Please make sure to return a value other than undefined from your query function. Affected query key: ["current-theme"]
Query data cannot be undefined. Please make sure to return a value other than undefined from your query function. Affected query key: ["themes"]
Query data cannot be undefined. Please make sure to return a value other than undefined from your query function. Affected query key: ["current-theme"]
Query data cannot be undefined. Please make sure to return a value other than undefined from your query function. Affected query key: ["themes"]
Query data cannot be undefined. Please make sure to return a value other than undefined from your query function. Affected query key: ["current-theme"]
Query data cannot be undefined. Please make sure to return a value other than undefined from your query function. Affected query key: ["themes"]
Query data cannot be undefined. Please make sure to return a value other than undefined from your query function. Affected query key: ["current-theme"]
Query data cannot be undefined. Please make sure to return a value other than undefined from your query function. Affected query key: ["themes"]
Query data cannot be undefined. Please make sure to return a value other than undefined from your query function. Affected query key: ["current-theme"]
Query data cannot be undefined. Please make sure to return a value other than undefined from your query function. Affected query key: ["themes"]
Query data cannot be undefined. Please make sure to return a value other than undefined from your query function. Affected query key: ["current-theme"]
Query data cannot be undefined. Please make sure to return a value other than undefined from your query function. Affected query key: ["themes"]
Query data cannot be undefined. Please make sure to return a value other than undefined from your query function. Affected query key: ["current-theme"]
Query data cannot be undefined. Please make sure to return a value other than undefined from your query function. Affected query key: ["themes"]
Query data cannot be undefined. Please make sure to return a value other than undefined from your query function. Affected query key: ["current-theme"]
Query data cannot be undefined. Please make sure to return a value other than undefined from your query function. Affected query key: ["themes"]
Query data cannot be undefined. Please make sure to return a value other than undefined from your query function. Affected query key: ["current-theme"]
Query data cannot be undefined. Please make sure to return a value other than undefined from your query function. Affected query key: ["themes"]
Query data cannot be undefined. Please make sure to return a value other than undefined from your query function. Affected query key: ["current-theme"]
Query data cannot be undefined. Please make sure to return a value other than undefined from your query function. Affected query key: ["themes"]
Query data cannot be undefined. Please make sure to return a value other than undefined from your query function. Affected query key: ["current-theme"]
Query data cannot be undefined. Please make sure to return a value other than undefined from your query function. Affected query key: ["themes"]
Query data cannot be undefined. Please make sure to return a value other than undefined from your query function. Affected query key: ["current-theme"]
Query data cannot be undefined. Please make sure to return a value other than undefined from your query function. Affected query key: ["themes"]
Query data cannot be undefined. Please make sure to return a value other than undefined from your query function. Affected query key: ["current-theme"]
Query data cannot be undefined. Please make sure to return a value other than undefined from your query function. Affected query key: ["themes"]
Query data cannot be undefined. Please make sure to return a value other than undefined from your query function. Affected query key: ["current-theme"]
Query data cannot be undefined. Please make sure to return a value other than undefined from your query function. Affected query key: ["themes"]
Query data cannot be undefined. Please make sure to return a value other than undefined from your query function. Affected query key: ["current-theme"]
Query data cannot be undefined. Please make sure to return a value other than undefined from your query function. Affected query key: ["themes"]
Query data cannot be undefined. Please make sure to return a value other than undefined from your query function. Affected query key: ["current-theme"]
Query data cannot be undefined. Please make sure to return a value other than undefined from your query function. Affected query key: ["themes"]
Query data cannot be undefined. Please make sure to return a value other than undefined from your query function. Affected query key: ["current-theme"]
Query data cannot be undefined. Please make sure to return a value other than undefined from your query function. Affected query key: ["themes"]
Query data cannot be undefined. Please make sure to return a value other than undefined from your query function. Affected query key: ["current-theme"]
Query data cannot be undefined. Please make sure to return a value other than undefined from your query function. Affected query key: ["themes"]
Query data cannot be undefined. Please make sure to return a value other than undefined from your query function. Affected query key: ["current-theme"]
Query data cannot be undefined. Please make sure to return a value other than undefined from your query function. Affected query key: ["themes"]
Query data cannot be undefined. Please make sure to return a value other than undefined from your query function. Affected query key: ["current-theme"]
Query data cannot be undefined. Please make sure to return a value other than undefined from your query function. Affected query key: ["themes"]
Query data cannot be undefined. Please make sure to return a value other than undefined from your query function. Affected query key: ["current-theme"]
Query data cannot be undefined. Please make sure to return a value other than undefined from your query function. Affected query key: ["themes"]
Query data cannot be undefined. Please make sure to return a value other than undefined from your query function. Affected query key: ["current-theme"]
Query data cannot be undefined. Please make sure to return a value other than undefined from your query function. Affected query key: ["themes"]
Query data cannot be undefined. Please make sure to return a value other than undefined from your query function. Affected query key: ["current-theme"]
Query data cannot be undefined. Please make sure to return a value other than undefined from your query function. Affected query key: ["themes"]
Query data cannot be undefined. Please make sure to return a value other than undefined from your query function. Affected query key: ["current-theme"]
Query data cannot be undefined. Please make sure to return a value other than undefined from your query function. Affected query key: ["themes"]
Query data cannot be undefined. Please make sure to return a value other than undefined from your query function. Affected query key: ["current-theme"]
Query data cannot be undefined. Please make sure to return a value other than undefined from your query function. Affected query key: ["themes"]
Query data cannot be undefined. Please make sure to return a value other than undefined from your query function. Affected query key: ["current-theme"]
Query data cannot be undefined. Please make sure to return a value other than undefined from your query function. Affected query key: ["themes"]
Query data cannot be undefined. Please make sure to return a value other than undefined from your query function. Affected query key: ["current-theme"]
Query data cannot be undefined. Please make sure to return a value other than undefined from your query function. Affected query key: ["themes"]
Query data cannot be undefined. Please make sure to return a value other than undefined from your query function. Affected query key: ["current-theme"]
Query data cannot be undefined. Please make sure to return a value other than undefined from your query function. Affected query key: ["themes"]
Query data cannot be undefined. Please make sure to return a value other than undefined from your query function. Affected query key: ["current-theme"]
Query data cannot be undefined. Please make sure to return a value other than undefined from your query function. Affected query key: ["themes"]
Query data cannot be undefined. Please make sure to return a value other than undefined from your query function. Affected query key: ["current-theme"]
Query data cannot be undefined. Please make sure to return a value other than undefined from your query function. Affected query key: ["themes"]
Query data cannot be undefined. Please make sure to return a value other than undefined from your query function. Affected query key: ["current-theme"]
Query data cannot be undefined. Please make sure to return a value other than undefined from your query function. Affected query key: ["themes"]
Query data cannot be undefined. Please make sure to return a value other than undefined from your query function. Affected query key: ["current-theme"]
Query data cannot be undefined. Please make sure to return a value other than undefined from your query function. Affected query key: ["themes"]
Query data cannot be undefined. Please make sure to return a value other than undefined from your query function. Affected query key: ["current-theme"]
Query data cannot be undefined. Please make sure to return a value other than undefined from your query function. Affected query key: ["themes"]
Query data cannot be undefined. Please make sure to return a value other than undefined from your query function. Affected query key: ["current-theme"]
Query data cannot be undefined. Please make sure to return a value other than undefined from your query function. Affected query key: ["themes"]
Query data cannot be undefined. Please make sure to return a value other than undefined from your query function. Affected query key: ["current-theme"]
Query data cannot be undefined. Please make sure to return a value other than undefined from your query function. Affected query key: ["themes"]
Query data cannot be undefined. Please make sure to return a value other than undefined from your query function. Affected query key: ["current-theme"]
Query data cannot be undefined. Please make sure to return a value other than undefined from your query function. Affected query key: ["themes"]
Query data cannot be undefined. Please make sure to return a value other than undefined from your query function. Affected query key: ["current-theme"]
Query data cannot be undefined. Please make sure to return a value other than undefined from your query function. Affected query key: ["themes"]
Query data cannot be undefined. Please make sure to return a value other than undefined from your query function. Affected query key: ["current-theme"]
Query data cannot be undefined. Please make sure to return a value other than undefined from your query function. Affected query key: ["themes"]
Query data cannot be undefined. Please make sure to return a value other than undefined from your query function. Affected query key: ["current-theme"]
Query data cannot be undefined. Please make sure to return a value other than undefined from your query function. Affected query key: ["themes"]
Query data cannot be undefined. Please make sure to return a value other than undefined from your query function. Affected query key: ["current-theme"]
Query data cannot be undefined. Please make sure to return a value other than undefined from your query function. Affected query key: ["themes"]
Query data cannot be undefined. Please make sure to return a value other than undefined from your query function. Affected query key: ["current-theme"]
Query data cannot be undefined. Please make sure to return a value other than undefined from your query function. Affected query key: ["themes"]
Query data cannot be undefined. Please make sure to return a value other than undefined from your query function. Affected query key: ["current-theme"]
Query data cannot be undefined. Please make sure to return a value other than undefined from your query function. Affected query key: ["themes"]
Query data cannot be undefined. Please make sure to return a value other than undefined from your query function. Affected query key: ["current-theme"]
Query data cannot be undefined. Please make sure to return a value other than undefined from your query function. Affected query key: ["themes"]
Query data cannot be undefined. Please make sure to return a value other than undefined from your query function. Affected query key: ["current-theme"]
Query data cannot be undefined. Please make sure to return a value other than undefined from your query function. Affected query key: ["themes"]
Query data cannot be undefined. Please make sure to return a value other than undefined from your query function. Affected query key: ["current-theme"]
Query data cannot be undefined. Please make sure to return a value other than undefined from your query function. Affected query key: ["themes"]
Query data cannot be undefined. Please make sure to return a value other than undefined from your query function. Affected query key: ["current-theme"]
Query data cannot be undefined. Please make sure to return a value other than undefined from your query function. Affected query key: ["themes"]
Query data cannot be undefined. Please make sure to return a value other than undefined from your query function. Affected query key: ["current-theme"]
Query data cannot be undefined. Please make sure to return a value other than undefined from your query function. Affected query key: ["themes"]
Query data cannot be undefined. Please make sure to return a value other than undefined from your query function. Affected query key: ["current-theme"]
Query data cannot be undefined. Please make sure to return a value other than undefined from your query function. Affected query key: ["themes"]
Query data cannot be undefined. Please make sure to return a value other than undefined from your query function. Affected query key: ["current-theme"]
Query data cannot be undefined. Please make sure to return a value other than undefined from your query function. Affected query key: ["themes"]
Query data cannot be undefined. Please make sure to return a value other than undefined from your query function. Affected query key: ["current-theme"]
Query data cannot be undefined. Please make sure to return a value other than undefined from your query function. Affected query key: ["themes"]
Query data cannot be undefined. Please make sure to return a value other than undefined from your query function. Affected query key: ["current-theme"]
Query data cannot be undefined. Please make sure to return a value other than undefined from your query function. Affected query key: ["themes"]
Query data cannot be undefined. Please make sure to return a value other than undefined from your query function. Affected query key: ["current-theme"]
Query data cannot be undefined. Please make sure to return a value other than undefined from your query function. Affected query key: ["themes"]
Query data cannot be undefined. Please make sure to return a value other than undefined from your query function. Affected query key: ["current-theme"]
Query data cannot be undefined. Please make sure to return a value other than undefined from your query function. Affected query key: ["themes"]
Query data cannot be undefined. Please make sure to return a value other than undefined from your query function. Affected query key: ["current-theme"]
Query data cannot be undefined. Please make sure to return a value other than undefined from your query function. Affected query key: ["themes"]
Query data cannot be undefined. Please make sure to return a value other than undefined from your query function. Affected query key: ["current-theme"]
Query data cannot be undefined. Please make sure to return a value other than undefined from your query function. Affected query key: ["themes"]
Query data cannot be undefined. Please make sure to return a value other than undefined from your query function. Affected query key: ["current-theme"]
Query data cannot be undefined. Please make sure to return a value other than undefined from your query function. Affected query key: ["themes"]
Query data cannot be undefined. Please make sure to return a value other than undefined from your query function. Affected query key: ["current-theme"]
Query data cannot be undefined. Please make sure to return a value other than undefined from your query function. Affected query key: ["themes"]
Query data cannot be undefined. Please make sure to return a value other than undefined from your query function. Affected query key: ["current-theme"]
Query data cannot be undefined. Please make sure to return a value other than undefined from your query function. Affected query key: ["themes"]
Query data cannot be undefined. Please make sure to return a value other than undefined from your query function. Affected query key: ["current-theme"]
Query data cannot be undefined. Please make sure to return a value other than undefined from your query function. Affected query key: ["themes"]
Query data cannot be undefined. Please make sure to return a value other than undefined from your query function. Affected query key: ["current-theme"]
Query data cannot be undefined. Please make sure to return a value other than undefined from your query function. Affected query key: ["themes"]
Query data cannot be undefined. Please make sure to return a value other than undefined from your query function. Affected query key: ["current-theme"]
Query data cannot be undefined. Please make sure to return a value other than undefined from your query function. Affected query key: ["themes"]
Query data cannot be undefined. Please make sure to return a value other than undefined from your query function. Affected query key: ["current-theme"]
Query data cannot be undefined. Please make sure to return a value other than undefined from your query function. Affected query key: ["themes"]
Query data cannot be undefined. Please make sure to return a value other than undefined from your query function. Affected query key: ["current-theme"]
Query data cannot be undefined. Please make sure to return a value other than undefined from your query function. Affected query key: ["themes"]
Query data cannot be undefined. Please make sure to return a value other than undefined from your query function. Affected query key: ["current-theme"]
Query data cannot be undefined. Please make sure to return a value other than undefined from your query function. Affected query key: ["themes"]
Query data cannot be undefined. Please make sure to return a value other than undefined from your query function. Affected query key: ["current-theme"]
Query data cannot be undefined. Please make sure to return a value other than undefined from your query function. Affected query key: ["themes"]
Query data cannot be undefined. Please make sure to return a value other than undefined from your query function. Affected query key: ["current-theme"]
Query data cannot be undefined. Please make sure to return a value other than undefined from your query function. Affected query key: ["themes"]
Query data cannot be undefined. Please make sure to return a value other than undefined from your query function. Affected query key: ["current-theme"]
Query data cannot be undefined. Please make sure to return a value other than undefined from your query function. Affected query key: ["themes"]
Query data cannot be undefined. Please make sure to return a value other than undefined from your query function. Affected query key: ["current-theme"]
Query data cannot be undefined. Please make sure to return a value other than undefined from your query function. Affected query key: ["themes"]
Query data cannot be undefined. Please make sure to return a value other than undefined from your query function. Affected query key: ["current-theme"]
Query data cannot be undefined. Please make sure to return a value other than undefined from your query function. Affected query key: ["themes"]
Query data cannot be undefined. Please make sure to return a value other than undefined from your query function. Affected query key: ["current-theme"]
Query data cannot be undefined. Please make sure to return a value other than undefined from your query function. Affected query key: ["themes"]
Query data cannot be undefined. Please make sure to return a value other than undefined from your query function. Affected query key: ["current-theme"]
Query data cannot be undefined. Please make sure to return a value other than undefined from your query function. Affected query key: ["themes"]
Query data cannot be undefined. Please make sure to return a value other than undefined from your query function. Affected query key: ["current-theme"]
Query data cannot be undefined. Please make sure to return a value other than undefined from your query function. Affected query key: ["themes"]
Query data cannot be undefined. Please make sure to return a value other than undefined from your query function. Affected query key: ["current-theme"]
Query data cannot be undefined. Please make sure to return a value other than undefined from your query function. Affected query key: ["themes"]
Query data cannot be undefined. Please make sure to return a value other than undefined from your query function. Affected query key: ["current-theme"]
Query data cannot be undefined. Please make sure to return a value other than undefined from your query function. Affected query key: ["themes"]
Query data cannot be undefined. Please make sure to return a value other than undefined from your query function. Affected query key: ["current-theme"]
Query data cannot be undefined. Please make sure to return a value other than undefined from your query function. Affected query key: ["themes"]
Query data cannot be undefined. Please make sure to return a value other than undefined from your query function. Affected query key: ["current-theme"]
Query data cannot be undefined. Please make sure to return a value other than undefined from your query function. Affected query key: ["themes"]
Query data cannot be undefined. Please make sure to return a value other than undefined from your query function. Affected query key: ["current-theme"]
Query data cannot be undefined. Please make sure to return a value other than undefined from your query function. Affected query key: ["themes"]
Query data cannot be undefined. Please make sure to return a value other than undefined from your query function. Affected query key: ["current-theme"]
Query data cannot be undefined. Please make sure to return a value other than undefined from your query function. Affected query key: ["themes"]
Query data cannot be undefined. Please make sure to return a value other than undefined from your query function. Affected query key: ["current-theme"]
Query data cannot be undefined. Please make sure to return a value other than undefined from your query function. Affected query key: ["themes"]
Query data cannot be undefined. Please make sure to return a value other than undefined from your query function. Affected query key: ["current-theme"]
Query data cannot be undefined. Please make sure to return a value other than undefined from your query function. Affected query key: ["themes"]
Query data cannot be undefined. Please make sure to return a value other than undefined from your query function. Affected query key: ["current-theme"]
Query data cannot be undefined. Please make sure to return a value other than undefined from your query function. Affected query key: ["themes"]
Query data cannot be undefined. Please make sure to return a value other than undefined from your query function. Affected query key: ["current-theme"]
Query data cannot be undefined. Please make sure to return a value other than undefined from your query function. Affected query key: ["themes"]
Query data cannot be undefined. Please make sure to return a value other than undefined from your query function. Affected query key: ["current-theme"]
Query data cannot be undefined. Please make sure to return a value other than undefined from your query function. Affected query key: ["themes"]
Query data cannot be undefined. Please make sure to return a value other than undefined from your query function. Affected query key: ["current-theme"]
Query data cannot be undefined. Please make sure to return a value other than undefined from your query function. Affected query key: ["themes"]
Query data cannot be undefined. Please make sure to return a value other than undefined from your query function. Affected query key: ["current-theme"]
Query data cannot be undefined. Please make sure to return a value other than undefined from your query function. Affected query key: ["themes"]
Query data cannot be undefined. Please make sure to return a value other than undefined from your query function. Affected query key: ["current-theme"]
Query data cannot be undefined. Please make sure to return a value other than undefined from your query function. Affected query key: ["themes"]
Query data cannot be undefined. Please make sure to return a value other than undefined from your query function. Affected query key: ["current-theme"]
Query data cannot be undefined. Please make sure to return a value other than undefined from your query function. Affected query key: ["themes"]
Query data cannot be undefined. Please make sure to return a value other than undefined from your query function. Affected query key: ["current-theme"]
Query data cannot be undefined. Please make sure to return a value other than undefined from your query function. Affected query key: ["themes"]
Query data cannot be undefined. Please make sure to return a value other than undefined from your query function. Affected query key: ["current-theme"]
Query data cannot be undefined. Please make sure to return a value other than undefined from your query function. Affected query key: ["themes"]
Query data cannot be undefined. Please make sure to return a value other than undefined from your query function. Affected query key: ["current-theme"]
Query data cannot be undefined. Please make sure to return a value other than undefined from your query function. Affected query key: ["themes"]
Query data cannot be undefined. Please make sure to return a value other than undefined from your query function. Affected query key: ["current-theme"]
Query data cannot be undefined. Please make sure to return a value other than undefined from your query function. Affected query key: ["themes"]
Query data cannot be undefined. Please make sure to return a value other than undefined from your query function. Affected query key: ["current-theme"]
Query data cannot be undefined. Please make sure to return a value other than undefined from your query function. Affected query key: ["themes"]
Query data cannot be undefined. Please make sure to return a value other than undefined from your query function. Affected query key: ["current-theme"]
Query data cannot be undefined. Please make sure to return a value other than undefined from your query function. Affected query key: ["themes"]
Query data cannot be undefined. Please make sure to return a value other than undefined from your query function. Affected query key: ["current-theme"]
Query data cannot be undefined. Please make sure to return a value other than undefined from your query function. Affected query key: ["themes"]
Query data cannot be undefined. Please make sure to return a value other than undefined from your query function. Affected query key: ["current-theme"]
Query data cannot be undefined. Please make sure to return a value other than undefined from your query function. Affected query key: ["themes"]
Query data cannot be undefined. Please make sure to return a value other than undefined from your query function. Affected query key: ["current-theme"]
Query data cannot be undefined. Please make sure to return a value other than undefined from your query function. Affected query key: ["themes"]
Query data cannot be undefined. Please make sure to return a value other than undefined from your query function. Affected query key: ["current-theme"]
Query data cannot be undefined. Please make sure to return a value other than undefined from your query function. Affected query key: ["themes"]
Query data cannot be undefined. Please make sure to return a value other than undefined from your query function. Affected query key: ["current-theme"]
Query data cannot be undefined. Please make sure to return a value other than undefined from your query function. Affected query key: ["themes"]
Query data cannot be undefined. Please make sure to return a value other than undefined from your query function. Affected query key: ["current-theme"]
Query data cannot be undefined. Please make sure to return a value other than undefined from your query function. Affected query key: ["themes"]
Query data cannot be undefined. Please make sure to return a value other than undefined from your query function. Affected query key: ["current-theme"]
Query data cannot be undefined. Please make sure to return a value other than undefined from your query function. Affected query key: ["themes"]
Query data cannot be undefined. Please make sure to return a value other than undefined from your query function. Affected query key: ["current-theme"]
Query data cannot be undefined. Please make sure to return a value other than undefined from your query function. Affected query key: ["themes"]
Query data cannot be undefined. Please make sure to return a value other than undefined from your query function. Affected query key: ["current-theme"]
Query data cannot be undefined. Please make sure to return a value other than undefined from your query function. Affected query key: ["themes"]
Query data cannot be undefined. Please make sure to return a value other than undefined from your query function. Affected query key: ["current-theme"]
Query data cannot be undefined. Please make sure to return a value other than undefined from your query function. Affected query key: ["themes"]
Query data cannot be undefined. Please make sure to return a value other than undefined from your query function. Affected query key: ["current-theme"]
Query data cannot be undefined. Please make sure to return a value other than undefined from your query function. Affected query key: ["themes"]
Query data cannot be undefined. Please make sure to return a value other than undefined from your query function. Affected query key: ["current-theme"]
Query data cannot be undefined. Please make sure to return a value other than undefined from your query function. Affected query key: ["themes"]
Query data cannot be undefined. Please make sure to return a value other than undefined from your query function. Affected query key: ["current-theme"]
Query data cannot be undefined. Please make sure to return a value other than undefined from your query function. Affected query key: ["themes"]
Query data cannot be undefined. Please make sure to return a value other than undefined from your query function. Affected query key: ["current-theme"]
Query data cannot be undefined. Please make sure to return a value other than undefined from your query function. Affected query key: ["themes"]
Query data cannot be undefined. Please make sure to return a value other than undefined from your query function. Affected query key: ["current-theme"]
Query data cannot be undefined. Please make sure to return a value other than undefined from your query function. Affected query key: ["themes"]
Query data cannot be undefined. Please make sure to return a value other than undefined from your query function. Affected query key: ["current-theme"]
Query data cannot be undefined. Please make sure to return a value other than undefined from your query function. Affected query key: ["themes"]
Query data cannot be undefined. Please make sure to return a value other than undefined from your query function. Affected query key: ["current-theme"]
Query data cannot be undefined. Please make sure to return a value other than undefined from your query function. Affected query key: ["themes"]
Query data cannot be undefined. Please make sure to return a value other than undefined from your query function. Affected query key: ["current-theme"]
Query data cannot be undefined. Please make sure to return a value other than undefined from your query function. Affected query key: ["themes"]
Query data cannot be undefined. Please make sure to return a value other than undefined from your query function. Affected query key: ["current-theme"]
Query data cannot be undefined. Please make sure to return a value other than undefined from your query function. Affected query key: ["themes"]
Query data cannot be undefined. Please make sure to return a value other than undefined from your query function. Affected query key: ["current-theme"]
Query data cannot be undefined. Please make sure to return a value other than undefined from your query function. Affected query key: ["themes"]
Query data cannot be undefined. Please make sure to return a value other than undefined from your query function. Affected query key: ["current-theme"]
Query data cannot be undefined. Please make sure to return a value other than undefined from your query function. Affected query key: ["themes"]
Query data cannot be undefined. Please make sure to return a value other than undefined from your query function. Affected query key: ["current-theme"]
Query data cannot be undefined. Please make sure to return a value other than undefined from your query function. Affected query key: ["themes"]
Query data cannot be undefined. Please make sure to return a value other than undefined from your query function. Affected query key: ["current-theme"]
Query data cannot be undefined. Please make sure to return a value other than undefined from your query function. Affected query key: ["themes"]
Query data cannot be undefined. Please make sure to return a value other than undefined from your query function. Affected query key: ["current-theme"]
Query data cannot be undefined. Please make sure to return a value other than undefined from your query function. Affected query key: ["themes"]
Query data cannot be undefined. Please make sure to return a value other than undefined from your query function. Affected query key: ["current-theme"]
Query data cannot be undefined. Please make sure to return a value other than undefined from your query function. Affected query key: ["themes"]
Query data cannot be undefined. Please make sure to return a value other than undefined from your query function. Affected query key: ["current-theme"]
Query data cannot be undefined. Please make sure to return a value other than undefined from your query function. Affected query key: ["themes"]
Query data cannot be undefined. Please make sure to return a value other than undefined from your query function. Affected query key: ["current-theme"]
Query data cannot be undefined. Please make sure to return a value other than undefined from your query function. Affected query key: ["themes"]
Query data cannot be undefined. Please make sure to return a value other than undefined from your query function. Affected query key: ["current-theme"]
Query data cannot be undefined. Please make sure to return a value other than undefined from your query function. Affected query key: ["themes"]
Query data cannot be undefined. Please make sure to return a value other than undefined from your query function. Affected query key: ["current-theme"]

stderr | src/__tests__/AppTitle.test.jsx > App Title > persists title across page navigation
Query data cannot be undefined. Please make sure to return a value other than undefined from your query function. Affected query key: ["current-theme"]

stderr | src/__tests__/AppTitle.test.jsx > App Title > persists title across page navigation
Query data cannot be undefined. Please make sure to return a value other than undefined from your query function. Affected query key: ["themes"]
Query data cannot be undefined. Please make sure to return a value other than undefined from your query function. Affected query key: ["current-theme"]
Query data cannot be undefined. Please make sure to return a value other than undefined from your query function. Affected query key: ["themes"]
Query data cannot be undefined. Please make sure to return a value other than undefined from your query function. Affected query key: ["current-theme"]
Query data cannot be undefined. Please make sure to return a value other than undefined from your query function. Affected query key: ["themes"]
Query data cannot be undefined. Please make sure to return a value other than undefined from your query function. Affected query key: ["current-theme"]
Query data cannot be undefined. Please make sure to return a value other than undefined from your query function. Affected query key: ["themes"]
Query data cannot be undefined. Please make sure to return a value other than undefined from your query function. Affected query key: ["current-theme"]
Query data cannot be undefined. Please make sure to return a value other than undefined from your query function. Affected query key: ["themes"]
Query data cannot be undefined. Please make sure to return a value other than undefined from your query function. Affected query key: ["current-theme"]
Query data cannot be undefined. Please make sure to return a value other than undefined from your query function. Affected query key: ["themes"]
Query data cannot be undefined. Please make sure to return a value other than undefined from your query function. Affected query key: ["current-theme"]
Query data cannot be undefined. Please make sure to return a value other than undefined from your query function. Affected query key: ["themes"]
Query data cannot be undefined. Please make sure to return a value other than undefined from your query function. Affected query key: ["current-theme"]
Query data cannot be undefined. Please make sure to return a value other than undefined from your query function. Affected query key: ["themes"]
Query data cannot be undefined. Please make sure to return a value other than undefined from your query function. Affected query key: ["current-theme"]
Query data cannot be undefined. Please make sure to return a value other than undefined from your query function. Affected query key: ["themes"]
Query data cannot be undefined. Please make sure to return a value other than undefined from your query function. Affected query key: ["current-theme"]
Query data cannot be undefined. Please make sure to return a value other than undefined from your query function. Affected query key: ["themes"]
Query data cannot be undefined. Please make sure to return a value other than undefined from your query function. Affected query key: ["current-theme"]
Query data cannot be undefined. Please make sure to return a value other than undefined from your query function. Affected query key: ["themes"]
Query data cannot be undefined. Please make sure to return a value other than undefined from your query function. Affected query key: ["current-theme"]
Query data cannot be undefined. Please make sure to return a value other than undefined from your query function. Affected query key: ["themes"]
Query data cannot be undefined. Please make sure to return a value other than undefined from your query function. Affected query key: ["current-theme"]
Query data cannot be undefined. Please make sure to return a value other than undefined from your query function. Affected query key: ["themes"]
Query data cannot be undefined. Please make sure to return a value other than undefined from your query function. Affected query key: ["current-theme"]
Query data cannot be undefined. Please make sure to return a value other than undefined from your query function. Affected query key: ["themes"]
Query data cannot be undefined. Please make sure to return a value other than undefined from your query function. Affected query key: ["current-theme"]
Query data cannot be undefined. Please make sure to return a value other than undefined from your query function. Affected query key: ["themes"]
Query data cannot be undefined. Please make sure to return a value other than undefined from your query function. Affected query key: ["current-theme"]
Query data cannot be undefined. Please make sure to return a value other than undefined from your query function. Affected query key: ["themes"]
Query data cannot be undefined. Please make sure to return a value other than undefined from your query function. Affected query key: ["current-theme"]
Query data cannot be undefined. Please make sure to return a value other than undefined from your query function. Affected query key: ["themes"]
Query data cannot be undefined. Please make sure to return a value other than undefined from your query function. Affected query key: ["current-theme"]
Query data cannot be undefined. Please make sure to return a value other than undefined from your query function. Affected query key: ["themes"]
Query data cannot be undefined. Please make sure to return a value other than undefined from your query function. Affected query key: ["current-theme"]
Query data cannot be undefined. Please make sure to return a value other than undefined from your query function. Affected query key: ["themes"]
Query data cannot be undefined. Please make sure to return a value other than undefined from your query function. Affected query key: ["current-theme"]
Query data cannot be undefined. Please make sure to return a value other than undefined from your query function. Affected query key: ["themes"]
Query data cannot be undefined. Please make sure to return a value other than undefined from your query function. Affected query key: ["current-theme"]
Query data cannot be undefined. Please make sure to return a value other than undefined from your query function. Affected query key: ["themes"]
Query data cannot be undefined. Please make sure to return a value other than undefined from your query function. Affected query key: ["current-theme"]
Query data cannot be undefined. Please make sure to return a value other than undefined from your query function. Affected query key: ["themes"]
Query data cannot be undefined. Please make sure to return a value other than undefined from your query function. Affected query key: ["current-theme"]
Query data cannot be undefined. Please make sure to return a value other than undefined from your query function. Affected query key: ["themes"]
Query data cannot be undefined. Please make sure to return a value other than undefined from your query function. Affected query key: ["current-theme"]
Query data cannot be undefined. Please make sure to return a value other than undefined from your query function. Affected query key: ["themes"]
Query data cannot be undefined. Please make sure to return a value other than undefined from your query function. Affected query key: ["current-theme"]
Query data cannot be undefined. Please make sure to return a value other than undefined from your query function. Affected query key: ["themes"]
Query data cannot be undefined. Please make sure to return a value other than undefined from your query function. Affected query key: ["current-theme"]
Query data cannot be undefined. Please make sure to return a value other than undefined from your query function. Affected query key: ["themes"]
Query data cannot be undefined. Please make sure to return a value other than undefined from your query function. Affected query key: ["current-theme"]
Query data cannot be undefined. Please make sure to return a value other than undefined from your query function. Affected query key: ["themes"]
Query data cannot be undefined. Please make sure to return a value other than undefined from your query function. Affected query key: ["current-theme"]
Query data cannot be undefined. Please make sure to return a value other than undefined from your query function. Affected query key: ["themes"]
Query data cannot be undefined. Please make sure to return a value other than undefined from your query function. Affected query key: ["current-theme"]
Query data cannot be undefined. Please make sure to return a value other than undefined from your query function. Affected query key: ["themes"]
Query data cannot be undefined. Please make sure to return a value other than undefined from your query function. Affected query key: ["current-theme"]
Query data cannot be undefined. Please make sure to return a value other than undefined from your query function. Affected query key: ["themes"]
Query data cannot be undefined. Please make sure to return a value other than undefined from your query function. Affected query key: ["current-theme"]
Query data cannot be undefined. Please make sure to return a value other than undefined from your query function. Affected query key: ["themes"]
Query data cannot be undefined. Please make sure to return a value other than undefined from your query function. Affected query key: ["current-theme"]
Query data cannot be undefined. Please make sure to return a value other than undefined from your query function. Affected query key: ["themes"]
Query data cannot be undefined. Please make sure to return a value other than undefined from your query function. Affected query key: ["current-theme"]
Query data cannot be undefined. Please make sure to return a value other than undefined from your query function. Affected query key: ["themes"]
Query data cannot be undefined. Please make sure to return a value other than undefined from your query function. Affected query key: ["current-theme"]
Query data cannot be undefined. Please make sure to return a value other than undefined from your query function. Affected query key: ["themes"]
Query data cannot be undefined. Please make sure to return a value other than undefined from your query function. Affected query key: ["current-theme"]
Query data cannot be undefined. Please make sure to return a value other than undefined from your query function. Affected query key: ["themes"]
Query data cannot be undefined. Please make sure to return a value other than undefined from your query function. Affected query key: ["current-theme"]
Query data cannot be undefined. Please make sure to return a value other than undefined from your query function. Affected query key: ["themes"]
Query data cannot be undefined. Please make sure to return a value other than undefined from your query function. Affected query key: ["current-theme"]
Query data cannot be undefined. Please make sure to return a value other than undefined from your query function. Affected query key: ["themes"]
Query data cannot be undefined. Please make sure to return a value other than undefined from your query function. Affected query key: ["current-theme"]
Query data cannot be undefined. Please make sure to return a value other than undefined from your query function. Affected query key: ["themes"]
Query data cannot be undefined. Please make sure to return a value other than undefined from your query function. Affected query key: ["current-theme"]
Query data cannot be undefined. Please make sure to return a value other than undefined from your query function. Affected query key: ["themes"]
Query data cannot be undefined. Please make sure to return a value other than undefined from your query function. Affected query key: ["current-theme"]
Query data cannot be undefined. Please make sure to return a value other than undefined from your query function. Affected query key: ["themes"]
Query data cannot be undefined. Please make sure to return a value other than undefined from your query function. Affected query key: ["current-theme"]
Query data cannot be undefined. Please make sure to return a value other than undefined from your query function. Affected query key: ["themes"]
Query data cannot be undefined. Please make sure to return a value other than undefined from your query function. Affected query key: ["current-theme"]
Query data cannot be undefined. Please make sure to return a value other than undefined from your query function. Affected query key: ["themes"]
Query data cannot be undefined. Please make sure to return a value other than undefined from your query function. Affected query key: ["current-theme"]
Query data cannot be undefined. Please make sure to return a value other than undefined from your query function. Affected query key: ["themes"]
Query data cannot be undefined. Please make sure to return a value other than undefined from your query function. Affected query key: ["current-theme"]
Query data cannot be undefined. Please make sure to return a value other than undefined from your query function. Affected query key: ["themes"]
Query data cannot be undefined. Please make sure to return a value other than undefined from your query function. Affected query key: ["current-theme"]
Query data cannot be undefined. Please make sure to return a value other than undefined from your query function. Affected query key: ["themes"]
Query data cannot be undefined. Please make sure to return a value other than undefined from your query function. Affected query key: ["current-theme"]
Query data cannot be undefined. Please make sure to return a value other than undefined from your query function. Affected query key: ["themes"]
Query data cannot be undefined. Please make sure to return a value other than undefined from your query function. Affected query key: ["current-theme"]
Query data cannot be undefined. Please make sure to return a value other than undefined from your query function. Affected query key: ["themes"]
Query data cannot be undefined. Please make sure to return a value other than undefined from your query function. Affected query key: ["current-theme"]
Query data cannot be undefined. Please make sure to return a value other than undefined from your query function. Affected query key: ["themes"]
Query data cannot be undefined. Please make sure to return a value other than undefined from your query function. Affected query key: ["current-theme"]
Query data cannot be undefined. Please make sure to return a value other than undefined from your query function. Affected query key: ["themes"]
Query data cannot be undefined. Please make sure to return a value other than undefined from your query function. Affected query key: ["current-theme"]
Query data cannot be undefined. Please make sure to return a value other than undefined from your query function. Affected query key: ["themes"]
Query data cannot be undefined. Please make sure to return a value other than undefined from your query function. Affected query key: ["current-theme"]
Query data cannot be undefined. Please make sure to return a value other than undefined from your query function. Affected query key: ["themes"]
Query data cannot be undefined. Please make sure to return a value other than undefined from your query function. Affected query key: ["current-theme"]
Query data cannot be undefined. Please make sure to return a value other than undefined from your query function. Affected query key: ["themes"]
Query data cannot be undefined. Please make sure to return a value other than undefined from your query function. Affected query key: ["current-theme"]
Query data cannot be undefined. Please make sure to return a value other than undefined from your query function. Affected query key: ["themes"]
Query data cannot be undefined. Please make sure to return a value other than undefined from your query function. Affected query key: ["current-theme"]
Query data cannot be undefined. Please make sure to return a value other than undefined from your query function. Affected query key: ["themes"]
Query data cannot be undefined. Please make sure to return a value other than undefined from your query function. Affected query key: ["current-theme"]
Query data cannot be undefined. Please make sure to return a value other than undefined from your query function. Affected query key: ["themes"]
Query data cannot be undefined. Please make sure to return a value other than undefined from your query function. Affected query key: ["current-theme"]
Query data cannot be undefined. Please make sure to return a value other than undefined from your query function. Affected query key: ["themes"]
Query data cannot be undefined. Please make sure to return a value other than undefined from your query function. Affected query key: ["current-theme"]
Query data cannot be undefined. Please make sure to return a value other than undefined from your query function. Affected query key: ["themes"]
Query data cannot be undefined. Please make sure to return a value other than undefined from your query function. Affected query key: ["current-theme"]
Query data cannot be undefined. Please make sure to return a value other than undefined from your query function. Affected query key: ["themes"]
Query data cannot be undefined. Please make sure to return a value other than undefined from your query function. Affected query key: ["current-theme"]
Query data cannot be undefined. Please make sure to return a value other than undefined from your query function. Affected query key: ["themes"]
Query data cannot be undefined. Please make sure to return a value other than undefined from your query function. Affected query key: ["current-theme"]
Query data cannot be undefined. Please make sure to return a value other than undefined from your query function. Affected query key: ["themes"]
Query data cannot be undefined. Please make sure to return a value other than undefined from your query function. Affected query key: ["current-theme"]
Query data cannot be undefined. Please make sure to return a value other than undefined from your query function. Affected query key: ["themes"]
Query data cannot be undefined. Please make sure to return a value other than undefined from your query function. Affected query key: ["current-theme"]
Query data cannot be undefined. Please make sure to return a value other than undefined from your query function. Affected query key: ["themes"]
Query data cannot be undefined. Please make sure to return a value other than undefined from your query function. Affected query key: ["current-theme"]
Query data cannot be undefined. Please make sure to return a value other than undefined from your query function. Affected query key: ["themes"]
Query data cannot be undefined. Please make sure to return a value other than undefined from your query function. Affected query key: ["current-theme"]
Query data cannot be undefined. Please make sure to return a value other than undefined from your query function. Affected query key: ["themes"]
Query data cannot be undefined. Please make sure to return a value other than undefined from your query function. Affected query key: ["current-theme"]
Query data cannot be undefined. Please make sure to return a value other than undefined from your query function. Affected query key: ["themes"]
Query data cannot be undefined. Please make sure to return a value other than undefined from your query function. Affected query key: ["current-theme"]
Query data cannot be undefined. Please make sure to return a value other than undefined from your query function. Affected query key: ["themes"]
Query data cannot be undefined. Please make sure to return a value other than undefined from your query function. Affected query key: ["current-theme"]
Query data cannot be undefined. Please make sure to return a value other than undefined from your query function. Affected query key: ["themes"]
Query data cannot be undefined. Please make sure to return a value other than undefined from your query function. Affected query key: ["current-theme"]
Query data cannot be undefined. Please make sure to return a value other than undefined from your query function. Affected query key: ["themes"]
Query data cannot be undefined. Please make sure to return a value other than undefined from your query function. Affected query key: ["current-theme"]
Query data cannot be undefined. Please make sure to return a value other than undefined from your query function. Affected query key: ["themes"]
Query data cannot be undefined. Please make sure to return a value other than undefined from your query function. Affected query key: ["current-theme"]
Query data cannot be undefined. Please make sure to return a value other than undefined from your query function. Affected query key: ["themes"]
Query data cannot be undefined. Please make sure to return a value other than undefined from your query function. Affected query key: ["current-theme"]
Query data cannot be undefined. Please make sure to return a value other than undefined from your query function. Affected query key: ["themes"]
Query data cannot be undefined. Please make sure to return a value other than undefined from your query function. Affected query key: ["current-theme"]
Query data cannot be undefined. Please make sure to return a value other than undefined from your query function. Affected query key: ["themes"]
Query data cannot be undefined. Please make sure to return a value other than undefined from your query function. Affected query key: ["current-theme"]
Query data cannot be undefined. Please make sure to return a value other than undefined from your query function. Affected query key: ["themes"]
Query data cannot be undefined. Please make sure to return a value other than undefined from your query function. Affected query key: ["current-theme"]
Query data cannot be undefined. Please make sure to return a value other than undefined from your query function. Affected query key: ["themes"]
Query data cannot be undefined. Please make sure to return a value other than undefined from your query function. Affected query key: ["current-theme"]
Query data cannot be undefined. Please make sure to return a value other than undefined from your query function. Affected query key: ["themes"]
Query data cannot be undefined. Please make sure to return a value other than undefined from your query function. Affected query key: ["current-theme"]
Query data cannot be undefined. Please make sure to return a value other than undefined from your query function. Affected query key: ["themes"]
Query data cannot be undefined. Please make sure to return a value other than undefined from your query function. Affected query key: ["current-theme"]
Query data cannot be undefined. Please make sure to return a value other than undefined from your query function. Affected query key: ["themes"]
Query data cannot be undefined. Please make sure to return a value other than undefined from your query function. Affected query key: ["current-theme"]
Query data cannot be undefined. Please make sure to return a value other than undefined from your query function. Affected query key: ["themes"]
Query data cannot be undefined. Please make sure to return a value other than undefined from your query function. Affected query key: ["current-theme"]
Query data cannot be undefined. Please make sure to return a value other than undefined from your query function. Affected query key: ["themes"]
Query data cannot be undefined. Please make sure to return a value other than undefined from your query function. Affected query key: ["current-theme"]
Query data cannot be undefined. Please make sure to return a value other than undefined from your query function. Affected query key: ["themes"]
Query data cannot be undefined. Please make sure to return a value other than undefined from your query function. Affected query key: ["current-theme"]
Query data cannot be undefined. Please make sure to return a value other than undefined from your query function. Affected query key: ["themes"]
Query data cannot be undefined. Please make sure to return a value other than undefined from your query function. Affected query key: ["current-theme"]
Query data cannot be undefined. Please make sure to return a value other than undefined from your query function. Affected query key: ["themes"]
Query data cannot be undefined. Please make sure to return a value other than undefined from your query function. Affected query key: ["current-theme"]
Query data cannot be undefined. Please make sure to return a value other than undefined from your query function. Affected query key: ["themes"]
Query data cannot be undefined. Please make sure to return a value other than undefined from your query function. Affected query key: ["current-theme"]
Query data cannot be undefined. Please make sure to return a value other than undefined from your query function. Affected query key: ["themes"]
Query data cannot be undefined. Please make sure to return a value other than undefined from your query function. Affected query key: ["current-theme"]
Query data cannot be undefined. Please make sure to return a value other than undefined from your query function. Affected query key: ["themes"]
Query data cannot be undefined. Please make sure to return a value other than undefined from your query function. Affected query key: ["current-theme"]
Query data cannot be undefined. Please make sure to return a value other than undefined from your query function. Affected query key: ["themes"]
Query data cannot be undefined. Please make sure to return a value other than undefined from your query function. Affected query key: ["current-theme"]
Query data cannot be undefined. Please make sure to return a value other than undefined from your query function. Affected query key: ["themes"]
Query data cannot be undefined. Please make sure to return a value other than undefined from your query function. Affected query key: ["current-theme"]
Query data cannot be undefined. Please make sure to return a value other than undefined from your query function. Affected query key: ["themes"]
Query data cannot be undefined. Please make sure to return a value other than undefined from your query function. Affected query key: ["current-theme"]
Query data cannot be undefined. Please make sure to return a value other than undefined from your query function. Affected query key: ["themes"]
Query data cannot be undefined. Please make sure to return a value other than undefined from your query function. Affected query key: ["current-theme"]
Query data cannot be undefined. Please make sure to return a value other than undefined from your query function. Affected query key: ["themes"]
Query data cannot be undefined. Please make sure to return a value other than undefined from your query function. Affected query key: ["current-theme"]
Query data cannot be undefined. Please make sure to return a value other than undefined from your query function. Affected query key: ["themes"]
Query data cannot be undefined. Please make sure to return a value other than undefined from your query function. Affected query key: ["current-theme"]
Query data cannot be undefined. Please make sure to return a value other than undefined from your query function. Affected query key: ["themes"]
Query data cannot be undefined. Please make sure to return a value other than undefined from your query function. Affected query key: ["current-theme"]
Query data cannot be undefined. Please make sure to return a value other than undefined from your query function. Affected query key: ["themes"]
Query data cannot be undefined. Please make sure to return a value other than undefined from your query function. Affected query key: ["current-theme"]
Query data cannot be undefined. Please make sure to return a value other than undefined from your query function. Affected query key: ["themes"]
Query data cannot be undefined. Please make sure to return a value other than undefined from your query function. Affected query key: ["current-theme"]
Query data cannot be undefined. Please make sure to return a value other than undefined from your query function. Affected query key: ["themes"]
Query data cannot be undefined. Please make sure to return a value other than undefined from your query function. Affected query key: ["current-theme"]
Query data cannot be undefined. Please make sure to return a value other than undefined from your query function. Affected query key: ["themes"]
Query data cannot be undefined. Please make sure to return a value other than undefined from your query function. Affected query key: ["current-theme"]
Query data cannot be undefined. Please make sure to return a value other than undefined from your query function. Affected query key: ["themes"]
Query data cannot be undefined. Please make sure to return a value other than undefined from your query function. Affected query key: ["current-theme"]
Query data cannot be undefined. Please make sure to return a value other than undefined from your query function. Affected query key: ["themes"]
Query data cannot be undefined. Please make sure to return a value other than undefined from your query function. Affected query key: ["current-theme"]
Query data cannot be undefined. Please make sure to return a value other than undefined from your query function. Affected query key: ["themes"]
Query data cannot be undefined. Please make sure to return a value other than undefined from your query function. Affected query key: ["current-theme"]
Query data cannot be undefined. Please make sure to return a value other than undefined from your query function. Affected query key: ["themes"]
Query data cannot be undefined. Please make sure to return a value other than undefined from your query function. Affected query key: ["current-theme"]
Query data cannot be undefined. Please make sure to return a value other than undefined from your query function. Affected query key: ["themes"]
Query data cannot be undefined. Please make sure to return a value other than undefined from your query function. Affected query key: ["current-theme"]
Query data cannot be undefined. Please make sure to return a value other than undefined from your query function. Affected query key: ["themes"]
Query data cannot be undefined. Please make sure to return a value other than undefined from your query function. Affected query key: ["current-theme"]
Query data cannot be undefined. Please make sure to return a value other than undefined from your query function. Affected query key: ["themes"]
Query data cannot be undefined. Please make sure to return a value other than undefined from your query function. Affected query key: ["current-theme"]
Query data cannot be undefined. Please make sure to return a value other than undefined from your query function. Affected query key: ["themes"]
Query data cannot be undefined. Please make sure to return a value other than undefined from your query function. Affected query key: ["current-theme"]
Query data cannot be undefined. Please make sure to return a value other than undefined from your query function. Affected query key: ["themes"]
Query data cannot be undefined. Please make sure to return a value other than undefined from your query function. Affected query key: ["current-theme"]
Query data cannot be undefined. Please make sure to return a value other than undefined from your query function. Affected query key: ["themes"]
Query data cannot be undefined. Please make sure to return a value other than undefined from your query function. Affected query key: ["current-theme"]
Query data cannot be undefined. Please make sure to return a value other than undefined from your query function. Affected query key: ["themes"]
Query data cannot be undefined. Please make sure to return a value other than undefined from your query function. Affected query key: ["current-theme"]
Query data cannot be undefined. Please make sure to return a value other than undefined from your query function. Affected query key: ["themes"]
Query data cannot be undefined. Please make sure to return a value other than undefined from your query function. Affected query key: ["current-theme"]
Query data cannot be undefined. Please make sure to return a value other than undefined from your query function. Affected query key: ["themes"]
Query data cannot be undefined. Please make sure to return a value other than undefined from your query function. Affected query key: ["current-theme"]
Query data cannot be undefined. Please make sure to return a value other than undefined from your query function. Affected query key: ["themes"]
Query data cannot be undefined. Please make sure to return a value other than undefined from your query function. Affected query key: ["current-theme"]
Query data cannot be undefined. Please make sure to return a value other than undefined from your query function. Affected query key: ["themes"]
Query data cannot be undefined. Please make sure to return a value other than undefined from your query function. Affected query key: ["current-theme"]
Query data cannot be undefined. Please make sure to return a value other than undefined from your query function. Affected query key: ["themes"]
Query data cannot be undefined. Please make sure to return a value other than undefined from your query function. Affected query key: ["current-theme"]
Query data cannot be undefined. Please make sure to return a value other than undefined from your query function. Affected query key: ["themes"]
Query data cannot be undefined. Please make sure to return a value other than undefined from your query function. Affected query key: ["current-theme"]
Query data cannot be undefined. Please make sure to return a value other than undefined from your query function. Affected query key: ["themes"]
Query data cannot be undefined. Please make sure to return a value other than undefined from your query function. Affected query key: ["current-theme"]
Query data cannot be undefined. Please make sure to return a value other than undefined from your query function. Affected query key: ["themes"]
Query data cannot be undefined. Please make sure to return a value other than undefined from your query function. Affected query key: ["current-theme"]
Query data cannot be undefined. Please make sure to return a value other than undefined from your query function. Affected query key: ["themes"]
Query data cannot be undefined. Please make sure to return a value other than undefined from your query function. Affected query key: ["current-theme"]
Query data cannot be undefined. Please make sure to return a value other than undefined from your query function. Affected query key: ["themes"]
Query data cannot be undefined. Please make sure to return a value other than undefined from your query function. Affected query key: ["current-theme"]
Query data cannot be undefined. Please make sure to return a value other than undefined from your query function. Affected query key: ["themes"]
Query data cannot be undefined. Please make sure to return a value other than undefined from your query function. Affected query key: ["current-theme"]
Query data cannot be undefined. Please make sure to return a value other than undefined from your query function. Affected query key: ["themes"]
Query data cannot be undefined. Please make sure to return a value other than undefined from your query function. Affected query key: ["current-theme"]
Query data cannot be undefined. Please make sure to return a value other than undefined from your query function. Affected query key: ["themes"]
Query data cannot be undefined. Please make sure to return a value other than undefined from your query function. Affected query key: ["current-theme"]
Query data cannot be undefined. Please make sure to return a value other than undefined from your query function. Affected query key: ["themes"]
Query data cannot be undefined. Please make sure to return a value other than undefined from your query function. Affected query key: ["current-theme"]
Query data cannot be undefined. Please make sure to return a value other than undefined from your query function. Affected query key: ["themes"]
Query data cannot be undefined. Please make sure to return a value other than undefined from your query function. Affected query key: ["current-theme"]
Query data cannot be undefined. Please make sure to return a value other than undefined from your query function. Affected query key: ["themes"]
Query data cannot be undefined. Please make sure to return a value other than undefined from your query function. Affected query key: ["current-theme"]
Query data cannot be undefined. Please make sure to return a value other than undefined from your query function. Affected query key: ["themes"]
Query data cannot be undefined. Please make sure to return a value other than undefined from your query function. Affected query key: ["current-theme"]
Query data cannot be undefined. Please make sure to return a value other than undefined from your query function. Affected query key: ["themes"]
Query data cannot be undefined. Please make sure to return a value other than undefined from your query function. Affected query key: ["current-theme"]
Query data cannot be undefined. Please make sure to return a value other than undefined from your query function. Affected query key: ["themes"]
Query data cannot be undefined. Please make sure to return a value other than undefined from your query function. Affected query key: ["current-theme"]
Query data cannot be undefined. Please make sure to return a value other than undefined from your query function. Affected query key: ["themes"]
Query data cannot be undefined. Please make sure to return a value other than undefined from your query function. Affected query key: ["current-theme"]
Query data cannot be undefined. Please make sure to return a value other than undefined from your query function. Affected query key: ["themes"]
Query data cannot be undefined. Please make sure to return a value other than undefined from your query function. Affected query key: ["current-theme"]
Query data cannot be undefined. Please make sure to return a value other than undefined from your query function. Affected query key: ["themes"]
Query data cannot be undefined. Please make sure to return a value other than undefined from your query function. Affected query key: ["current-theme"]
Query data cannot be undefined. Please make sure to return a value other than undefined from your query function. Affected query key: ["themes"]
Query data cannot be undefined. Please make sure to return a value other than undefined from your query function. Affected query key: ["current-theme"]
Query data cannot be undefined. Please make sure to return a value other than undefined from your query function. Affected query key: ["themes"]
Query data cannot be undefined. Please make sure to return a value other than undefined from your query function. Affected query key: ["current-theme"]
Query data cannot be undefined. Please make sure to return a value other than undefined from your query function. Affected query key: ["themes"]
Query data cannot be undefined. Please make sure to return a value other than undefined from your query function. Affected query key: ["current-theme"]
Query data cannot be undefined. Please make sure to return a value other than undefined from your query function. Affected query key: ["themes"]
Query data cannot be undefined. Please make sure to return a value other than undefined from your query function. Affected query key: ["current-theme"]
Query data cannot be undefined. Please make sure to return a value other than undefined from your query function. Affected query key: ["themes"]
Query data cannot be undefined. Please make sure to return a value other than undefined from your query function. Affected query key: ["current-theme"]
Query data cannot be undefined. Please make sure to return a value other than undefined from your query function. Affected query key: ["themes"]
Query data cannot be undefined. Please make sure to return a value other than undefined from your query function. Affected query key: ["current-theme"]
Query data cannot be undefined. Please make sure to return a value other than undefined from your query function. Affected query key: ["themes"]
Query data cannot be undefined. Please make sure to return a value other than undefined from your query function. Affected query key: ["current-theme"]
Query data cannot be undefined. Please make sure to return a value other than undefined from your query function. Affected query key: ["themes"]
Query data cannot be undefined. Please make sure to return a value other than undefined from your query function. Affected query key: ["current-theme"]
Query data cannot be undefined. Please make sure to return a value other than undefined from your query function. Affected query key: ["themes"]
Query data cannot be undefined. Please make sure to return a value other than undefined from your query function. Affected query key: ["current-theme"]
Query data cannot be undefined. Please make sure to return a value other than undefined from your query function. Affected query key: ["themes"]
Query data cannot be undefined. Please make sure to return a value other than undefined from your query function. Affected query key: ["current-theme"]
Query data cannot be undefined. Please make sure to return a value other than undefined from your query function. Affected query key: ["themes"]
Query data cannot be undefined. Please make sure to return a value other than undefined from your query function. Affected query key: ["current-theme"]
Query data cannot be undefined. Please make sure to return a value other than undefined from your query function. Affected query key: ["themes"]
Query data cannot be undefined. Please make sure to return a value other than undefined from your query function. Affected query key: ["current-theme"]
Query data cannot be undefined. Please make sure to return a value other than undefined from your query function. Affected query key: ["themes"]
Query data cannot be undefined. Please make sure to return a value other than undefined from your query function. Affected query key: ["current-theme"]
Query data cannot be undefined. Please make sure to return a value other than undefined from your query function. Affected query key: ["themes"]
Query data cannot be undefined. Please make sure to return a value other than undefined from your query function. Affected query key: ["current-theme"]
Query data cannot be undefined. Please make sure to return a value other than undefined from your query function. Affected query key: ["themes"]
Query data cannot be undefined. Please make sure to return a value other than undefined from your query function. Affected query key: ["current-theme"]
Query data cannot be undefined. Please make sure to return a value other than undefined from your query function. Affected query key: ["themes"]
Query data cannot be undefined. Please make sure to return a value other than undefined from your query function. Affected query key: ["current-theme"]
Query data cannot be undefined. Please make sure to return a value other than undefined from your query function. Affected query key: ["themes"]
Query data cannot be undefined. Please make sure to return a value other than undefined from your query function. Affected query key: ["current-theme"]
Query data cannot be undefined. Please make sure to return a value other than undefined from your query function. Affected query key: ["themes"]
Query data cannot be undefined. Please make sure to return a value other than undefined from your query function. Affected query key: ["current-theme"]
Query data cannot be undefined. Please make sure to return a value other than undefined from your query function. Affected query key: ["themes"]
Query data cannot be undefined. Please make sure to return a value other than undefined from your query function. Affected query key: ["current-theme"]
Query data cannot be undefined. Please make sure to return a value other than undefined from your query function. Affected query key: ["themes"]
Query data cannot be undefined. Please make sure to return a value other than undefined from your query function. Affected query key: ["current-theme"]
Query data cannot be undefined. Please make sure to return a value other than undefined from your query function. Affected query key: ["themes"]
Query data cannot be undefined. Please make sure to return a value other than undefined from your query function. Affected query key: ["current-theme"]
Query data cannot be undefined. Please make sure to return a value other than undefined from your query function. Affected query key: ["themes"]
Query data cannot be undefined. Please make sure to return a value other than undefined from your query function. Affected query key: ["current-theme"]
Query data cannot be undefined. Please make sure to return a value other than undefined from your query function. Affected query key: ["themes"]
Query data cannot be undefined. Please make sure to return a value other than undefined from your query function. Affected query key: ["current-theme"]
Query data cannot be undefined. Please make sure to return a value other than undefined from your query function. Affected query key: ["themes"]
Query data cannot be undefined. Please make sure to return a value other than undefined from your query function. Affected query key: ["current-theme"]
Query data cannot be undefined. Please make sure to return a value other than undefined from your query function. Affected query key: ["themes"]
Query data cannot be undefined. Please make sure to return a value other than undefined from your query function. Affected query key: ["current-theme"]
Query data cannot be undefined. Please make sure to return a value other than undefined from your query function. Affected query key: ["themes"]
Query data cannot be undefined. Please make sure to return a value other than undefined from your query function. Affected query key: ["current-theme"]
Query data cannot be undefined. Please make sure to return a value other than undefined from your query function. Affected query key: ["themes"]
Query data cannot be undefined. Please make sure to return a value other than undefined from your query function. Affected query key: ["current-theme"]
Query data cannot be undefined. Please make sure to return a value other than undefined from your query function. Affected query key: ["themes"]
Query data cannot be undefined. Please make sure to return a value other than undefined from your query function. Affected query key: ["current-theme"]
Query data cannot be undefined. Please make sure to return a value other than undefined from your query function. Affected query key: ["themes"]
Query data cannot be undefined. Please make sure to return a value other than undefined from your query function. Affected query key: ["current-theme"]
Query data cannot be undefined. Please make sure to return a value other than undefined from your query function. Affected query key: ["themes"]
Query data cannot be undefined. Please make sure to return a value other than undefined from your query function. Affected query key: ["current-theme"]
Query data cannot be undefined. Please make sure to return a value other than undefined from your query function. Affected query key: ["themes"]
Query data cannot be undefined. Please make sure to return a value other than undefined from your query function. Affected query key: ["current-theme"]
Query data cannot be undefined. Please make sure to return a value other than undefined from your query function. Affected query key: ["themes"]
Query data cannot be undefined. Please make sure to return a value other than undefined from your query function. Affected query key: ["current-theme"]
Query data cannot be undefined. Please make sure to return a value other than undefined from your query function. Affected query key: ["themes"]
Query data cannot be undefined. Please make sure to return a value other than undefined from your query function. Affected query key: ["current-theme"]
Query data cannot be undefined. Please make sure to return a value other than undefined from your query function. Affected query key: ["themes"]
Query data cannot be undefined. Please make sure to return a value other than undefined from your query function. Affected query key: ["current-theme"]
Query data cannot be undefined. Please make sure to return a value other than undefined from your query function. Affected query key: ["themes"]
Query data cannot be undefined. Please make sure to return a value other than undefined from your query function. Affected query key: ["current-theme"]
Query data cannot be undefined. Please make sure to return a value other than undefined from your query function. Affected query key: ["themes"]
Query data cannot be undefined. Please make sure to return a value other than undefined from your query function. Affected query key: ["current-theme"]
Query data cannot be undefined. Please make sure to return a value other than undefined from your query function. Affected query key: ["themes"]
Query data cannot be undefined. Please make sure to return a value other than undefined from your query function. Affected query key: ["current-theme"]
Query data cannot be undefined. Please make sure to return a value other than undefined from your query function. Affected query key: ["themes"]
Query data cannot be undefined. Please make sure to return a value other than undefined from your query function. Affected query key: ["current-theme"]
Query data cannot be undefined. Please make sure to return a value other than undefined from your query function. Affected query key: ["themes"]
Query data cannot be undefined. Please make sure to return a value other than undefined from your query function. Affected query key: ["current-theme"]
Query data cannot be undefined. Please make sure to return a value other than undefined from your query function. Affected query key: ["themes"]
Query data cannot be undefined. Please make sure to return a value other than undefined from your query function. Affected query key: ["current-theme"]
Query data cannot be undefined. Please make sure to return a value other than undefined from your query function. Affected query key: ["themes"]
Query data cannot be undefined. Please make sure to return a value other than undefined from your query function. Affected query key: ["current-theme"]
Query data cannot be undefined. Please make sure to return a value other than undefined from your query function. Affected query key: ["themes"]
Query data cannot be undefined. Please make sure to return a value other than undefined from your query function. Affected query key: ["current-theme"]
Query data cannot be undefined. Please make sure to return a value other than undefined from your query function. Affected query key: ["themes"]
Query data cannot be undefined. Please make sure to return a value other than undefined from your query function. Affected query key: ["current-theme"]
Query data cannot be undefined. Please make sure to return a value other than undefined from your query function. Affected query key: ["themes"]
Query data cannot be undefined. Please make sure to return a value other than undefined from your query function. Affected query key: ["current-theme"]
Query data cannot be undefined. Please make sure to return a value other than undefined from your query function. Affected query key: ["themes"]
Query data cannot be undefined. Please make sure to return a value other than undefined from your query function. Affected query key: ["current-theme"]
Query data cannot be undefined. Please make sure to return a value other than undefined from your query function. Affected query key: ["themes"]
Query data cannot be undefined. Please make sure to return a value other than undefined from your query function. Affected query key: ["current-theme"]
Query data cannot be undefined. Please make sure to return a value other than undefined from your query function. Affected query key: ["themes"]
Query data cannot be undefined. Please make sure to return a value other than undefined from your query function. Affected query key: ["current-theme"]
Query data cannot be undefined. Please make sure to return a value other than undefined from your query function. Affected query key: ["themes"]
Query data cannot be undefined. Please make sure to return a value other than undefined from your query function. Affected query key: ["current-theme"]
Query data cannot be undefined. Please make sure to return a value other than undefined from your query function. Affected query key: ["themes"]
Query data cannot be undefined. Please make sure to return a value other than undefined from your query function. Affected query key: ["current-theme"]
Query data cannot be undefined. Please make sure to return a value other than undefined from your query function. Affected query key: ["themes"]
Query data cannot be undefined. Please make sure to return a value other than undefined from your query function. Affected query key: ["current-theme"]
Query data cannot be undefined. Please make sure to return a value other than undefined from your query function. Affected query key: ["themes"]
Query data cannot be undefined. Please make sure to return a value other than undefined from your query function. Affected query key: ["current-theme"]
Query data cannot be undefined. Please make sure to return a value other than undefined from your query function. Affected query key: ["themes"]
Query data cannot be undefined. Please make sure to return a value other than undefined from your query function. Affected query key: ["current-theme"]
Query data cannot be undefined. Please make sure to return a value other than undefined from your query function. Affected query key: ["themes"]
Query data cannot be undefined. Please make sure to return a value other than undefined from your query function. Affected query key: ["current-theme"]
Query data cannot be undefined. Please make sure to return a value other than undefined from your query function. Affected query key: ["themes"]
Query data cannot be undefined. Please make sure to return a value other than undefined from your query function. Affected query key: ["current-theme"]
Query data cannot be undefined. Please make sure to return a value other than undefined from your query function. Affected query key: ["themes"]
Query data cannot be undefined. Please make sure to return a value other than undefined from your query function. Affected query key: ["current-theme"]
Query data cannot be undefined. Please make sure to return a value other than undefined from your query function. Affected query key: ["themes"]
Query data cannot be undefined. Please make sure to return a value other than undefined from your query function. Affected query key: ["current-theme"]
Query data cannot be undefined. Please make sure to return a value other than undefined from your query function. Affected query key: ["themes"]
Query data cannot be undefined. Please make sure to return a value other than undefined from your query function. Affected query key: ["current-theme"]
Query data cannot be undefined. Please make sure to return a value other than undefined from your query function. Affected query key: ["themes"]
Query data cannot be undefined. Please make sure to return a value other than undefined from your query function. Affected query key: ["current-theme"]
Query data cannot be undefined. Please make sure to return a value other than undefined from your query function. Affected query key: ["themes"]
Query data cannot be undefined. Please make sure to return a value other than undefined from your query function. Affected query key: ["current-theme"]
Query data cannot be undefined. Please make sure to return a value other than undefined from your query function. Affected query key: ["themes"]
Query data cannot be undefined. Please make sure to return a value other than undefined from your query function. Affected query key: ["current-theme"]
Query data cannot be undefined. Please make sure to return a value other than undefined from your query function. Affected query key: ["themes"]
Query data cannot be undefined. Please make sure to return a value other than undefined from your query function. Affected query key: ["current-theme"]
Query data cannot be undefined. Please make sure to return a value other than undefined from your query function. Affected query key: ["themes"]
Query data cannot be undefined. Please make sure to return a value other than undefined from your query function. Affected query key: ["current-theme"]
Query data cannot be undefined. Please make sure to return a value other than undefined from your query function. Affected query key: ["themes"]
Query data cannot be undefined. Please make sure to return a value other than undefined from your query function. Affected query key: ["current-theme"]
Query data cannot be undefined. Please make sure to return a value other than undefined from your query function. Affected query key: ["themes"]
Query data cannot be undefined. Please make sure to return a value other than undefined from your query function. Affected query key: ["current-theme"]
Query data cannot be undefined. Please make sure to return a value other than undefined from your query function. Affected query key: ["themes"]
Query data cannot be undefined. Please make sure to return a value other than undefined from your query function. Affected query key: ["current-theme"]
Query data cannot be undefined. Please make sure to return a value other than undefined from your query function. Affected query key: ["themes"]
Query data cannot be undefined. Please make sure to return a value other than undefined from your query function. Affected query key: ["current-theme"]
Query data cannot be undefined. Please make sure to return a value other than undefined from your query function. Affected query key: ["themes"]
Query data cannot be undefined. Please make sure to return a value other than undefined from your query function. Affected query key: ["current-theme"]
Query data cannot be undefined. Please make sure to return a value other than undefined from your query function. Affected query key: ["themes"]
Query data cannot be undefined. Please make sure to return a value other than undefined from your query function. Affected query key: ["current-theme"]
Query data cannot be undefined. Please make sure to return a value other than undefined from your query function. Affected query key: ["themes"]
Query data cannot be undefined. Please make sure to return a value other than undefined from your query function. Affected query key: ["current-theme"]
Query data cannot be undefined. Please make sure to return a value other than undefined from your query function. Affected query key: ["themes"]
Query data cannot be undefined. Please make sure to return a value other than undefined from your query function. Affected query key: ["current-theme"]
Query data cannot be undefined. Please make sure to return a value other than undefined from your query function. Affected query key: ["themes"]
Query data cannot be undefined. Please make sure to return a value other than undefined from your query function. Affected query key: ["current-theme"]
Query data cannot be undefined. Please make sure to return a value other than undefined from your query function. Affected query key: ["themes"]
Query data cannot be undefined. Please make sure to return a value other than undefined from your query function. Affected query key: ["current-theme"]
Query data cannot be undefined. Please make sure to return a value other than undefined from your query function. Affected query key: ["themes"]
Query data cannot be undefined. Please make sure to return a value other than undefined from your query function. Affected query key: ["current-theme"]
Query data cannot be undefined. Please make sure to return a value other than undefined from your query function. Affected query key: ["themes"]
Query data cannot be undefined. Please make sure to return a value other than undefined from your query function. Affected query key: ["current-theme"]
Query data cannot be undefined. Please make sure to return a value other than undefined from your query function. Affected query key: ["themes"]
Query data cannot be undefined. Please make sure to return a value other than undefined from your query function. Affected query key: ["current-theme"]
Query data cannot be undefined. Please make sure to return a value other than undefined from your query function. Affected query key: ["themes"]
Query data cannot be undefined. Please make sure to return a value other than undefined from your query function. Affected query key: ["current-theme"]
Query data cannot be undefined. Please make sure to return a value other than undefined from your query function. Affected query key: ["themes"]
Query data cannot be undefined. Please make sure to return a value other than undefined from your query function. Affected query key: ["current-theme"]
Query data cannot be undefined. Please make sure to return a value other than undefined from your query function. Affected query key: ["themes"]
Query data cannot be undefined. Please make sure to return a value other than undefined from your query function. Affected query key: ["current-theme"]
Query data cannot be undefined. Please make sure to return a value other than undefined from your query function. Affected query key: ["themes"]
Query data cannot be undefined. Please make sure to return a value other than undefined from your query function. Affected query key: ["current-theme"]
Query data cannot be undefined. Please make sure to return a value other than undefined from your query function. Affected query key: ["themes"]
Query data cannot be undefined. Please make sure to return a value other than undefined from your query function. Affected query key: ["current-theme"]
Query data cannot be undefined. Please make sure to return a value other than undefined from your query function. Affected query key: ["themes"]
Query data cannot be undefined. Please make sure to return a value other than undefined from your query function. Affected query key: ["current-theme"]
Query data cannot be undefined. Please make sure to return a value other than undefined from your query function. Affected query key: ["themes"]
Query data cannot be undefined. Please make sure to return a value other than undefined from your query function. Affected query key: ["current-theme"]
Query data cannot be undefined. Please make sure to return a value other than undefined from your query function. Affected query key: ["themes"]
Query data cannot be undefined. Please make sure to return a value other than undefined from your query function. Affected query key: ["current-theme"]
Query data cannot be undefined. Please make sure to return a value other than undefined from your query function. Affected query key: ["themes"]
Query data cannot be undefined. Please make sure to return a value other than undefined from your query function. Affected query key: ["current-theme"]
Query data cannot be undefined. Please make sure to return a value other than undefined from your query function. Affected query key: ["themes"]
Query data cannot be undefined. Please make sure to return a value other than undefined from your query function. Affected query key: ["current-theme"]
Query data cannot be undefined. Please make sure to return a value other than undefined from your query function. Affected query key: ["themes"]
Query data cannot be undefined. Please make sure to return a value other than undefined from your query function. Affected query key: ["current-theme"]
Query data cannot be undefined. Please make sure to return a value other than undefined from your query function. Affected query key: ["themes"]
Query data cannot be undefined. Please make sure to return a value other than undefined from your query function. Affected query key: ["current-theme"]
Query data cannot be undefined. Please make sure to return a value other than undefined from your query function. Affected query key: ["themes"]
Query data cannot be undefined. Please make sure to return a value other than undefined from your query function. Affected query key: ["current-theme"]
Query data cannot be undefined. Please make sure to return a value other than undefined from your query function. Affected query key: ["themes"]
Query data cannot be undefined. Please make sure to return a value other than undefined from your query function. Affected query key: ["current-theme"]
Query data cannot be undefined. Please make sure to return a value other than undefined from your query function. Affected query key: ["themes"]
Query data cannot be undefined. Please make sure to return a value other than undefined from your query function. Affected query key: ["current-theme"]
Query data cannot be undefined. Please make sure to return a value other than undefined from your query function. Affected query key: ["themes"]
Query data cannot be undefined. Please make sure to return a value other than undefined from your query function. Affected query key: ["current-theme"]
Query data cannot be undefined. Please make sure to return a value other than undefined from your query function. Affected query key: ["themes"]
Query data cannot be undefined. Please make sure to return a value other than undefined from your query function. Affected query key: ["current-theme"]
Query data cannot be undefined. Please make sure to return a value other than undefined from your query function. Affected query key: ["themes"]
Query data cannot be undefined. Please make sure to return a value other than undefined from your query function. Affected query key: ["current-theme"]
Query data cannot be undefined. Please make sure to return a value other than undefined from your query function. Affected query key: ["themes"]
Query data cannot be undefined. Please make sure to return a value other than undefined from your query function. Affected query key: ["current-theme"]
Query data cannot be undefined. Please make sure to return a value other than undefined from your query function. Affected query key: ["themes"]
Query data cannot be undefined. Please make sure to return a value other than undefined from your query function. Affected query key: ["current-theme"]
Query data cannot be undefined. Please make sure to return a value other than undefined from your query function. Affected query key: ["themes"]
Query data cannot be undefined. Please make sure to return a value other than undefined from your query function. Affected query key: ["current-theme"]
Query data cannot be undefined. Please make sure to return a value other than undefined from your query function. Affected query key: ["themes"]
Query data cannot be undefined. Please make sure to return a value other than undefined from your query function. Affected query key: ["current-theme"]
Query data cannot be undefined. Please make sure to return a value other than undefined from your query function. Affected query key: ["themes"]
Query data cannot be undefined. Please make sure to return a value other than undefined from your query function. Affected query key: ["current-theme"]
Query data cannot be undefined. Please make sure to return a value other than undefined from your query function. Affected query key: ["themes"]
Query data cannot be undefined. Please make sure to return a value other than undefined from your query function. Affected query key: ["current-theme"]
Query data cannot be undefined. Please make sure to return a value other than undefined from your query function. Affected query key: ["themes"]
Query data cannot be undefined. Please make sure to return a value other than undefined from your query function. Affected query key: ["current-theme"]
Query data cannot be undefined. Please make sure to return a value other than undefined from your query function. Affected query key: ["themes"]
Query data cannot be undefined. Please make sure to return a value other than undefined from your query function. Affected query key: ["current-theme"]
Query data cannot be undefined. Please make sure to return a value other than undefined from your query function. Affected query key: ["themes"]
Query data cannot be undefined. Please make sure to return a value other than undefined from your query function. Affected query key: ["current-theme"]
Query data cannot be undefined. Please make sure to return a value other than undefined from your query function. Affected query key: ["themes"]
Query data cannot be undefined. Please make sure to return a value other than undefined from your query function. Affected query key: ["current-theme"]
Query data cannot be undefined. Please make sure to return a value other than undefined from your query function. Affected query key: ["themes"]
Query data cannot be undefined. Please make sure to return a value other than undefined from your query function. Affected query key: ["current-theme"]
Query data cannot be undefined. Please make sure to return a value other than undefined from your query function. Affected query key: ["themes"]
Query data cannot be undefined. Please make sure to return a value other than undefined from your query function. Affected query key: ["current-theme"]
Query data cannot be undefined. Please make sure to return a value other than undefined from your query function. Affected query key: ["themes"]
Query data cannot be undefined. Please make sure to return a value other than undefined from your query function. Affected query key: ["current-theme"]
Query data cannot be undefined. Please make sure to return a value other than undefined from your query function. Affected query key: ["themes"]
Query data cannot be undefined. Please make sure to return a value other than undefined from your query function. Affected query key: ["current-theme"]
Query data cannot be undefined. Please make sure to return a value other than undefined from your query function. Affected query key: ["themes"]
Query data cannot be undefined. Please make sure to return a value other than undefined from your query function. Affected query key: ["current-theme"]
Query data cannot be undefined. Please make sure to return a value other than undefined from your query function. Affected query key: ["themes"]
Query data cannot be undefined. Please make sure to return a value other than undefined from your query function. Affected query key: ["current-theme"]
Query data cannot be undefined. Please make sure to return a value other than undefined from your query function. Affected query key: ["themes"]
Query data cannot be undefined. Please make sure to return a value other than undefined from your query function. Affected query key: ["current-theme"]
Query data cannot be undefined. Please make sure to return a value other than undefined from your query function. Affected query key: ["themes"]
Query data cannot be undefined. Please make sure to return a value other than undefined from your query function. Affected query key: ["current-theme"]
Query data cannot be undefined. Please make sure to return a value other than undefined from your query function. Affected query key: ["themes"]
Query data cannot be undefined. Please make sure to return a value other than undefined from your query function. Affected query key: ["current-theme"]
Query data cannot be undefined. Please make sure to return a value other than undefined from your query function. Affected query key: ["themes"]
Query data cannot be undefined. Please make sure to return a value other than undefined from your query function. Affected query key: ["current-theme"]
Query data cannot be undefined. Please make sure to return a value other than undefined from your query function. Affected query key: ["themes"]
Query data cannot be undefined. Please make sure to return a value other than undefined from your query function. Affected query key: ["current-theme"]
Query data cannot be undefined. Please make sure to return a value other than undefined from your query function. Affected query key: ["themes"]
Query data cannot be undefined. Please make sure to return a value other than undefined from your query function. Affected query key: ["current-theme"]
Query data cannot be undefined. Please make sure to return a value other than undefined from your query function. Affected query key: ["themes"]
Query data cannot be undefined. Please make sure to return a value other than undefined from your query function. Affected query key: ["current-theme"]
Query data cannot be undefined. Please make sure to return a value other than undefined from your query function. Affected query key: ["themes"]
Query data cannot be undefined. Please make sure to return a value other than undefined from your query function. Affected query key: ["current-theme"]
Query data cannot be undefined. Please make sure to return a value other than undefined from your query function. Affected query key: ["themes"]
Query data cannot be undefined. Please make sure to return a value other than undefined from your query function. Affected query key: ["current-theme"]
Query data cannot be undefined. Please make sure to return a value other than undefined from your query function. Affected query key: ["themes"]
Query data cannot be undefined. Please make sure to return a value other than undefined from your query function. Affected query key: ["current-theme"]
Query data cannot be undefined. Please make sure to return a value other than undefined from your query function. Affected query key: ["themes"]
Query data cannot be undefined. Please make sure to return a value other than undefined from your query function. Affected query key: ["current-theme"]
Query data cannot be undefined. Please make sure to return a value other than undefined from your query function. Affected query key: ["themes"]
Query data cannot be undefined. Please make sure to return a value other than undefined from your query function. Affected query key: ["current-theme"]
Query data cannot be undefined. Please make sure to return a value other than undefined from your query function. Affected query key: ["themes"]
Query data cannot be undefined. Please make sure to return a value other than undefined from your query function. Affected query key: ["current-theme"]
Query data cannot be undefined. Please make sure to return a value other than undefined from your query function. Affected query key: ["themes"]
Query data cannot be undefined. Please make sure to return a value other than undefined from your query function. Affected query key: ["current-theme"]
Query data cannot be undefined. Please make sure to return a value other than undefined from your query function. Affected query key: ["themes"]
Query data cannot be undefined. Please make sure to return a value other than undefined from your query function. Affected query key: ["current-theme"]
Query data cannot be undefined. Please make sure to return a value other than undefined from your query function. Affected query key: ["themes"]
Query data cannot be undefined. Please make sure to return a value other than undefined from your query function. Affected query key: ["current-theme"]
Query data cannot be undefined. Please make sure to return a value other than undefined from your query function. Affected query key: ["themes"]
Query data cannot be undefined. Please make sure to return a value other than undefined from your query function. Affected query key: ["current-theme"]
Query data cannot be undefined. Please make sure to return a value other than undefined from your query function. Affected query key: ["themes"]
Query data cannot be undefined. Please make sure to return a value other than undefined from your query function. Affected query key: ["current-theme"]
Query data cannot be undefined. Please make sure to return a value other than undefined from your query function. Affected query key: ["themes"]
Query data cannot be undefined. Please make sure to return a value other than undefined from your query function. Affected query key: ["current-theme"]
Query data cannot be undefined. Please make sure to return a value other than undefined from your query function. Affected query key: ["themes"]
Query data cannot be undefined. Please make sure to return a value other than undefined from your query function. Affected query key: ["current-theme"]
Query data cannot be undefined. Please make sure to return a value other than undefined from your query function. Affected query key: ["themes"]
Query data cannot be undefined. Please make sure to return a value other than undefined from your query function. Affected query key: ["current-theme"]
Query data cannot be undefined. Please make sure to return a value other than undefined from your query function. Affected query key: ["themes"]
Query data cannot be undefined. Please make sure to return a value other than undefined from your query function. Affected query key: ["current-theme"]
Query data cannot be undefined. Please make sure to return a value other than undefined from your query function. Affected query key: ["themes"]
Query data cannot be undefined. Please make sure to return a value other than undefined from your query function. Affected query key: ["current-theme"]
Query data cannot be undefined. Please make sure to return a value other than undefined from your query function. Affected query key: ["themes"]
Query data cannot be undefined. Please make sure to return a value other than undefined from your query function. Affected query key: ["current-theme"]
Query data cannot be undefined. Please make sure to return a value other than undefined from your query function. Affected query key: ["themes"]
Query data cannot be undefined. Please make sure to return a value other than undefined from your query function. Affected query key: ["current-theme"]
Query data cannot be undefined. Please make sure to return a value other than undefined from your query function. Affected query key: ["themes"]
Query data cannot be undefined. Please make sure to return a value other than undefined from your query function. Affected query key: ["current-theme"]
Query data cannot be undefined. Please make sure to return a value other than undefined from your query function. Affected query key: ["themes"]
Query data cannot be undefined. Please make sure to return a value other than undefined from your query function. Affected query key: ["current-theme"]
Query data cannot be undefined. Please make sure to return a value other than undefined from your query function. Affected query key: ["themes"]
Query data cannot be undefined. Please make sure to return a value other than undefined from your query function. Affected query key: ["current-theme"]
Query data cannot be undefined. Please make sure to return a value other than undefined from your query function. Affected query key: ["themes"]
Query data cannot be undefined. Please make sure to return a value other than undefined from your query function. Affected query key: ["current-theme"]
Query data cannot be undefined. Please make sure to return a value other than undefined from your query function. Affected query key: ["themes"]
Query data cannot be undefined. Please make sure to return a value other than undefined from your query function. Affected query key: ["current-theme"]
Query data cannot be undefined. Please make sure to return a value other than undefined from your query function. Affected query key: ["themes"]
Query data cannot be undefined. Please make sure to return a value other than undefined from your query function. Affected query key: ["current-theme"]
Query data cannot be undefined. Please make sure to return a value other than undefined from your query function. Affected query key: ["themes"]
Query data cannot be undefined. Please make sure to return a value other than undefined from your query function. Affected query key: ["current-theme"]
Query data cannot be undefined. Please make sure to return a value other than undefined from your query function. Affected query key: ["themes"]
Query data cannot be undefined. Please make sure to return a value other than undefined from your query function. Affected query key: ["current-theme"]
Query data cannot be undefined. Please make sure to return a value other than undefined from your query function. Affected query key: ["themes"]
Query data cannot be undefined. Please make sure to return a value other than undefined from your query function. Affected query key: ["current-theme"]
Query data cannot be undefined. Please make sure to return a value other than undefined from your query function. Affected query key: ["themes"]
Query data cannot be undefined. Please make sure to return a value other than undefined from your query function. Affected query key: ["current-theme"]
Query data cannot be undefined. Please make sure to return a value other than undefined from your query function. Affected query key: ["themes"]
Query data cannot be undefined. Please make sure to return a value other than undefined from your query function. Affected query key: ["current-theme"]
Query data cannot be undefined. Please make sure to return a value other than undefined from your query function. Affected query key: ["themes"]
Query data cannot be undefined. Please make sure to return a value other than undefined from your query function. Affected query key: ["current-theme"]
Query data cannot be undefined. Please make sure to return a value other than undefined from your query function. Affected query key: ["themes"]
Query data cannot be undefined. Please make sure to return a value other than undefined from your query function. Affected query key: ["current-theme"]
Query data cannot be undefined. Please make sure to return a value other than undefined from your query function. Affected query key: ["themes"]
Query data cannot be undefined. Please make sure to return a value other than undefined from your query function. Affected query key: ["current-theme"]
Query data cannot be undefined. Please make sure to return a value other than undefined from your query function. Affected query key: ["themes"]
Query data cannot be undefined. Please make sure to return a value other than undefined from your query function. Affected query key: ["current-theme"]
Query data cannot be undefined. Please make sure to return a value other than undefined from your query function. Affected query key: ["themes"]
Query data cannot be undefined. Please make sure to return a value other than undefined from your query function. Affected query key: ["current-theme"]
Query data cannot be undefined. Please make sure to return a value other than undefined from your query function. Affected query key: ["themes"]
Query data cannot be undefined. Please make sure to return a value other than undefined from your query function. Affected query key: ["current-theme"]
Query data cannot be undefined. Please make sure to return a value other than undefined from your query function. Affected query key: ["themes"]
Query data cannot be undefined. Please make sure to return a value other than undefined from your query function. Affected query key: ["current-theme"]
Query data cannot be undefined. Please make sure to return a value other than undefined from your query function. Affected query key: ["themes"]
Query data cannot be undefined. Please make sure to return a value other than undefined from your query function. Affected query key: ["current-theme"]
Query data cannot be undefined. Please make sure to return a value other than undefined from your query function. Affected query key: ["themes"]
Query data cannot be undefined. Please make sure to return a value other than undefined from your query function. Affected query key: ["current-theme"]
Query data cannot be undefined. Please make sure to return a value other than undefined from your query function. Affected query key: ["themes"]
Query data cannot be undefined. Please make sure to return a value other than undefined from your query function. Affected query key: ["current-theme"]
Query data cannot be undefined. Please make sure to return a value other than undefined from your query function. Affected query key: ["themes"]
Query data cannot be undefined. Please make sure to return a value other than undefined from your query function. Affected query key: ["current-theme"]
Query data cannot be undefined. Please make sure to return a value other than undefined from your query function. Affected query key: ["themes"]
Query data cannot be undefined. Please make sure to return a value other than undefined from your query function. Affected query key: ["current-theme"]
Query data cannot be undefined. Please make sure to return a value other than undefined from your query function. Affected query key: ["themes"]
Query data cannot be undefined. Please make sure to return a value other than undefined from your query function. Affected query key: ["current-theme"]
Query data cannot be undefined. Please make sure to return a value other than undefined from your query function. Affected query key: ["themes"]
Query data cannot be undefined. Please make sure to return a value other than undefined from your query function. Affected query key: ["current-theme"]
Query data cannot be undefined. Please make sure to return a value other than undefined from your query function. Affected query key: ["themes"]
Query data cannot be undefined. Please make sure to return a value other than undefined from your query function. Affected query key: ["current-theme"]
Query data cannot be undefined. Please make sure to return a value other than undefined from your query function. Affected query key: ["themes"]
Query data cannot be undefined. Please make sure to return a value other than undefined from your query function. Affected query key: ["current-theme"]
Query data cannot be undefined. Please make sure to return a value other than undefined from your query function. Affected query key: ["themes"]
Query data cannot be undefined. Please make sure to return a value other than undefined from your query function. Affected query key: ["current-theme"]
Query data cannot be undefined. Please make sure to return a value other than undefined from your query function. Affected query key: ["themes"]
Query data cannot be undefined. Please make sure to return a value other than undefined from your query function. Affected query key: ["current-theme"]
Query data cannot be undefined. Please make sure to return a value other than undefined from your query function. Affected query key: ["themes"]
Query data cannot be undefined. Please make sure to return a value other than undefined from your query function. Affected query key: ["current-theme"]
Query data cannot be undefined. Please make sure to return a value other than undefined from your query function. Affected query key: ["themes"]
Query data cannot be undefined. Please make sure to return a value other than undefined from your query function. Affected query key: ["current-theme"]
Query data cannot be undefined. Please make sure to return a value other than undefined from your query function. Affected query key: ["themes"]
Query data cannot be undefined. Please make sure to return a value other than undefined from your query function. Affected query key: ["current-theme"]
Query data cannot be undefined. Please make sure to return a value other than undefined from your query function. Affected query key: ["themes"]
Query data cannot be undefined. Please make sure to return a value other than undefined from your query function. Affected query key: ["current-theme"]
Query data cannot be undefined. Please make sure to return a value other than undefined from your query function. Affected query key: ["themes"]
Query data cannot be undefined. Please make sure to return a value other than undefined from your query function. Affected query key: ["current-theme"]
Query data cannot be undefined. Please make sure to return a value other than undefined from your query function. Affected query key: ["themes"]
Query data cannot be undefined. Please make sure to return a value other than undefined from your query function. Affected query key: ["current-theme"]
Query data cannot be undefined. Please make sure to return a value other than undefined from your query function. Affected query key: ["themes"]
Query data cannot be undefined. Please make sure to return a value other than undefined from your query function. Affected query key: ["current-theme"]
Query data cannot be undefined. Please make sure to return a value other than undefined from your query function. Affected query key: ["themes"]
Query data cannot be undefined. Please make sure to return a value other than undefined from your query function. Affected query key: ["current-theme"]
Query data cannot be undefined. Please make sure to return a value other than undefined from your query function. Affected query key: ["themes"]
Query data cannot be undefined. Please make sure to return a value other than undefined from your query function. Affected query key: ["current-theme"]
Query data cannot be undefined. Please make sure to return a value other than undefined from your query function. Affected query key: ["themes"]
Query data cannot be undefined. Please make sure to return a value other than undefined from your query function. Affected query key: ["current-theme"]
Query data cannot be undefined. Please make sure to return a value other than undefined from your query function. Affected query key: ["themes"]
Query data cannot be undefined. Please make sure to return a value other than undefined from your query function. Affected query key: ["current-theme"]
Query data cannot be undefined. Please make sure to return a value other than undefined from your query function. Affected query key: ["themes"]
Query data cannot be undefined. Please make sure to return a value other than undefined from your query function. Affected query key: ["current-theme"]
Query data cannot be undefined. Please make sure to return a value other than undefined from your query function. Affected query key: ["themes"]
Query data cannot be undefined. Please make sure to return a value other than undefined from your query function. Affected query key: ["current-theme"]
Query data cannot be undefined. Please make sure to return a value other than undefined from your query function. Affected query key: ["themes"]
Query data cannot be undefined. Please make sure to return a value other than undefined from your query function. Affected query key: ["current-theme"]
Query data cannot be undefined. Please make sure to return a value other than undefined from your query function. Affected query key: ["themes"]
Query data cannot be undefined. Please make sure to return a value other than undefined from your query function. Affected query key: ["current-theme"]
Query data cannot be undefined. Please make sure to return a value other than undefined from your query function. Affected query key: ["themes"]
Query data cannot be undefined. Please make sure to return a value other than undefined from your query function. Affected query key: ["current-theme"]
Query data cannot be undefined. Please make sure to return a value other than undefined from your query function. Affected query key: ["themes"]
Query data cannot be undefined. Please make sure to return a value other than undefined from your query function. Affected query key: ["current-theme"]
Query data cannot be undefined. Please make sure to return a value other than undefined from your query function. Affected query key: ["themes"]
Query data cannot be undefined. Please make sure to return a value other than undefined from your query function. Affected query key: ["current-theme"]
Query data cannot be undefined. Please make sure to return a value other than undefined from your query function. Affected query key: ["themes"]
Query data cannot be undefined. Please make sure to return a value other than undefined from your query function. Affected query key: ["current-theme"]
Query data cannot be undefined. Please make sure to return a value other than undefined from your query function. Affected query key: ["themes"]
Query data cannot be undefined. Please make sure to return a value other than undefined from your query function. Affected query key: ["current-theme"]
Query data cannot be undefined. Please make sure to return a value other than undefined from your query function. Affected query key: ["themes"]
Query data cannot be undefined. Please make sure to return a value other than undefined from your query function. Affected query key: ["current-theme"]
Query data cannot be undefined. Please make sure to return a value other than undefined from your query function. Affected query key: ["themes"]
Query data cannot be undefined. Please make sure to return a value other than undefined from your query function. Affected query key: ["current-theme"]
Query data cannot be undefined. Please make sure to return a value other than undefined from your query function. Affected query key: ["themes"]
Query data cannot be undefined. Please make sure to return a value other than undefined from your query function. Affected query key: ["current-theme"]
Query data cannot be undefined. Please make sure to return a value other than undefined from your query function. Affected query key: ["themes"]
Query data cannot be undefined. Please make sure to return a value other than undefined from your query function. Affected query key: ["current-theme"]
Query data cannot be undefined. Please make sure to return a value other than undefined from your query function. Affected query key: ["themes"]
Query data cannot be undefined. Please make sure to return a value other than undefined from your query function. Affected query key: ["current-theme"]
Query data cannot be undefined. Please make sure to return a value other than undefined from your query function. Affected query key: ["themes"]
Query data cannot be undefined. Please make sure to return a value other than undefined from your query function. Affected query key: ["current-theme"]
Query data cannot be undefined. Please make sure to return a value other than undefined from your query function. Affected query key: ["themes"]
Query data cannot be undefined. Please make sure to return a value other than undefined from your query function. Affected query key: ["current-theme"]
Query data cannot be undefined. Please make sure to return a value other than undefined from your query function. Affected query key: ["themes"]
Query data cannot be undefined. Please make sure to return a value other than undefined from your query function. Affected query key: ["current-theme"]
Query data cannot be undefined. Please make sure to return a value other than undefined from your query function. Affected query key: ["themes"]
Query data cannot be undefined. Please make sure to return a value other than undefined from your query function. Affected query key: ["current-theme"]
Query data cannot be undefined. Please make sure to return a value other than undefined from your query function. Affected query key: ["themes"]
Query data cannot be undefined. Please make sure to return a value other than undefined from your query function. Affected query key: ["current-theme"]
Query data cannot be undefined. Please make sure to return a value other than undefined from your query function. Affected query key: ["themes"]
Query data cannot be undefined. Please make sure to return a value other than undefined from your query function. Affected query key: ["current-theme"]
Query data cannot be undefined. Please make sure to return a value other than undefined from your query function. Affected query key: ["themes"]
Query data cannot be undefined. Please make sure to return a value other than undefined from your query function. Affected query key: ["current-theme"]
Query data cannot be undefined. Please make sure to return a value other than undefined from your query function. Affected query key: ["themes"]
Query data cannot be undefined. Please make sure to return a value other than undefined from your query function. Affected query key: ["current-theme"]
Query data cannot be undefined. Please make sure to return a value other than undefined from your query function. Affected query key: ["themes"]
Query data cannot be undefined. Please make sure to return a value other than undefined from your query function. Affected query key: ["current-theme"]
Query data cannot be undefined. Please make sure to return a value other than undefined from your query function. Affected query key: ["themes"]
Query data cannot be undefined. Please make sure to return a value other than undefined from your query function. Affected query key: ["current-theme"]
Query data cannot be undefined. Please make sure to return a value other than undefined from your query function. Affected query key: ["themes"]
Query data cannot be undefined. Please make sure to return a value other than undefined from your query function. Affected query key: ["current-theme"]
Query data cannot be undefined. Please make sure to return a value other than undefined from your query function. Affected query key: ["themes"]
Query data cannot be undefined. Please make sure to return a value other than undefined from your query function. Affected query key: ["current-theme"]
Query data cannot be undefined. Please make sure to return a value other than undefined from your query function. Affected query key: ["themes"]
Query data cannot be undefined. Please make sure to return a value other than undefined from your query function. Affected query key: ["current-theme"]
Query data cannot be undefined. Please make sure to return a value other than undefined from your query function. Affected query key: ["themes"]
Query data cannot be undefined. Please make sure to return a value other than undefined from your query function. Affected query key: ["current-theme"]
Query data cannot be undefined. Please make sure to return a value other than undefined from your query function. Affected query key: ["themes"]
Query data cannot be undefined. Please make sure to return a value other than undefined from your query function. Affected query key: ["current-theme"]
Query data cannot be undefined. Please make sure to return a value other than undefined from your query function. Affected query key: ["themes"]
Query data cannot be undefined. Please make sure to return a value other than undefined from your query function. Affected query key: ["current-theme"]
Query data cannot be undefined. Please make sure to return a value other than undefined from your query function. Affected query key: ["themes"]
Query data cannot be undefined. Please make sure to return a value other than undefined from your query function. Affected query key: ["current-theme"]
Query data cannot be undefined. Please make sure to return a value other than undefined from your query function. Affected query key: ["themes"]
Query data cannot be undefined. Please make sure to return a value other than undefined from your query function. Affected query key: ["current-theme"]
Query data cannot be undefined. Please make sure to return a value other than undefined from your query function. Affected query key: ["themes"]
Query data cannot be undefined. Please make sure to return a value other than undefined from your query function. Affected query key: ["current-theme"]
Query data cannot be undefined. Please make sure to return a value other than undefined from your query function. Affected query key: ["themes"]
Query data cannot be undefined. Please make sure to return a value other than undefined from your query function. Affected query key: ["current-theme"]
Query data cannot be undefined. Please make sure to return a value other than undefined from your query function. Affected query key: ["themes"]
Query data cannot be undefined. Please make sure to return a value other than undefined from your query function. Affected query key: ["current-theme"]
Query data cannot be undefined. Please make sure to return a value other than undefined from your query function. Affected query key: ["themes"]
Query data cannot be undefined. Please make sure to return a value other than undefined from your query function. Affected query key: ["current-theme"]
Query data cannot be undefined. Please make sure to return a value other than undefined from your query function. Affected query key: ["themes"]
Query data cannot be undefined. Please make sure to return a value other than undefined from your query function. Affected query key: ["current-theme"]
Query data cannot be undefined. Please make sure to return a value other than undefined from your query function. Affected query key: ["themes"]
Query data cannot be undefined. Please make sure to return a value other than undefined from your query function. Affected query key: ["current-theme"]
Query data cannot be undefined. Please make sure to return a value other than undefined from your query function. Affected query key: ["themes"]
Query data cannot be undefined. Please make sure to return a value other than undefined from your query function. Affected query key: ["current-theme"]
Query data cannot be undefined. Please make sure to return a value other than undefined from your query function. Affected query key: ["themes"]
Query data cannot be undefined. Please make sure to return a value other than undefined from your query function. Affected query key: ["current-theme"]
Query data cannot be undefined. Please make sure to return a value other than undefined from your query function. Affected query key: ["themes"]
Query data cannot be undefined. Please make sure to return a value other than undefined from your query function. Affected query key: ["current-theme"]
Query data cannot be undefined. Please make sure to return a value other than undefined from your query function. Affected query key: ["themes"]
Query data cannot be undefined. Please make sure to return a value other than undefined from your query function. Affected query key: ["current-theme"]
Query data cannot be undefined. Please make sure to return a value other than undefined from your query function. Affected query key: ["themes"]
Query data cannot be undefined. Please make sure to return a value other than undefined from your query function. Affected query key: ["current-theme"]
Query data cannot be undefined. Please make sure to return a value other than undefined from your query function. Affected query key: ["themes"]
Query data cannot be undefined. Please make sure to return a value other than undefined from your query function. Affected query key: ["current-theme"]
Query data cannot be undefined. Please make sure to return a value other than undefined from your query function. Affected query key: ["themes"]
Query data cannot be undefined. Please make sure to return a value other than undefined from your query function. Affected query key: ["current-theme"]
Query data cannot be undefined. Please make sure to return a value other than undefined from your query function. Affected query key: ["themes"]
Query data cannot be undefined. Please make sure to return a value other than undefined from your query function. Affected query key: ["current-theme"]
Query data cannot be undefined. Please make sure to return a value other than undefined from your query function. Affected query key: ["themes"]
Query data cannot be undefined. Please make sure to return a value other than undefined from your query function. Affected query key: ["current-theme"]
Query data cannot be undefined. Please make sure to return a value other than undefined from your query function. Affected query key: ["themes"]
Query data cannot be undefined. Please make sure to return a value other than undefined from your query function. Affected query key: ["current-theme"]
Query data cannot be undefined. Please make sure to return a value other than undefined from your query function. Affected query key: ["themes"]
Query data cannot be undefined. Please make sure to return a value other than undefined from your query function. Affected query key: ["current-theme"]
Query data cannot be undefined. Please make sure to return a value other than undefined from your query function. Affected query key: ["themes"]
Query data cannot be undefined. Please make sure to return a value other than undefined from your query function. Affected query key: ["current-theme"]
Query data cannot be undefined. Please make sure to return a value other than undefined from your query function. Affected query key: ["themes"]
Query data cannot be undefined. Please make sure to return a value other than undefined from your query function. Affected query key: ["current-theme"]
Query data cannot be undefined. Please make sure to return a value other than undefined from your query function. Affected query key: ["themes"]
Query data cannot be undefined. Please make sure to return a value other than undefined from your query function. Affected query key: ["current-theme"]
Query data cannot be undefined. Please make sure to return a value other than undefined from your query function. Affected query key: ["themes"]
Query data cannot be undefined. Please make sure to return a value other than undefined from your query function. Affected query key: ["current-theme"]
Query data cannot be undefined. Please make sure to return a value other than undefined from your query function. Affected query key: ["themes"]
Query data cannot be undefined. Please make sure to return a value other than undefined from your query function. Affected query key: ["current-theme"]
Query data cannot be undefined. Please make sure to return a value other than undefined from your query function. Affected query key: ["themes"]
Query data cannot be undefined. Please make sure to return a value other than undefined from your query function. Affected query key: ["current-theme"]
Query data cannot be undefined. Please make sure to return a value other than undefined from your query function. Affected query key: ["themes"]
Query data cannot be undefined. Please make sure to return a value other than undefined from your query function. Affected query key: ["current-theme"]
Query data cannot be undefined. Please make sure to return a value other than undefined from your query function. Affected query key: ["themes"]
Query data cannot be undefined. Please make sure to return a value other than undefined from your query function. Affected query key: ["current-theme"]
Query data cannot be undefined. Please make sure to return a value other than undefined from your query function. Affected query key: ["themes"]
Query data cannot be undefined. Please make sure to return a value other than undefined from your query function. Affected query key: ["current-theme"]
Query data cannot be undefined. Please make sure to return a value other than undefined from your query function. Affected query key: ["themes"]
Query data cannot be undefined. Please make sure to return a value other than undefined from your query function. Affected query key: ["current-theme"]
Query data cannot be undefined. Please make sure to return a value other than undefined from your query function. Affected query key: ["themes"]
Query data cannot be undefined. Please make sure to return a value other than undefined from your query function. Affected query key: ["current-theme"]
Query data cannot be undefined. Please make sure to return a value other than undefined from your query function. Affected query key: ["themes"]
Query data cannot be undefined. Please make sure to return a value other than undefined from your query function. Affected query key: ["current-theme"]
Query data cannot be undefined. Please make sure to return a value other than undefined from your query function. Affected query key: ["themes"]
Query data cannot be undefined. Please make sure to return a value other than undefined from your query function. Affected query key: ["current-theme"]
Query data cannot be undefined. Please make sure to return a value other than undefined from your query function. Affected query key: ["themes"]
Query data cannot be undefined. Please make sure to return a value other than undefined from your query function. Affected query key: ["current-theme"]
Query data cannot be undefined. Please make sure to return a value other than undefined from your query function. Affected query key: ["themes"]
Query data cannot be undefined. Please make sure to return a value other than undefined from your query function. Affected query key: ["current-theme"]
Query data cannot be undefined. Please make sure to return a value other than undefined from your query function. Affected query key: ["themes"]
Query data cannot be undefined. Please make sure to return a value other than undefined from your query function. Affected query key: ["current-theme"]
Query data cannot be undefined. Please make sure to return a value other than undefined from your query function. Affected query key: ["themes"]
Query data cannot be undefined. Please make sure to return a value other than undefined from your query function. Affected query key: ["current-theme"]
Query data cannot be undefined. Please make sure to return a value other than undefined from your query function. Affected query key: ["themes"]
Query data cannot be undefined. Please make sure to return a value other than undefined from your query function. Affected query key: ["current-theme"]
Query data cannot be undefined. Please make sure to return a value other than undefined from your query function. Affected query key: ["themes"]
Query data cannot be undefined. Please make sure to return a value other than undefined from your query function. Affected query key: ["current-theme"]
Query data cannot be undefined. Please make sure to return a value other than undefined from your query function. Affected query key: ["themes"]
Query data cannot be undefined. Please make sure to return a value other than undefined from your query function. Affected query key: ["current-theme"]
Query data cannot be undefined. Please make sure to return a value other than undefined from your query function. Affected query key: ["themes"]
Query data cannot be undefined. Please make sure to return a value other than undefined from your query function. Affected query key: ["current-theme"]
Query data cannot be undefined. Please make sure to return a value other than undefined from your query function. Affected query key: ["themes"]
Query data cannot be undefined. Please make sure to return a value other than undefined from your query function. Affected query key: ["current-theme"]
Query data cannot be undefined. Please make sure to return a value other than undefined from your query function. Affected query key: ["themes"]
Query data cannot be undefined. Please make sure to return a value other than undefined from your query function. Affected query key: ["current-theme"]
Query data cannot be undefined. Please make sure to return a value other than undefined from your query function. Affected query key: ["themes"]
Query data cannot be undefined. Please make sure to return a value other than undefined from your query function. Affected query key: ["current-theme"]
Query data cannot be undefined. Please make sure to return a value other than undefined from your query function. Affected query key: ["themes"]
Query data cannot be undefined. Please make sure to return a value other than undefined from your query function. Affected query key: ["current-theme"]
Query data cannot be undefined. Please make sure to return a value other than undefined from your query function. Affected query key: ["themes"]
Query data cannot be undefined. Please make sure to return a value other than undefined from your query function. Affected query key: ["current-theme"]
Query data cannot be undefined. Please make sure to return a value other than undefined from your query function. Affected query key: ["themes"]
Query data cannot be undefined. Please make sure to return a value other than undefined from your query function. Affected query key: ["current-theme"]
Query data cannot be undefined. Please make sure to return a value other than undefined from your query function. Affected query key: ["themes"]
Query data cannot be undefined. Please make sure to return a value other than undefined from your query function. Affected query key: ["current-theme"]
Query data cannot be undefined. Please make sure to return a value other than undefined from your query function. Affected query key: ["themes"]
Query data cannot be undefined. Please make sure to return a value other than undefined from your query function. Affected query key: ["current-theme"]
Query data cannot be undefined. Please make sure to return a value other than undefined from your query function. Affected query key: ["themes"]
Query data cannot be undefined. Please make sure to return a value other than undefined from your query function. Affected query key: ["current-theme"]
Query data cannot be undefined. Please make sure to return a value other than undefined from your query function. Affected query key: ["themes"]
Query data cannot be undefined. Please make sure to return a value other than undefined from your query function. Affected query key: ["current-theme"]
Query data cannot be undefined. Please make sure to return a value other than undefined from your query function. Affected query key: ["themes"]
Query data cannot be undefined. Please make sure to return a value other than undefined from your query function. Affected query key: ["current-theme"]
Query data cannot be undefined. Please make sure to return a value other than undefined from your query function. Affected query key: ["themes"]
Query data cannot be undefined. Please make sure to return a value other than undefined from your query function. Affected query key: ["current-theme"]
Query data cannot be undefined. Please make sure to return a value other than undefined from your query function. Affected query key: ["themes"]
Query data cannot be undefined. Please make sure to return a value other than undefined from your query function. Affected query key: ["current-theme"]
Query data cannot be undefined. Please make sure to return a value other than undefined from your query function. Affected query key: ["themes"]
Query data cannot be undefined. Please make sure to return a value other than undefined from your query function. Affected query key: ["current-theme"]
Query data cannot be undefined. Please make sure to return a value other than undefined from your query function. Affected query key: ["themes"]
Query data cannot be undefined. Please make sure to return a value other than undefined from your query function. Affected query key: ["current-theme"]
Query data cannot be undefined. Please make sure to return a value other than undefined from your query function. Affected query key: ["themes"]
Query data cannot be undefined. Please make sure to return a value other than undefined from your query function. Affected query key: ["current-theme"]
Query data cannot be undefined. Please make sure to return a value other than undefined from your query function. Affected query key: ["themes"]
Query data cannot be undefined. Please make sure to return a value other than undefined from your query function. Affected query key: ["current-theme"]
Query data cannot be undefined. Please make sure to return a value other than undefined from your query function. Affected query key: ["themes"]
Query data cannot be undefined. Please make sure to return a value other than undefined from your query function. Affected query key: ["current-theme"]
Query data cannot be undefined. Please make sure to return a value other than undefined from your query function. Affected query key: ["themes"]
Query data cannot be undefined. Please make sure to return a value other than undefined from your query function. Affected query key: ["current-theme"]
Query data cannot be undefined. Please make sure to return a value other than undefined from your query function. Affected query key: ["themes"]
Query data cannot be undefined. Please make sure to return a value other than undefined from your query function. Affected query key: ["current-theme"]
Query data cannot be undefined. Please make sure to return a value other than undefined from your query function. Affected query key: ["themes"]
Query data cannot be undefined. Please make sure to return a value other than undefined from your query function. Affected query key: ["current-theme"]
Query data cannot be undefined. Please make sure to return a value other than undefined from your query function. Affected query key: ["themes"]
Query data cannot be undefined. Please make sure to return a value other than undefined from your query function. Affected query key: ["current-theme"]
Query data cannot be undefined. Please make sure to return a value other than undefined from your query function. Affected query key: ["themes"]
Query data cannot be undefined. Please make sure to return a value other than undefined from your query function. Affected query key: ["current-theme"]
Query data cannot be undefined. Please make sure to return a value other than undefined from your query function. Affected query key: ["themes"]
Query data cannot be undefined. Please make sure to return a value other than undefined from your query function. Affected query key: ["current-theme"]
Query data cannot be undefined. Please make sure to return a value other than undefined from your query function. Affected query key: ["themes"]
Query data cannot be undefined. Please make sure to return a value other than undefined from your query function. Affected query key: ["current-theme"]
Query data cannot be undefined. Please make sure to return a value other than undefined from your query function. Affected query key: ["themes"]
Query data cannot be undefined. Please make sure to return a value other than undefined from your query function. Affected query key: ["current-theme"]
Query data cannot be undefined. Please make sure to return a value other than undefined from your query function. Affected query key: ["themes"]
Query data cannot be undefined. Please make sure to return a value other than undefined from your query function. Affected query key: ["current-theme"]
Query data cannot be undefined. Please make sure to return a value other than undefined from your query function. Affected query key: ["themes"]
Query data cannot be undefined. Please make sure to return a value other than undefined from your query function. Affected query key: ["current-theme"]
Query data cannot be undefined. Please make sure to return a value other than undefined from your query function. Affected query key: ["themes"]
Query data cannot be undefined. Please make sure to return a value other than undefined from your query function. Affected query key: ["current-theme"]
Query data cannot be undefined. Please make sure to return a value other than undefined from your query function. Affected query key: ["themes"]
Query data cannot be undefined. Please make sure to return a value other than undefined from your query function. Affected query key: ["current-theme"]
Query data cannot be undefined. Please make sure to return a value other than undefined from your query function. Affected query key: ["themes"]
Query data cannot be undefined. Please make sure to return a value other than undefined from your query function. Affected query key: ["current-theme"]
Query data cannot be undefined. Please make sure to return a value other than undefined from your query function. Affected query key: ["themes"]
Query data cannot be undefined. Please make sure to return a value other than undefined from your query function. Affected query key: ["current-theme"]
Query data cannot be undefined. Please make sure to return a value other than undefined from your query function. Affected query key: ["themes"]
Query data cannot be undefined. Please make sure to return a value other than undefined from your query function. Affected query key: ["current-theme"]
Query data cannot be undefined. Please make sure to return a value other than undefined from your query function. Affected query key: ["themes"]
Query data cannot be undefined. Please make sure to return a value other than undefined from your query function. Affected query key: ["current-theme"]
Query data cannot be undefined. Please make sure to return a value other than undefined from your query function. Affected query key: ["themes"]
Query data cannot be undefined. Please make sure to return a value other than undefined from your query function. Affected query key: ["current-theme"]
Query data cannot be undefined. Please make sure to return a value other than undefined from your query function. Affected query key: ["themes"]
Query data cannot be undefined. Please make sure to return a value other than undefined from your query function. Affected query key: ["current-theme"]
Query data cannot be undefined. Please make sure to return a value other than undefined from your query function. Affected query key: ["themes"]
Query data cannot be undefined. Please make sure to return a value other than undefined from your query function. Affected query key: ["current-theme"]
Query data cannot be undefined. Please make sure to return a value other than undefined from your query function. Affected query key: ["themes"]
Query data cannot be undefined. Please make sure to return a value other than undefined from your query function. Affected query key: ["current-theme"]
Query data cannot be undefined. Please make sure to return a value other than undefined from your query function. Affected query key: ["themes"]
Query data cannot be undefined. Please make sure to return a value other than undefined from your query function. Affected query key: ["current-theme"]
Query data cannot be undefined. Please make sure to return a value other than undefined from your query function. Affected query key: ["themes"]
Query data cannot be undefined. Please make sure to return a value other than undefined from your query function. Affected query key: ["current-theme"]
Query data cannot be undefined. Please make sure to return a value other than undefined from your query function. Affected query key: ["themes"]
Query data cannot be undefined. Please make sure to return a value other than undefined from your query function. Affected query key: ["current-theme"]
Query data cannot be undefined. Please make sure to return a value other than undefined from your query function. Affected query key: ["themes"]
Query data cannot be undefined. Please make sure to return a value other than undefined from your query function. Affected query key: ["current-theme"]
Query data cannot be undefined. Please make sure to return a value other than undefined from your query function. Affected query key: ["themes"]
Query data cannot be undefined. Please make sure to return a value other than undefined from your query function. Affected query key: ["current-theme"]
Query data cannot be undefined. Please make sure to return a value other than undefined from your query function. Affected query key: ["themes"]
Query data cannot be undefined. Please make sure to return a value other than undefined from your query function. Affected query key: ["current-theme"]
Query data cannot be undefined. Please make sure to return a value other than undefined from your query function. Affected query key: ["themes"]
Query data cannot be undefined. Please make sure to return a value other than undefined from your query function. Affected query key: ["current-theme"]
Query data cannot be undefined. Please make sure to return a value other than undefined from your query function. Affected query key: ["themes"]
Query data cannot be undefined. Please make sure to return a value other than undefined from your query function. Affected query key: ["current-theme"]
Query data cannot be undefined. Please make sure to return a value other than undefined from your query function. Affected query key: ["themes"]
Query data cannot be undefined. Please make sure to return a value other than undefined from your query function. Affected query key: ["current-theme"]
Query data cannot be undefined. Please make sure to return a value other than undefined from your query function. Affected query key: ["themes"]
Query data cannot be undefined. Please make sure to return a value other than undefined from your query function. Affected query key: ["current-theme"]
Query data cannot be undefined. Please make sure to return a value other than undefined from your query function. Affected query key: ["themes"]
Query data cannot be undefined. Please make sure to return a value other than undefined from your query function. Affected query key: ["current-theme"]
Query data cannot be undefined. Please make sure to return a value other than undefined from your query function. Affected query key: ["themes"]
Query data cannot be undefined. Please make sure to return a value other than undefined from your query function. Affected query key: ["current-theme"]
Query data cannot be undefined. Please make sure to return a value other than undefined from your query function. Affected query key: ["themes"]
Query data cannot be undefined. Please make sure to return a value other than undefined from your query function. Affected query key: ["current-theme"]
Query data cannot be undefined. Please make sure to return a value other than undefined from your query function. Affected query key: ["themes"]
Query data cannot be undefined. Please make sure to return a value other than undefined from your query function. Affected query key: ["current-theme"]
Query data cannot be undefined. Please make sure to return a value other than undefined from your query function. Affected query key: ["themes"]
Query data cannot be undefined. Please make sure to return a value other than undefined from your query function. Affected query key: ["current-theme"]
Query data cannot be undefined. Please make sure to return a value other than undefined from your query function. Affected query key: ["themes"]
Query data cannot be undefined. Please make sure to return a value other than undefined from your query function. Affected query key: ["current-theme"]
Query data cannot be undefined. Please make sure to return a value other than undefined from your query function. Affected query key: ["themes"]
Query data cannot be undefined. Please make sure to return a value other than undefined from your query function. Affected query key: ["current-theme"]
Query data cannot be undefined. Please make sure to return a value other than undefined from your query function. Affected query key: ["themes"]
Query data cannot be undefined. Please make sure to return a value other than undefined from your query function. Affected query key: ["current-theme"]
Query data cannot be undefined. Please make sure to return a value other than undefined from your query function. Affected query key: ["themes"]
Query data cannot be undefined. Please make sure to return a value other than undefined from your query function. Affected query key: ["current-theme"]
Query data cannot be undefined. Please make sure to return a value other than undefined from your query function. Affected query key: ["themes"]
Query data cannot be undefined. Please make sure to return a value other than undefined from your query function. Affected query key: ["current-theme"]
Query data cannot be undefined. Please make sure to return a value other than undefined from your query function. Affected query key: ["themes"]
Query data cannot be undefined. Please make sure to return a value other than undefined from your query function. Affected query key: ["current-theme"]
Query data cannot be undefined. Please make sure to return a value other than undefined from your query function. Affected query key: ["themes"]
Query data cannot be undefined. Please make sure to return a value other than undefined from your query function. Affected query key: ["current-theme"]
Query data cannot be undefined. Please make sure to return a value other than undefined from your query function. Affected query key: ["themes"]
Query data cannot be undefined. Please make sure to return a value other than undefined from your query function. Affected query key: ["current-theme"]
Query data cannot be undefined. Please make sure to return a value other than undefined from your query function. Affected query key: ["themes"]
Query data cannot be undefined. Please make sure to return a value other than undefined from your query function. Affected query key: ["current-theme"]
Query data cannot be undefined. Please make sure to return a value other than undefined from your query function. Affected query key: ["themes"]
Query data cannot be undefined. Please make sure to return a value other than undefined from your query function. Affected query key: ["current-theme"]
Query data cannot be undefined. Please make sure to return a value other than undefined from your query function. Affected query key: ["themes"]
Query data cannot be undefined. Please make sure to return a value other than undefined from your query function. Affected query key: ["current-theme"]
Query data cannot be undefined. Please make sure to return a value other than undefined from your query function. Affected query key: ["themes"]
Query data cannot be undefined. Please make sure to return a value other than undefined from your query function. Affected query key: ["current-theme"]
Query data cannot be undefined. Please make sure to return a value other than undefined from your query function. Affected query key: ["themes"]
Query data cannot be undefined. Please make sure to return a value other than undefined from your query function. Affected query key: ["current-theme"]
Query data cannot be undefined. Please make sure to return a value other than undefined from your query function. Affected query key: ["themes"]
Query data cannot be undefined. Please make sure to return a value other than undefined from your query function. Affected query key: ["current-theme"]
Query data cannot be undefined. Please make sure to return a value other than undefined from your query function. Affected query key: ["themes"]
Query data cannot be undefined. Please make sure to return a value other than undefined from your query function. Affected query key: ["current-theme"]
Query data cannot be undefined. Please make sure to return a value other than undefined from your query function. Affected query key: ["themes"]
Query data cannot be undefined. Please make sure to return a value other than undefined from your query function. Affected query key: ["current-theme"]
Query data cannot be undefined. Please make sure to return a value other than undefined from your query function. Affected query key: ["themes"]
Query data cannot be undefined. Please make sure to return a value other than undefined from your query function. Affected query key: ["current-theme"]
Query data cannot be undefined. Please make sure to return a value other than undefined from your query function. Affected query key: ["themes"]
Query data cannot be undefined. Please make sure to return a value other than undefined from your query function. Affected query key: ["current-theme"]
Query data cannot be undefined. Please make sure to return a value other than undefined from your query function. Affected query key: ["themes"]
Query data cannot be undefined. Please make sure to return a value other than undefined from your query function. Affected query key: ["current-theme"]
Query data cannot be undefined. Please make sure to return a value other than undefined from your query function. Affected query key: ["themes"]
Query data cannot be undefined. Please make sure to return a value other than undefined from your query function. Affected query key: ["current-theme"]
Query data cannot be undefined. Please make sure to return a value other than undefined from your query function. Affected query key: ["themes"]
Query data cannot be undefined. Please make sure to return a value other than undefined from your query function. Affected query key: ["current-theme"]
Query data cannot be undefined. Please make sure to return a value other than undefined from your query function. Affected query key: ["themes"]
Query data cannot be undefined. Please make sure to return a value other than undefined from your query function. Affected query key: ["current-theme"]
Query data cannot be undefined. Please make sure to return a value other than undefined from your query function. Affected query key: ["themes"]
Query data cannot be undefined. Please make sure to return a value other than undefined from your query function. Affected query key: ["current-theme"]
Query data cannot be undefined. Please make sure to return a value other than undefined from your query function. Affected query key: ["themes"]
Query data cannot be undefined. Please make sure to return a value other than undefined from your query function. Affected query key: ["current-theme"]
Query data cannot be undefined. Please make sure to return a value other than undefined from your query function. Affected query key: ["themes"]
Query data cannot be undefined. Please make sure to return a value other than undefined from your query function. Affected query key: ["current-theme"]
Query data cannot be undefined. Please make sure to return a value other than undefined from your query function. Affected query key: ["themes"]
Query data cannot be undefined. Please make sure to return a value other than undefined from your query function. Affected query key: ["current-theme"]
Query data cannot be undefined. Please make sure to return a value other than undefined from your query function. Affected query key: ["themes"]
Query data cannot be undefined. Please make sure to return a value other than undefined from your query function. Affected query key: ["current-theme"]
Query data cannot be undefined. Please make sure to return a value other than undefined from your query function. Affected query key: ["themes"]
Query data cannot be undefined. Please make sure to return a value other than undefined from your query function. Affected query key: ["current-theme"]
Query data cannot be undefined. Please make sure to return a value other than undefined from your query function. Affected query key: ["themes"]
Query data cannot be undefined. Please make sure to return a value other than undefined from your query function. Affected query key: ["current-theme"]
Query data cannot be undefined. Please make sure to return a value other than undefined from your query function. Affected query key: ["themes"]
Query data cannot be undefined. Please make sure to return a value other than undefined from your query function. Affected query key: ["current-theme"]
Query data cannot be undefined. Please make sure to return a value other than undefined from your query function. Affected query key: ["themes"]
Query data cannot be undefined. Please make sure to return a value other than undefined from your query function. Affected query key: ["current-theme"]
Query data cannot be undefined. Please make sure to return a value other than undefined from your query function. Affected query key: ["themes"]
Query data cannot be undefined. Please make sure to return a value other than undefined from your query function. Affected query key: ["current-theme"]
Query data cannot be undefined. Please make sure to return a value other than undefined from your query function. Affected query key: ["themes"]
Query data cannot be undefined. Please make sure to return a value other than undefined from your query function. Affected query key: ["current-theme"]
Query data cannot be undefined. Please make sure to return a value other than undefined from your query function. Affected query key: ["themes"]
Query data cannot be undefined. Please make sure to return a value other than undefined from your query function. Affected query key: ["current-theme"]
Query data cannot be undefined. Please make sure to return a value other than undefined from your query function. Affected query key: ["themes"]
Query data cannot be undefined. Please make sure to return a value other than undefined from your query function. Affected query key: ["current-theme"]
Query data cannot be undefined. Please make sure to return a value other than undefined from your query function. Affected query key: ["themes"]
Query data cannot be undefined. Please make sure to return a value other than undefined from your query function. Affected query key: ["current-theme"]
Query data cannot be undefined. Please make sure to return a value other than undefined from your query function. Affected query key: ["themes"]
Query data cannot be undefined. Please make sure to return a value other than undefined from your query function. Affected query key: ["current-theme"]
Query data cannot be undefined. Please make sure to return a value other than undefined from your query function. Affected query key: ["themes"]
Query data cannot be undefined. Please make sure to return a value other than undefined from your query function. Affected query key: ["current-theme"]
Query data cannot be undefined. Please make sure to return a value other than undefined from your query function. Affected query key: ["themes"]
Query data cannot be undefined. Please make sure to return a value other than undefined from your query function. Affected query key: ["current-theme"]
Query data cannot be undefined. Please make sure to return a value other than undefined from your query function. Affected query key: ["themes"]
Query data cannot be undefined. Please make sure to return a value other than undefined from your query function. Affected query key: ["current-theme"]
Query data cannot be undefined. Please make sure to return a value other than undefined from your query function. Affected query key: ["themes"]
Query data cannot be undefined. Please make sure to return a value other than undefined from your query function. Affected query key: ["current-theme"]
Query data cannot be undefined. Please make sure to return a value other than undefined from your query function. Affected query key: ["themes"]
Query data cannot be undefined. Please make sure to return a value other than undefined from your query function. Affected query key: ["current-theme"]
Query data cannot be undefined. Please make sure to return a value other than undefined from your query function. Affected query key: ["themes"]
Query data cannot be undefined. Please make sure to return a value other than undefined from your query function. Affected query key: ["current-theme"]
Query data cannot be undefined. Please make sure to return a value other than undefined from your query function. Affected query key: ["themes"]
Query data cannot be undefined. Please make sure to return a value other than undefined from your query function. Affected query key: ["current-theme"]
Query data cannot be undefined. Please make sure to return a value other than undefined from your query function. Affected query key: ["themes"]
Query data cannot be undefined. Please make sure to return a value other than undefined from your query function. Affected query key: ["current-theme"]
Query data cannot be undefined. Please make sure to return a value other than undefined from your query function. Affected query key: ["themes"]
Query data cannot be undefined. Please make sure to return a value other than undefined from your query function. Affected query key: ["current-theme"]
Query data cannot be undefined. Please make sure to return a value other than undefined from your query function. Affected query key: ["themes"]
Query data cannot be undefined. Please make sure to return a value other than undefined from your query function. Affected query key: ["current-theme"]
Query data cannot be undefined. Please make sure to return a value other than undefined from your query function. Affected query key: ["themes"]
Query data cannot be undefined. Please make sure to return a value other than undefined from your query function. Affected query key: ["current-theme"]
Query data cannot be undefined. Please make sure to return a value other than undefined from your query function. Affected query key: ["themes"]
Query data cannot be undefined. Please make sure to return a value other than undefined from your query function. Affected query key: ["current-theme"]
Query data cannot be undefined. Please make sure to return a value other than undefined from your query function. Affected query key: ["themes"]
Query data cannot be undefined. Please make sure to return a value other than undefined from your query function. Affected query key: ["current-theme"]
Query data cannot be undefined. Please make sure to return a value other than undefined from your query function. Affected query key: ["themes"]
Query data cannot be undefined. Please make sure to return a value other than undefined from your query function. Affected query key: ["current-theme"]
Query data cannot be undefined. Please make sure to return a value other than undefined from your query function. Affected query key: ["themes"]
Query data cannot be undefined. Please make sure to return a value other than undefined from your query function. Affected query key: ["current-theme"]
Query data cannot be undefined. Please make sure to return a value other than undefined from your query function. Affected query key: ["themes"]
Query data cannot be undefined. Please make sure to return a value other than undefined from your query function. Affected query key: ["current-theme"]
Query data cannot be undefined. Please make sure to return a value other than undefined from your query function. Affected query key: ["themes"]
Query data cannot be undefined. Please make sure to return a value other than undefined from your query function. Affected query key: ["current-theme"]
Query data cannot be undefined. Please make sure to return a value other than undefined from your query function. Affected query key: ["themes"]
Query data cannot be undefined. Please make sure to return a value other than undefined from your query function. Affected query key: ["current-theme"]
Query data cannot be undefined. Please make sure to return a value other than undefined from your query function. Affected query key: ["themes"]
Query data cannot be undefined. Please make sure to return a value other than undefined from your query function. Affected query key: ["current-theme"]
Query data cannot be undefined. Please make sure to return a value other than undefined from your query function. Affected query key: ["themes"]
Query data cannot be undefined. Please make sure to return a value other than undefined from your query function. Affected query key: ["current-theme"]
Query data cannot be undefined. Please make sure to return a value other than undefined from your query function. Affected query key: ["themes"]
Query data cannot be undefined. Please make sure to return a value other than undefined from your query function. Affected query key: ["current-theme"]
Query data cannot be undefined. Please make sure to return a value other than undefined from your query function. Affected query key: ["themes"]
Query data cannot be undefined. Please make sure to return a value other than undefined from your query function. Affected query key: ["current-theme"]
Query data cannot be undefined. Please make sure to return a value other than undefined from your query function. Affected query key: ["themes"]
Query data cannot be undefined. Please make sure to return a value other than undefined from your query function. Affected query key: ["current-theme"]
Query data cannot be undefined. Please make sure to return a value other than undefined from your query function. Affected query key: ["themes"]
Query data cannot be undefined. Please make sure to return a value other than undefined from your query function. Affected query key: ["current-theme"]
Query data cannot be undefined. Please make sure to return a value other than undefined from your query function. Affected query key: ["themes"]
Query data cannot be undefined. Please make sure to return a value other than undefined from your query function. Affected query key: ["current-theme"]
Query data cannot be undefined. Please make sure to return a value other than undefined from your query function. Affected query key: ["themes"]
Query data cannot be undefined. Please make sure to return a value other than undefined from your query function. Affected query key: ["current-theme"]
Query data cannot be undefined. Please make sure to return a value other than undefined from your query function. Affected query key: ["themes"]
Query data cannot be undefined. Please make sure to return a value other than undefined from your query function. Affected query key: ["current-theme"]
Query data cannot be undefined. Please make sure to return a value other than undefined from your query function. Affected query key: ["themes"]
Query data cannot be undefined. Please make sure to return a value other than undefined from your query function. Affected query key: ["current-theme"]
Query data cannot be undefined. Please make sure to return a value other than undefined from your query function. Affected query key: ["themes"]
Query data cannot be undefined. Please make sure to return a value other than undefined from your query function. Affected query key: ["current-theme"]
Query data cannot be undefined. Please make sure to return a value other than undefined from your query function. Affected query key: ["themes"]
Query data cannot be undefined. Please make sure to return a value other than undefined from your query function. Affected query key: ["current-theme"]
Query data cannot be undefined. Please make sure to return a value other than undefined from your query function. Affected query key: ["themes"]
Query data cannot be undefined. Please make sure to return a value other than undefined from your query function. Affected query key: ["current-theme"]
Query data cannot be undefined. Please make sure to return a value other than undefined from your query function. Affected query key: ["themes"]
Query data cannot be undefined. Please make sure to return a value other than undefined from your query function. Affected query key: ["current-theme"]
Query data cannot be undefined. Please make sure to return a value other than undefined from your query function. Affected query key: ["themes"]
Query data cannot be undefined. Please make sure to return a value other than undefined from your query function. Affected query key: ["current-theme"]
Query data cannot be undefined. Please make sure to return a value other than undefined from your query function. Affected query key: ["themes"]
Query data cannot be undefined. Please make sure to return a value other than undefined from your query function. Affected query key: ["current-theme"]
Query data cannot be undefined. Please make sure to return a value other than undefined from your query function. Affected query key: ["themes"]
Query data cannot be undefined. Please make sure to return a value other than undefined from your query function. Affected query key: ["current-theme"]
Query data cannot be undefined. Please make sure to return a value other than undefined from your query function. Affected query key: ["themes"]
Query data cannot be undefined. Please make sure to return a value other than undefined from your query function. Affected query key: ["current-theme"]
Query data cannot be undefined. Please make sure to return a value other than undefined from your query function. Affected query key: ["themes"]
Query data cannot be undefined. Please make sure to return a value other than undefined from your query function. Affected query key: ["current-theme"]
Query data cannot be undefined. Please make sure to return a value other than undefined from your query function. Affected query key: ["themes"]
Query data cannot be undefined. Please make sure to return a value other than undefined from your query function. Affected query key: ["current-theme"]
Query data cannot be undefined. Please make sure to return a value other than undefined from your query function. Affected query key: ["themes"]
Query data cannot be undefined. Please make sure to return a value other than undefined from your query function. Affected query key: ["current-theme"]
Query data cannot be undefined. Please make sure to return a value other than undefined from your query function. Affected query key: ["themes"]
Query data cannot be undefined. Please make sure to return a value other than undefined from your query function. Affected query key: ["current-theme"]
Query data cannot be undefined. Please make sure to return a value other than undefined from your query function. Affected query key: ["themes"]
Query data cannot be undefined. Please make sure to return a value other than undefined from your query function. Affected query key: ["current-theme"]
Query data cannot be undefined. Please make sure to return a value other than undefined from your query function. Affected query key: ["themes"]
Query data cannot be undefined. Please make sure to return a value other than undefined from your query function. Affected query key: ["current-theme"]
Query data cannot be undefined. Please make sure to return a value other than undefined from your query function. Affected query key: ["themes"]
Query data cannot be undefined. Please make sure to return a value other than undefined from your query function. Affected query key: ["current-theme"]
Query data cannot be undefined. Please make sure to return a value other than undefined from your query function. Affected query key: ["themes"]
Query data cannot be undefined. Please make sure to return a value other than undefined from your query function. Affected query key: ["current-theme"]
Query data cannot be undefined. Please make sure to return a value other than undefined from your query function. Affected query key: ["themes"]
Query data cannot be undefined. Please make sure to return a value other than undefined from your query function. Affected query key: ["current-theme"]
Query data cannot be undefined. Please make sure to return a value other than undefined from your query function. Affected query key: ["themes"]
Query data cannot be undefined. Please make sure to return a value other than undefined from your query function. Affected query key: ["current-theme"]
Query data cannot be undefined. Please make sure to return a value other than undefined from your query function. Affected query key: ["themes"]
Query data cannot be undefined. Please make sure to return a value other than undefined from your query function. Affected query key: ["current-theme"]
Query data cannot be undefined. Please make sure to return a value other than undefined from your query function. Affected query key: ["themes"]
Query data cannot be undefined. Please make sure to return a value other than undefined from your query function. Affected query key: ["current-theme"]
Query data cannot be undefined. Please make sure to return a value other than undefined from your query function. Affected query key: ["themes"]
Query data cannot be undefined. Please make sure to return a value other than undefined from your query function. Affected query key: ["current-theme"]
Query data cannot be undefined. Please make sure to return a value other than undefined from your query function. Affected query key: ["themes"]
Query data cannot be undefined. Please make sure to return a value other than undefined from your query function. Affected query key: ["current-theme"]
Query data cannot be undefined. Please make sure to return a value other than undefined from your query function. Affected query key: ["themes"]
Query data cannot be undefined. Please make sure to return a value other than undefined from your query function. Affected query key: ["current-theme"]
Query data cannot be undefined. Please make sure to return a value other than undefined from your query function. Affected query key: ["themes"]
Query data cannot be undefined. Please make sure to return a value other than undefined from your query function. Affected query key: ["current-theme"]
Query data cannot be undefined. Please make sure to return a value other than undefined from your query function. Affected query key: ["themes"]
Query data cannot be undefined. Please make sure to return a value other than undefined from your query function. Affected query key: ["current-theme"]
Query data cannot be undefined. Please make sure to return a value other than undefined from your query function. Affected query key: ["themes"]
Query data cannot be undefined. Please make sure to return a value other than undefined from your query function. Affected query key: ["current-theme"]
Query data cannot be undefined. Please make sure to return a value other than undefined from your query function. Affected query key: ["themes"]
Query data cannot be undefined. Please make sure to return a value other than undefined from your query function. Affected query key: ["current-theme"]
Query data cannot be undefined. Please make sure to return a value other than undefined from your query function. Affected query key: ["themes"]
Query data cannot be undefined. Please make sure to return a value other than undefined from your query function. Affected query key: ["current-theme"]
Query data cannot be undefined. Please make sure to return a value other than undefined from your query function. Affected query key: ["themes"]
Query data cannot be undefined. Please make sure to return a value other than undefined from your query function. Affected query key: ["current-theme"]
Query data cannot be undefined. Please make sure to return a value other than undefined from your query function. Affected query key: ["themes"]
Query data cannot be undefined. Please make sure to return a value other than undefined from your query function. Affected query key: ["current-theme"]
Query data cannot be undefined. Please make sure to return a value other than undefined from your query function. Affected query key: ["themes"]
Query data cannot be undefined. Please make sure to return a value other than undefined from your query function. Affected query key: ["current-theme"]
Query data cannot be undefined. Please make sure to return a value other than undefined from your query function. Affected query key: ["themes"]
Query data cannot be undefined. Please make sure to return a value other than undefined from your query function. Affected query key: ["current-theme"]
Query data cannot be undefined. Please make sure to return a value other than undefined from your query function. Affected query key: ["themes"]
Query data cannot be undefined. Please make sure to return a value other than undefined from your query function. Affected query key: ["current-theme"]
Query data cannot be undefined. Please make sure to return a value other than undefined from your query function. Affected query key: ["themes"]
Query data cannot be undefined. Please make sure to return a value other than undefined from your query function. Affected query key: ["current-theme"]
Query data cannot be undefined. Please make sure to return a value other than undefined from your query function. Affected query key: ["themes"]
Query data cannot be undefined. Please make sure to return a value other than undefined from your query function. Affected query key: ["current-theme"]
Query data cannot be undefined. Please make sure to return a value other than undefined from your query function. Affected query key: ["themes"]
Query data cannot be undefined. Please make sure to return a value other than undefined from your query function. Affected query key: ["current-theme"]
Query data cannot be undefined. Please make sure to return a value other than undefined from your query function. Affected query key: ["themes"]
Query data cannot be undefined. Please make sure to return a value other than undefined from your query function. Affected query key: ["current-theme"]
Query data cannot be undefined. Please make sure to return a value other than undefined from your query function. Affected query key: ["themes"]
Query data cannot be undefined. Please make sure to return a value other than undefined from your query function. Affected query key: ["current-theme"]
Query data cannot be undefined. Please make sure to return a value other than undefined from your query function. Affected query key: ["themes"]
Query data cannot be undefined. Please make sure to return a value other than undefined from your query function. Affected query key: ["current-theme"]
Query data cannot be undefined. Please make sure to return a value other than undefined from your query function. Affected query key: ["themes"]
Query data cannot be undefined. Please make sure to return a value other than undefined from your query function. Affected query key: ["current-theme"]
Query data cannot be undefined. Please make sure to return a value other than undefined from your query function. Affected query key: ["themes"]
Query data cannot be undefined. Please make sure to return a value other than undefined from your query function. Affected query key: ["current-theme"]
Query data cannot be undefined. Please make sure to return a value other than undefined from your query function. Affected query key: ["themes"]
Query data cannot be undefined. Please make sure to return a value other than undefined from your query function. Affected query key: ["current-theme"]
Query data cannot be undefined. Please make sure to return a value other than undefined from your query function. Affected query key: ["themes"]
Query data cannot be undefined. Please make sure to return a value other than undefined from your query function. Affected query key: ["current-theme"]
Query data cannot be undefined. Please make sure to return a value other than undefined from your query function. Affected query key: ["themes"]
Query data cannot be undefined. Please make sure to return a value other than undefined from your query function. Affected query key: ["current-theme"]
Query data cannot be undefined. Please make sure to return a value other than undefined from your query function. Affected query key: ["themes"]
Query data cannot be undefined. Please make sure to return a value other than undefined from your query function. Affected query key: ["current-theme"]
Query data cannot be undefined. Please make sure to return a value other than undefined from your query function. Affected query key: ["themes"]
Query data cannot be undefined. Please make sure to return a value other than undefined from your query function. Affected query key: ["current-theme"]
Query data cannot be undefined. Please make sure to return a value other than undefined from your query function. Affected query key: ["themes"]
Query data cannot be undefined. Please make sure to return a value other than undefined from your query function. Affected query key: ["current-theme"]
Query data cannot be undefined. Please make sure to return a value other than undefined from your query function. Affected query key: ["themes"]
Query data cannot be undefined. Please make sure to return a value other than undefined from your query function. Affected query key: ["current-theme"]
Query data cannot be undefined. Please make sure to return a value other than undefined from your query function. Affected query key: ["themes"]
Query data cannot be undefined. Please make sure to return a value other than undefined from your query function. Affected query key: ["current-theme"]
Query data cannot be undefined. Please make sure to return a value other than undefined from your query function. Affected query key: ["themes"]
Query data cannot be undefined. Please make sure to return a value other than undefined from your query function. Affected query key: ["current-theme"]
Query data cannot be undefined. Please make sure to return a value other than undefined from your query function. Affected query key: ["themes"]
Query data cannot be undefined. Please make sure to return a value other than undefined from your query function. Affected query key: ["current-theme"]
Query data cannot be undefined. Please make sure to return a value other than undefined from your query function. Affected query key: ["themes"]
Query data cannot be undefined. Please make sure to return a value other than undefined from your query function. Affected query key: ["current-theme"]
Query data cannot be undefined. Please make sure to return a value other than undefined from your query function. Affected query key: ["themes"]
Query data cannot be undefined. Please make sure to return a value other than undefined from your query function. Affected query key: ["current-theme"]
Query data cannot be undefined. Please make sure to return a value other than undefined from your query function. Affected query key: ["themes"]
Query data cannot be undefined. Please make sure to return a value other than undefined from your query function. Affected query key: ["current-theme"]
Query data cannot be undefined. Please make sure to return a value other than undefined from your query function. Affected query key: ["themes"]
Query data cannot be undefined. Please make sure to return a value other than undefined from your query function. Affected query key: ["current-theme"]
Query data cannot be undefined. Please make sure to return a value other than undefined from your query function. Affected query key: ["themes"]
Query data cannot be undefined. Please make sure to return a value other than undefined from your query function. Affected query key: ["current-theme"]
Query data cannot be undefined. Please make sure to return a value other than undefined from your query function. Affected query key: ["themes"]
Query data cannot be undefined. Please make sure to return a value other than undefined from your query function. Affected query key: ["current-theme"]
Query data cannot be undefined. Please make sure to return a value other than undefined from your query function. Affected query key: ["themes"]
Query data cannot be undefined. Please make sure to return a value other than undefined from your query function. Affected query key: ["current-theme"]
Query data cannot be undefined. Please make sure to return a value other than undefined from your query function. Affected query key: ["themes"]
Query data cannot be undefined. Please make sure to return a value other than undefined from your query function. Affected query key: ["current-theme"]
Query data cannot be undefined. Please make sure to return a value other than undefined from your query function. Affected query key: ["themes"]
Query data cannot be undefined. Please make sure to return a value other than undefined from your query function. Affected query key: ["current-theme"]
Query data cannot be undefined. Please make sure to return a value other than undefined from your query function. Affected query key: ["themes"]
Query data cannot be undefined. Please make sure to return a value other than undefined from your query function. Affected query key: ["current-theme"]
Query data cannot be undefined. Please make sure to return a value other than undefined from your query function. Affected query key: ["themes"]
Query data cannot be undefined. Please make sure to return a value other than undefined from your query function. Affected query key: ["current-theme"]
Query data cannot be undefined. Please make sure to return a value other than undefined from your query function. Affected query key: ["themes"]
Query data cannot be undefined. Please make sure to return a value other than undefined from your query function. Affected query key: ["current-theme"]
Query data cannot be undefined. Please make sure to return a value other than undefined from your query function. Affected query key: ["themes"]
Query data cannot be undefined. Please make sure to return a value other than undefined from your query function. Affected query key: ["current-theme"]
Query data cannot be undefined. Please make sure to return a value other than undefined from your query function. Affected query key: ["themes"]
Query data cannot be undefined. Please make sure to return a value other than undefined from your query function. Affected query key: ["current-theme"]
Query data cannot be undefined. Please make sure to return a value other than undefined from your query function. Affected query key: ["themes"]
Query data cannot be undefined. Please make sure to return a value other than undefined from your query function. Affected query key: ["current-theme"]
Query data cannot be undefined. Please make sure to return a value other than undefined from your query function. Affected query key: ["themes"]
Query data cannot be undefined. Please make sure to return a value other than undefined from your query function. Affected query key: ["current-theme"]
Query data cannot be undefined. Please make sure to return a value other than undefined from your query function. Affected query key: ["themes"]
Query data cannot be undefined. Please make sure to return a value other than undefined from your query function. Affected query key: ["current-theme"]
Query data cannot be undefined. Please make sure to return a value other than undefined from your query function. Affected query key: ["themes"]
Query data cannot be undefined. Please make sure to return a value other than undefined from your query function. Affected query key: ["current-theme"]
Query data cannot be undefined. Please make sure to return a value other than undefined from your query function. Affected query key: ["themes"]
Query data cannot be undefined. Please make sure to return a value other than undefined from your query function. Affected query key: ["current-theme"]
Query data cannot be undefined. Please make sure to return a value other than undefined from your query function. Affected query key: ["themes"]
Query data cannot be undefined. Please make sure to return a value other than undefined from your query function. Affected query key: ["current-theme"]
Query data cannot be undefined. Please make sure to return a value other than undefined from your query function. Affected query key: ["themes"]
Query data cannot be undefined. Please make sure to return a value other than undefined from your query function. Affected query key: ["current-theme"]
Query data cannot be undefined. Please make sure to return a value other than undefined from your query function. Affected query key: ["themes"]
Query data cannot be undefined. Please make sure to return a value other than undefined from your query function. Affected query key: ["current-theme"]
Query data cannot be undefined. Please make sure to return a value other than undefined from your query function. Affected query key: ["themes"]
Query data cannot be undefined. Please make sure to return a value other than undefined from your query function. Affected query key: ["current-theme"]
Query data cannot be undefined. Please make sure to return a value other than undefined from your query function. Affected query key: ["themes"]
Query data cannot be undefined. Please make sure to return a value other than undefined from your query function. Affected query key: ["current-theme"]
Query data cannot be undefined. Please make sure to return a value other than undefined from your query function. Affected query key: ["themes"]
Query data cannot be undefined. Please make sure to return a value other than undefined from your query function. Affected query key: ["current-theme"]
Query data cannot be undefined. Please make sure to return a value other than undefined from your query function. Affected query key: ["themes"]
Query data cannot be undefined. Please make sure to return a value other than undefined from your query function. Affected query key: ["current-theme"]
Query data cannot be undefined. Please make sure to return a value other than undefined from your query function. Affected query key: ["themes"]
Query data cannot be undefined. Please make sure to return a value other than undefined from your query function. Affected query key: ["current-theme"]
Query data cannot be undefined. Please make sure to return a value other than undefined from your query function. Affected query key: ["themes"]
Query data cannot be undefined. Please make sure to return a value other than undefined from your query function. Affected query key: ["current-theme"]
Query data cannot be undefined. Please make sure to return a value other than undefined from your query function. Affected query key: ["themes"]
Query data cannot be undefined. Please make sure to return a value other than undefined from your query function. Affected query key: ["current-theme"]
Query data cannot be undefined. Please make sure to return a value other than undefined from your query function. Affected query key: ["themes"]
Query data cannot be undefined. Please make sure to return a value other than undefined from your query function. Affected query key: ["current-theme"]
Query data cannot be undefined. Please make sure to return a value other than undefined from your query function. Affected query key: ["themes"]
Query data cannot be undefined. Please make sure to return a value other than undefined from your query function. Affected query key: ["current-theme"]
Query data cannot be undefined. Please make sure to return a value other than undefined from your query function. Affected query key: ["themes"]
Query data cannot be undefined. Please make sure to return a value other than undefined from your query function. Affected query key: ["current-theme"]
Query data cannot be undefined. Please make sure to return a value other than undefined from your query function. Affected query key: ["themes"]
Query data cannot be undefined. Please make sure to return a value other than undefined from your query function. Affected query key: ["current-theme"]
Query data cannot be undefined. Please make sure to return a value other than undefined from your query function. Affected query key: ["themes"]
Query data cannot be undefined. Please make sure to return a value other than undefined from your query function. Affected query key: ["current-theme"]
Query data cannot be undefined. Please make sure to return a value other than undefined from your query function. Affected query key: ["themes"]
Query data cannot be undefined. Please make sure to return a value other than undefined from your query function. Affected query key: ["current-theme"]
Query data cannot be undefined. Please make sure to return a value other than undefined from your query function. Affected query key: ["themes"]
Query data cannot be undefined. Please make sure to return a value other than undefined from your query function. Affected query key: ["current-theme"]
Query data cannot be undefined. Please make sure to return a value other than undefined from your query function. Affected query key: ["themes"]
Query data cannot be undefined. Please make sure to return a value other than undefined from your query function. Affected query key: ["current-theme"]
Query data cannot be undefined. Please make sure to return a value other than undefined from your query function. Affected query key: ["themes"]
Query data cannot be undefined. Please make sure to return a value other than undefined from your query function. Affected query key: ["current-theme"]
Query data cannot be undefined. Please make sure to return a value other than undefined from your query function. Affected query key: ["themes"]
Query data cannot be undefined. Please make sure to return a value other than undefined from your query function. Affected query key: ["current-theme"]
Query data cannot be undefined. Please make sure to return a value other than undefined from your query function. Affected query key: ["themes"]
Query data cannot be undefined. Please make sure to return a value other than undefined from your query function. Affected query key: ["current-theme"]
Query data cannot be undefined. Please make sure to return a value other than undefined from your query function. Affected query key: ["themes"]
Query data cannot be undefined. Please make sure to return a value other than undefined from your query function. Affected query key: ["current-theme"]
Query data cannot be undefined. Please make sure to return a value other than undefined from your query function. Affected query key: ["themes"]
Query data cannot be undefined. Please make sure to return a value other than undefined from your query function. Affected query key: ["current-theme"]
Query data cannot be undefined. Please make sure to return a value other than undefined from your query function. Affected query key: ["themes"]
Query data cannot be undefined. Please make sure to return a value other than undefined from your query function. Affected query key: ["current-theme"]
Query data cannot be undefined. Please make sure to return a value other than undefined from your query function. Affected query key: ["themes"]
Query data cannot be undefined. Please make sure to return a value other than undefined from your query function. Affected query key: ["current-theme"]
Query data cannot be undefined. Please make sure to return a value other than undefined from your query function. Affected query key: ["themes"]
Query data cannot be undefined. Please make sure to return a value other than undefined from your query function. Affected query key: ["current-theme"]
Query data cannot be undefined. Please make sure to return a value other than undefined from your query function. Affected query key: ["themes"]
Query data cannot be undefined. Please make sure to return a value other than undefined from your query function. Affected query key: ["current-theme"]
Query data cannot be undefined. Please make sure to return a value other than undefined from your query function. Affected query key: ["themes"]
Query data cannot be undefined. Please make sure to return a value other than undefined from your query function. Affected query key: ["current-theme"]
Query data cannot be undefined. Please make sure to return a value other than undefined from your query function. Affected query key: ["themes"]
Query data cannot be undefined. Please make sure to return a value other than undefined from your query function. Affected query key: ["current-theme"]
Query data cannot be undefined. Please make sure to return a value other than undefined from your query function. Affected query key: ["themes"]
Query data cannot be undefined. Please make sure to return a value other than undefined from your query function. Affected query key: ["current-theme"]
Query data cannot be undefined. Please make sure to return a value other than undefined from your query function. Affected query key: ["themes"]
Query data cannot be undefined. Please make sure to return a value other than undefined from your query function. Affected query key: ["current-theme"]
Query data cannot be undefined. Please make sure to return a value other than undefined from your query function. Affected query key: ["themes"]
Query data cannot be undefined. Please make sure to return a value other than undefined from your query function. Affected query key: ["current-theme"]
Query data cannot be undefined. Please make sure to return a value other than undefined from your query function. Affected query key: ["themes"]
Query data cannot be undefined. Please make sure to return a value other than undefined from your query function. Affected query key: ["current-theme"]
Query data cannot be undefined. Please make sure to return a value other than undefined from your query function. Affected query key: ["themes"]
Query data cannot be undefined. Please make sure to return a value other than undefined from your query function. Affected query key: ["current-theme"]
Query data cannot be undefined. Please make sure to return a value other than undefined from your query function. Affected query key: ["themes"]
Query data cannot be undefined. Please make sure to return a value other than undefined from your query function. Affected query key: ["current-theme"]
Query data cannot be undefined. Please make sure to return a value other than undefined from your query function. Affected query key: ["themes"]
Query data cannot be undefined. Please make sure to return a value other than undefined from your query function. Affected query key: ["current-theme"]
Query data cannot be undefined. Please make sure to return a value other than undefined from your query function. Affected query key: ["themes"]
Query data cannot be undefined. Please make sure to return a value other than undefined from your query function. Affected query key: ["current-theme"]
Query data cannot be undefined. Please make sure to return a value other than undefined from your query function. Affected query key: ["themes"]
Query data cannot be undefined. Please make sure to return a value other than undefined from your query function. Affected query key: ["current-theme"]
Query data cannot be undefined. Please make sure to return a value other than undefined from your query function. Affected query key: ["themes"]
Query data cannot be undefined. Please make sure to return a value other than undefined from your query function. Affected query key: ["current-theme"]
Query data cannot be undefined. Please make sure to return a value other than undefined from your query function. Affected query key: ["themes"]
Query data cannot be undefined. Please make sure to return a value other than undefined from your query function. Affected query key: ["current-theme"]
Query data cannot be undefined. Please make sure to return a value other than undefined from your query function. Affected query key: ["themes"]
Query data cannot be undefined. Please make sure to return a value other than undefined from your query function. Affected query key: ["current-theme"]
Query data cannot be undefined. Please make sure to return a value other than undefined from your query function. Affected query key: ["themes"]
Query data cannot be undefined. Please make sure to return a value other than undefined from your query function. Affected query key: ["current-theme"]
Query data cannot be undefined. Please make sure to return a value other than undefined from your query function. Affected query key: ["themes"]
Query data cannot be undefined. Please make sure to return a value other than undefined from your query function. Affected query key: ["current-theme"]
Query data cannot be undefined. Please make sure to return a value other than undefined from your query function. Affected query key: ["themes"]
Query data cannot be undefined. Please make sure to return a value other than undefined from your query function. Affected query key: ["current-theme"]
Query data cannot be undefined. Please make sure to return a value other than undefined from your query function. Affected query key: ["themes"]
Query data cannot be undefined. Please make sure to return a value other than undefined from your query function. Affected query key: ["current-theme"]
Query data cannot be undefined. Please make sure to return a value other than undefined from your query function. Affected query key: ["themes"]
Query data cannot be undefined. Please make sure to return a value other than undefined from your query function. Affected query key: ["current-theme"]
Query data cannot be undefined. Please make sure to return a value other than undefined from your query function. Affected query key: ["themes"]
Query data cannot be undefined. Please make sure to return a value other than undefined from your query function. Affected query key: ["current-theme"]
Query data cannot be undefined. Please make sure to return a value other than undefined from your query function. Affected query key: ["themes"]
Query data cannot be undefined. Please make sure to return a value other than undefined from your query function. Affected query key: ["current-theme"]
Query data cannot be undefined. Please make sure to return a value other than undefined from your query function. Affected query key: ["themes"]
Query data cannot be undefined. Please make sure to return a value other than undefined from your query function. Affected query key: ["current-theme"]
Query data cannot be undefined. Please make sure to return a value other than undefined from your query function. Affected query key: ["themes"]
Query data cannot be undefined. Please make sure to return a value other than undefined from your query function. Affected query key: ["current-theme"]
Query data cannot be undefined. Please make sure to return a value other than undefined from your query function. Affected query key: ["themes"]
Query data cannot be undefined. Please make sure to return a value other than undefined from your query function. Affected query key: ["current-theme"]
Query data cannot be undefined. Please make sure to return a value other than undefined from your query function. Affected query key: ["themes"]
Query data cannot be undefined. Please make sure to return a value other than undefined from your query function. Affected query key: ["current-theme"]
Query data cannot be undefined. Please make sure to return a value other than undefined from your query function. Affected query key: ["themes"]
Query data cannot be undefined. Please make sure to return a value other than undefined from your query function. Affected query key: ["current-theme"]
Query data cannot be undefined. Please make sure to return a value other than undefined from your query function. Affected query key: ["themes"]
Query data cannot be undefined. Please make sure to return a value other than undefined from your query function. Affected query key: ["current-theme"]
Query data cannot be undefined. Please make sure to return a value other than undefined from your query function. Affected query key: ["themes"]
Query data cannot be undefined. Please make sure to return a value other than undefined from your query function. Affected query key: ["current-theme"]
Query data cannot be undefined. Please make sure to return a value other than undefined from your query function. Affected query key: ["themes"]
Query data cannot be undefined. Please make sure to return a value other than undefined from your query function. Affected query key: ["current-theme"]
Query data cannot be undefined. Please make sure to return a value other than undefined from your query function. Affected query key: ["themes"]
Query data cannot be undefined. Please make sure to return a value other than undefined from your query function. Affected query key: ["current-theme"]
Query data cannot be undefined. Please make sure to return a value other than undefined from your query function. Affected query key: ["themes"]
Query data cannot be undefined. Please make sure to return a value other than undefined from your query function. Affected query key: ["current-theme"]
Query data cannot be undefined. Please make sure to return a value other than undefined from your query function. Affected query key: ["themes"]
Query data cannot be undefined. Please make sure to return a value other than undefined from your query function. Affected query key: ["current-theme"]
Query data cannot be undefined. Please make sure to return a value other than undefined from your query function. Affected query key: ["themes"]
Query data cannot be undefined. Please make sure to return a value other than undefined from your query function. Affected query key: ["current-theme"]
Query data cannot be undefined. Please make sure to return a value other than undefined from your query function. Affected query key: ["themes"]
Query data cannot be undefined. Please make sure to return a value other than undefined from your query function. Affected query key: ["current-theme"]
Query data cannot be undefined. Please make sure to return a value other than undefined from your query function. Affected query key: ["themes"]
Query data cannot be undefined. Please make sure to return a value other than undefined from your query function. Affected query key: ["current-theme"]
Query data cannot be undefined. Please make sure to return a value other than undefined from your query function. Affected query key: ["themes"]
Query data cannot be undefined. Please make sure to return a value other than undefined from your query function. Affected query key: ["current-theme"]
Query data cannot be undefined. Please make sure to return a value other than undefined from your query function. Affected query key: ["themes"]
Query data cannot be undefined. Please make sure to return a value other than undefined from your query function. Affected query key: ["current-theme"]
Query data cannot be undefined. Please make sure to return a value other than undefined from your query function. Affected query key: ["themes"]
Query data cannot be undefined. Please make sure to return a value other than undefined from your query function. Affected query key: ["current-theme"]
Query data cannot be undefined. Please make sure to return a value other than undefined from your query function. Affected query key: ["themes"]
Query data cannot be undefined. Please make sure to return a value other than undefined from your query function. Affected query key: ["current-theme"]
Query data cannot be undefined. Please make sure to return a value other than undefined from your query function. Affected query key: ["themes"]
Query data cannot be undefined. Please make sure to return a value other than undefined from your query function. Affected query key: ["current-theme"]
Query data cannot be undefined. Please make sure to return a value other than undefined from your query function. Affected query key: ["themes"]
Query data cannot be undefined. Please make sure to return a value other than undefined from your query function. Affected query key: ["current-theme"]
Query data cannot be undefined. Please make sure to return a value other than undefined from your query function. Affected query key: ["themes"]
Query data cannot be undefined. Please make sure to return a value other than undefined from your query function. Affected query key: ["current-theme"]
Query data cannot be undefined. Please make sure to return a value other than undefined from your query function. Affected query key: ["themes"]
Query data cannot be undefined. Please make sure to return a value other than undefined from your query function. Affected query key: ["current-theme"]
Query data cannot be undefined. Please make sure to return a value other than undefined from your query function. Affected query key: ["themes"]
Query data cannot be undefined. Please make sure to return a value other than undefined from your query function. Affected query key: ["current-theme"]
Query data cannot be undefined. Please make sure to return a value other than undefined from your query function. Affected query key: ["themes"]
Query data cannot be undefined. Please make sure to return a value other than undefined from your query function. Affected query key: ["current-theme"]
Query data cannot be undefined. Please make sure to return a value other than undefined from your query function. Affected query key: ["themes"]
Query data cannot be undefined. Please make sure to return a value other than undefined from your query function. Affected query key: ["current-theme"]
Query data cannot be undefined. Please make sure to return a value other than undefined from your query function. Affected query key: ["themes"]
Query data cannot be undefined. Please make sure to return a value other than undefined from your query function. Affected query key: ["current-theme"]
Query data cannot be undefined. Please make sure to return a value other than undefined from your query function. Affected query key: ["themes"]
Query data cannot be undefined. Please make sure to return a value other than undefined from your query function. Affected query key: ["current-theme"]
Query data cannot be undefined. Please make sure to return a value other than undefined from your query function. Affected query key: ["themes"]
Query data cannot be undefined. Please make sure to return a value other than undefined from your query function. Affected query key: ["current-theme"]
Query data cannot be undefined. Please make sure to return a value other than undefined from your query function. Affected query key: ["themes"]
Query data cannot be undefined. Please make sure to return a value other than undefined from your query function. Affected query key: ["current-theme"]
Query data cannot be undefined. Please make sure to return a value other than undefined from your query function. Affected query key: ["themes"]
Query data cannot be undefined. Please make sure to return a value other than undefined from your query function. Affected query key: ["current-theme"]
Query data cannot be undefined. Please make sure to return a value other than undefined from your query function. Affected query key: ["themes"]
Query data cannot be undefined. Please make sure to return a value other than undefined from your query function. Affected query key: ["current-theme"]
Query data cannot be undefined. Please make sure to return a value other than undefined from your query function. Affected query key: ["themes"]
Query data cannot be undefined. Please make sure to return a value other than undefined from your query function. Affected query key: ["current-theme"]
Query data cannot be undefined. Please make sure to return a value other than undefined from your query function. Affected query key: ["themes"]
Query data cannot be undefined. Please make sure to return a value other than undefined from your query function. Affected query key: ["current-theme"]
Query data cannot be undefined. Please make sure to return a value other than undefined from your query function. Affected query key: ["themes"]
Query data cannot be undefined. Please make sure to return a value other than undefined from your query function. Affected query key: ["current-theme"]
Query data cannot be undefined. Please make sure to return a value other than undefined from your query function. Affected query key: ["themes"]
Query data cannot be undefined. Please make sure to return a value other than undefined from your query function. Affected query key: ["current-theme"]
Query data cannot be undefined. Please make sure to return a value other than undefined from your query function. Affected query key: ["themes"]
Query data cannot be undefined. Please make sure to return a value other than undefined from your query function. Affected query key: ["current-theme"]
Query data cannot be undefined. Please make sure to return a value other than undefined from your query function. Affected query key: ["themes"]
Query data cannot be undefined. Please make sure to return a value other than undefined from your query function. Affected query key: ["current-theme"]
Query data cannot be undefined. Please make sure to return a value other than undefined from your query function. Affected query key: ["themes"]
Query data cannot be undefined. Please make sure to return a value other than undefined from your query function. Affected query key: ["current-theme"]
Query data cannot be undefined. Please make sure to return a value other than undefined from your query function. Affected query key: ["themes"]
Query data cannot be undefined. Please make sure to return a value other than undefined from your query function. Affected query key: ["current-theme"]
Query data cannot be undefined. Please make sure to return a value other than undefined from your query function. Affected query key: ["themes"]
Query data cannot be undefined. Please make sure to return a value other than undefined from your query function. Affected query key: ["current-theme"]
Query data cannot be undefined. Please make sure to return a value other than undefined from your query function. Affected query key: ["themes"]
Query data cannot be undefined. Please make sure to return a value other than undefined from your query function. Affected query key: ["current-theme"]
Query data cannot be undefined. Please make sure to return a value other than undefined from your query function. Affected query key: ["themes"]
Query data cannot be undefined. Please make sure to return a value other than undefined from your query function. Affected query key: ["current-theme"]
Query data cannot be undefined. Please make sure to return a value other than undefined from your query function. Affected query key: ["themes"]
Query data cannot be undefined. Please make sure to return a value other than undefined from your query function. Affected query key: ["current-theme"]
Query data cannot be undefined. Please make sure to return a value other than undefined from your query function. Affected query key: ["themes"]
Query data cannot be undefined. Please make sure to return a value other than undefined from your query function. Affected query key: ["current-theme"]
Query data cannot be undefined. Please make sure to return a value other than undefined from your query function. Affected query key: ["themes"]
Query data cannot be undefined. Please make sure to return a value other than undefined from your query function. Affected query key: ["current-theme"]
Query data cannot be undefined. Please make sure to return a value other than undefined from your query function. Affected query key: ["themes"]
Query data cannot be undefined. Please make sure to return a value other than undefined from your query function. Affected query key: ["current-theme"]
Query data cannot be undefined. Please make sure to return a value other than undefined from your query function. Affected query key: ["themes"]
Query data cannot be undefined. Please make sure to return a value other than undefined from your query function. Affected query key: ["current-theme"]
Query data cannot be undefined. Please make sure to return a value other than undefined from your query function. Affected query key: ["themes"]
Query data cannot be undefined. Please make sure to return a value other than undefined from your query function. Affected query key: ["current-theme"]
Query data cannot be undefined. Please make sure to return a value other than undefined from your query function. Affected query key: ["themes"]
Query data cannot be undefined. Please make sure to return a value other than undefined from your query function. Affected query key: ["current-theme"]
Query data cannot be undefined. Please make sure to return a value other than undefined from your query function. Affected query key: ["themes"]
Query data cannot be undefined. Please make sure to return a value other than undefined from your query function. Affected query key: ["current-theme"]
Query data cannot be undefined. Please make sure to return a value other than undefined from your query function. Affected query key: ["themes"]
Query data cannot be undefined. Please make sure to return a value other than undefined from your query function. Affected query key: ["current-theme"]
Query data cannot be undefined. Please make sure to return a value other than undefined from your query function. Affected query key: ["themes"]
Query data cannot be undefined. Please make sure to return a value other than undefined from your query function. Affected query key: ["current-theme"]
Query data cannot be undefined. Please make sure to return a value other than undefined from your query function. Affected query key: ["themes"]
Query data cannot be undefined. Please make sure to return a value other than undefined from your query function. Affected query key: ["current-theme"]
Query data cannot be undefined. Please make sure to return a value other than undefined from your query function. Affected query key: ["themes"]
Query data cannot be undefined. Please make sure to return a value other than undefined from your query function. Affected query key: ["current-theme"]
Query data cannot be undefined. Please make sure to return a value other than undefined from your query function. Affected query key: ["themes"]
Query data cannot be undefined. Please make sure to return a value other than undefined from your query function. Affected query key: ["current-theme"]
Query data cannot be undefined. Please make sure to return a value other than undefined from your query function. Affected query key: ["themes"]
Query data cannot be undefined. Please make sure to return a value other than undefined from your query function. Affected query key: ["current-theme"]
Query data cannot be undefined. Please make sure to return a value other than undefined from your query function. Affected query key: ["themes"]
Query data cannot be undefined. Please make sure to return a value other than undefined from your query function. Affected query key: ["current-theme"]
Query data cannot be undefined. Please make sure to return a value other than undefined from your query function. Affected query key: ["themes"]
Query data cannot be undefined. Please make sure to return a value other than undefined from your query function. Affected query key: ["current-theme"]
Query data cannot be undefined. Please make sure to return a value other than undefined from your query function. Affected query key: ["themes"]
Query data cannot be undefined. Please make sure to return a value other than undefined from your query function. Affected query key: ["current-theme"]
Query data cannot be undefined. Please make sure to return a value other than undefined from your query function. Affected query key: ["themes"]
Query data cannot be undefined. Please make sure to return a value other than undefined from your query function. Affected query key: ["current-theme"]
Query data cannot be undefined. Please make sure to return a value other than undefined from your query function. Affected query key: ["themes"]
Query data cannot be undefined. Please make sure to return a value other than undefined from your query function. Affected query key: ["current-theme"]
Query data cannot be undefined. Please make sure to return a value other than undefined from your query function. Affected query key: ["themes"]
Query data cannot be undefined. Please make sure to return a value other than undefined from your query function. Affected query key: ["current-theme"]
Query data cannot be undefined. Please make sure to return a value other than undefined from your query function. Affected query key: ["themes"]
Query data cannot be undefined. Please make sure to return a value other than undefined from your query function. Affected query key: ["current-theme"]
Query data cannot be undefined. Please make sure to return a value other than undefined from your query function. Affected query key: ["themes"]
Query data cannot be undefined. Please make sure to return a value other than undefined from your query function. Affected query key: ["current-theme"]
Query data cannot be undefined. Please make sure to return a value other than undefined from your query function. Affected query key: ["themes"]
Query data cannot be undefined. Please make sure to return a value other than undefined from your query function. Affected query key: ["current-theme"]
Query data cannot be undefined. Please make sure to return a value other than undefined from your query function. Affected query key: ["themes"]
Query data cannot be undefined. Please make sure to return a value other than undefined from your query function. Affected query key: ["current-theme"]
Query data cannot be undefined. Please make sure to return a value other than undefined from your query function. Affected query key: ["themes"]
Query data cannot be undefined. Please make sure to return a value other than undefined from your query function. Affected query key: ["current-theme"]
Query data cannot be undefined. Please make sure to return a value other than undefined from your query function. Affected query key: ["themes"]
Query data cannot be undefined. Please make sure to return a value other than undefined from your query function. Affected query key: ["current-theme"]
Query data cannot be undefined. Please make sure to return a value other than undefined from your query function. Affected query key: ["themes"]
Query data cannot be undefined. Please make sure to return a value other than undefined from your query function. Affected query key: ["current-theme"]
Query data cannot be undefined. Please make sure to return a value other than undefined from your query function. Affected query key: ["themes"]
Query data cannot be undefined. Please make sure to return a value other than undefined from your query function. Affected query key: ["current-theme"]
Query data cannot be undefined. Please make sure to return a value other than undefined from your query function. Affected query key: ["themes"]
Query data cannot be undefined. Please make sure to return a value other than undefined from your query function. Affected query key: ["current-theme"]
Query data cannot be undefined. Please make sure to return a value other than undefined from your query function. Affected query key: ["themes"]
Query data cannot be undefined. Please make sure to return a value other than undefined from your query function. Affected query key: ["current-theme"]
Query data cannot be undefined. Please make sure to return a value other than undefined from your query function. Affected query key: ["themes"]
Query data cannot be undefined. Please make sure to return a value other than undefined from your query function. Affected query key: ["current-theme"]
Query data cannot be undefined. Please make sure to return a value other than undefined from your query function. Affected query key: ["themes"]
Query data cannot be undefined. Please make sure to return a value other than undefined from your query function. Affected query key: ["current-theme"]
Query data cannot be undefined. Please make sure to return a value other than undefined from your query function. Affected query key: ["themes"]
Query data cannot be undefined. Please make sure to return a value other than undefined from your query function. Affected query key: ["current-theme"]
Query data cannot be undefined. Please make sure to return a value other than undefined from your query function. Affected query key: ["themes"]
Query data cannot be undefined. Please make sure to return a value other than undefined from your query function. Affected query key: ["current-theme"]
Query data cannot be undefined. Please make sure to return a value other than undefined from your query function. Affected query key: ["themes"]
Query data cannot be undefined. Please make sure to return a value other than undefined from your query function. Affected query key: ["current-theme"]
Query data cannot be undefined. Please make sure to return a value other than undefined from your query function. Affected query key: ["themes"]
Query data cannot be undefined. Please make sure to return a value other than undefined from your query function. Affected query key: ["current-theme"]
Query data cannot be undefined. Please make sure to return a value other than undefined from your query function. Affected query key: ["themes"]
Query data cannot be undefined. Please make sure to return a value other than undefined from your query function. Affected query key: ["current-theme"]
Query data cannot be undefined. Please make sure to return a value other than undefined from your query function. Affected query key: ["themes"]
Query data cannot be undefined. Please make sure to return a value other than undefined from your query function. Affected query key: ["current-theme"]
Query data cannot be undefined. Please make sure to return a value other than undefined from your query function. Affected query key: ["themes"]
Query data cannot be undefined. Please make sure to return a value other than undefined from your query function. Affected query key: ["current-theme"]
Query data cannot be undefined. Please make sure to return a value other than undefined from your query function. Affected query key: ["themes"]
Query data cannot be undefined. Please make sure to return a value other than undefined from your query function. Affected query key: ["current-theme"]
Query data cannot be undefined. Please make sure to return a value other than undefined from your query function. Affected query key: ["themes"]
Query data cannot be undefined. Please make sure to return a value other than undefined from your query function. Affected query key: ["current-theme"]
Query data cannot be undefined. Please make sure to return a value other than undefined from your query function. Affected query key: ["themes"]
Query data cannot be undefined. Please make sure to return a value other than undefined from your query function. Affected query key: ["current-theme"]
Query data cannot be undefined. Please make sure to return a value other than undefined from your query function. Affected query key: ["themes"]
Query data cannot be undefined. Please make sure to return a value other than undefined from your query function. Affected query key: ["current-theme"]
Query data cannot be undefined. Please make sure to return a value other than undefined from your query function. Affected query key: ["themes"]
Query data cannot be undefined. Please make sure to return a value other than undefined from your query function. Affected query key: ["current-theme"]
Query data cannot be undefined. Please make sure to return a value other than undefined from your query function. Affected query key: ["themes"]
Query data cannot be undefined. Please make sure to return a value other than undefined from your query function. Affected query key: ["current-theme"]
Query data cannot be undefined. Please make sure to return a value other than undefined from your query function. Affected query key: ["themes"]
Query data cannot be undefined. Please make sure to return a value other than undefined from your query function. Affected query key: ["current-theme"]
Query data cannot be undefined. Please make sure to return a value other than undefined from your query function. Affected query key: ["themes"]
Query data cannot be undefined. Please make sure to return a value other than undefined from your query function. Affected query key: ["current-theme"]
Query data cannot be undefined. Please make sure to return a value other than undefined from your query function. Affected query key: ["themes"]
Query data cannot be undefined. Please make sure to return a value other than undefined from your query function. Affected query key: ["current-theme"]
Query data cannot be undefined. Please make sure to return a value other than undefined from your query function. Affected query key: ["themes"]
Query data cannot be undefined. Please make sure to return a value other than undefined from your query function. Affected query key: ["current-theme"]
Query data cannot be undefined. Please make sure to return a value other than undefined from your query function. Affected query key: ["themes"]
Query data cannot be undefined. Please make sure to return a value other than undefined from your query function. Affected query key: ["current-theme"]
Query data cannot be undefined. Please make sure to return a value other than undefined from your query function. Affected query key: ["themes"]
Query data cannot be undefined. Please make sure to return a value other than undefined from your query function. Affected query key: ["current-theme"]
Query data cannot be undefined. Please make sure to return a value other than undefined from your query function. Affected query key: ["themes"]
Query data cannot be undefined. Please make sure to return a value other than undefined from your query function. Affected query key: ["current-theme"]
Query data cannot be undefined. Please make sure to return a value other than undefined from your query function. Affected query key: ["themes"]
Query data cannot be undefined. Please make sure to return a value other than undefined from your query function. Affected query key: ["current-theme"]
Query data cannot be undefined. Please make sure to return a value other than undefined from your query function. Affected query key: ["themes"]
Query data cannot be undefined. Please make sure to return a value other than undefined from your query function. Affected query key: ["current-theme"]
Query data cannot be undefined. Please make sure to return a value other than undefined from your query function. Affected query key: ["themes"]
Query data cannot be undefined. Please make sure to return a value other than undefined from your query function. Affected query key: ["current-theme"]
Query data cannot be undefined. Please make sure to return a value other than undefined from your query function. Affected query key: ["themes"]
Query data cannot be undefined. Please make sure to return a value other than undefined from your query function. Affected query key: ["current-theme"]
Query data cannot be undefined. Please make sure to return a value other than undefined from your query function. Affected query key: ["themes"]
Query data cannot be undefined. Please make sure to return a value other than undefined from your query function. Affected query key: ["current-theme"]
Query data cannot be undefined. Please make sure to return a value other than undefined from your query function. Affected query key: ["themes"]
Query data cannot be undefined. Please make sure to return a value other than undefined from your query function. Affected query key: ["current-theme"]
Query data cannot be undefined. Please make sure to return a value other than undefined from your query function. Affected query key: ["themes"]
Query data cannot be undefined. Please make sure to return a value other than undefined from your query function. Affected query key: ["current-theme"]
Query data cannot be undefined. Please make sure to return a value other than undefined from your query function. Affected query key: ["themes"]
Query data cannot be undefined. Please make sure to return a value other than undefined from your query function. Affected query key: ["current-theme"]
Query data cannot be undefined. Please make sure to return a value other than undefined from your query function. Affected query key: ["themes"]
Query data cannot be undefined. Please make sure to return a value other than undefined from your query function. Affected query key: ["current-theme"]
Query data cannot be undefined. Please make sure to return a value other than undefined from your query function. Affected query key: ["themes"]
Query data cannot be undefined. Please make sure to return a value other than undefined from your query function. Affected query key: ["current-theme"]
Query data cannot be undefined. Please make sure to return a value other than undefined from your query function. Affected query key: ["themes"]
Query data cannot be undefined. Please make sure to return a value other than undefined from your query function. Affected query key: ["current-theme"]
Query data cannot be undefined. Please make sure to return a value other than undefined from your query function. Affected query key: ["themes"]
Query data cannot be undefined. Please make sure to return a value other than undefined from your query function. Affected query key: ["current-theme"]
Query data cannot be undefined. Please make sure to return a value other than undefined from your query function. Affected query key: ["themes"]
Query data cannot be undefined. Please make sure to return a value other than undefined from your query function. Affected query key: ["current-theme"]
Query data cannot be undefined. Please make sure to return a value other than undefined from your query function. Affected query key: ["themes"]
Query data cannot be undefined. Please make sure to return a value other than undefined from your query function. Affected query key: ["current-theme"]
Query data cannot be undefined. Please make sure to return a value other than undefined from your query function. Affected query key: ["themes"]
Query data cannot be undefined. Please make sure to return a value other than undefined from your query function. Affected query key: ["current-theme"]
Query data cannot be undefined. Please make sure to return a value other than undefined from your query function. Affected query key: ["themes"]
Query data cannot be undefined. Please make sure to return a value other than undefined from your query function. Affected query key: ["current-theme"]
Query data cannot be undefined. Please make sure to return a value other than undefined from your query function. Affected query key: ["themes"]
Query data cannot be undefined. Please make sure to return a value other than undefined from your query function. Affected query key: ["current-theme"]
Query data cannot be undefined. Please make sure to return a value other than undefined from your query function. Affected query key: ["themes"]
Query data cannot be undefined. Please make sure to return a value other than undefined from your query function. Affected query key: ["current-theme"]
Query data cannot be undefined. Please make sure to return a value other than undefined from your query function. Affected query key: ["themes"]
Query data cannot be undefined. Please make sure to return a value other than undefined from your query function. Affected query key: ["current-theme"]
Query data cannot be undefined. Please make sure to return a value other than undefined from your query function. Affected query key: ["themes"]
Query data cannot be undefined. Please make sure to return a value other than undefined from your query function. Affected query key: ["current-theme"]
Query data cannot be undefined. Please make sure to return a value other than undefined from your query function. Affected query key: ["themes"]
Query data cannot be undefined. Please make sure to return a value other than undefined from your query function. Affected query key: ["current-theme"]
Query data cannot be undefined. Please make sure to return a value other than undefined from your query function. Affected query key: ["themes"]
Query data cannot be undefined. Please make sure to return a value other than undefined from your query function. Affected query key: ["current-theme"]
Query data cannot be undefined. Please make sure to return a value other than undefined from your query function. Affected query key: ["themes"]
Query data cannot be undefined. Please make sure to return a value other than undefined from your query function. Affected query key: ["current-theme"]
Query data cannot be undefined. Please make sure to return a value other than undefined from your query function. Affected query key: ["themes"]
Query data cannot be undefined. Please make sure to return a value other than undefined from your query function. Affected query key: ["current-theme"]
Query data cannot be undefined. Please make sure to return a value other than undefined from your query function. Affected query key: ["themes"]
Query data cannot be undefined. Please make sure to return a value other than undefined from your query function. Affected query key: ["current-theme"]
Query data cannot be undefined. Please make sure to return a value other than undefined from your query function. Affected query key: ["themes"]
Query data cannot be undefined. Please make sure to return a value other than undefined from your query function. Affected query key: ["current-theme"]
Query data cannot be undefined. Please make sure to return a value other than undefined from your query function. Affected query key: ["themes"]
Query data cannot be undefined. Please make sure to return a value other than undefined from your query function. Affected query key: ["current-theme"]
Query data cannot be undefined. Please make sure to return a value other than undefined from your query function. Affected query key: ["themes"]
Query data cannot be undefined. Please make sure to return a value other than undefined from your query function. Affected query key: ["current-theme"]
Query data cannot be undefined. Please make sure to return a value other than undefined from your query function. Affected query key: ["themes"]
Query data cannot be undefined. Please make sure to return a value other than undefined from your query function. Affected query key: ["current-theme"]
Query data cannot be undefined. Please make sure to return a value other than undefined from your query function. Affected query key: ["themes"]
Query data cannot be undefined. Please make sure to return a value other than undefined from your query function. Affected query key: ["current-theme"]
Query data cannot be undefined. Please make sure to return a value other than undefined from your query function. Affected query key: ["themes"]
Query data cannot be undefined. Please make sure to return a value other than undefined from your query function. Affected query key: ["current-theme"]
Query data cannot be undefined. Please make sure to return a value other than undefined from your query function. Affected query key: ["themes"]
Query data cannot be undefined. Please make sure to return a value other than undefined from your query function. Affected query key: ["current-theme"]
Query data cannot be undefined. Please make sure to return a value other than undefined from your query function. Affected query key: ["themes"]
Query data cannot be undefined. Please make sure to return a value other than undefined from your query function. Affected query key: ["current-theme"]
Query data cannot be undefined. Please make sure to return a value other than undefined from your query function. Affected query key: ["themes"]
Query data cannot be undefined. Please make sure to return a value other than undefined from your query function. Affected query key: ["current-theme"]
Query data cannot be undefined. Please make sure to return a value other than undefined from your query function. Affected query key: ["themes"]
Query data cannot be undefined. Please make sure to return a value other than undefined from your query function. Affected query key: ["current-theme"]
Query data cannot be undefined. Please make sure to return a value other than undefined from your query function. Affected query key: ["themes"]
Query data cannot be undefined. Please make sure to return a value other than undefined from your query function. Affected query key: ["current-theme"]
Query data cannot be undefined. Please make sure to return a value other than undefined from your query function. Affected query key: ["themes"]
Query data cannot be undefined. Please make sure to return a value other than undefined from your query function. Affected query key: ["current-theme"]
Query data cannot be undefined. Please make sure to return a value other than undefined from your query function. Affected query key: ["themes"]
Query data cannot be undefined. Please make sure to return a value other than undefined from your query function. Affected query key: ["current-theme"]
Query data cannot be undefined. Please make sure to return a value other than undefined from your query function. Affected query key: ["themes"]
Query data cannot be undefined. Please make sure to return a value other than undefined from your query function. Affected query key: ["current-theme"]
Query data cannot be undefined. Please make sure to return a value other than undefined from your query function. Affected query key: ["themes"]
Query data cannot be undefined. Please make sure to return a value other than undefined from your query function. Affected query key: ["current-theme"]
Query data cannot be undefined. Please make sure to return a value other than undefined from your query function. Affected query key: ["themes"]
Query data cannot be undefined. Please make sure to return a value other than undefined from your query function. Affected query key: ["current-theme"]
Query data cannot be undefined. Please make sure to return a value other than undefined from your query function. Affected query key: ["themes"]
Query data cannot be undefined. Please make sure to return a value other than undefined from your query function. Affected query key: ["current-theme"]
Query data cannot be undefined. Please make sure to return a value other than undefined from your query function. Affected query key: ["themes"]
Query data cannot be undefined. Please make sure to return a value other than undefined from your query function. Affected query key: ["current-theme"]
Query data cannot be undefined. Please make sure to return a value other than undefined from your query function. Affected query key: ["themes"]
Query data cannot be undefined. Please make sure to return a value other than undefined from your query function. Affected query key: ["current-theme"]
Query data cannot be undefined. Please make sure to return a value other than undefined from your query function. Affected query key: ["themes"]
Query data cannot be undefined. Please make sure to return a value other than undefined from your query function. Affected query key: ["current-theme"]
Query data cannot be undefined. Please make sure to return a value other than undefined from your query function. Affected query key: ["themes"]
Query data cannot be undefined. Please make sure to return a value other than undefined from your query function. Affected query key: ["current-theme"]
Query data cannot be undefined. Please make sure to return a value other than undefined from your query function. Affected query key: ["themes"]
Query data cannot be undefined. Please make sure to return a value other than undefined from your query function. Affected query key: ["current-theme"]
Query data cannot be undefined. Please make sure to return a value other than undefined from your query function. Affected query key: ["themes"]
Query data cannot be undefined. Please make sure to return a value other than undefined from your query function. Affected query key: ["current-theme"]
Query data cannot be undefined. Please make sure to return a value other than undefined from your query function. Affected query key: ["themes"]
Query data cannot be undefined. Please make sure to return a value other than undefined from your query function. Affected query key: ["current-theme"]
Query data cannot be undefined. Please make sure to return a value other than undefined from your query function. Affected query key: ["themes"]
Query data cannot be undefined. Please make sure to return a value other than undefined from your query function. Affected query key: ["current-theme"]
Query data cannot be undefined. Please make sure to return a value other than undefined from your query function. Affected query key: ["themes"]
Query data cannot be undefined. Please make sure to return a value other than undefined from your query function. Affected query key: ["current-theme"]
Query data cannot be undefined. Please make sure to return a value other than undefined from your query function. Affected query key: ["themes"]
Query data cannot be undefined. Please make sure to return a value other than undefined from your query function. Affected query key: ["current-theme"]
Query data cannot be undefined. Please make sure to return a value other than undefined from your query function. Affected query key: ["themes"]
Query data cannot be undefined. Please make sure to return a value other than undefined from your query function. Affected query key: ["current-theme"]
Query data cannot be undefined. Please make sure to return a value other than undefined from your query function. Affected query key: ["themes"]
Query data cannot be undefined. Please make sure to return a value other than undefined from your query function. Affected query key: ["current-theme"]
Query data cannot be undefined. Please make sure to return a value other than undefined from your query function. Affected query key: ["themes"]
Query data cannot be undefined. Please make sure to return a value other than undefined from your query function. Affected query key: ["current-theme"]
Query data cannot be undefined. Please make sure to return a value other than undefined from your query function. Affected query key: ["themes"]
Query data cannot be undefined. Please make sure to return a value other than undefined from your query function. Affected query key: ["current-theme"]
Query data cannot be undefined. Please make sure to return a value other than undefined from your query function. Affected query key: ["themes"]
Query data cannot be undefined. Please make sure to return a value other than undefined from your query function. Affected query key: ["current-theme"]
Query data cannot be undefined. Please make sure to return a value other than undefined from your query function. Affected query key: ["themes"]
Query data cannot be undefined. Please make sure to return a value other than undefined from your query function. Affected query key: ["current-theme"]
Query data cannot be undefined. Please make sure to return a value other than undefined from your query function. Affected query key: ["themes"]
Query data cannot be undefined. Please make sure to return a value other than undefined from your query function. Affected query key: ["current-theme"]
Query data cannot be undefined. Please make sure to return a value other than undefined from your query function. Affected query key: ["themes"]
Query data cannot be undefined. Please make sure to return a value other than undefined from your query function. Affected query key: ["current-theme"]
Query data cannot be undefined. Please make sure to return a value other than undefined from your query function. Affected query key: ["themes"]
Query data cannot be undefined. Please make sure to return a value other than undefined from your query function. Affected query key: ["current-theme"]
Query data cannot be undefined. Please make sure to return a value other than undefined from your query function. Affected query key: ["themes"]
Query data cannot be undefined. Please make sure to return a value other than undefined from your query function. Affected query key: ["current-theme"]
Query data cannot be undefined. Please make sure to return a value other than undefined from your query function. Affected query key: ["themes"]
Query data cannot be undefined. Please make sure to return a value other than undefined from your query function. Affected query key: ["current-theme"]
Query data cannot be undefined. Please make sure to return a value other than undefined from your query function. Affected query key: ["themes"]
Query data cannot be undefined. Please make sure to return a value other than undefined from your query function. Affected query key: ["current-theme"]
Query data cannot be undefined. Please make sure to return a value other than undefined from your query function. Affected query key: ["themes"]
Query data cannot be undefined. Please make sure to return a value other than undefined from your query function. Affected query key: ["current-theme"]
Query data cannot be undefined. Please make sure to return a value other than undefined from your query function. Affected query key: ["themes"]
Query data cannot be undefined. Please make sure to return a value other than undefined from your query function. Affected query key: ["current-theme"]
Query data cannot be undefined. Please make sure to return a value other than undefined from your query function. Affected query key: ["themes"]
Query data cannot be undefined. Please make sure to return a value other than undefined from your query function. Affected query key: ["current-theme"]
Query data cannot be undefined. Please make sure to return a value other than undefined from your query function. Affected query key: ["themes"]
Query data cannot be undefined. Please make sure to return a value other than undefined from your query function. Affected query key: ["current-theme"]
Query data cannot be undefined. Please make sure to return a value other than undefined from your query function. Affected query key: ["themes"]
Query data cannot be undefined. Please make sure to return a value other than undefined from your query function. Affected query key: ["current-theme"]
Query data cannot be undefined. Please make sure to return a value other than undefined from your query function. Affected query key: ["themes"]
Query data cannot be undefined. Please make sure to return a value other than undefined from your query function. Affected query key: ["current-theme"]
Query data cannot be undefined. Please make sure to return a value other than undefined from your query function. Affected query key: ["themes"]
Query data cannot be undefined. Please make sure to return a value other than undefined from your query function. Affected query key: ["current-theme"]
Query data cannot be undefined. Please make sure to return a value other than undefined from your query function. Affected query key: ["themes"]
Query data cannot be undefined. Please make sure to return a value other than undefined from your query function. Affected query key: ["current-theme"]
Query data cannot be undefined. Please make sure to return a value other than undefined from your query function. Affected query key: ["themes"]
Query data cannot be undefined. Please make sure to return a value other than undefined from your query function. Affected query key: ["current-theme"]
Query data cannot be undefined. Please make sure to return a value other than undefined from your query function. Affected query key: ["themes"]
Query data cannot be undefined. Please make sure to return a value other than undefined from your query function. Affected query key: ["current-theme"]
Query data cannot be undefined. Please make sure to return a value other than undefined from your query function. Affected query key: ["themes"]
Query data cannot be undefined. Please make sure to return a value other than undefined from your query function. Affected query key: ["current-theme"]
Query data cannot be undefined. Please make sure to return a value other than undefined from your query function. Affected query key: ["themes"]
Query data cannot be undefined. Please make sure to return a value other than undefined from your query function. Affected query key: ["current-theme"]
Query data cannot be undefined. Please make sure to return a value other than undefined from your query function. Affected query key: ["themes"]
Query data cannot be undefined. Please make sure to return a value other than undefined from your query function. Affected query key: ["current-theme"]
Query data cannot be undefined. Please make sure to return a value other than undefined from your query function. Affected query key: ["themes"]
Query data cannot be undefined. Please make sure to return a value other than undefined from your query function. Affected query key: ["current-theme"]
Query data cannot be undefined. Please make sure to return a value other than undefined from your query function. Affected query key: ["themes"]
Query data cannot be undefined. Please make sure to return a value other than undefined from your query function. Affected query key: ["current-theme"]
Query data cannot be undefined. Please make sure to return a value other than undefined from your query function. Affected query key: ["themes"]
Query data cannot be undefined. Please make sure to return a value other than undefined from your query function. Affected query key: ["current-theme"]
Query data cannot be undefined. Please make sure to return a value other than undefined from your query function. Affected query key: ["themes"]
Query data cannot be undefined. Please make sure to return a value other than undefined from your query function. Affected query key: ["current-theme"]
Query data cannot be undefined. Please make sure to return a value other than undefined from your query function. Affected query key: ["themes"]
Query data cannot be undefined. Please make sure to return a value other than undefined from your query function. Affected query key: ["current-theme"]
Query data cannot be undefined. Please make sure to return a value other than undefined from your query function. Affected query key: ["themes"]
Query data cannot be undefined. Please make sure to return a value other than undefined from your query function. Affected query key: ["current-theme"]
Query data cannot be undefined. Please make sure to return a value other than undefined from your query function. Affected query key: ["themes"]
Query data cannot be undefined. Please make sure to return a value other than undefined from your query function. Affected query key: ["current-theme"]
Query data cannot be undefined. Please make sure to return a value other than undefined from your query function. Affected query key: ["themes"]
Query data cannot be undefined. Please make sure to return a value other than undefined from your query function. Affected query key: ["current-theme"]
Query data cannot be undefined. Please make sure to return a value other than undefined from your query function. Affected query key: ["themes"]
Query data cannot be undefined. Please make sure to return a value other than undefined from your query function. Affected query key: ["current-theme"]
Query data cannot be undefined. Please make sure to return a value other than undefined from your query function. Affected query key: ["themes"]
Query data cannot be undefined. Please make sure to return a value other than undefined from your query function. Affected query key: ["current-theme"]
Query data cannot be undefined. Please make sure to return a value other than undefined from your query function. Affected query key: ["themes"]
Query data cannot be undefined. Please make sure to return a value other than undefined from your query function. Affected query key: ["current-theme"]
Query data cannot be undefined. Please make sure to return a value other than undefined from your query function. Affected query key: ["themes"]
Query data cannot be undefined. Please make sure to return a value other than undefined from your query function. Affected query key: ["current-theme"]
Query data cannot be undefined. Please make sure to return a value other than undefined from your query function. Affected query key: ["themes"]
Query data cannot be undefined. Please make sure to return a value other than undefined from your query function. Affected query key: ["current-theme"]
Query data cannot be undefined. Please make sure to return a value other than undefined from your query function. Affected query key: ["themes"]
Query data cannot be undefined. Please make sure to return a value other than undefined from your query function. Affected query key: ["current-theme"]
Query data cannot be undefined. Please make sure to return a value other than undefined from your query function. Affected query key: ["themes"]
Query data cannot be undefined. Please make sure to return a value other than undefined from your query function. Affected query key: ["current-theme"]
Query data cannot be undefined. Please make sure to return a value other than undefined from your query function. Affected query key: ["themes"]
Query data cannot be undefined. Please make sure to return a value other than undefined from your query function. Affected query key: ["current-theme"]
Query data cannot be undefined. Please make sure to return a value other than undefined from your query function. Affected query key: ["themes"]
Query data cannot be undefined. Please make sure to return a value other than undefined from your query function. Affected query key: ["current-theme"]
Query data cannot be undefined. Please make sure to return a value other than undefined from your query function. Affected query key: ["themes"]
Query data cannot be undefined. Please make sure to return a value other than undefined from your query function. Affected query key: ["current-theme"]
Query data cannot be undefined. Please make sure to return a value other than undefined from your query function. Affected query key: ["themes"]
Query data cannot be undefined. Please make sure to return a value other than undefined from your query function. Affected query key: ["current-theme"]
Query data cannot be undefined. Please make sure to return a value other than undefined from your query function. Affected query key: ["themes"]
Query data cannot be undefined. Please make sure to return a value other than undefined from your query function. Affected query key: ["current-theme"]
Query data cannot be undefined. Please make sure to return a value other than undefined from your query function. Affected query key: ["themes"]
Query data cannot be undefined. Please make sure to return a value other than undefined from your query function. Affected query key: ["current-theme"]
Query data cannot be undefined. Please make sure to return a value other than undefined from your query function. Affected query key: ["themes"]
Query data cannot be undefined. Please make sure to return a value other than undefined from your query function. Affected query key: ["current-theme"]
Query data cannot be undefined. Please make sure to return a value other than undefined from your query function. Affected query key: ["themes"]
Query data cannot be undefined. Please make sure to return a value other than undefined from your query function. Affected query key: ["current-theme"]
Query data cannot be undefined. Please make sure to return a value other than undefined from your query function. Affected query key: ["themes"]
Query data cannot be undefined. Please make sure to return a value other than undefined from your query function. Affected query key: ["current-theme"]
Query data cannot be undefined. Please make sure to return a value other than undefined from your query function. Affected query key: ["themes"]
Query data cannot be undefined. Please make sure to return a value other than undefined from your query function. Affected query key: ["current-theme"]
Query data cannot be undefined. Please make sure to return a value other than undefined from your query function. Affected query key: ["themes"]
Query data cannot be undefined. Please make sure to return a value other than undefined from your query function. Affected query key: ["current-theme"]
Query data cannot be undefined. Please make sure to return a value other than undefined from your query function. Affected query key: ["themes"]
Query data cannot be undefined. Please make sure to return a value other than undefined from your query function. Affected query key: ["current-theme"]
Query data cannot be undefined. Please make sure to return a value other than undefined from your query function. Affected query key: ["themes"]
Query data cannot be undefined. Please make sure to return a value other than undefined from your query function. Affected query key: ["current-theme"]
Query data cannot be undefined. Please make sure to return a value other than undefined from your query function. Affected query key: ["themes"]
Query data cannot be undefined. Please make sure to return a value other than undefined from your query function. Affected query key: ["current-theme"]
Query data cannot be undefined. Please make sure to return a value other than undefined from your query function. Affected query key: ["themes"]
Query data cannot be undefined. Please make sure to return a value other than undefined from your query function. Affected query key: ["current-theme"]
Query data cannot be undefined. Please make sure to return a value other than undefined from your query function. Affected query key: ["themes"]
Query data cannot be undefined. Please make sure to return a value other than undefined from your query function. Affected query key: ["current-theme"]
Query data cannot be undefined. Please make sure to return a value other than undefined from your query function. Affected query key: ["themes"]
Query data cannot be undefined. Please make sure to return a value other than undefined from your query function. Affected query key: ["current-theme"]
Query data cannot be undefined. Please make sure to return a value other than undefined from your query function. Affected query key: ["themes"]
Query data cannot be undefined. Please make sure to return a value other than undefined from your query function. Affected query key: ["current-theme"]
Query data cannot be undefined. Please make sure to return a value other than undefined from your query function. Affected query key: ["themes"]
Query data cannot be undefined. Please make sure to return a value other than undefined from your query function. Affected query key: ["current-theme"]
Query data cannot be undefined. Please make sure to return a value other than undefined from your query function. Affected query key: ["themes"]
Query data cannot be undefined. Please make sure to return a value other than undefined from your query function. Affected query key: ["current-theme"]
Query data cannot be undefined. Please make sure to return a value other than undefined from your query function. Affected query key: ["themes"]
Query data cannot be undefined. Please make sure to return a value other than undefined from your query function. Affected query key: ["current-theme"]
Query data cannot be undefined. Please make sure to return a value other than undefined from your query function. Affected query key: ["themes"]
Query data cannot be undefined. Please make sure to return a value other than undefined from your query function. Affected query key: ["current-theme"]
Query data cannot be undefined. Please make sure to return a value other than undefined from your query function. Affected query key: ["themes"]
Query data cannot be undefined. Please make sure to return a value other than undefined from your query function. Affected query key: ["current-theme"]
Query data cannot be undefined. Please make sure to return a value other than undefined from your query function. Affected query key: ["themes"]
Query data cannot be undefined. Please make sure to return a value other than undefined from your query function. Affected query key: ["current-theme"]
Query data cannot be undefined. Please make sure to return a value other than undefined from your query function. Affected query key: ["themes"]
Query data cannot be undefined. Please make sure to return a value other than undefined from your query function. Affected query key: ["current-theme"]
Query data cannot be undefined. Please make sure to return a value other than undefined from your query function. Affected query key: ["themes"]
Query data cannot be undefined. Please make sure to return a value other than undefined from your query function. Affected query key: ["current-theme"]
Query data cannot be undefined. Please make sure to return a value other than undefined from your query function. Affected query key: ["themes"]
Query data cannot be undefined. Please make sure to return a value other than undefined from your query function. Affected query key: ["current-theme"]
Query data cannot be undefined. Please make sure to return a value other than undefined from your query function. Affected query key: ["themes"]
Query data cannot be undefined. Please make sure to return a value other than undefined from your query function. Affected query key: ["current-theme"]
Query data cannot be undefined. Please make sure to return a value other than undefined from your query function. Affected query key: ["themes"]
Query data cannot be undefined. Please make sure to return a value other than undefined from your query function. Affected query key: ["current-theme"]
Query data cannot be undefined. Please make sure to return a value other than undefined from your query function. Affected query key: ["themes"]
Query data cannot be undefined. Please make sure to return a value other than undefined from your query function. Affected query key: ["current-theme"]
Query data cannot be undefined. Please make sure to return a value other than undefined from your query function. Affected query key: ["themes"]
Query data cannot be undefined. Please make sure to return a value other than undefined from your query function. Affected query key: ["current-theme"]
Query data cannot be undefined. Please make sure to return a value other than undefined from your query function. Affected query key: ["themes"]
Query data cannot be undefined. Please make sure to return a value other than undefined from your query function. Affected query key: ["current-theme"]
Query data cannot be undefined. Please make sure to return a value other than undefined from your query function. Affected query key: ["themes"]
Query data cannot be undefined. Please make sure to return a value other than undefined from your query function. Affected query key: ["current-theme"]
Query data cannot be undefined. Please make sure to return a value other than undefined from your query function. Affected query key: ["themes"]
Query data cannot be undefined. Please make sure to return a value other than undefined from your query function. Affected query key: ["current-theme"]
Query data cannot be undefined. Please make sure to return a value other than undefined from your query function. Affected query key: ["themes"]
Query data cannot be undefined. Please make sure to return a value other than undefined from your query function. Affected query key: ["current-theme"]
Query data cannot be undefined. Please make sure to return a value other than undefined from your query function. Affected query key: ["themes"]
Query data cannot be undefined. Please make sure to return a value other than undefined from your query function. Affected query key: ["current-theme"]
Query data cannot be undefined. Please make sure to return a value other than undefined from your query function. Affected query key: ["themes"]
Query data cannot be undefined. Please make sure to return a value other than undefined from your query function. Affected query key: ["current-theme"]
Query data cannot be undefined. Please make sure to return a value other than undefined from your query function. Affected query key: ["themes"]
Query data cannot be undefined. Please make sure to return a value other than undefined from your query function. Affected query key: ["current-theme"]
Query data cannot be undefined. Please make sure to return a value other than undefined from your query function. Affected query key: ["themes"]
Query data cannot be undefined. Please make sure to return a value other than undefined from your query function. Affected query key: ["current-theme"]
Query data cannot be undefined. Please make sure to return a value other than undefined from your query function. Affected query key: ["themes"]
Query data cannot be undefined. Please make sure to return a value other than undefined from your query function. Affected query key: ["current-theme"]
Query data cannot be undefined. Please make sure to return a value other than undefined from your query function. Affected query key: ["themes"]
Query data cannot be undefined. Please make sure to return a value other than undefined from your query function. Affected query key: ["current-theme"]
Query data cannot be undefined. Please make sure to return a value other than undefined from your query function. Affected query key: ["themes"]
Query data cannot be undefined. Please make sure to return a value other than undefined from your query function. Affected query key: ["current-theme"]
Query data cannot be undefined. Please make sure to return a value other than undefined from your query function. Affected query key: ["themes"]
Query data cannot be undefined. Please make sure to return a value other than undefined from your query function. Affected query key: ["current-theme"]
Query data cannot be undefined. Please make sure to return a value other than undefined from your query function. Affected query key: ["themes"]
Query data cannot be undefined. Please make sure to return a value other than undefined from your query function. Affected query key: ["current-theme"]
Query data cannot be undefined. Please make sure to return a value other than undefined from your query function. Affected query key: ["themes"]
Query data cannot be undefined. Please make sure to return a value other than undefined from your query function. Affected query key: ["current-theme"]
Query data cannot be undefined. Please make sure to return a value other than undefined from your query function. Affected query key: ["themes"]
Query data cannot be undefined. Please make sure to return a value other than undefined from your query function. Affected query key: ["current-theme"]
Query data cannot be undefined. Please make sure to return a value other than undefined from your query function. Affected query key: ["themes"]
Query data cannot be undefined. Please make sure to return a value other than undefined from your query function. Affected query key: ["current-theme"]
Query data cannot be undefined. Please make sure to return a value other than undefined from your query function. Affected query key: ["themes"]
Query data cannot be undefined. Please make sure to return a value other than undefined from your query function. Affected query key: ["current-theme"]
Query data cannot be undefined. Please make sure to return a value other than undefined from your query function. Affected query key: ["themes"]
Query data cannot be undefined. Please make sure to return a value other than undefined from your query function. Affected query key: ["current-theme"]
Query data cannot be undefined. Please make sure to return a value other than undefined from your query function. Affected query key: ["themes"]
Query data cannot be undefined. Please make sure to return a value other than undefined from your query function. Affected query key: ["current-theme"]
Query data cannot be undefined. Please make sure to return a value other than undefined from your query function. Affected query key: ["themes"]
Query data cannot be undefined. Please make sure to return a value other than undefined from your query function. Affected query key: ["current-theme"]
Query data cannot be undefined. Please make sure to return a value other than undefined from your query function. Affected query key: ["themes"]
Query data cannot be undefined. Please make sure to return a value other than undefined from your query function. Affected query key: ["current-theme"]
Query data cannot be undefined. Please make sure to return a value other than undefined from your query function. Affected query key: ["themes"]
Query data cannot be undefined. Please make sure to return a value other than undefined from your query function. Affected query key: ["current-theme"]
Query data cannot be undefined. Please make sure to return a value other than undefined from your query function. Affected query key: ["themes"]
Query data cannot be undefined. Please make sure to return a value other than undefined from your query function. Affected query key: ["current-theme"]
Query data cannot be undefined. Please make sure to return a value other than undefined from your query function. Affected query key: ["themes"]
Query data cannot be undefined. Please make sure to return a value other than undefined from your query function. Affected query key: ["current-theme"]
Query data cannot be undefined. Please make sure to return a value other than undefined from your query function. Affected query key: ["themes"]
Query data cannot be undefined. Please make sure to return a value other than undefined from your query function. Affected query key: ["current-theme"]
Query data cannot be undefined. Please make sure to return a value other than undefined from your query function. Affected query key: ["themes"]
Query data cannot be undefined. Please make sure to return a value other than undefined from your query function. Affected query key: ["current-theme"]
Query data cannot be undefined. Please make sure to return a value other than undefined from your query function. Affected query key: ["themes"]
Query data cannot be undefined. Please make sure to return a value other than undefined from your query function. Affected query key: ["current-theme"]
Query data cannot be undefined. Please make sure to return a value other than undefined from your query function. Affected query key: ["themes"]
Query data cannot be undefined. Please make sure to return a value other than undefined from your query function. Affected query key: ["current-theme"]
Query data cannot be undefined. Please make sure to return a value other than undefined from your query function. Affected query key: ["themes"]
Query data cannot be undefined. Please make sure to return a value other than undefined from your query function. Affected query key: ["current-theme"]
Query data cannot be undefined. Please make sure to return a value other than undefined from your query function. Affected query key: ["themes"]
Query data cannot be undefined. Please make sure to return a value other than undefined from your query function. Affected query key: ["current-theme"]
Query data cannot be undefined. Please make sure to return a value other than undefined from your query function. Affected query key: ["themes"]
Query data cannot be undefined. Please make sure to return a value other than undefined from your query function. Affected query key: ["current-theme"]
Query data cannot be undefined. Please make sure to return a value other than undefined from your query function. Affected query key: ["themes"]
Query data cannot be undefined. Please make sure to return a value other than undefined from your query function. Affected query key: ["current-theme"]
Query data cannot be undefined. Please make sure to return a value other than undefined from your query function. Affected query key: ["themes"]
Query data cannot be undefined. Please make sure to return a value other than undefined from your query function. Affected query key: ["current-theme"]
Query data cannot be undefined. Please make sure to return a value other than undefined from your query function. Affected query key: ["themes"]
Query data cannot be undefined. Please make sure to return a value other than undefined from your query function. Affected query key: ["current-theme"]
Query data cannot be undefined. Please make sure to return a value other than undefined from your query function. Affected query key: ["themes"]
Query data cannot be undefined. Please make sure to return a value other than undefined from your query function. Affected query key: ["current-theme"]
Query data cannot be undefined. Please make sure to return a value other than undefined from your query function. Affected query key: ["themes"]
Query data cannot be undefined. Please make sure to return a value other than undefined from your query function. Affected query key: ["current-theme"]
Query data cannot be undefined. Please make sure to return a value other than undefined from your query function. Affected query key: ["themes"]
Query data cannot be undefined. Please make sure to return a value other than undefined from your query function. Affected query key: ["current-theme"]
Query data cannot be undefined. Please make sure to return a value other than undefined from your query function. Affected query key: ["themes"]
Query data cannot be undefined. Please make sure to return a value other than undefined from your query function. Affected query key: ["current-theme"]
Query data cannot be undefined. Please make sure to return a value other than undefined from your query function. Affected query key: ["themes"]
Query data cannot be undefined. Please make sure to return a value other than undefined from your query function. Affected query key: ["current-theme"]
Query data cannot be undefined. Please make sure to return a value other than undefined from your query function. Affected query key: ["themes"]
Query data cannot be undefined. Please make sure to return a value other than undefined from your query function. Affected query key: ["current-theme"]
Query data cannot be undefined. Please make sure to return a value other than undefined from your query function. Affected query key: ["themes"]
Query data cannot be undefined. Please make sure to return a value other than undefined from your query function. Affected query key: ["current-theme"]
Query data cannot be undefined. Please make sure to return a value other than undefined from your query function. Affected query key: ["themes"]
Query data cannot be undefined. Please make sure to return a value other than undefined from your query function. Affected query key: ["current-theme"]
Query data cannot be undefined. Please make sure to return a value other than undefined from your query function. Affected query key: ["themes"]
Query data cannot be undefined. Please make sure to return a value other than undefined from your query function. Affected query key: ["current-theme"]
Query data cannot be undefined. Please make sure to return a value other than undefined from your query function. Affected query key: ["themes"]
Query data cannot be undefined. Please make sure to return a value other than undefined from your query function. Affected query key: ["current-theme"]
Query data cannot be undefined. Please make sure to return a value other than undefined from your query function. Affected query key: ["themes"]
Query data cannot be undefined. Please make sure to return a value other than undefined from your query function. Affected query key: ["current-theme"]
Query data cannot be undefined. Please make sure to return a value other than undefined from your query function. Affected query key: ["themes"]
Query data cannot be undefined. Please make sure to return a value other than undefined from your query function. Affected query key: ["current-theme"]
Query data cannot be undefined. Please make sure to return a value other than undefined from your query function. Affected query key: ["themes"]
Query data cannot be undefined. Please make sure to return a value other than undefined from your query function. Affected query key: ["current-theme"]
Query data cannot be undefined. Please make sure to return a value other than undefined from your query function. Affected query key: ["themes"]
Query data cannot be undefined. Please make sure to return a value other than undefined from your query function. Affected query key: ["current-theme"]
Query data cannot be undefined. Please make sure to return a value other than undefined from your query function. Affected query key: ["themes"]
Query data cannot be undefined. Please make sure to return a value other than undefined from your query function. Affected query key: ["current-theme"]
Query data cannot be undefined. Please make sure to return a value other than undefined from your query function. Affected query key: ["themes"]
Query data cannot be undefined. Please make sure to return a value other than undefined from your query function. Affected query key: ["current-theme"]
Query data cannot be undefined. Please make sure to return a value other than undefined from your query function. Affected query key: ["themes"]
Query data cannot be undefined. Please make sure to return a value other than undefined from your query function. Affected query key: ["current-theme"]
Query data cannot be undefined. Please make sure to return a value other than undefined from your query function. Affected query key: ["themes"]
Query data cannot be undefined. Please make sure to return a value other than undefined from your query function. Affected query key: ["current-theme"]
Query data cannot be undefined. Please make sure to return a value other than undefined from your query function. Affected query key: ["themes"]
Query data cannot be undefined. Please make sure to return a value other than undefined from your query function. Affected query key: ["current-theme"]
Query data cannot be undefined. Please make sure to return a value other than undefined from your query function. Affected query key: ["themes"]
Query data cannot be undefined. Please make sure to return a value other than undefined from your query function. Affected query key: ["current-theme"]
Query data cannot be undefined. Please make sure to return a value other than undefined from your query function. Affected query key: ["themes"]
Query data cannot be undefined. Please make sure to return a value other than undefined from your query function. Affected query key: ["current-theme"]
Query data cannot be undefined. Please make sure to return a value other than undefined from your query function. Affected query key: ["themes"]
Query data cannot be undefined. Please make sure to return a value other than undefined from your query function. Affected query key: ["current-theme"]
Query data cannot be undefined. Please make sure to return a value other than undefined from your query function. Affected query key: ["themes"]
Query data cannot be undefined. Please make sure to return a value other than undefined from your query function. Affected query key: ["current-theme"]
Query data cannot be undefined. Please make sure to return a value other than undefined from your query function. Affected query key: ["themes"]
Query data cannot be undefined. Please make sure to return a value other than undefined from your query function. Affected query key: ["current-theme"]
Query data cannot be undefined. Please make sure to return a value other than undefined from your query function. Affected query key: ["themes"]
Query data cannot be undefined. Please make sure to return a value other than undefined from your query function. Affected query key: ["current-theme"]
Query data cannot be undefined. Please make sure to return a value other than undefined from your query function. Affected query key: ["themes"]
Query data cannot be undefined. Please make sure to return a value other than undefined from your query function. Affected query key: ["current-theme"]
Query data cannot be undefined. Please make sure to return a value other than undefined from your query function. Affected query key: ["themes"]
Query data cannot be undefined. Please make sure to return a value other than undefined from your query function. Affected query key: ["current-theme"]
Query data cannot be undefined. Please make sure to return a value other than undefined from your query function. Affected query key: ["themes"]
Query data cannot be undefined. Please make sure to return a value other than undefined from your query function. Affected query key: ["current-theme"]
Query data cannot be undefined. Please make sure to return a value other than undefined from your query function. Affected query key: ["themes"]
Query data cannot be undefined. Please make sure to return a value other than undefined from your query function. Affected query key: ["current-theme"]
Query data cannot be undefined. Please make sure to return a value other than undefined from your query function. Affected query key: ["themes"]
Query data cannot be undefined. Please make sure to return a value other than undefined from your query function. Affected query key: ["current-theme"]
Query data cannot be undefined. Please make sure to return a value other than undefined from your query function. Affected query key: ["themes"]
Query data cannot be undefined. Please make sure to return a value other than undefined from your query function. Affected query key: ["current-theme"]
Query data cannot be undefined. Please make sure to return a value other than undefined from your query function. Affected query key: ["themes"]
Query data cannot be undefined. Please make sure to return a value other than undefined from your query function. Affected query key: ["current-theme"]
Query data cannot be undefined. Please make sure to return a value other than undefined from your query function. Affected query key: ["themes"]
Query data cannot be undefined. Please make sure to return a value other than undefined from your query function. Affected query key: ["current-theme"]
Query data cannot be undefined. Please make sure to return a value other than undefined from your query function. Affected query key: ["themes"]
Query data cannot be undefined. Please make sure to return a value other than undefined from your query function. Affected query key: ["current-theme"]
Query data cannot be undefined. Please make sure to return a value other than undefined from your query function. Affected query key: ["themes"]
Query data cannot be undefined. Please make sure to return a value other than undefined from your query function. Affected query key: ["current-theme"]
Query data cannot be undefined. Please make sure to return a value other than undefined from your query function. Affected query key: ["themes"]
Query data cannot be undefined. Please make sure to return a value other than undefined from your query function. Affected query key: ["current-theme"]
Query data cannot be undefined. Please make sure to return a value other than undefined from your query function. Affected query key: ["themes"]
Query data cannot be undefined. Please make sure to return a value other than undefined from your query function. Affected query key: ["current-theme"]
Query data cannot be undefined. Please make sure to return a value other than undefined from your query function. Affected query key: ["themes"]
Query data cannot be undefined. Please make sure to return a value other than undefined from your query function. Affected query key: ["current-theme"]
Query data cannot be undefined. Please make sure to return a value other than undefined from your query function. Affected query key: ["themes"]
Query data cannot be undefined. Please make sure to return a value other than undefined from your query function. Affected query key: ["current-theme"]
Query data cannot be undefined. Please make sure to return a value other than undefined from your query function. Affected query key: ["themes"]
Query data cannot be undefined. Please make sure to return a value other than undefined from your query function. Affected query key: ["current-theme"]
Query data cannot be undefined. Please make sure to return a value other than undefined from your query function. Affected query key: ["themes"]
Query data cannot be undefined. Please make sure to return a value other than undefined from your query function. Affected query key: ["current-theme"]
Query data cannot be undefined. Please make sure to return a value other than undefined from your query function. Affected query key: ["themes"]
Query data cannot be undefined. Please make sure to return a value other than undefined from your query function. Affected query key: ["current-theme"]
Query data cannot be undefined. Please make sure to return a value other than undefined from your query function. Affected query key: ["themes"]
Query data cannot be undefined. Please make sure to return a value other than undefined from your query function. Affected query key: ["current-theme"]
Query data cannot be undefined. Please make sure to return a value other than undefined from your query function. Affected query key: ["themes"]
Query data cannot be undefined. Please make sure to return a value other than undefined from your query function. Affected query key: ["current-theme"]
Query data cannot be undefined. Please make sure to return a value other than undefined from your query function. Affected query key: ["themes"]
Query data cannot be undefined. Please make sure to return a value other than undefined from your query function. Affected query key: ["current-theme"]
Query data cannot be undefined. Please make sure to return a value other than undefined from your query function. Affected query key: ["themes"]
Query data cannot be undefined. Please make sure to return a value other than undefined from your query function. Affected query key: ["current-theme"]
Query data cannot be undefined. Please make sure to return a value other than undefined from your query function. Affected query key: ["themes"]
Query data cannot be undefined. Please make sure to return a value other than undefined from your query function. Affected query key: ["current-theme"]
Query data cannot be undefined. Please make sure to return a value other than undefined from your query function. Affected query key: ["themes"]
Query data cannot be undefined. Please make sure to return a value other than undefined from your query function. Affected query key: ["current-theme"]
Query data cannot be undefined. Please make sure to return a value other than undefined from your query function. Affected query key: ["themes"]
Query data cannot be undefined. Please make sure to return a value other than undefined from your query function. Affected query key: ["current-theme"]
Query data cannot be undefined. Please make sure to return a value other than undefined from your query function. Affected query key: ["themes"]
Query data cannot be undefined. Please make sure to return a value other than undefined from your query function. Affected query key: ["current-theme"]
Query data cannot be undefined. Please make sure to return a value other than undefined from your query function. Affected query key: ["themes"]
Query data cannot be undefined. Please make sure to return a value other than undefined from your query function. Affected query key: ["current-theme"]
Query data cannot be undefined. Please make sure to return a value other than undefined from your query function. Affected query key: ["themes"]
Query data cannot be undefined. Please make sure to return a value other than undefined from your query function. Affected query key: ["current-theme"]
Query data cannot be undefined. Please make sure to return a value other than undefined from your query function. Affected query key: ["themes"]
Query data cannot be undefined. Please make sure to return a value other than undefined from your query function. Affected query key: ["current-theme"]
Query data cannot be undefined. Please make sure to return a value other than undefined from your query function. Affected query key: ["themes"]
Query data cannot be undefined. Please make sure to return a value other than undefined from your query function. Affected query key: ["current-theme"]
Query data cannot be undefined. Please make sure to return a value other than undefined from your query function. Affected query key: ["themes"]
Query data cannot be undefined. Please make sure to return a value other than undefined from your query function. Affected query key: ["current-theme"]
Query data cannot be undefined. Please make sure to return a value other than undefined from your query function. Affected query key: ["themes"]
Query data cannot be undefined. Please make sure to return a value other than undefined from your query function. Affected query key: ["current-theme"]
Query data cannot be undefined. Please make sure to return a value other than undefined from your query function. Affected query key: ["themes"]
Query data cannot be undefined. Please make sure to return a value other than undefined from your query function. Affected query key: ["current-theme"]
Query data cannot be undefined. Please make sure to return a value other than undefined from your query function. Affected query key: ["themes"]
Query data cannot be undefined. Please make sure to return a value other than undefined from your query function. Affected query key: ["current-theme"]
Query data cannot be undefined. Please make sure to return a value other than undefined from your query function. Affected query key: ["themes"]
Query data cannot be undefined. Please make sure to return a value other than undefined from your query function. Affected query key: ["current-theme"]
Query data cannot be undefined. Please make sure to return a value other than undefined from your query function. Affected query key: ["themes"]
Query data cannot be undefined. Please make sure to return a value other than undefined from your query function. Affected query key: ["current-theme"]
Query data cannot be undefined. Please make sure to return a value other than undefined from your query function. Affected query key: ["themes"]
Query data cannot be undefined. Please make sure to return a value other than undefined from your query function. Affected query key: ["current-theme"]
Query data cannot be undefined. Please make sure to return a value other than undefined from your query function. Affected query key: ["themes"]
Query data cannot be undefined. Please make sure to return a value other than undefined from your query function. Affected query key: ["current-theme"]
Query data cannot be undefined. Please make sure to return a value other than undefined from your query function. Affected query key: ["themes"]
Query data cannot be undefined. Please make sure to return a value other than undefined from your query function. Affected query key: ["current-theme"]
Query data cannot be undefined. Please make sure to return a value other than undefined from your query function. Affected query key: ["themes"]
Query data cannot be undefined. Please make sure to return a value other than undefined from your query function. Affected query key: ["current-theme"]
Query data cannot be undefined. Please make sure to return a value other than undefined from your query function. Affected query key: ["themes"]
Query data cannot be undefined. Please make sure to return a value other than undefined from your query function. Affected query key: ["current-theme"]
Query data cannot be undefined. Please make sure to return a value other than undefined from your query function. Affected query key: ["themes"]
Query data cannot be undefined. Please make sure to return a value other than undefined from your query function. Affected query key: ["current-theme"]
Query data cannot be undefined. Please make sure to return a value other than undefined from your query function. Affected query key: ["themes"]
Query data cannot be undefined. Please make sure to return a value other than undefined from your query function. Affected query key: ["current-theme"]
Query data cannot be undefined. Please make sure to return a value other than undefined from your query function. Affected query key: ["themes"]
Query data cannot be undefined. Please make sure to return a value other than undefined from your query function. Affected query key: ["current-theme"]
Query data cannot be undefined. Please make sure to return a value other than undefined from your query function. Affected query key: ["themes"]
Query data cannot be undefined. Please make sure to return a value other than undefined from your query function. Affected query key: ["current-theme"]
Query data cannot be undefined. Please make sure to return a value other than undefined from your query function. Affected query key: ["themes"]
Query data cannot be undefined. Please make sure to return a value other than undefined from your query function. Affected query key: ["current-theme"]
Query data cannot be undefined. Please make sure to return a value other than undefined from your query function. Affected query key: ["themes"]
Query data cannot be undefined. Please make sure to return a value other than undefined from your query function. Affected query key: ["current-theme"]
Query data cannot be undefined. Please make sure to return a value other than undefined from your query function. Affected query key: ["themes"]
Query data cannot be undefined. Please make sure to return a value other than undefined from your query function. Affected query key: ["current-theme"]
Query data cannot be undefined. Please make sure to return a value other than undefined from your query function. Affected query key: ["themes"]
Query data cannot be undefined. Please make sure to return a value other than undefined from your query function. Affected query key: ["current-theme"]
Query data cannot be undefined. Please make sure to return a value other than undefined from your query function. Affected query key: ["themes"]
Query data cannot be undefined. Please make sure to return a value other than undefined from your query function. Affected query key: ["current-theme"]
Query data cannot be undefined. Please make sure to return a value other than undefined from your query function. Affected query key: ["themes"]
Query data cannot be undefined. Please make sure to return a value other than undefined from your query function. Affected query key: ["current-theme"]
Query data cannot be undefined. Please make sure to return a value other than undefined from your query function. Affected query key: ["themes"]
Query data cannot be undefined. Please make sure to return a value other than undefined from your query function. Affected query key: ["current-theme"]
Query data cannot be undefined. Please make sure to return a value other than undefined from your query function. Affected query key: ["themes"]
Query data cannot be undefined. Please make sure to return a value other than undefined from your query function. Affected query key: ["current-theme"]
Query data cannot be undefined. Please make sure to return a value other than undefined from your query function. Affected query key: ["themes"]
Query data cannot be undefined. Please make sure to return a value other than undefined from your query function. Affected query key: ["current-theme"]
Query data cannot be undefined. Please make sure to return a value other than undefined from your query function. Affected query key: ["themes"]
Query data cannot be undefined. Please make sure to return a value other than undefined from your query function. Affected query key: ["current-theme"]
Query data cannot be undefined. Please make sure to return a value other than undefined from your query function. Affected query key: ["themes"]
Query data cannot be undefined. Please make sure to return a value other than undefined from your query function. Affected query key: ["current-theme"]
Query data cannot be undefined. Please make sure to return a value other than undefined from your query function. Affected query key: ["themes"]
Query data cannot be undefined. Please make sure to return a value other than undefined from your query function. Affected query key: ["current-theme"]
Query data cannot be undefined. Please make sure to return a value other than undefined from your query function. Affected query key: ["themes"]
Query data cannot be undefined. Please make sure to return a value other than undefined from your query function. Affected query key: ["current-theme"]
Query data cannot be undefined. Please make sure to return a value other than undefined from your query function. Affected query key: ["themes"]
Query data cannot be undefined. Please make sure to return a value other than undefined from your query function. Affected query key: ["current-theme"]
Query data cannot be undefined. Please make sure to return a value other than undefined from your query function. Affected query key: ["themes"]
Query data cannot be undefined. Please make sure to return a value other than undefined from your query function. Affected query key: ["current-theme"]
Query data cannot be undefined. Please make sure to return a value other than undefined from your query function. Affected query key: ["themes"]
Query data cannot be undefined. Please make sure to return a value other than undefined from your query function. Affected query key: ["current-theme"]
Query data cannot be undefined. Please make sure to return a value other than undefined from your query function. Affected query key: ["themes"]
Query data cannot be undefined. Please make sure to return a value other than undefined from your query function. Affected query key: ["current-theme"]
Query data cannot be undefined. Please make sure to return a value other than undefined from your query function. Affected query key: ["themes"]
Query data cannot be undefined. Please make sure to return a value other than undefined from your query function. Affected query key: ["current-theme"]
Query data cannot be undefined. Please make sure to return a value other than undefined from your query function. Affected query key: ["themes"]
Query data cannot be undefined. Please make sure to return a value other than undefined from your query function. Affected query key: ["current-theme"]
Query data cannot be undefined. Please make sure to return a value other than undefined from your query function. Affected query key: ["themes"]
Query data cannot be undefined. Please make sure to return a value other than undefined from your query function. Affected query key: ["current-theme"]
Query data cannot be undefined. Please make sure to return a value other than undefined from your query function. Affected query key: ["themes"]
Query data cannot be undefined. Please make sure to return a value other than undefined from your query function. Affected query key: ["current-theme"]
Query data cannot be undefined. Please make sure to return a value other than undefined from your query function. Affected query key: ["themes"]
Query data cannot be undefined. Please make sure to return a value other than undefined from your query function. Affected query key: ["current-theme"]
Query data cannot be undefined. Please make sure to return a value other than undefined from your query function. Affected query key: ["themes"]
Query data cannot be undefined. Please make sure to return a value other than undefined from your query function. Affected query key: ["current-theme"]
Query data cannot be undefined. Please make sure to return a value other than undefined from your query function. Affected query key: ["themes"]
Query data cannot be undefined. Please make sure to return a value other than undefined from your query function. Affected query key: ["current-theme"]
Query data cannot be undefined. Please make sure to return a value other than undefined from your query function. Affected query key: ["themes"]
Query data cannot be undefined. Please make sure to return a value other than undefined from your query function. Affected query key: ["current-theme"]
Query data cannot be undefined. Please make sure to return a value other than undefined from your query function. Affected query key: ["themes"]
Query data cannot be undefined. Please make sure to return a value other than undefined from your query function. Affected query key: ["current-theme"]
Query data cannot be undefined. Please make sure to return a value other than undefined from your query function. Affected query key: ["themes"]
Query data cannot be undefined. Please make sure to return a value other than undefined from your query function. Affected query key: ["current-theme"]
Query data cannot be undefined. Please make sure to return a value other than undefined from your query function. Affected query key: ["themes"]
Query data cannot be undefined. Please make sure to return a value other than undefined from your query function. Affected query key: ["current-theme"]
Query data cannot be undefined. Please make sure to return a value other than undefined from your query function. Affected query key: ["themes"]
Query data cannot be undefined. Please make sure to return a value other than undefined from your query function. Affected query key: ["current-theme"]
Query data cannot be undefined. Please make sure to return a value other than undefined from your query function. Affected query key: ["themes"]
Query data cannot be undefined. Please make sure to return a value other than undefined from your query function. Affected query key: ["current-theme"]
Query data cannot be undefined. Please make sure to return a value other than undefined from your query function. Affected query key: ["themes"]
Query data cannot be undefined. Please make sure to return a value other than undefined from your query function. Affected query key: ["current-theme"]
Query data cannot be undefined. Please make sure to return a value other than undefined from your query function. Affected query key: ["themes"]
Query data cannot be undefined. Please make sure to return a value other than undefined from your query function. Affected query key: ["current-theme"]
Query data cannot be undefined. Please make sure to return a value other than undefined from your query function. Affected query key: ["themes"]
Query data cannot be undefined. Please make sure to return a value other than undefined from your query function. Affected query key: ["current-theme"]
Query data cannot be undefined. Please make sure to return a value other than undefined from your query function. Affected query key: ["themes"]
Query data cannot be undefined. Please make sure to return a value other than undefined from your query function. Affected query key: ["current-theme"]
Query data cannot be undefined. Please make sure to return a value other than undefined from your query function. Affected query key: ["themes"]
Query data cannot be undefined. Please make sure to return a value other than undefined from your query function. Affected query key: ["current-theme"]
Query data cannot be undefined. Please make sure to return a value other than undefined from your query function. Affected query key: ["themes"]
Query data cannot be undefined. Please make sure to return a value other than undefined from your query function. Affected query key: ["current-theme"]
Query data cannot be undefined. Please make sure to return a value other than undefined from your query function. Affected query key: ["themes"]
Query data cannot be undefined. Please make sure to return a value other than undefined from your query function. Affected query key: ["current-theme"]
Query data cannot be undefined. Please make sure to return a value other than undefined from your query function. Affected query key: ["themes"]
Query data cannot be undefined. Please make sure to return a value other than undefined from your query function. Affected query key: ["current-theme"]
Query data cannot be undefined. Please make sure to return a value other than undefined from your query function. Affected query key: ["themes"]
Query data cannot be undefined. Please make sure to return a value other than undefined from your query function. Affected query key: ["current-theme"]
Query data cannot be undefined. Please make sure to return a value other than undefined from your query function. Affected query key: ["themes"]
Query data cannot be undefined. Please make sure to return a value other than undefined from your query function. Affected query key: ["current-theme"]
Query data cannot be undefined. Please make sure to return a value other than undefined from your query function. Affected query key: ["themes"]
Query data cannot be undefined. Please make sure to return a value other than undefined from your query function. Affected query key: ["current-theme"]
Query data cannot be undefined. Please make sure to return a value other than undefined from your query function. Affected query key: ["themes"]
Query data cannot be undefined. Please make sure to return a value other than undefined from your query function. Affected query key: ["current-theme"]
Query data cannot be undefined. Please make sure to return a value other than undefined from your query function. Affected query key: ["themes"]
Query data cannot be undefined. Please make sure to return a value other than undefined from your query function. Affected query key: ["current-theme"]
Query data cannot be undefined. Please make sure to return a value other than undefined from your query function. Affected query key: ["themes"]
Query data cannot be undefined. Please make sure to return a value other than undefined from your query function. Affected query key: ["current-theme"]
Query data cannot be undefined. Please make sure to return a value other than undefined from your query function. Affected query key: ["themes"]
Query data cannot be undefined. Please make sure to return a value other than undefined from your query function. Affected query key: ["current-theme"]
Query data cannot be undefined. Please make sure to return a value other than undefined from your query function. Affected query key: ["themes"]
Query data cannot be undefined. Please make sure to return a value other than undefined from your query function. Affected query key: ["current-theme"]
Query data cannot be undefined. Please make sure to return a value other than undefined from your query function. Affected query key: ["themes"]
Query data cannot be undefined. Please make sure to return a value other than undefined from your query function. Affected query key: ["current-theme"]
Query data cannot be undefined. Please make sure to return a value other than undefined from your query function. Affected query key: ["themes"]
Query data cannot be undefined. Please make sure to return a value other than undefined from your query function. Affected query key: ["current-theme"]
Query data cannot be undefined. Please make sure to return a value other than undefined from your query function. Affected query key: ["themes"]
Query data cannot be undefined. Please make sure to return a value other than undefined from your query function. Affected query key: ["current-theme"]
Query data cannot be undefined. Please make sure to return a value other than undefined from your query function. Affected query key: ["themes"]
Query data cannot be undefined. Please make sure to return a value other than undefined from your query function. Affected query key: ["current-theme"]
Query data cannot be undefined. Please make sure to return a value other than undefined from your query function. Affected query key: ["themes"]
Query data cannot be undefined. Please make sure to return a value other than undefined from your query function. Affected query key: ["current-theme"]
Query data cannot be undefined. Please make sure to return a value other than undefined from your query function. Affected query key: ["themes"]
Query data cannot be undefined. Please make sure to return a value other than undefined from your query function. Affected query key: ["current-theme"]
Query data cannot be undefined. Please make sure to return a value other than undefined from your query function. Affected query key: ["themes"]
Query data cannot be undefined. Please make sure to return a value other than undefined from your query function. Affected query key: ["current-theme"]
Query data cannot be undefined. Please make sure to return a value other than undefined from your query function. Affected query key: ["themes"]
Query data cannot be undefined. Please make sure to return a value other than undefined from your query function. Affected query key: ["current-theme"]
Query data cannot be undefined. Please make sure to return a value other than undefined from your query function. Affected query key: ["themes"]
Query data cannot be undefined. Please make sure to return a value other than undefined from your query function. Affected query key: ["current-theme"]
Query data cannot be undefined. Please make sure to return a value other than undefined from your query function. Affected query key: ["themes"]
Query data cannot be undefined. Please make sure to return a value other than undefined from your query function. Affected query key: ["current-theme"]
Query data cannot be undefined. Please make sure to return a value other than undefined from your query function. Affected query key: ["themes"]
Query data cannot be undefined. Please make sure to return a value other than undefined from your query function. Affected query key: ["current-theme"]
Query data cannot be undefined. Please make sure to return a value other than undefined from your query function. Affected query key: ["themes"]
Query data cannot be undefined. Please make sure to return a value other than undefined from your query function. Affected query key: ["current-theme"]
Query data cannot be undefined. Please make sure to return a value other than undefined from your query function. Affected query key: ["themes"]
Query data cannot be undefined. Please make sure to return a value other than undefined from your query function. Affected query key: ["current-theme"]
Query data cannot be undefined. Please make sure to return a value other than undefined from your query function. Affected query key: ["themes"]
Query data cannot be undefined. Please make sure to return a value other than undefined from your query function. Affected query key: ["current-theme"]
Query data cannot be undefined. Please make sure to return a value other than undefined from your query function. Affected query key: ["themes"]
Query data cannot be undefined. Please make sure to return a value other than undefined from your query function. Affected query key: ["current-theme"]
Query data cannot be undefined. Please make sure to return a value other than undefined from your query function. Affected query key: ["themes"]
Query data cannot be undefined. Please make sure to return a value other than undefined from your query function. Affected query key: ["current-theme"]
Query data cannot be undefined. Please make sure to return a value other than undefined from your query function. Affected query key: ["themes"]
Query data cannot be undefined. Please make sure to return a value other than undefined from your query function. Affected query key: ["current-theme"]
Query data cannot be undefined. Please make sure to return a value other than undefined from your query function. Affected query key: ["themes"]
Query data cannot be undefined. Please make sure to return a value other than undefined from your query function. Affected query key: ["current-theme"]
Query data cannot be undefined. Please make sure to return a value other than undefined from your query function. Affected query key: ["themes"]
Query data cannot be undefined. Please make sure to return a value other than undefined from your query function. Affected query key: ["current-theme"]
Query data cannot be undefined. Please make sure to return a value other than undefined from your query function. Affected query key: ["themes"]
Query data cannot be undefined. Please make sure to return a value other than undefined from your query function. Affected query key: ["current-theme"]
Query data cannot be undefined. Please make sure to return a value other than undefined from your query function. Affected query key: ["themes"]
Query data cannot be undefined. Please make sure to return a value other than undefined from your query function. Affected query key: ["current-theme"]
Query data cannot be undefined. Please make sure to return a value other than undefined from your query function. Affected query key: ["themes"]
Query data cannot be undefined. Please make sure to return a value other than undefined from your query function. Affected query key: ["current-theme"]
Query data cannot be undefined. Please make sure to return a value other than undefined from your query function. Affected query key: ["themes"]
Query data cannot be undefined. Please make sure to return a value other than undefined from your query function. Affected query key: ["current-theme"]
Query data cannot be undefined. Please make sure to return a value other than undefined from your query function. Affected query key: ["themes"]
Query data cannot be undefined. Please make sure to return a value other than undefined from your query function. Affected query key: ["current-theme"]
Query data cannot be undefined. Please make sure to return a value other than undefined from your query function. Affected query key: ["themes"]
Query data cannot be undefined. Please make sure to return a value other than undefined from your query function. Affected query key: ["current-theme"]
Query data cannot be undefined. Please make sure to return a value other than undefined from your query function. Affected query key: ["themes"]
Query data cannot be undefined. Please make sure to return a value other than undefined from your query function. Affected query key: ["current-theme"]
Query data cannot be undefined. Please make sure to return a value other than undefined from your query function. Affected query key: ["themes"]
Query data cannot be undefined. Please make sure to return a value other than undefined from your query function. Affected query key: ["current-theme"]
Query data cannot be undefined. Please make sure to return a value other than undefined from your query function. Affected query key: ["themes"]
Query data cannot be undefined. Please make sure to return a value other than undefined from your query function. Affected query key: ["current-theme"]
Query data cannot be undefined. Please make sure to return a value other than undefined from your query function. Affected query key: ["themes"]
Query data cannot be undefined. Please make sure to return a value other than undefined from your query function. Affected query key: ["current-theme"]
Query data cannot be undefined. Please make sure to return a value other than undefined from your query function. Affected query key: ["themes"]
Query data cannot be undefined. Please make sure to return a value other than undefined from your query function. Affected query key: ["current-theme"]
Query data cannot be undefined. Please make sure to return a value other than undefined from your query function. Affected query key: ["themes"]
Query data cannot be undefined. Please make sure to return a value other than undefined from your query function. Affected query key: ["current-theme"]
Query data cannot be undefined. Please make sure to return a value other than undefined from your query function. Affected query key: ["themes"]
Query data cannot be undefined. Please make sure to return a value other than undefined from your query function. Affected query key: ["current-theme"]
Query data cannot be undefined. Please make sure to return a value other than undefined from your query function. Affected query key: ["themes"]
Query data cannot be undefined. Please make sure to return a value other than undefined from your query function. Affected query key: ["current-theme"]
Query data cannot be undefined. Please make sure to return a value other than undefined from your query function. Affected query key: ["themes"]
Query data cannot be undefined. Please make sure to return a value other than undefined from your query function. Affected query key: ["current-theme"]
Query data cannot be undefined. Please make sure to return a value other than undefined from your query function. Affected query key: ["themes"]
Query data cannot be undefined. Please make sure to return a value other than undefined from your query function. Affected query key: ["current-theme"]
Query data cannot be undefined. Please make sure to return a value other than undefined from your query function. Affected query key: ["themes"]
Query data cannot be undefined. Please make sure to return a value other than undefined from your query function. Affected query key: ["current-theme"]
Query data cannot be undefined. Please make sure to return a value other than undefined from your query function. Affected query key: ["themes"]
Query data cannot be undefined. Please make sure to return a value other than undefined from your query function. Affected query key: ["current-theme"]
Query data cannot be undefined. Please make sure to return a value other than undefined from your query function. Affected query key: ["themes"]
Query data cannot be undefined. Please make sure to return a value other than undefined from your query function. Affected query key: ["current-theme"]
Query data cannot be undefined. Please make sure to return a value other than undefined from your query function. Affected query key: ["themes"]
Query data cannot be undefined. Please make sure to return a value other than undefined from your query function. Affected query key: ["current-theme"]
Query data cannot be undefined. Please make sure to return a value other than undefined from your query function. Affected query key: ["themes"]
Query data cannot be undefined. Please make sure to return a value other than undefined from your query function. Affected query key: ["current-theme"]
Query data cannot be undefined. Please make sure to return a value other than undefined from your query function. Affected query key: ["themes"]
Query data cannot be undefined. Please make sure to return a value other than undefined from your query function. Affected query key: ["current-theme"]
Query data cannot be undefined. Please make sure to return a value other than undefined from your query function. Affected query key: ["themes"]
Query data cannot be undefined. Please make sure to return a value other than undefined from your query function. Affected query key: ["current-theme"]
Query data cannot be undefined. Please make sure to return a value other than undefined from your query function. Affected query key: ["themes"]
Query data cannot be undefined. Please make sure to return a value other than undefined from your query function. Affected query key: ["current-theme"]
Query data cannot be undefined. Please make sure to return a value other than undefined from your query function. Affected query key: ["themes"]
Query data cannot be undefined. Please make sure to return a value other than undefined from your query function. Affected query key: ["current-theme"]
Query data cannot be undefined. Please make sure to return a value other than undefined from your query function. Affected query key: ["themes"]
Query data cannot be undefined. Please make sure to return a value other than undefined from your query function. Affected query key: ["current-theme"]
Query data cannot be undefined. Please make sure to return a value other than undefined from your query function. Affected query key: ["themes"]
Query data cannot be undefined. Please make sure to return a value other than undefined from your query function. Affected query key: ["current-theme"]
Query data cannot be undefined. Please make sure to return a value other than undefined from your query function. Affected query key: ["themes"]
Query data cannot be undefined. Please make sure to return a value other than undefined from your query function. Affected query key: ["current-theme"]
Query data cannot be undefined. Please make sure to return a value other than undefined from your query function. Affected query key: ["themes"]
Query data cannot be undefined. Please make sure to return a value other than undefined from your query function. Affected query key: ["current-theme"]
Query data cannot be undefined. Please make sure to return a value other than undefined from your query function. Affected query key: ["themes"]
Query data cannot be undefined. Please make sure to return a value other than undefined from your query function. Affected query key: ["current-theme"]
Query data cannot be undefined. Please make sure to return a value other than undefined from your query function. Affected query key: ["themes"]
Query data cannot be undefined. Please make sure to return a value other than undefined from your query function. Affected query key: ["current-theme"]
Query data cannot be undefined. Please make sure to return a value other than undefined from your query function. Affected query key: ["themes"]
Query data cannot be undefined. Please make sure to return a value other than undefined from your query function. Affected query key: ["current-theme"]
Query data cannot be undefined. Please make sure to return a value other than undefined from your query function. Affected query key: ["themes"]
Query data cannot be undefined. Please make sure to return a value other than undefined from your query function. Affected query key: ["current-theme"]
Query data cannot be undefined. Please make sure to return a value other than undefined from your query function. Affected query key: ["themes"]
Query data cannot be undefined. Please make sure to return a value other than undefined from your query function. Affected query key: ["current-theme"]
Query data cannot be undefined. Please make sure to return a value other than undefined from your query function. Affected query key: ["themes"]
Query data cannot be undefined. Please make sure to return a value other than undefined from your query function. Affected query key: ["current-theme"]
Query data cannot be undefined. Please make sure to return a value other than undefined from your query function. Affected query key: ["themes"]
Query data cannot be undefined. Please make sure to return a value other than undefined from your query function. Affected query key: ["current-theme"]
Query data cannot be undefined. Please make sure to return a value other than undefined from your query function. Affected query key: ["themes"]
Query data cannot be undefined. Please make sure to return a value other than undefined from your query function. Affected query key: ["current-theme"]
Query data cannot be undefined. Please make sure to return a value other than undefined from your query function. Affected query key: ["themes"]
Query data cannot be undefined. Please make sure to return a value other than undefined from your query function. Affected query key: ["current-theme"]
Query data cannot be undefined. Please make sure to return a value other than undefined from your query function. Affected query key: ["themes"]
Query data cannot be undefined. Please make sure to return a value other than undefined from your query function. Affected query key: ["current-theme"]
Query data cannot be undefined. Please make sure to return a value other than undefined from your query function. Affected query key: ["themes"]
Query data cannot be undefined. Please make sure to return a value other than undefined from your query function. Affected query key: ["current-theme"]
Query data cannot be undefined. Please make sure to return a value other than undefined from your query function. Affected query key: ["themes"]
Query data cannot be undefined. Please make sure to return a value other than undefined from your query function. Affected query key: ["current-theme"]
Query data cannot be undefined. Please make sure to return a value other than undefined from your query function. Affected query key: ["themes"]
Query data cannot be undefined. Please make sure to return a value other than undefined from your query function. Affected query key: ["current-theme"]
Query data cannot be undefined. Please make sure to return a value other than undefined from your query function. Affected query key: ["themes"]
Query data cannot be undefined. Please make sure to return a value other than undefined from your query function. Affected query key: ["current-theme"]
Query data cannot be undefined. Please make sure to return a value other than undefined from your query function. Affected query key: ["themes"]
Query data cannot be undefined. Please make sure to return a value other than undefined from your query function. Affected query key: ["current-theme"]
Query data cannot be undefined. Please make sure to return a value other than undefined from your query function. Affected query key: ["themes"]
Query data cannot be undefined. Please make sure to return a value other than undefined from your query function. Affected query key: ["current-theme"]
Query data cannot be undefined. Please make sure to return a value other than undefined from your query function. Affected query key: ["themes"]
Query data cannot be undefined. Please make sure to return a value other than undefined from your query function. Affected query key: ["current-theme"]
Query data cannot be undefined. Please make sure to return a value other than undefined from your query function. Affected query key: ["themes"]
Query data cannot be undefined. Please make sure to return a value other than undefined from your query function. Affected query key: ["current-theme"]
Query data cannot be undefined. Please make sure to return a value other than undefined from your query function. Affected query key: ["themes"]
Query data cannot be undefined. Please make sure to return a value other than undefined from your query function. Affected query key: ["current-theme"]
Query data cannot be undefined. Please make sure to return a value other than undefined from your query function. Affected query key: ["themes"]
Query data cannot be undefined. Please make sure to return a value other than undefined from your query function. Affected query key: ["current-theme"]
Query data cannot be undefined. Please make sure to return a value other than undefined from your query function. Affected query key: ["themes"]
Query data cannot be undefined. Please make sure to return a value other than undefined from your query function. Affected query key: ["current-theme"]
Query data cannot be undefined. Please make sure to return a value other than undefined from your query function. Affected query key: ["themes"]
Query data cannot be undefined. Please make sure to return a value other than undefined from your query function. Affected query key: ["current-theme"]
Query data cannot be undefined. Please make sure to return a value other than undefined from your query function. Affected query key: ["themes"]
Query data cannot be undefined. Please make sure to return a value other than undefined from your query function. Affected query key: ["current-theme"]
Query data cannot be undefined. Please make sure to return a value other than undefined from your query function. Affected query key: ["themes"]
Query data cannot be undefined. Please make sure to return a value other than undefined from your query function. Affected query key: ["current-theme"]
Query data cannot be undefined. Please make sure to return a value other than undefined from your query function. Affected query key: ["themes"]
Query data cannot be undefined. Please make sure to return a value other than undefined from your query function. Affected query key: ["current-theme"]
Query data cannot be undefined. Please make sure to return a value other than undefined from your query function. Affected query key: ["themes"]
Query data cannot be undefined. Please make sure to return a value other than undefined from your query function. Affected query key: ["current-theme"]

 ❯ src/__tests__/AppTitle.test.jsx  (6 tests | 5 failed) 8299ms
   ❯ src/__tests__/AppTitle.test.jsx > App Title > displays default app title
     → Unable to find an element with the text: Family Chores. This could be because the text is broken up by multiple elements. In this case, you can provide a function for your text matcher to make your matcher more flexible.

Ignored nodes: comments, script, style
[36m<body>[39m
  [36m<div>[39m
    [36m<div[39m
      [33mclass[39m=[32m"app-loading"[39m
    [36m>[39m
      [0mLoading...[0m
    [36m</div>[39m
  [36m</div>[39m
[36m</body>[39m

Ignored nodes: comments, script, style
[36m<html[39m
  [33mstyle[39m=[32m"--bg: #080c14; --surface: #16202e; --surface2: #1e2d40; --accent: #73B1DD; --success: #3db87a; --warning: #e8a930; --danger: #e05c6a; --text: #dce8f5; --text-muted: #7899b8;"[39m
[36m>[39m
  [36m<head>[39m
    [36m<meta[39m
      [33mcontent[39m=[32m""[39m
      [33mname[39m=[32m"emotion-insertion-point"[39m
    [36m/>[39m
  [36m</head>[39m
  [36m<body>[39m
    [36m<div>[39m
      [36m<div[39m
        [33mclass[39m=[32m"app-loading"[39m
      [36m>[39m
        [0mLoading...[0m
      [36m</div>[39m
    [36m</div>[39m
  [36m</body>[39m
[36m</html>[39m
   ❯ src/__tests__/AppTitle.test.jsx > App Title > shows title edit field in settings
     → Unable to find role="button" and name `/settings/i`

Ignored nodes: comments, script, style
[36m<body>[39m
  [36m<div>[39m
    [36m<div[39m
      [33mclass[39m=[32m"app-loading"[39m
    [36m>[39m
      [0mLoading...[0m
    [36m</div>[39m
  [36m</div>[39m
[36m</body>[39m

Ignored nodes: comments, script, style
[36m<html[39m
  [33mstyle[39m=[32m"--bg: #080c14; --surface: #16202e; --surface2: #1e2d40; --accent: #73B1DD; --success: #3db87a; --warning: #e8a930; --danger: #e05c6a; --text: #dce8f5; --text-muted: #7899b8;"[39m
[36m>[39m
  [36m<head>[39m
    [36m<meta[39m
      [33mcontent[39m=[32m""[39m
      [33mname[39m=[32m"emotion-insertion-point"[39m
    [36m/>[39m
  [36m</head>[39m
  [36m<body>[39m
    [36m<div>[39m
      [36m<div[39m
        [33mclass[39m=[32m"app-loading"[39m
      [36m>[39m
        [0mLoading...[0m
      [36m</div>[39m
    [36m</div>[39m
  [36m</body>[39m
[36m</html>[39m
   ❯ src/__tests__/AppTitle.test.jsx > App Title > allows editing the app title
     → Unable to find role="button" and name `/settings/i`

Ignored nodes: comments, script, style
[36m<body>[39m
  [36m<div>[39m
    [36m<div[39m
      [33mclass[39m=[32m"app-loading"[39m
    [36m>[39m
      [0mLoading...[0m
    [36m</div>[39m
  [36m</div>[39m
[36m</body>[39m

Ignored nodes: comments, script, style
[36m<html[39m
  [33mstyle[39m=[32m"--bg: #080c14; --surface: #16202e; --surface2: #1e2d40; --accent: #73B1DD; --success: #3db87a; --warning: #e8a930; --danger: #e05c6a; --text: #dce8f5; --text-muted: #7899b8;"[39m
[36m>[39m
  [36m<head>[39m
    [36m<meta[39m
      [33mcontent[39m=[32m""[39m
      [33mname[39m=[32m"emotion-insertion-point"[39m
    [36m/>[39m
  [36m</head>[39m
  [36m<body>[39m
    [36m<div>[39m
      [36m<div[39m
        [33mclass[39m=[32m"app-loading"[39m
      [36m>[39m
        [0mLoading...[0m
      [36m</div>[39m
    [36m</div>[39m
  [36m</body>[39m
[36m</html>[39m
   ❯ src/__tests__/AppTitle.test.jsx > App Title > updates displayed title after save
     → Unable to find role="button" and name `/settings/i`

Ignored nodes: comments, script, style
[36m<body>[39m
  [36m<div>[39m
    [36m<div[39m
      [33mclass[39m=[32m"app-loading"[39m
    [36m>[39m
      [0mLoading...[0m
    [36m</div>[39m
  [36m</div>[39m
[36m</body>[39m

Ignored nodes: comments, script, style
[36m<html[39m
  [33mstyle[39m=[32m"--bg: #080c14; --surface: #16202e; --surface2: #1e2d40; --accent: #73B1DD; --success: #3db87a; --warning: #e8a930; --danger: #e05c6a; --text: #dce8f5; --text-muted: #7899b8;"[39m
[36m>[39m
  [36m<head>[39m
    [36m<meta[39m
      [33mcontent[39m=[32m""[39m
      [33mname[39m=[32m"emotion-insertion-point"[39m
    [36m/>[39m
  [36m</head>[39m
  [36m<body>[39m
    [36m<div>[39m
      [36m<div[39m
        [33mclass[39m=[32m"app-loading"[39m
      [36m>[39m
        [0mLoading...[0m
      [36m</div>[39m
    [36m</div>[39m
  [36m</body>[39m
[36m</html>[39m
   ❯ src/__tests__/AppTitle.test.jsx > App Title > persists title across page navigation
     → Unable to find an element with the text: Persistent Title. This could be because the text is broken up by multiple elements. In this case, you can provide a function for your text matcher to make your matcher more flexible.

Ignored nodes: comments, script, style
[36m<body>[39m
  [36m<div>[39m
    [36m<div[39m
      [33mclass[39m=[32m"app-loading"[39m
    [36m>[39m
      [0mLoading...[0m
    [36m</div>[39m
  [36m</div>[39m
[36m</body>[39m

Ignored nodes: comments, script, style
[36m<html[39m
  [33mstyle[39m=[32m"--bg: #080c14; --surface: #16202e; --surface2: #1e2d40; --accent: #73B1DD; --success: #3db87a; --warning: #e8a930; --danger: #e05c6a; --text: #dce8f5; --text-muted: #7899b8;"[39m
[36m>[39m
  [36m<head>[39m
    [36m<meta[39m
      [33mcontent[39m=[32m""[39m
      [33mname[39m=[32m"emotion-insertion-point"[39m
    [36m/>[39m
  [36m</head>[39m
  [36m<body>[39m
    [36m<div>[39m
      [36m<div[39m
        [33mclass[39m=[32m"app-loading"[39m
      [36m>[39m
        [0mLoading...[0m
      [36m</div>[39m
    [36m</div>[39m
  [36m</body>[39m
[36m</html>[39m

⎯⎯⎯⎯⎯⎯ Failed Tests 11 ⎯⎯⎯⎯⎯⎯⎯

 FAIL  src/__tests__/App.test.jsx > App > falls back to the default theme when loading the saved theme fails
TestingLibraryElementError: Unable to find an element with the text: Board. This could be because the text is broken up by multiple elements. In this case, you can provide a function for your text matcher to make your matcher more flexible.

Ignored nodes: comments, script, style
[36m<body>[39m
  [36m<div>[39m
    [36m<div[39m
      [33mclass[39m=[32m"app-loading"[39m
    [36m>[39m
      [0mLoading...[0m
    [36m</div>[39m
  [36m</div>[39m
[36m</body>[39m

Ignored nodes: comments, script, style
[36m<html[39m
  [33mstyle[39m=[32m"--bg: #080c14; --surface: #16202e; --surface2: #1e2d40; --accent: #73B1DD; --success: #3db87a; --warning: #e8a930; --danger: #e05c6a; --text: #dce8f5; --text-muted: #7899b8;"[39m
[36m>[39m
  [36m<head>[39m
    [36m<meta[39m
      [33mcontent[39m=[32m""[39m
      [33mname[39m=[32m"emotion-insertion-point"[39m
    [36m/>[39m
  [36m</head>[39m
  [36m<body>[39m
    [36m<div>[39m
      [36m<div[39m
        [33mclass[39m=[32m"app-loading"[39m
      [36m>[39m
        [0mLoading...[0m
      [36m</div>[39m
    [36m</div>[39m
  [36m</body>[39m
[36m</html>[39m
 ❯ Proxy.waitForWrapper node_modules/@testing-library/dom/dist/wait-for.js:163:27
 ❯ src/__tests__/App.test.jsx:92:11
     90|     wrap(<App />);
     91| 
     92|     await waitFor(() => {
       |           ^
     93|       expect(screen.getAllByText("Board").length).toBeGreaterThan(0);
     94|     });

⎯⎯⎯⎯⎯⎯⎯⎯⎯⎯⎯⎯⎯⎯⎯⎯⎯⎯⎯⎯⎯⎯⎯[1/11]⎯

 FAIL  src/__tests__/App.test.jsx > App > navigates to Settings page via user avatar menu
TestingLibraryElementError: Found multiple elements with the role "button" and name `/user menu/i`

Here are the matching elements:

Ignored nodes: comments, script, style
[36m<button[39m
  [33maria-label[39m=[32m"Alice user menu"[39m
  [33mclass[39m=[32m"user-avatar-btn"[39m
[36m>[39m
  [36m<div[39m
    [33mclass[39m=[32m"user-avatar"[39m
    [33mstyle[39m=[32m"background-color: rgb(59, 110, 160);"[39m
  [36m>[39m
    [0mA[0m
  [36m</div>[39m
  [36m<span[39m
    [33mclass[39m=[32m"user-name"[39m
  [36m>[39m
    [0mAlice[0m
  [36m</span>[39m
[36m</button>[39m

Ignored nodes: comments, script, style
[36m<button[39m
  [33maria-label[39m=[32m"Alice user menu"[39m
  [33mclass[39m=[32m"user-avatar-btn"[39m
[36m>[39m
  [36m<div[39m
    [33mclass[39m=[32m"user-avatar"[39m
    [33mstyle[39m=[32m"background-color: rgb(59, 110, 160);"[39m
  [36m>[39m
    [0mA[0m
  [36m</div>[39m
  [36m<span[39m
    [33mclass[39m=[32m"user-name"[39m
  [36m>[39m
    [0mAlice[0m
  [36m</span>[39m
[36m</button>[39m

(If this is intentional, then use the `*AllBy*` variant of the query (like `queryAllByText`, `getAllByText`, or `findAllByText`)).

Ignored nodes: comments, script, style
[36m<body>[39m
  [36m<div>[39m
    [36m<div[39m
      [33mclass[39m=[32m"app"[39m
    [36m>[39m
      [36m<nav[39m
        [33mclass[39m=[32m"app-topnav visible"[39m
      [36m>[39m
        [36m<button[39m
          [33maria-label[39m=[32m"Toggle menu"[39m
          [33mclass[39m=[32m"topnav-toggle"[39m
        [36m>[39m
          [36m<svg[39m
            [33mfill[39m=[32m"currentColor"[39m
            [33mheight[39m=[32m"1em"[39m
            [33mstroke[39m=[32m"currentColor"[39m
            [33mstroke-width[39m=[32m"0"[39m
            [33mviewBox[39m=[32m"0 0 24 24"[39m
            [33mwidth[39m=[32m"1em"[39m
            [33mxmlns[39m=[32m"http://www.w3.org/2000/svg"[39m
          [36m>[39m
            [36m<path[39m
              [33md[39m=[32m"M0 0h24v24H0z"[39m
              [33mfill[39m=[32m"none"[39m
            [36m/>[39m
            [36m<path[39m
              [33md[39m=[32m"M3 18h18v-2H3v2zm0-5h18v-2H3v2zm0-7v2h18V6H3z"[39m
            [36m/>[39m
          [36m</svg>[39m
        [36m</button>[39m
        [36m<span[39m
          [33mclass[39m=[32m"topnav-title"[39m
        [36m>[39m
          [0mFamily Chores[0m
        [36m</span>[39m
        [36m<div[39m
          [33mclass[39m=[32m"topnav-user"[39m
        [36m>[39m
          [36m<div[39m
            [33mclass[39m=[32m"user-avatar-menu"[39m
          [36m>[39m
            [36m<button[39m
              [33maria-label[39m=[32m"Alice user menu"[39m
              [33mclass[39m=[32m"user-avatar-btn"[39m
            [36m>[39m
              [36m<div[39m
                [33mclass[39m=[32m"user-avatar"[39m
                [33mstyle[39m=[32m"background-color: rgb(59, 110, 160);"[39m
              [36m>[39m
                [0mA[0m
              [36m</div>[39m
              [36m<span[39m
                [33mclass[39m=[32m"user-name"[39m
              [36m>[39m
                [0mAlice[0m
              [36m</span>[39m
            [36m</button>[39m
          [36m</div>[39m
        [36m</div>[39m
      [36m</nav>[39m
      [36m<aside[39m
        [33mclass[39m=[32m"app-sidebar open"[39m
      [36m>[39m
        [36m<div[39m
          [33mclass[39m=[32m"sidebar-header"[39m
        [36m>[39m
          [36m<button[39m
            [33maria-label[39m=[32m"Toggle sidebar"[39m
            [33mclass[39m=[32m"sidebar-toggle"[39m
          [36m>[39m
            [36m<svg[39m
              [33mfill[39m=[32m"currentColor"[39m
              [33mheight[39m=[32m"1em"[39m
              [33mstroke[39m=[32m"currentColor"[39m
              [33mstroke-width[39m=[32m"0"[39m
              [33mviewBox[39m=[32m"0 0 24 24"[39m
              [33mwidth[39m=[32m"1em"[39m
              [33mxmlns[39m=[32m"http://www.w3.org/2000/svg"[39m
            [36m>[39m
              [36m<path[39m
                [33md[39m=[32m"M0 0h24v24H0z"[39m
                [33mfill[39m=[32m"none"[39m
              [36m/>[39m
              [36m<path[39m
                [33md[39m=[32m"M3 18h18v-2H3v2zm0-5h18v-2H3v2zm0-7v2h18V6H3z"[39m
              [36m/>[39m
            [36m</svg>[39m
          [36m</button>[39m
          [36m<span[39m
            [33mclass[39m=[32m"app-title"[39m
          [36m>[39m
            [0mFamily Chores[0m
          [36m</span>[39m
        [36m</div>[39m
        [36m<nav[39m
          [33mclass[39m=[32m"sidebar-nav"[39m
        [36m>[39m
          [36m<a[39m
            [33mclass[39m=[32m"nav-active"[39m
            [33mhref[39m=[32m"/"[39m
            [33mtitle[39m=[32m"Board"[39m
          [36m>[39m
            [36m<svg[39m
              [33mclass[39m=[32m"nav-icon"[39m
              [33mfill[39m=[32m"currentColor"[39m
              [33mheight[39m=[32m"1em"[39m
              [33mstroke[39m=[32m"currentColor"[39m
              [33mstroke-width[39m=[32m"0"[39m
              [33mviewBox[39m=[32m"0 0 24 24"[39m
              [33mwidth[39m=[32m"1em"[39m
              [33mxmlns[39m=[32m"http://www.w3.org/2000/svg"[39m
            [36m>[39m
              [36m<path[39m
                [33md[39m=[32m"M0 0h24v24H0z"[39m
                [33mfill[39m=[32m"none"[39m
              [36m/>[39m
              [36m<path[39m
                [33md[39m=[32m"M3 13h8V3H3v10zm0 8h8v-6H3v6zm10 0h8V11h-8v10zm0-18v6h8V3h-8z"[39m
              [36m/>[39m
            [36m</svg>[39m
            [36m<span[39m
              [33mclass[39m=[32m"nav-label"[39m
            [36m>[39m
              [0mBoard[0m
            [36m</span>[39m
          [36m</a>[39m
          [36m<a[39m
            [33mclass[39m=[32m"nav-btn"[39m
            [33mhref[39m=[32m"/chores"[39m
            [33mtitle[39m=[32m"Chores"[39m
          [36m>[39m
            [36m<svg[39m
              [33mclass[39m=[32m"nav-icon"[39m
              [33mfill[39m=[32m"currentColor"[39m
              [33mheight[39m=[32m"1em"[39m
              [33mstroke[39m=[32m"currentColor"[39m
              [33mstroke-width[39m=[32m"0"[39m
              [33mviewBox[39m=[32m"0 0 24 24"[39m
              [33mwidth[39m=[32m"1em"[39m
              [33mxmlns[39m=[32m"http://www.w3.org/2000/svg"[39m
            [36m>[39m
              [36m<path[39m
                [33md[39m=[32m"M0 0h24v24H0z"[39m
                [33mfill[39m=[32m"none"[39m
              [36m/>[39m
              [36m<path[39m
                [33md[39m=[32m"M12 2C6.48 2 2 6.48 2 12s4.48 10 10 10 10-4.48 10-10S17.52 2 12 2zm-2 15-5-5 1.41-1.41L10 14.17l7.59-7.59L19 8l-9 9z"[39m
              [36m/>[39m
            [36m</svg>[39m
            [36m<span[39m
              [33mclass[39m=[32m"nav-label"[39m
            [36m>[39m
              [0mChores[0m
            [36m</span>[39m
          [36m</a>[39m
          [36m<a[39m
            [33mclass[39m=[32m"nav-btn"[39m
            [33mhref[39m=[32m"/users"[39m
            [33mtitle[39m=[32m"Users"[39m
          [36m>[39m
            [36m<svg[39m
              [33mclass[39m=[32m"nav-icon"[39m
              [33mfill[39m=[32m"currentColor"[39m
              [33mheight[39m=[32m"1em"[39m
              [33mstroke[39m=[32m"currentColor"[39m
              [33mstroke-width[39m=[32m"0"[39m
              [33mviewBox[39m=[32m"0 0 24 24"[39m
              [33mwidth[39m=[32m"1em"[39m
              [33mxmlns[39m=[32m"http://www.w3.org/2000/svg"[39m
            [36m>[39m
              [36m<path[39m
                [33md[39m=[32m"M0 0h24v24H0z"[39m
                [33mfill[39m=[32m"none"[39m
              [36m/>[39m
              [36m<path[39m
                [33md[39m=[32m"M16 11c1.66 0 2.99-1.34 2.99-3S17.66 5 16 5c-1.66 0-3 1.34-3 3s1.34 3 3 3zm-8 ...

Ignored nodes: comments, script, style
[36m<html[39m
  [33mstyle[39m=[32m"--bg: #080c14; --surface: #16202e; --surface2: #1e2d40; --accent: #73B1DD; --success: #3db87a; --warning: #e8a930; --danger: #e05c6a; --text: #dce8f5; --text-muted: #7899b8;"[39m
[36m>[39m
  [36m<head>[39m
    [36m<meta[39m
      [33mcontent[39m=[32m""[39m
      [33mname[39m=[32m"emotion-insertion-point"[39m
    [36m/>[39m
  [36m</head>[39m
  [36m<body>[39m
    [36m<div>[39m
      [36m<div[39m
        [33mclass[39m=[32m"app"[39m
      [36m>[39m
        [36m<nav[39m
          [33mclass[39m=[32m"app-topnav visible"[39m
        [36m>[39m
          [36m<button[39m
            [33maria-label[39m=[32m"Toggle menu"[39m
            [33mclass[39m=[32m"topnav-toggle"[39m
          [36m>[39m
            [36m<svg[39m
              [33mfill[39m=[32m"currentColor"[39m
              [33mheight[39m=[32m"1em"[39m
              [33mstroke[39m=[32m"currentColor"[39m
              [33mstroke-width[39m=[32m"0"[39m
              [33mviewBox[39m=[32m"0 0 24 24"[39m
              [33mwidth[39m=[32m"1em"[39m
              [33mxmlns[39m=[32m"http://www.w3.org/2000/svg"[39m
            [36m>[39m
              [36m<path[39m
                [33md[39m=[32m"M0 0h24v24H0z"[39m
                [33mfill[39m=[32m"none"[39m
              [36m/>[39m
              [36m<path[39m
                [33md[39m=[32m"M3 18h18v-2H3v2zm0-5h18v-2H3v2zm0-7v2h18V6H3z"[39m
              [36m/>[39m
            [36m</svg>[39m
          [36m</button>[39m
          [36m<span[39m
            [33mclass[39m=[32m"topnav-title"[39m
          [36m>[39m
            [0mFamily Chores[0m
          [36m</span>[39m
          [36m<div[39m
            [33mclass[39m=[32m"topnav-user"[39m
          [36m>[39m
            [36m<div[39m
              [33mclass[39m=[32m"user-avatar-menu"[39m
            [36m>[39m
              [36m<button[39m
                [33maria-label[39m=[32m"Alice user menu"[39m
                [33mclass[39m=[32m"user-avatar-btn"[39m
              [36m>[39m
                [36m<div[39m
                  [33mclass[39m=[32m"user-avatar"[39m
                  [33mstyle[39m=[32m"background-color: rgb(59, 110, 160);"[39m
                [36m>[39m
                  [0mA[0m
                [36m</div>[39m
                [36m<span[39m
                  [33mclass[39m=[32m"user-name"[39m
                [36m>[39m
                  [0mAlice[0m
                [36m</span>[39m
              [36m</button>[39m
            [36m</div>[39m
          [36m</div>[39m
        [36m</nav>[39m
        [36m<aside[39m
          [33mclass[39m=[32m"app-sidebar open"[39m
        [36m>[39m
          [36m<div[39m
            [33mclass[39m=[32m"sidebar-header"[39m
          [36m>[39m
            [36m<button[39m
              [33maria-label[39m=[32m"Toggle sidebar"[39m
              [33mclass[39m=[32m"sidebar-toggle"[39m
            [36m>[39m
              [36m<svg[39m
                [33mfill[39m=[32m"currentColor"[39m
                [33mheight[39m=[32m"1em"[39m
                [33mstroke[39m=[32m"currentColor"[39m
                [33mstroke-width[39m=[32m"0"[39m
                [33mviewBox[39m=[32m"0 0 24 24"[39m
                [33mwidth[39m=[32m"1em"[39m
                [33mxmlns[39m=[32m"http://www.w3.org/2000/svg"[39m
              [36m>[39m
                [36m<path[39m
                  [33md[39m=[32m"M0 0h24v24H0z"[39m
                  [33mfill[39m=[32m"none"[39m
                [36m/>[39m
                [36m<path[39m
                  [33md[39m=[32m"M3 18h18v-2H3v2zm0-5h18v-2H3v2zm0-7v2h18V6H3z"[39m
                [36m/>[39m
              [36m</svg>[39m
            [36m</button>[39m
            [36m<span[39m
              [33mclass[39m=[32m"app-title"[39m
            [36m>[39m
              [0mFamily Chores[0m
            [36m</span>[39m
          [36m</div>[39m
          [36m<nav[39m
            [33mclass[39m=[32m"sidebar-nav"[39m
          [36m>[39m
            [36m<a[39m
              [33mclass[39m=[32m"nav-active"[39m
              [33mhref[39m=[32m"/"[39m
              [33mtitle[39m=[32m"Board"[39m
            [36m>[39m
              [36m<svg[39m
                [33mclass[39m=[32m"nav-icon"[39m
                [33mfill[39m=[32m"currentColor"[39m
                [33mheight[39m=[32m"1em"[39m
                [33mstroke[39m=[32m"currentColor"[39m
                [33mstroke-width[39m=[32m"0"[39m
                [33mviewBox[39m=[32m"0 0 24 24"[39m
                [33mwidth[39m=[32m"1em"[39m
                [33mxmlns[39m=[32m"http://www.w3.org/2000/svg"[39m
              [36m>[39m
                [36m<path[39m
                  [33md[39m=[32m"M0 0h24v24H0z"[39m
                  [33mfill[39m=[32m"none"[39m
                [36m/>[39m
                [36m<path[39m
                  [33md[39m=[32m"M3 13h8V3H3v10zm0 8h8v-6H3v6zm10 0h8V11h-8v10zm0-18v6h8V3h-8z"[39m
                [36m/>[39m
              [36m</svg>[39m
              [36m<span[39m
                [33mclass[39m=[32m"nav-label"[39m
              [36m>[39m
                [0mBoard[0m
              [36m</span>[39m
            [36m</a>[39m
            [36m<a[39m
              [33mclass[39m=[32m"nav-btn"[39m
              [33mhref[39m=[32m"/chores"[39m
              [33mtitle[39m=[32m"Chores"[39m
            [36m>[39m
              [36m<svg[39m
                [33mclass[39m=[32m"nav-icon"[39m
                [33mfill[39m=[32m"currentColor"[39m
                [33mheight[39m=[32m"1em"[39m
                [33mstroke[39m=[32m"currentColor"[39m
                [33mstroke-width[39m=[32m"0"[39m
                [33mviewBox[39m=[32m"0 0 24 24"[39m
                [33mwidth[39m=[32m"1em"[39m
                [33mxmlns[39m=[32m"http://www.w3.org/2000/svg"[39m
              [36m>[39m
                [36m<path[39m
                  [33md[39m=[32m"M0 0h24v24H0z"[39m
                  [33mfill[39m=[32m"none"[39m
                [36m/>[39m
                [36m<path[39m
                  [33md[39m=[32m"M12 2C6.48 2 2 6.48 2 12s4.48 10 10 10 10-4.48 10-10S17.52 2 12 2zm-2 15-5-5 1.41-1.41L10 14.17l7.59-7.59L19 8l-9 9z"[39m
                [36m/>[39m
              [36m</svg>[39m
              [36m<span[39m
                [33mclass[39m=[32m"nav-label"[39m
              [36m>[39m
                [0mChores[0m
              [36m</span>[39m
            [36m</a>[39m
            [36m<a[39m
              [33mclass[39m=[32m"nav-btn"[39m
              [33mhref[39m=[32m"/users"[39m
              [33mtitle[39m=[32m"Users"[39m
            [36m>[39m
              [36m<svg[39m
                [33mclass[3...
 ❯ Proxy.waitForWrapper node_modules/@testing-library/dom/dist/wait-for.js:163:27
 ❯ src/__tests__/App.test.jsx:193:11
    191|   it("navigates to Settings page via user avatar menu", async () => {
    192|     wrap(<App />);
    193|     await waitFor(() => screen.getByRole("button", { name: /user menu/…
       |           ^
    194|     // Settings is accessible via UserAvatarMenu with directSettings=t…
    195|     const settingsBtn = screen.getByRole("button", { name: /settings/i…

⎯⎯⎯⎯⎯⎯⎯⎯⎯⎯⎯⎯⎯⎯⎯⎯⎯⎯⎯⎯⎯⎯⎯[2/11]⎯

 FAIL  src/__tests__/AppTitle.test.jsx > App Title > displays default app title
TestingLibraryElementError: Unable to find an element with the text: Family Chores. This could be because the text is broken up by multiple elements. In this case, you can provide a function for your text matcher to make your matcher more flexible.

Ignored nodes: comments, script, style
[36m<body>[39m
  [36m<div>[39m
    [36m<div[39m
      [33mclass[39m=[32m"app-loading"[39m
    [36m>[39m
      [0mLoading...[0m
    [36m</div>[39m
  [36m</div>[39m
[36m</body>[39m

Ignored nodes: comments, script, style
[36m<html[39m
  [33mstyle[39m=[32m"--bg: #080c14; --surface: #16202e; --surface2: #1e2d40; --accent: #73B1DD; --success: #3db87a; --warning: #e8a930; --danger: #e05c6a; --text: #dce8f5; --text-muted: #7899b8;"[39m
[36m>[39m
  [36m<head>[39m
    [36m<meta[39m
      [33mcontent[39m=[32m""[39m
      [33mname[39m=[32m"emotion-insertion-point"[39m
    [36m/>[39m
  [36m</head>[39m
  [36m<body>[39m
    [36m<div>[39m
      [36m<div[39m
        [33mclass[39m=[32m"app-loading"[39m
      [36m>[39m
        [0mLoading...[0m
      [36m</div>[39m
    [36m</div>[39m
  [36m</body>[39m
[36m</html>[39m
 ❯ Proxy.waitForWrapper node_modules/@testing-library/dom/dist/wait-for.js:163:27
 ❯ src/__tests__/AppTitle.test.jsx:43:11
     41|   it("displays default app title", async () => {
     42|     wrap(<App />);
     43|     await waitFor(() => {
       |           ^
     44|       const titles = screen.getAllByText("Family Chores");
     45|       expect(titles.length).toBeGreaterThan(0);

⎯⎯⎯⎯⎯⎯⎯⎯⎯⎯⎯⎯⎯⎯⎯⎯⎯⎯⎯⎯⎯⎯⎯[3/11]⎯

 FAIL  src/__tests__/AppTitle.test.jsx > App Title > shows title edit field in settings
TestingLibraryElementError: Unable to find role="button" and name `/settings/i`

Ignored nodes: comments, script, style
[36m<body>[39m
  [36m<div>[39m
    [36m<div[39m
      [33mclass[39m=[32m"app-loading"[39m
    [36m>[39m
      [0mLoading...[0m
    [36m</div>[39m
  [36m</div>[39m
[36m</body>[39m

Ignored nodes: comments, script, style
[36m<html[39m
  [33mstyle[39m=[32m"--bg: #080c14; --surface: #16202e; --surface2: #1e2d40; --accent: #73B1DD; --success: #3db87a; --warning: #e8a930; --danger: #e05c6a; --text: #dce8f5; --text-muted: #7899b8;"[39m
[36m>[39m
  [36m<head>[39m
    [36m<meta[39m
      [33mcontent[39m=[32m""[39m
      [33mname[39m=[32m"emotion-insertion-point"[39m
    [36m/>[39m
  [36m</head>[39m
  [36m<body>[39m
    [36m<div>[39m
      [36m<div[39m
        [33mclass[39m=[32m"app-loading"[39m
      [36m>[39m
        [0mLoading...[0m
      [36m</div>[39m
    [36m</div>[39m
  [36m</body>[39m
[36m</html>[39m
 ❯ Proxy.waitForWrapper node_modules/@testing-library/dom/dist/wait-for.js:163:27
 ❯ src/__tests__/AppTitle.test.jsx:60:11
     58|     wrap(<App />);
     59|     // Settings is accessed via the /settings route - navigate there v…
     60|     await waitFor(() => screen.getByRole("button", { name: /settings/i…
       |           ^
     61|     fireEvent.click(screen.getByRole("button", { name: /settings/i }));
     62|     await waitFor(() => {

⎯⎯⎯⎯⎯⎯⎯⎯⎯⎯⎯⎯⎯⎯⎯⎯⎯⎯⎯⎯⎯⎯⎯[4/11]⎯

 FAIL  src/__tests__/AppTitle.test.jsx > App Title > allows editing the app title
TestingLibraryElementError: Unable to find role="button" and name `/settings/i`

Ignored nodes: comments, script, style
[36m<body>[39m
  [36m<div>[39m
    [36m<div[39m
      [33mclass[39m=[32m"app-loading"[39m
    [36m>[39m
      [0mLoading...[0m
    [36m</div>[39m
  [36m</div>[39m
[36m</body>[39m

Ignored nodes: comments, script, style
[36m<html[39m
  [33mstyle[39m=[32m"--bg: #080c14; --surface: #16202e; --surface2: #1e2d40; --accent: #73B1DD; --success: #3db87a; --warning: #e8a930; --danger: #e05c6a; --text: #dce8f5; --text-muted: #7899b8;"[39m
[36m>[39m
  [36m<head>[39m
    [36m<meta[39m
      [33mcontent[39m=[32m""[39m
      [33mname[39m=[32m"emotion-insertion-point"[39m
    [36m/>[39m
  [36m</head>[39m
  [36m<body>[39m
    [36m<div>[39m
      [36m<div[39m
        [33mclass[39m=[32m"app-loading"[39m
      [36m>[39m
        [0mLoading...[0m
      [36m</div>[39m
    [36m</div>[39m
  [36m</body>[39m
[36m</html>[39m
 ❯ Proxy.waitForWrapper node_modules/@testing-library/dom/dist/wait-for.js:163:27
 ❯ src/__tests__/AppTitle.test.jsx:72:11
     70|     wrap(<App />);
     71| 
     72|     await waitFor(() => screen.getByRole("button", { name: /settings/i…
       |           ^
     73|     fireEvent.click(screen.getByRole("button", { name: /settings/i }));
     74|     await waitFor(() => screen.getByLabelText(/app title/i));

⎯⎯⎯⎯⎯⎯⎯⎯⎯⎯⎯⎯⎯⎯⎯⎯⎯⎯⎯⎯⎯⎯⎯[5/11]⎯

 FAIL  src/__tests__/AppTitle.test.jsx > App Title > updates displayed title after save
TestingLibraryElementError: Unable to find role="button" and name `/settings/i`

Ignored nodes: comments, script, style
[36m<body>[39m
  [36m<div>[39m
    [36m<div[39m
      [33mclass[39m=[32m"app-loading"[39m
    [36m>[39m
      [0mLoading...[0m
    [36m</div>[39m
  [36m</div>[39m
[36m</body>[39m

Ignored nodes: comments, script, style
[36m<html[39m
  [33mstyle[39m=[32m"--bg: #080c14; --surface: #16202e; --surface2: #1e2d40; --accent: #73B1DD; --success: #3db87a; --warning: #e8a930; --danger: #e05c6a; --text: #dce8f5; --text-muted: #7899b8;"[39m
[36m>[39m
  [36m<head>[39m
    [36m<meta[39m
      [33mcontent[39m=[32m""[39m
      [33mname[39m=[32m"emotion-insertion-point"[39m
    [36m/>[39m
  [36m</head>[39m
  [36m<body>[39m
    [36m<div>[39m
      [36m<div[39m
        [33mclass[39m=[32m"app-loading"[39m
      [36m>[39m
        [0mLoading...[0m
      [36m</div>[39m
    [36m</div>[39m
  [36m</body>[39m
[36m</html>[39m
 ❯ Proxy.waitForWrapper node_modules/@testing-library/dom/dist/wait-for.js:163:27
 ❯ src/__tests__/AppTitle.test.jsx:93:11
     91|     wrap(<App />);
     92| 
     93|     await waitFor(() => screen.getByRole("button", { name: /settings/i…
       |           ^
     94|     fireEvent.click(screen.getByRole("button", { name: /settings/i }));
     95|     await waitFor(() => screen.getByLabelText(/app title/i));

⎯⎯⎯⎯⎯⎯⎯⎯⎯⎯⎯⎯⎯⎯⎯⎯⎯⎯⎯⎯⎯⎯⎯[6/11]⎯

 FAIL  src/__tests__/AppTitle.test.jsx > App Title > persists title across page navigation
TestingLibraryElementError: Unable to find an element with the text: Persistent Title. This could be because the text is broken up by multiple elements. In this case, you can provide a function for your text matcher to make your matcher more flexible.

Ignored nodes: comments, script, style
[36m<body>[39m
  [36m<div>[39m
    [36m<div[39m
      [33mclass[39m=[32m"app-loading"[39m
    [36m>[39m
      [0mLoading...[0m
    [36m</div>[39m
  [36m</div>[39m
[36m</body>[39m

Ignored nodes: comments, script, style
[36m<html[39m
  [33mstyle[39m=[32m"--bg: #080c14; --surface: #16202e; --surface2: #1e2d40; --accent: #73B1DD; --success: #3db87a; --warning: #e8a930; --danger: #e05c6a; --text: #dce8f5; --text-muted: #7899b8;"[39m
[36m>[39m
  [36m<head>[39m
    [36m<meta[39m
      [33mcontent[39m=[32m""[39m
      [33mname[39m=[32m"emotion-insertion-point"[39m
    [36m/>[39m
  [36m</head>[39m
  [36m<body>[39m
    [36m<div>[39m
      [36m<div[39m
        [33mclass[39m=[32m"app-loading"[39m
      [36m>[39m
        [0mLoading...[0m
      [36m</div>[39m
    [36m</div>[39m
  [36m</body>[39m
[36m</html>[39m
 ❯ Proxy.waitForWrapper node_modules/@testing-library/dom/dist/wait-for.js:163:27
 ❯ src/__tests__/AppTitle.test.jsx:114:11
    112|     wrap(<App />);
    113| 
    114|     await waitFor(() => {
       |           ^
    115|       const titles = screen.getAllByText("Persistent Title");
    116|       expect(titles.length).toBeGreaterThan(0);

⎯⎯⎯⎯⎯⎯⎯⎯⎯⎯⎯⎯⎯⎯⎯⎯⎯⎯⎯⎯⎯⎯⎯[7/11]⎯

 FAIL  src/__tests__/UserAvatarMenu.test.jsx > UserAvatarMenu > renders user avatar with initials
 FAIL  src/__tests__/UserAvatarMenu.test.jsx > UserAvatarMenu > opens dropdown menu on avatar click
 FAIL  src/__tests__/UserAvatarMenu.test.jsx > UserAvatarMenu > closes dropdown after logout click
 FAIL  src/__tests__/UserAvatarMenu.test.jsx > UserAvatarMenu > displays logout button in dropdown menu
Error: No QueryClient set, use QueryClientProvider to set one
 ❯ Module.useQueryClient node_modules/@tanstack/react-query/src/QueryClientProvider.tsx:18:11
 ❯ UserAvatarMenu src/components/UserAvatarMenu.jsx:12:23
     10|   const [showThemePicker, setShowThemePicker] = useState(false);
     11|   const menuRef = useRef(null);
     12|   const queryClient = useQueryClient();
       |                       ^
     13|   const color = user.color || getPersonColor(user.name);
     14| 
 ❯ renderWithHooks node_modules/react-dom/cjs/react-dom.development.js:15486:18
 ❯ mountIndeterminateComponent node_modules/react-dom/cjs/react-dom.development.js:20103:13
 ❯ beginWork node_modules/react-dom/cjs/react-dom.development.js:21626:16
 ❯ beginWork$1 node_modules/react-dom/cjs/react-dom.development.js:27465:14
 ❯ performUnitOfWork node_modules/react-dom/cjs/react-dom.development.js:26599:12
 ❯ workLoopSync node_modules/react-dom/cjs/react-dom.development.js:26505:5
 ❯ renderRootSync node_modules/react-dom/cjs/react-dom.development.js:26473:7
 ❯ recoverFromConcurrentError node_modules/react-dom/cjs/react-dom.development.js:25889:20

⎯⎯⎯⎯⎯⎯⎯⎯⎯⎯⎯⎯⎯⎯⎯⎯⎯⎯⎯⎯⎯⎯⎯[8/11]⎯

 Test Files  3 failed | 22 passed (25)
      Tests  11 failed | 230 passed (241)
   Start at  16:05:20
   Duration  15.18s (transform 2.82s, setup 2.34s, collect 15.40s, tests 21.70s, environment 25.59s, prepare 6.83s)

